AI拡張カード評価戦
天変地異（2ef4e015-72dc-4538-892e-a31bab369607）を片方のデッキへ2枚追加
450条件 × 拡張側2通り = 900戦
固定シード: 20260816 / 未決着判定: 200ターン超過
このモードでは直接対戦勝率JSONを更新しません。

[001/900] ブンブンぶん殴り（先・拡張） vs じゃぶじゃぶマネー（後）: 通常側勝利 Turn 14 HP 先-1 / 後10
[002/900] ブンブンぶん殴り（先） vs じゃぶじゃぶマネー（後・拡張）: 拡張側勝利 Turn 14 HP 先0 / 後9
[003/900] ブンブンぶん殴り（先・拡張） vs じゃぶじゃぶマネー（後）: 通常側勝利 Turn 10 HP 先-1 / 後6
[004/900] ブンブンぶん殴り（先） vs じゃぶじゃぶマネー（後・拡張）: 通常側勝利 Turn 11 HP 先14 / 後0
[005/900] ブンブンぶん殴り（先・拡張） vs じゃぶじゃぶマネー（後）: 通常側勝利 Turn 16 HP 先-5 / 後1
[006/900] ブンブンぶん殴り（先） vs じゃぶじゃぶマネー（後・拡張）: 拡張側勝利 Turn 10 HP 先0 / 後9
[007/900] ブンブンぶん殴り（先・拡張） vs じゃぶじゃぶマネー（後）: 拡張側勝利 Turn 9 HP 先4 / 後0
[008/900] ブンブンぶん殴り（先） vs じゃぶじゃぶマネー（後・拡張）: 通常側勝利 Turn 9 HP 先3 / 後-1
[009/900] ブンブンぶん殴り（先・拡張） vs じゃぶじゃぶマネー（後）: 通常側勝利 Turn 10 HP 先0 / 後5
[010/900] ブンブンぶん殴り（先） vs じゃぶじゃぶマネー（後・拡張）: 拡張側勝利 Turn 10 HP 先-1 / 後9
[011/900] ブンブンぶん殴り（先・拡張） vs じゃぶじゃぶマネー（後）: 拡張側勝利 Turn 11 HP 先8 / 後-3
[012/900] ブンブンぶん殴り（先） vs じゃぶじゃぶマネー（後・拡張）: 通常側勝利 Turn 11 HP 先5 / 後0
[013/900] ブンブンぶん殴り（先・拡張） vs じゃぶじゃぶマネー（後）: 拡張側勝利 Turn 11 HP 先9 / 後-2
[014/900] ブンブンぶん殴り（先） vs じゃぶじゃぶマネー（後・拡張）: 通常側勝利 Turn 9 HP 先8 / 後-1
[015/900] ブンブンぶん殴り（先・拡張） vs じゃぶじゃぶマネー（後）: 拡張側勝利 Turn 11 HP 先9 / 後0
[016/900] ブンブンぶん殴り（先） vs じゃぶじゃぶマネー（後・拡張）: 拡張側勝利 Turn 10 HP 先0 / 後7
[017/900] ブンブンぶん殴り（先・拡張） vs じゃぶじゃぶマネー（後）: 拡張側勝利 Turn 11 HP 先6 / 後-8
[018/900] ブンブンぶん殴り（先） vs じゃぶじゃぶマネー（後・拡張）: 拡張側勝利 Turn 10 HP 先-1 / 後8
[019/900] ブンブンぶん殴り（先・拡張） vs じゃぶじゃぶマネー（後）: 拡張側勝利 Turn 11 HP 先6 / 後-3
[020/900] ブンブンぶん殴り（先） vs じゃぶじゃぶマネー（後・拡張）: 通常側勝利 Turn 9 HP 先9 / 後0
[021/900] ブンブンぶん殴り（先・拡張） vs じゃぶじゃぶマネー（後）: 通常側勝利 Turn 10 HP 先0 / 後11
[022/900] ブンブンぶん殴り（先） vs じゃぶじゃぶマネー（後・拡張）: 拡張側勝利 Turn 14 HP 先-2 / 後2
[023/900] ブンブンぶん殴り（先・拡張） vs じゃぶじゃぶマネー（後）: 通常側勝利 Turn 14 HP 先0 / 後11
[024/900] ブンブンぶん殴り（先） vs じゃぶじゃぶマネー（後・拡張）: 拡張側勝利 Turn 10 HP 先0 / 後12
[025/900] ブンブンぶん殴り（先・拡張） vs じゃぶじゃぶマネー（後）: 拡張側勝利 Turn 9 HP 先7 / 後-1
[026/900] ブンブンぶん殴り（先） vs じゃぶじゃぶマネー（後・拡張）: 拡張側勝利 Turn 12 HP 先-1 / 後14
[027/900] ブンブンぶん殴り（先・拡張） vs じゃぶじゃぶマネー（後）: 通常側勝利 Turn 12 HP 先-1 / 後3
[028/900] ブンブンぶん殴り（先） vs じゃぶじゃぶマネー（後・拡張）: 拡張側勝利 Turn 18 HP 先0 / 後11
[029/900] ブンブンぶん殴り（先・拡張） vs じゃぶじゃぶマネー（後）: 拡張側勝利 Turn 7 HP 先14 / 後0
[030/900] ブンブンぶん殴り（先） vs じゃぶじゃぶマネー（後・拡張）: 拡張側勝利 Turn 10 HP 先-3 / 後1
[031/900] じゃぶじゃぶマネー（先・拡張） vs ブンブンぶん殴り（後）: 拡張側勝利 Turn 13 HP 先6 / 後-2
[032/900] じゃぶじゃぶマネー（先） vs ブンブンぶん殴り（後・拡張）: 通常側勝利 Turn 13 HP 先11 / 後-3
[033/900] じゃぶじゃぶマネー（先・拡張） vs ブンブンぶん殴り（後）: 通常側勝利 Turn 14 HP 先0 / 後4
[034/900] じゃぶじゃぶマネー（先） vs ブンブンぶん殴り（後・拡張）: 通常側勝利 Turn 13 HP 先10 / 後-1
[035/900] じゃぶじゃぶマネー（先・拡張） vs ブンブンぶん殴り（後）: 拡張側勝利 Turn 11 HP 先6 / 後0
[036/900] じゃぶじゃぶマネー（先） vs ブンブンぶん殴り（後・拡張）: 拡張側勝利 Turn 12 HP 先-1 / 後8
[037/900] じゃぶじゃぶマネー（先・拡張） vs ブンブンぶん殴り（後）: 通常側勝利 Turn 10 HP 先0 / 後9
[038/900] じゃぶじゃぶマネー（先） vs ブンブンぶん殴り（後・拡張）: 拡張側勝利 Turn 14 HP 先0 / 後4
[039/900] じゃぶじゃぶマネー（先・拡張） vs ブンブンぶん殴り（後）: 拡張側勝利 Turn 9 HP 先12 / 後-1
[040/900] じゃぶじゃぶマネー（先） vs ブンブンぶん殴り（後・拡張）: 通常側勝利 Turn 15 HP 先4 / 後-1
[041/900] じゃぶじゃぶマネー（先・拡張） vs ブンブンぶん殴り（後）: 拡張側勝利 Turn 11 HP 先5 / 後0
[042/900] じゃぶじゃぶマネー（先） vs ブンブンぶん殴り（後・拡張）: 拡張側勝利 Turn 14 HP 先0 / 後5
[043/900] じゃぶじゃぶマネー（先・拡張） vs ブンブンぶん殴り（後）: 拡張側勝利 Turn 11 HP 先3 / 後-1
[044/900] じゃぶじゃぶマネー（先） vs ブンブンぶん殴り（後・拡張）: 通常側勝利 Turn 13 HP 先10 / 後-1
[045/900] じゃぶじゃぶマネー（先・拡張） vs ブンブンぶん殴り（後）: 通常側勝利 Turn 14 HP 先-2 / 後7
[046/900] じゃぶじゃぶマネー（先） vs ブンブンぶん殴り（後・拡張）: 通常側勝利 Turn 13 HP 先10 / 後0
[047/900] じゃぶじゃぶマネー（先・拡張） vs ブンブンぶん殴り（後）: 拡張側勝利 Turn 13 HP 先10 / 後-2
[048/900] じゃぶじゃぶマネー（先） vs ブンブンぶん殴り（後・拡張）: 通常側勝利 Turn 11 HP 先5 / 後-2
[049/900] じゃぶじゃぶマネー（先・拡張） vs ブンブンぶん殴り（後）: 拡張側勝利 Turn 9 HP 先5 / 後-1
[050/900] じゃぶじゃぶマネー（先） vs ブンブンぶん殴り（後・拡張）: 拡張側勝利 Turn 8 HP 先0 / 後15
[051/900] じゃぶじゃぶマネー（先・拡張） vs ブンブンぶん殴り（後）: 拡張側勝利 Turn 11 HP 先10 / 後0
[052/900] じゃぶじゃぶマネー（先） vs ブンブンぶん殴り（後・拡張）: 通常側勝利 Turn 13 HP 先6 / 後0
[053/900] じゃぶじゃぶマネー（先・拡張） vs ブンブンぶん殴り（後）: 通常側勝利 Turn 12 HP 先0 / 後5
[054/900] じゃぶじゃぶマネー（先） vs ブンブンぶん殴り（後・拡張）: 通常側勝利 Turn 13 HP 先9 / 後0
[055/900] じゃぶじゃぶマネー（先・拡張） vs ブンブンぶん殴り（後）: 拡張側勝利 Turn 13 HP 先16 / 後0
[056/900] じゃぶじゃぶマネー（先） vs ブンブンぶん殴り（後・拡張）: 通常側勝利 Turn 13 HP 先12 / 後-6
[057/900] じゃぶじゃぶマネー（先・拡張） vs ブンブンぶん殴り（後）: 拡張側勝利 Turn 13 HP 先4 / 後-2
[058/900] じゃぶじゃぶマネー（先） vs ブンブンぶん殴り（後・拡張）: 拡張側勝利 Turn 12 HP 先-3 / 後9
[059/900] じゃぶじゃぶマネー（先・拡張） vs ブンブンぶん殴り（後）: 拡張側勝利 Turn 11 HP 先2 / 後-2
[060/900] じゃぶじゃぶマネー（先） vs ブンブンぶん殴り（後・拡張）: 拡張側勝利 Turn 10 HP 先-3 / 後5
[061/900] ブンブンぶん殴り（先・拡張） vs 急襲レールウェイ（後）: 通常側勝利 Turn 8 HP 先-1 / 後13
[062/900] ブンブンぶん殴り（先） vs 急襲レールウェイ（後・拡張）: 通常側勝利 Turn 9 HP 先13 / 後-3
[063/900] ブンブンぶん殴り（先・拡張） vs 急襲レールウェイ（後）: 拡張側勝利 Turn 11 HP 先3 / 後-2
[064/900] ブンブンぶん殴り（先） vs 急襲レールウェイ（後・拡張）: 拡張側勝利 Turn 10 HP 先0 / 後6
[065/900] ブンブンぶん殴り（先・拡張） vs 急襲レールウェイ（後）: 通常側勝利 Turn 8 HP 先0 / 後10
[066/900] ブンブンぶん殴り（先） vs 急襲レールウェイ（後・拡張）: 拡張側勝利 Turn 8 HP 先0 / 後7
[067/900] ブンブンぶん殴り（先・拡張） vs 急襲レールウェイ（後）: 通常側勝利 Turn 10 HP 先0 / 後4
[068/900] ブンブンぶん殴り（先） vs 急襲レールウェイ（後・拡張）: 拡張側勝利 Turn 18 HP 先0 / 後5
[069/900] ブンブンぶん殴り（先・拡張） vs 急襲レールウェイ（後）: 拡張側勝利 Turn 7 HP 先11 / 後0
[070/900] ブンブンぶん殴り（先） vs 急襲レールウェイ（後・拡張）: 通常側勝利 Turn 11 HP 先9 / 後-2
[071/900] ブンブンぶん殴り（先・拡張） vs 急襲レールウェイ（後）: 通常側勝利 Turn 14 HP 先-1 / 後19
[072/900] ブンブンぶん殴り（先） vs 急襲レールウェイ（後・拡張）: 拡張側勝利 Turn 10 HP 先-1 / 後3
[073/900] ブンブンぶん殴り（先・拡張） vs 急襲レールウェイ（後）: 通常側勝利 Turn 12 HP 先-3 / 後5
[074/900] ブンブンぶん殴り（先） vs 急襲レールウェイ（後・拡張）: 拡張側勝利 Turn 14 HP 先0 / 後6
[075/900] ブンブンぶん殴り（先・拡張） vs 急襲レールウェイ（後）: 拡張側勝利 Turn 11 HP 先5 / 後-2
[076/900] ブンブンぶん殴り（先） vs 急襲レールウェイ（後・拡張）: 拡張側勝利 Turn 8 HP 先0 / 後7
[077/900] ブンブンぶん殴り（先・拡張） vs 急襲レールウェイ（後）: 通常側勝利 Turn 12 HP 先-2 / 後4
[078/900] ブンブンぶん殴り（先） vs 急襲レールウェイ（後・拡張）: 拡張側勝利 Turn 12 HP 先-2 / 後11
[079/900] ブンブンぶん殴り（先・拡張） vs 急襲レールウェイ（後）: 拡張側勝利 Turn 9 HP 先7 / 後-1
[080/900] ブンブンぶん殴り（先） vs 急襲レールウェイ（後・拡張）: 通常側勝利 Turn 9 HP 先11 / 後0
[081/900] ブンブンぶん殴り（先・拡張） vs 急襲レールウェイ（後）: 拡張側勝利 Turn 9 HP 先7 / 後-1
[082/900] ブンブンぶん殴り（先） vs 急襲レールウェイ（後・拡張）: 拡張側勝利 Turn 10 HP 先-4 / 後3
[083/900] ブンブンぶん殴り（先・拡張） vs 急襲レールウェイ（後）: 通常側勝利 Turn 12 HP 先-1 / 後9
[084/900] ブンブンぶん殴り（先） vs 急襲レールウェイ（後・拡張）: 通常側勝利 Turn 9 HP 先13 / 後-1
[085/900] ブンブンぶん殴り（先・拡張） vs 急襲レールウェイ（後）: 拡張側勝利 Turn 7 HP 先14 / 後0
[086/900] ブンブンぶん殴り（先） vs 急襲レールウェイ（後・拡張）: 通常側勝利 Turn 9 HP 先3 / 後-3
[087/900] ブンブンぶん殴り（先・拡張） vs 急襲レールウェイ（後）: 通常側勝利 Turn 12 HP 先-2 / 後1
[088/900] ブンブンぶん殴り（先） vs 急襲レールウェイ（後・拡張）: 通常側勝利 Turn 11 HP 先1 / 後0
[089/900] ブンブンぶん殴り（先・拡張） vs 急襲レールウェイ（後）: 拡張側勝利 Turn 11 HP 先4 / 後0
[090/900] ブンブンぶん殴り（先） vs 急襲レールウェイ（後・拡張）: 通常側勝利 Turn 11 HP 先3 / 後-1
[091/900] 急襲レールウェイ（先・拡張） vs ブンブンぶん殴り（後）: 拡張側勝利 Turn 11 HP 先2 / 後0
[092/900] 急襲レールウェイ（先） vs ブンブンぶん殴り（後・拡張）: 通常側勝利 Turn 9 HP 先6 / 後0
[093/900] 急襲レールウェイ（先・拡張） vs ブンブンぶん殴り（後）: 拡張側勝利 Turn 9 HP 先7 / 後-1
[094/900] 急襲レールウェイ（先） vs ブンブンぶん殴り（後・拡張）: 拡張側勝利 Turn 12 HP 先-1 / 後12
[095/900] 急襲レールウェイ（先・拡張） vs ブンブンぶん殴り（後）: 拡張側勝利 Turn 9 HP 先15 / 後-1
[096/900] 急襲レールウェイ（先） vs ブンブンぶん殴り（後・拡張）: 拡張側勝利 Turn 12 HP 先0 / 後8
[097/900] 急襲レールウェイ（先・拡張） vs ブンブンぶん殴り（後）: 通常側勝利 Turn 12 HP 先-1 / 後8
[098/900] 急襲レールウェイ（先） vs ブンブンぶん殴り（後・拡張）: 拡張側勝利 Turn 14 HP 先-3 / 後12
[099/900] 急襲レールウェイ（先・拡張） vs ブンブンぶん殴り（後）: 通常側勝利 Turn 14 HP 先0 / 後11
[100/900] 急襲レールウェイ（先） vs ブンブンぶん殴り（後・拡張）: 拡張側勝利 Turn 8 HP 先-1 / 後11
[101/900] 急襲レールウェイ（先・拡張） vs ブンブンぶん殴り（後）: 通常側勝利 Turn 16 HP 先0 / 後8
[102/900] 急襲レールウェイ（先） vs ブンブンぶん殴り（後・拡張）: 通常側勝利 Turn 13 HP 先5 / 後-1
[103/900] 急襲レールウェイ（先・拡張） vs ブンブンぶん殴り（後）: 通常側勝利 Turn 10 HP 先-1 / 後7
[104/900] 急襲レールウェイ（先） vs ブンブンぶん殴り（後・拡張）: 拡張側勝利 Turn 10 HP 先-2 / 後3
[105/900] 急襲レールウェイ（先・拡張） vs ブンブンぶん殴り（後）: 通常側勝利 Turn 8 HP 先0 / 後9
[106/900] 急襲レールウェイ（先） vs ブンブンぶん殴り（後・拡張）: 拡張側勝利 Turn 10 HP 先-2 / 後11
[107/900] 急襲レールウェイ（先・拡張） vs ブンブンぶん殴り（後）: 拡張側勝利 Turn 13 HP 先10 / 後-2
[108/900] 急襲レールウェイ（先） vs ブンブンぶん殴り（後・拡張）: 拡張側勝利 Turn 12 HP 先0 / 後5
[109/900] 急襲レールウェイ（先・拡張） vs ブンブンぶん殴り（後）: 通常側勝利 Turn 10 HP 先-1 / 後10
[110/900] 急襲レールウェイ（先） vs ブンブンぶん殴り（後・拡張）: 拡張側勝利 Turn 10 HP 先-1 / 後3
[111/900] 急襲レールウェイ（先・拡張） vs ブンブンぶん殴り（後）: 通常側勝利 Turn 12 HP 先0 / 後10
[112/900] 急襲レールウェイ（先） vs ブンブンぶん殴り（後・拡張）: 拡張側勝利 Turn 10 HP 先-2 / 後7
[113/900] 急襲レールウェイ（先・拡張） vs ブンブンぶん殴り（後）: 通常側勝利 Turn 8 HP 先0 / 後10
[114/900] 急襲レールウェイ（先） vs ブンブンぶん殴り（後・拡張）: 拡張側勝利 Turn 8 HP 先-1 / 後4
[115/900] 急襲レールウェイ（先・拡張） vs ブンブンぶん殴り（後）: 拡張側勝利 Turn 9 HP 先6 / 後0
[116/900] 急襲レールウェイ（先） vs ブンブンぶん殴り（後・拡張）: 拡張側勝利 Turn 8 HP 先0 / 後7
[117/900] 急襲レールウェイ（先・拡張） vs ブンブンぶん殴り（後）: 通常側勝利 Turn 8 HP 先0 / 後8
[118/900] 急襲レールウェイ（先） vs ブンブンぶん殴り（後・拡張）: 拡張側勝利 Turn 14 HP 先0 / 後8
[119/900] 急襲レールウェイ（先・拡張） vs ブンブンぶん殴り（後）: 通常側勝利 Turn 8 HP 先0 / 後6
[120/900] 急襲レールウェイ（先） vs ブンブンぶん殴り（後・拡張）: 通常側勝利 Turn 9 HP 先5 / 後0
[121/900] ブンブンぶん殴り（先・拡張） vs 爆弾魔（後）: 拡張側勝利 Turn 9 HP 先5 / 後0
[122/900] ブンブンぶん殴り（先） vs 爆弾魔（後・拡張）: 通常側勝利 Turn 11 HP 先10 / 後-3
[123/900] ブンブンぶん殴り（先・拡張） vs 爆弾魔（後）: 拡張側勝利 Turn 9 HP 先9 / 後-4
[124/900] ブンブンぶん殴り（先） vs 爆弾魔（後・拡張）: 拡張側勝利 Turn 10 HP 先0 / 後6
[125/900] ブンブンぶん殴り（先・拡張） vs 爆弾魔（後）: 通常側勝利 Turn 8 HP 先0 / 後8
[126/900] ブンブンぶん殴り（先） vs 爆弾魔（後・拡張）: 拡張側勝利 Turn 8 HP 先0 / 後15
[127/900] ブンブンぶん殴り（先・拡張） vs 爆弾魔（後）: 通常側勝利 Turn 8 HP 先-3 / 後4
[128/900] ブンブンぶん殴り（先） vs 爆弾魔（後・拡張）: 通常側勝利 Turn 9 HP 先5 / 後-1
[129/900] ブンブンぶん殴り（先・拡張） vs 爆弾魔（後）: 拡張側勝利 Turn 9 HP 先6 / 後-1
[130/900] ブンブンぶん殴り（先） vs 爆弾魔（後・拡張）: 拡張側勝利 Turn 8 HP 先-8 / 後6
[131/900] ブンブンぶん殴り（先・拡張） vs 爆弾魔（後）: 通常側勝利 Turn 8 HP 先-1 / 後6
[132/900] ブンブンぶん殴り（先） vs 爆弾魔（後・拡張）: 通常側勝利 Turn 9 HP 先6 / 後-1
[133/900] ブンブンぶん殴り（先・拡張） vs 爆弾魔（後）: 通常側勝利 Turn 8 HP 先0 / 後17
[134/900] ブンブンぶん殴り（先） vs 爆弾魔（後・拡張）: 通常側勝利 Turn 9 HP 先9 / 後-2
[135/900] ブンブンぶん殴り（先・拡張） vs 爆弾魔（後）: 拡張側勝利 Turn 11 HP 先9 / 後-1
[136/900] ブンブンぶん殴り（先） vs 爆弾魔（後・拡張）: 通常側勝利 Turn 11 HP 先1 / 後-1
[137/900] ブンブンぶん殴り（先・拡張） vs 爆弾魔（後）: 拡張側勝利 Turn 7 HP 先3 / 後0
[138/900] ブンブンぶん殴り（先） vs 爆弾魔（後・拡張）: 通常側勝利 Turn 9 HP 先5 / 後0
[139/900] ブンブンぶん殴り（先・拡張） vs 爆弾魔（後）: 拡張側勝利 Turn 7 HP 先8 / 後-1
[140/900] ブンブンぶん殴り（先） vs 爆弾魔（後・拡張）: 通常側勝利 Turn 11 HP 先11 / 後-1
[141/900] ブンブンぶん殴り（先・拡張） vs 爆弾魔（後）: 通常側勝利 Turn 8 HP 先0 / 後15
[142/900] ブンブンぶん殴り（先） vs 爆弾魔（後・拡張）: 拡張側勝利 Turn 10 HP 先0 / 後10
[143/900] ブンブンぶん殴り（先・拡張） vs 爆弾魔（後）: 拡張側勝利 Turn 9 HP 先13 / 後-2
[144/900] ブンブンぶん殴り（先） vs 爆弾魔（後・拡張）: 拡張側勝利 Turn 10 HP 先-1 / 後7
[145/900] ブンブンぶん殴り（先・拡張） vs 爆弾魔（後）: 拡張側勝利 Turn 9 HP 先9 / 後-3
[146/900] ブンブンぶん殴り（先） vs 爆弾魔（後・拡張）: 通常側勝利 Turn 7 HP 先18 / 後0
[147/900] ブンブンぶん殴り（先・拡張） vs 爆弾魔（後）: 通常側勝利 Turn 8 HP 先0 / 後8
[148/900] ブンブンぶん殴り（先） vs 爆弾魔（後・拡張）: 拡張側勝利 Turn 10 HP 先-1 / 後5
[149/900] ブンブンぶん殴り（先・拡張） vs 爆弾魔（後）: 通常側勝利 Turn 8 HP 先0 / 後9
[150/900] ブンブンぶん殴り（先） vs 爆弾魔（後・拡張）: 通常側勝利 Turn 7 HP 先8 / 後0
[151/900] 爆弾魔（先・拡張） vs ブンブンぶん殴り（後）: 通常側勝利 Turn 10 HP 先-4 / 後13
[152/900] 爆弾魔（先） vs ブンブンぶん殴り（後・拡張）: 拡張側勝利 Turn 8 HP 先-2 / 後7
[153/900] 爆弾魔（先・拡張） vs ブンブンぶん殴り（後）: 通常側勝利 Turn 10 HP 先-1 / 後9
[154/900] 爆弾魔（先） vs ブンブンぶん殴り（後・拡張）: 通常側勝利 Turn 9 HP 先5 / 後-1
[155/900] 爆弾魔（先・拡張） vs ブンブンぶん殴り（後）: 拡張側勝利 Turn 7 HP 先14 / 後0
[156/900] 爆弾魔（先） vs ブンブンぶん殴り（後・拡張）: 通常側勝利 Turn 7 HP 先14 / 後0
[157/900] 爆弾魔（先・拡張） vs ブンブンぶん殴り（後）: 通常側勝利 Turn 10 HP 先0 / 後3
[158/900] 爆弾魔（先） vs ブンブンぶん殴り（後・拡張）: 通常側勝利 Turn 9 HP 先4 / 後-1
[159/900] 爆弾魔（先・拡張） vs ブンブンぶん殴り（後）: 拡張側勝利 Turn 9 HP 先13 / 後-1
[160/900] 爆弾魔（先） vs ブンブンぶん殴り（後・拡張）: 通常側勝利 Turn 7 HP 先10 / 後-1
[161/900] 爆弾魔（先・拡張） vs ブンブンぶん殴り（後）: 拡張側勝利 Turn 9 HP 先4 / 後-2
[162/900] 爆弾魔（先） vs ブンブンぶん殴り（後・拡張）: 通常側勝利 Turn 9 HP 先3 / 後0
[163/900] 爆弾魔（先・拡張） vs ブンブンぶん殴り（後）: 拡張側勝利 Turn 9 HP 先9 / 後0
[164/900] 爆弾魔（先） vs ブンブンぶん殴り（後・拡張）: 通常側勝利 Turn 9 HP 先9 / 後0
[165/900] 爆弾魔（先・拡張） vs ブンブンぶん殴り（後）: 通常側勝利 Turn 8 HP 先0 / 後8
[166/900] 爆弾魔（先） vs ブンブンぶん殴り（後・拡張）: 通常側勝利 Turn 9 HP 先4 / 後0
[167/900] 爆弾魔（先・拡張） vs ブンブンぶん殴り（後）: 通常側勝利 Turn 8 HP 先0 / 後5
[168/900] 爆弾魔（先） vs ブンブンぶん殴り（後・拡張）: 拡張側勝利 Turn 10 HP 先0 / 後9
[169/900] 爆弾魔（先・拡張） vs ブンブンぶん殴り（後）: 通常側勝利 Turn 10 HP 先0 / 後11
[170/900] 爆弾魔（先） vs ブンブンぶん殴り（後・拡張）: 拡張側勝利 Turn 8 HP 先0 / 後6
[171/900] 爆弾魔（先・拡張） vs ブンブンぶん殴り（後）: 拡張側勝利 Turn 11 HP 先5 / 後-2
[172/900] 爆弾魔（先） vs ブンブンぶん殴り（後・拡張）: 拡張側勝利 Turn 10 HP 先0 / 後5
[173/900] 爆弾魔（先・拡張） vs ブンブンぶん殴り（後）: 通常側勝利 Turn 10 HP 先0 / 後6
[174/900] 爆弾魔（先） vs ブンブンぶん殴り（後・拡張）: 拡張側勝利 Turn 10 HP 先-1 / 後6
[175/900] 爆弾魔（先・拡張） vs ブンブンぶん殴り（後）: 通常側勝利 Turn 8 HP 先0 / 後10
[176/900] 爆弾魔（先） vs ブンブンぶん殴り（後・拡張）: 通常側勝利 Turn 7 HP 先9 / 後0
[177/900] 爆弾魔（先・拡張） vs ブンブンぶん殴り（後）: 拡張側勝利 Turn 11 HP 先1 / 後0
[178/900] 爆弾魔（先） vs ブンブンぶん殴り（後・拡張）: 通常側勝利 Turn 9 HP 先10 / 後0
[179/900] 爆弾魔（先・拡張） vs ブンブンぶん殴り（後）: 拡張側勝利 Turn 7 HP 先10 / 後-2
[180/900] 爆弾魔（先） vs ブンブンぶん殴り（後・拡張）: 通常側勝利 Turn 7 HP 先15 / 後0
[181/900] ブンブンぶん殴り（先・拡張） vs メガトンハンマー（後）: 通常側勝利 Turn 8 HP 先-2 / 後12
[182/900] ブンブンぶん殴り（先） vs メガトンハンマー（後・拡張）: 拡張側勝利 Turn 12 HP 先0 / 後4
[183/900] ブンブンぶん殴り（先・拡張） vs メガトンハンマー（後）: 通常側勝利 Turn 10 HP 先0 / 後8
[184/900] ブンブンぶん殴り（先） vs メガトンハンマー（後・拡張）: 通常側勝利 Turn 9 HP 先14 / 後0
[185/900] ブンブンぶん殴り（先・拡張） vs メガトンハンマー（後）: 拡張側勝利 Turn 9 HP 先7 / 後0
[186/900] ブンブンぶん殴り（先） vs メガトンハンマー（後・拡張）: 通常側勝利 Turn 11 HP 先14 / 後0
[187/900] ブンブンぶん殴り（先・拡張） vs メガトンハンマー（後）: 拡張側勝利 Turn 9 HP 先10 / 後0
[188/900] ブンブンぶん殴り（先） vs メガトンハンマー（後・拡張）: 拡張側勝利 Turn 12 HP 先0 / 後13
[189/900] ブンブンぶん殴り（先・拡張） vs メガトンハンマー（後）: 拡張側勝利 Turn 11 HP 先3 / 後-1
[190/900] ブンブンぶん殴り（先） vs メガトンハンマー（後・拡張）: 拡張側勝利 Turn 8 HP 先0 / 後3
[191/900] ブンブンぶん殴り（先・拡張） vs メガトンハンマー（後）: 通常側勝利 Turn 12 HP 先0 / 後5
[192/900] ブンブンぶん殴り（先） vs メガトンハンマー（後・拡張）: 拡張側勝利 Turn 10 HP 先0 / 後6
[193/900] ブンブンぶん殴り（先・拡張） vs メガトンハンマー（後）: 拡張側勝利 Turn 9 HP 先7 / 後-2
[194/900] ブンブンぶん殴り（先） vs メガトンハンマー（後・拡張）: 通常側勝利 Turn 9 HP 先7 / 後0
[195/900] ブンブンぶん殴り（先・拡張） vs メガトンハンマー（後）: 通常側勝利 Turn 8 HP 先-1 / 後14
[196/900] ブンブンぶん殴り（先） vs メガトンハンマー（後・拡張）: 拡張側勝利 Turn 16 HP 先-5 / 後4
[197/900] ブンブンぶん殴り（先・拡張） vs メガトンハンマー（後）: 拡張側勝利 Turn 9 HP 先6 / 後-3
[198/900] ブンブンぶん殴り（先） vs メガトンハンマー（後・拡張）: 拡張側勝利 Turn 10 HP 先-8 / 後8
[199/900] ブンブンぶん殴り（先・拡張） vs メガトンハンマー（後）: 拡張側勝利 Turn 9 HP 先6 / 後0
[200/900] ブンブンぶん殴り（先） vs メガトンハンマー（後・拡張）: 通常側勝利 Turn 9 HP 先5 / 後0
[201/900] ブンブンぶん殴り（先・拡張） vs メガトンハンマー（後）: 通常側勝利 Turn 10 HP 先-3 / 後3
[202/900] ブンブンぶん殴り（先） vs メガトンハンマー（後・拡張）: 拡張側勝利 Turn 10 HP 先0 / 後9
[203/900] ブンブンぶん殴り（先・拡張） vs メガトンハンマー（後）: 通常側勝利 Turn 12 HP 先0 / 後4
[204/900] ブンブンぶん殴り（先） vs メガトンハンマー（後・拡張）: 拡張側勝利 Turn 10 HP 先-1 / 後15
[205/900] ブンブンぶん殴り（先・拡張） vs メガトンハンマー（後）: 拡張側勝利 Turn 11 HP 先6 / 後0
[206/900] ブンブンぶん殴り（先） vs メガトンハンマー（後・拡張）: 拡張側勝利 Turn 10 HP 先0 / 後10
[207/900] ブンブンぶん殴り（先・拡張） vs メガトンハンマー（後）: 拡張側勝利 Turn 9 HP 先6 / 後-1
[208/900] ブンブンぶん殴り（先） vs メガトンハンマー（後・拡張）: 通常側勝利 Turn 11 HP 先8 / 後-1
[209/900] ブンブンぶん殴り（先・拡張） vs メガトンハンマー（後）: 拡張側勝利 Turn 13 HP 先9 / 後-3
[210/900] ブンブンぶん殴り（先） vs メガトンハンマー（後・拡張）: 拡張側勝利 Turn 12 HP 先-1 / 後14
[211/900] メガトンハンマー（先・拡張） vs ブンブンぶん殴り（後）: 拡張側勝利 Turn 11 HP 先2 / 後-3
[212/900] メガトンハンマー（先） vs ブンブンぶん殴り（後・拡張）: 通常側勝利 Turn 9 HP 先8 / 後-6
[213/900] メガトンハンマー（先・拡張） vs ブンブンぶん殴り（後）: 拡張側勝利 Turn 11 HP 先8 / 後-1
[214/900] メガトンハンマー（先） vs ブンブンぶん殴り（後・拡張）: 通常側勝利 Turn 9 HP 先16 / 後0
[215/900] メガトンハンマー（先・拡張） vs ブンブンぶん殴り（後）: 拡張側勝利 Turn 11 HP 先6 / 後0
[216/900] メガトンハンマー（先） vs ブンブンぶん殴り（後・拡張）: 拡張側勝利 Turn 8 HP 先-2 / 後13
[217/900] メガトンハンマー（先・拡張） vs ブンブンぶん殴り（後）: 拡張側勝利 Turn 9 HP 先7 / 後0
[218/900] メガトンハンマー（先） vs ブンブンぶん殴り（後・拡張）: 拡張側勝利 Turn 10 HP 先-1 / 後8
[219/900] メガトンハンマー（先・拡張） vs ブンブンぶん殴り（後）: 通常側勝利 Turn 10 HP 先0 / 後7
[220/900] メガトンハンマー（先） vs ブンブンぶん殴り（後・拡張）: 通常側勝利 Turn 11 HP 先4 / 後-3
[221/900] メガトンハンマー（先・拡張） vs ブンブンぶん殴り（後）: 拡張側勝利 Turn 9 HP 先9 / 後-2
[222/900] メガトンハンマー（先） vs ブンブンぶん殴り（後・拡張）: 通常側勝利 Turn 9 HP 先9 / 後0
[223/900] メガトンハンマー（先・拡張） vs ブンブンぶん殴り（後）: 通常側勝利 Turn 10 HP 先0 / 後9
[224/900] メガトンハンマー（先） vs ブンブンぶん殴り（後・拡張）: 拡張側勝利 Turn 10 HP 先-1 / 後8
[225/900] メガトンハンマー（先・拡張） vs ブンブンぶん殴り（後）: 拡張側勝利 Turn 11 HP 先8 / 後0
[226/900] メガトンハンマー（先） vs ブンブンぶん殴り（後・拡張）: 通常側勝利 Turn 9 HP 先12 / 後-1
[227/900] メガトンハンマー（先・拡張） vs ブンブンぶん殴り（後）: 通常側勝利 Turn 10 HP 先0 / 後4
[228/900] メガトンハンマー（先） vs ブンブンぶん殴り（後・拡張）: 通常側勝利 Turn 11 HP 先3 / 後-1
[229/900] メガトンハンマー（先・拡張） vs ブンブンぶん殴り（後）: 拡張側勝利 Turn 11 HP 先9 / 後-1
[230/900] メガトンハンマー（先） vs ブンブンぶん殴り（後・拡張）: 拡張側勝利 Turn 8 HP 先0 / 後13
[231/900] メガトンハンマー（先・拡張） vs ブンブンぶん殴り（後）: 拡張側勝利 Turn 9 HP 先9 / 後0
[232/900] メガトンハンマー（先） vs ブンブンぶん殴り（後・拡張）: 拡張側勝利 Turn 10 HP 先0 / 後3
[233/900] メガトンハンマー（先・拡張） vs ブンブンぶん殴り（後）: 拡張側勝利 Turn 9 HP 先6 / 後-1
[234/900] メガトンハンマー（先） vs ブンブンぶん殴り（後・拡張）: 拡張側勝利 Turn 10 HP 先-1 / 後4
[235/900] メガトンハンマー（先・拡張） vs ブンブンぶん殴り（後）: 拡張側勝利 Turn 11 HP 先2 / 後0
[236/900] メガトンハンマー（先） vs ブンブンぶん殴り（後・拡張）: 拡張側勝利 Turn 12 HP 先-1 / 後2
[237/900] メガトンハンマー（先・拡張） vs ブンブンぶん殴り（後）: 通常側勝利 Turn 8 HP 先0 / 後6
[238/900] メガトンハンマー（先） vs ブンブンぶん殴り（後・拡張）: 拡張側勝利 Turn 10 HP 先-2 / 後6
[239/900] メガトンハンマー（先・拡張） vs ブンブンぶん殴り（後）: 拡張側勝利 Turn 9 HP 先4 / 後-1
[240/900] メガトンハンマー（先） vs ブンブンぶん殴り（後・拡張）: 通常側勝利 Turn 13 HP 先7 / 後-1
[241/900] ブンブンぶん殴り（先・拡張） vs 真綿（後）: 通常側勝利 Turn 18 HP 先0 / 後6
[242/900] ブンブンぶん殴り（先） vs 真綿（後・拡張）: 拡張側勝利 Turn 10 HP 先0 / 後11
[243/900] ブンブンぶん殴り（先・拡張） vs 真綿（後）: 拡張側勝利 Turn 9 HP 先13 / 後-1
[244/900] ブンブンぶん殴り（先） vs 真綿（後・拡張）: 通常側勝利 Turn 7 HP 先14 / 後0
[245/900] ブンブンぶん殴り（先・拡張） vs 真綿（後）: 通常側勝利 Turn 12 HP 先0 / 後3
[246/900] ブンブンぶん殴り（先） vs 真綿（後・拡張）: 通常側勝利 Turn 15 HP 先1 / 後0
[247/900] ブンブンぶん殴り（先・拡張） vs 真綿（後）: 拡張側勝利 Turn 11 HP 先4 / 後-1
[248/900] ブンブンぶん殴り（先） vs 真綿（後・拡張）: 通常側勝利 Turn 9 HP 先9 / 後-1
[249/900] ブンブンぶん殴り（先・拡張） vs 真綿（後）: 拡張側勝利 Turn 9 HP 先2 / 後-4
[250/900] ブンブンぶん殴り（先） vs 真綿（後・拡張）: 通常側勝利 Turn 13 HP 先6 / 後0
[251/900] ブンブンぶん殴り（先・拡張） vs 真綿（後）: 通常側勝利 Turn 14 HP 先-1 / 後1
[252/900] ブンブンぶん殴り（先） vs 真綿（後・拡張）: 拡張側勝利 Turn 12 HP 先-3 / 後5
[253/900] ブンブンぶん殴り（先・拡張） vs 真綿（後）: 拡張側勝利 Turn 9 HP 先3 / 後0
[254/900] ブンブンぶん殴り（先） vs 真綿（後・拡張）: 拡張側勝利 Turn 12 HP 先0 / 後6
[255/900] ブンブンぶん殴り（先・拡張） vs 真綿（後）: 通常側勝利 Turn 14 HP 先0 / 後4
[256/900] ブンブンぶん殴り（先） vs 真綿（後・拡張）: 拡張側勝利 Turn 8 HP 先0 / 後10
[257/900] ブンブンぶん殴り（先・拡張） vs 真綿（後）: 拡張側勝利 Turn 13 HP 先3 / 後0
[258/900] ブンブンぶん殴り（先） vs 真綿（後・拡張）: 拡張側勝利 Turn 14 HP 先0 / 後10
[259/900] ブンブンぶん殴り（先・拡張） vs 真綿（後）: 拡張側勝利 Turn 11 HP 先9 / 後0
[260/900] ブンブンぶん殴り（先） vs 真綿（後・拡張）: 通常側勝利 Turn 11 HP 先12 / 後-1
[261/900] ブンブンぶん殴り（先・拡張） vs 真綿（後）: 拡張側勝利 Turn 11 HP 先2 / 後-10
[262/900] ブンブンぶん殴り（先） vs 真綿（後・拡張）: 通常側勝利 Turn 11 HP 先4 / 後0
[263/900] ブンブンぶん殴り（先・拡張） vs 真綿（後）: 拡張側勝利 Turn 9 HP 先8 / 後-1
[264/900] ブンブンぶん殴り（先） vs 真綿（後・拡張）: 通常側勝利 Turn 15 HP 先5 / 後-1
[265/900] ブンブンぶん殴り（先・拡張） vs 真綿（後）: 拡張側勝利 Turn 11 HP 先8 / 後0
[266/900] ブンブンぶん殴り（先） vs 真綿（後・拡張）: 拡張側勝利 Turn 18 HP 先-3 / 後3
[267/900] ブンブンぶん殴り（先・拡張） vs 真綿（後）: 拡張側勝利 Turn 11 HP 先7 / 後0
[268/900] ブンブンぶん殴り（先） vs 真綿（後・拡張）: 拡張側勝利 Turn 10 HP 先0 / 後10
[269/900] ブンブンぶん殴り（先・拡張） vs 真綿（後）: 拡張側勝利 Turn 15 HP 先7 / 後-8
[270/900] ブンブンぶん殴り（先） vs 真綿（後・拡張）: 通常側勝利 Turn 9 HP 先10 / 後0
[271/900] 真綿（先・拡張） vs ブンブンぶん殴り（後）: 拡張側勝利 Turn 15 HP 先10 / 後-3
[272/900] 真綿（先） vs ブンブンぶん殴り（後・拡張）: 拡張側勝利 Turn 14 HP 先-1 / 後3
[273/900] 真綿（先・拡張） vs ブンブンぶん殴り（後）: 通常側勝利 Turn 10 HP 先-1 / 後13
[274/900] 真綿（先） vs ブンブンぶん殴り（後・拡張）: 拡張側勝利 Turn 12 HP 先-1 / 後11
[275/900] 真綿（先・拡張） vs ブンブンぶん殴り（後）: 拡張側勝利 Turn 13 HP 先11 / 後-5
[276/900] 真綿（先） vs ブンブンぶん殴り（後・拡張）: 通常側勝利 Turn 9 HP 先1 / 後-1
[277/900] 真綿（先・拡張） vs ブンブンぶん殴り（後）: 通常側勝利 Turn 10 HP 先-1 / 後11
[278/900] 真綿（先） vs ブンブンぶん殴り（後・拡張）: 拡張側勝利 Turn 10 HP 先-1 / 後13
[279/900] 真綿（先・拡張） vs ブンブンぶん殴り（後）: 通常側勝利 Turn 14 HP 先0 / 後1
[280/900] 真綿（先） vs ブンブンぶん殴り（後・拡張）: 拡張側勝利 Turn 10 HP 先-2 / 後12
[281/900] 真綿（先・拡張） vs ブンブンぶん殴り（後）: 拡張側勝利 Turn 13 HP 先4 / 後-2
[282/900] 真綿（先） vs ブンブンぶん殴り（後・拡張）: 通常側勝利 Turn 15 HP 先13 / 後-1
[283/900] 真綿（先・拡張） vs ブンブンぶん殴り（後）: 通常側勝利 Turn 10 HP 先0 / 後11
[284/900] 真綿（先） vs ブンブンぶん殴り（後・拡張）: 拡張側勝利 Turn 8 HP 先-1 / 後7
[285/900] 真綿（先・拡張） vs ブンブンぶん殴り（後）: 通常側勝利 Turn 12 HP 先-2 / 後8
[286/900] 真綿（先） vs ブンブンぶん殴り（後・拡張）: 通常側勝利 Turn 11 HP 先5 / 後-1
[287/900] 真綿（先・拡張） vs ブンブンぶん殴り（後）: 通常側勝利 Turn 12 HP 先0 / 後13
[288/900] 真綿（先） vs ブンブンぶん殴り（後・拡張）: 拡張側勝利 Turn 12 HP 先-9 / 後3
[289/900] 真綿（先・拡張） vs ブンブンぶん殴り（後）: 拡張側勝利 Turn 11 HP 先1 / 後0
[290/900] 真綿（先） vs ブンブンぶん殴り（後・拡張）: 拡張側勝利 Turn 10 HP 先0 / 後9
[291/900] 真綿（先・拡張） vs ブンブンぶん殴り（後）: 拡張側勝利 Turn 11 HP 先7 / 後-1
[292/900] 真綿（先） vs ブンブンぶん殴り（後・拡張）: 通常側勝利 Turn 17 HP 先3 / 後-1
[293/900] 真綿（先・拡張） vs ブンブンぶん殴り（後）: 拡張側勝利 Turn 13 HP 先8 / 後-2
[294/900] 真綿（先） vs ブンブンぶん殴り（後・拡張）: 通常側勝利 Turn 9 HP 先4 / 後-2
[295/900] 真綿（先・拡張） vs ブンブンぶん殴り（後）: 通常側勝利 Turn 10 HP 先0 / 後11
[296/900] 真綿（先） vs ブンブンぶん殴り（後・拡張）: 通常側勝利 Turn 11 HP 先5 / 後0
[297/900] 真綿（先・拡張） vs ブンブンぶん殴り（後）: 通常側勝利 Turn 10 HP 先-3 / 後5
[298/900] 真綿（先） vs ブンブンぶん殴り（後・拡張）: 通常側勝利 Turn 11 HP 先10 / 後0
[299/900] 真綿（先・拡張） vs ブンブンぶん殴り（後）: 通常側勝利 Turn 10 HP 先-1 / 後3
[300/900] 真綿（先） vs ブンブンぶん殴り（後・拡張）: 通常側勝利 Turn 9 HP 先11 / 後-1
[301/900] じゃぶじゃぶマネー（先・拡張） vs 急襲レールウェイ（後）: 通常側勝利 Turn 14 HP 先0 / 後1
[302/900] じゃぶじゃぶマネー（先） vs 急襲レールウェイ（後・拡張）: 通常側勝利 Turn 21 HP 先10 / 後-14
[303/900] じゃぶじゃぶマネー（先・拡張） vs 急襲レールウェイ（後）: 拡張側勝利 Turn 13 HP 先8 / 後-1
[304/900] じゃぶじゃぶマネー（先） vs 急襲レールウェイ（後・拡張）: 通常側勝利 Turn 11 HP 先2 / 後0
[305/900] じゃぶじゃぶマネー（先・拡張） vs 急襲レールウェイ（後）: 拡張側勝利 Turn 13 HP 先11 / 後-1
[306/900] じゃぶじゃぶマネー（先） vs 急襲レールウェイ（後・拡張）: 通常側勝利 Turn 23 HP 先4 / 後-15
[307/900] じゃぶじゃぶマネー（先・拡張） vs 急襲レールウェイ（後）: 通常側勝利 Turn 10 HP 先-2 / 後6
[308/900] じゃぶじゃぶマネー（先） vs 急襲レールウェイ（後・拡張）: 通常側勝利 Turn 11 HP 先2 / 後0
[309/900] じゃぶじゃぶマネー（先・拡張） vs 急襲レールウェイ（後）: 拡張側勝利 Turn 11 HP 先12 / 後-1
[310/900] じゃぶじゃぶマネー（先） vs 急襲レールウェイ（後・拡張）: 通常側勝利 Turn 13 HP 先9 / 後-2
[311/900] じゃぶじゃぶマネー（先・拡張） vs 急襲レールウェイ（後）: 拡張側勝利 Turn 11 HP 先4 / 後-1
[312/900] じゃぶじゃぶマネー（先） vs 急襲レールウェイ（後・拡張）: 通常側勝利 Turn 11 HP 先13 / 後-1
[313/900] じゃぶじゃぶマネー（先・拡張） vs 急襲レールウェイ（後）: 通常側勝利 Turn 12 HP 先0 / 後5
[314/900] じゃぶじゃぶマネー（先） vs 急襲レールウェイ（後・拡張）: 通常側勝利 Turn 13 HP 先8 / 後0
[315/900] じゃぶじゃぶマネー（先・拡張） vs 急襲レールウェイ（後）: 拡張側勝利 Turn 9 HP 先15 / 後0
[316/900] じゃぶじゃぶマネー（先） vs 急襲レールウェイ（後・拡張）: 通常側勝利 Turn 11 HP 先6 / 後-1
[317/900] じゃぶじゃぶマネー（先・拡張） vs 急襲レールウェイ（後）: 拡張側勝利 Turn 19 HP 先10 / 後0
[318/900] じゃぶじゃぶマネー（先） vs 急襲レールウェイ（後・拡張）: 拡張側勝利 Turn 10 HP 先0 / 後9
[319/900] じゃぶじゃぶマネー（先・拡張） vs 急襲レールウェイ（後）: 通常側勝利 Turn 16 HP 先-1 / 後9
[320/900] じゃぶじゃぶマネー（先） vs 急襲レールウェイ（後・拡張）: 通常側勝利 Turn 11 HP 先12 / 後-1
[321/900] じゃぶじゃぶマネー（先・拡張） vs 急襲レールウェイ（後）: 通常側勝利 Turn 10 HP 先0 / 後9
[322/900] じゃぶじゃぶマネー（先） vs 急襲レールウェイ（後・拡張）: 拡張側勝利 Turn 16 HP 先-2 / 後6
[323/900] じゃぶじゃぶマネー（先・拡張） vs 急襲レールウェイ（後）: 拡張側勝利 Turn 11 HP 先10 / 後-1
[324/900] じゃぶじゃぶマネー（先） vs 急襲レールウェイ（後・拡張）: 拡張側勝利 Turn 18 HP 先0 / 後13
[325/900] じゃぶじゃぶマネー（先・拡張） vs 急襲レールウェイ（後）: 拡張側勝利 Turn 15 HP 先15 / 後-1
[326/900] じゃぶじゃぶマネー（先） vs 急襲レールウェイ（後・拡張）: 拡張側勝利 Turn 10 HP 先-1 / 後14
[327/900] じゃぶじゃぶマネー（先・拡張） vs 急襲レールウェイ（後）: 拡張側勝利 Turn 11 HP 先6 / 後0
[328/900] じゃぶじゃぶマネー（先） vs 急襲レールウェイ（後・拡張）: 通常側勝利 Turn 11 HP 先2 / 後0
[329/900] じゃぶじゃぶマネー（先・拡張） vs 急襲レールウェイ（後）: 通常側勝利 Turn 14 HP 先-1 / 後6
[330/900] じゃぶじゃぶマネー（先） vs 急襲レールウェイ（後・拡張）: 拡張側勝利 Turn 16 HP 先-1 / 後11
[331/900] 急襲レールウェイ（先・拡張） vs じゃぶじゃぶマネー（後）: 通常側勝利 Turn 24 HP 先-6 / 後10
[332/900] 急襲レールウェイ（先） vs じゃぶじゃぶマネー（後・拡張）: 拡張側勝利 Turn 14 HP 先-1 / 後5
[333/900] 急襲レールウェイ（先・拡張） vs じゃぶじゃぶマネー（後）: 通常側勝利 Turn 14 HP 先-7 / 後11
[334/900] 急襲レールウェイ（先） vs じゃぶじゃぶマネー（後・拡張）: 通常側勝利 Turn 11 HP 先8 / 後0
[335/900] 急襲レールウェイ（先・拡張） vs じゃぶじゃぶマネー（後）: 拡張側勝利 Turn 13 HP 先16 / 後0
[336/900] 急襲レールウェイ（先） vs じゃぶじゃぶマネー（後・拡張）: 通常側勝利 Turn 11 HP 先6 / 後-1
[337/900] 急襲レールウェイ（先・拡張） vs じゃぶじゃぶマネー（後）: 拡張側勝利 Turn 11 HP 先11 / 後0
[338/900] 急襲レールウェイ（先） vs じゃぶじゃぶマネー（後・拡張）: 通常側勝利 Turn 9 HP 先11 / 後-1
[339/900] 急襲レールウェイ（先・拡張） vs じゃぶじゃぶマネー（後）: 通常側勝利 Turn 12 HP 先0 / 後8
[340/900] 急襲レールウェイ（先） vs じゃぶじゃぶマネー（後・拡張）: 拡張側勝利 Turn 14 HP 先-1 / 後17
[341/900] 急襲レールウェイ（先・拡張） vs じゃぶじゃぶマネー（後）: 拡張側勝利 Turn 11 HP 先6 / 後-2
[342/900] 急襲レールウェイ（先） vs じゃぶじゃぶマネー（後・拡張）: 通常側勝利 Turn 9 HP 先18 / 後0
[343/900] 急襲レールウェイ（先・拡張） vs じゃぶじゃぶマネー（後）: 拡張側勝利 Turn 11 HP 先3 / 後-3
[344/900] 急襲レールウェイ（先） vs じゃぶじゃぶマネー（後・拡張）: 通常側勝利 Turn 9 HP 先12 / 後-2
[345/900] 急襲レールウェイ（先・拡張） vs じゃぶじゃぶマネー（後）: 拡張側勝利 Turn 11 HP 先11 / 後0
[346/900] 急襲レールウェイ（先） vs じゃぶじゃぶマネー（後・拡張）: 拡張側勝利 Turn 12 HP 先-1 / 後10
[347/900] 急襲レールウェイ（先・拡張） vs じゃぶじゃぶマネー（後）: 拡張側勝利 Turn 9 HP 先16 / 後-2
[348/900] 急襲レールウェイ（先） vs じゃぶじゃぶマネー（後・拡張）: 拡張側勝利 Turn 16 HP 先-1 / 後9
[349/900] 急襲レールウェイ（先・拡張） vs じゃぶじゃぶマネー（後）: 拡張側勝利 Turn 21 HP 先21 / 後0
[350/900] 急襲レールウェイ（先） vs じゃぶじゃぶマネー（後・拡張）: 拡張側勝利 Turn 12 HP 先-6 / 後7
[351/900] 急襲レールウェイ（先・拡張） vs じゃぶじゃぶマネー（後）: 拡張側勝利 Turn 15 HP 先8 / 後-3
[352/900] 急襲レールウェイ（先） vs じゃぶじゃぶマネー（後・拡張）: 拡張側勝利 Turn 12 HP 先-4 / 後7
[353/900] 急襲レールウェイ（先・拡張） vs じゃぶじゃぶマネー（後）: 拡張側勝利 Turn 11 HP 先11 / 後0
[354/900] 急襲レールウェイ（先） vs じゃぶじゃぶマネー（後・拡張）: 拡張側勝利 Turn 16 HP 先0 / 後5
[355/900] 急襲レールウェイ（先・拡張） vs じゃぶじゃぶマネー（後）: 拡張側勝利 Turn 13 HP 先18 / 後-1
[356/900] 急襲レールウェイ（先） vs じゃぶじゃぶマネー（後・拡張）: 拡張側勝利 Turn 12 HP 先-13 / 後2
[357/900] 急襲レールウェイ（先・拡張） vs じゃぶじゃぶマネー（後）: 拡張側勝利 Turn 9 HP 先10 / 後-2
[358/900] 急襲レールウェイ（先） vs じゃぶじゃぶマネー（後・拡張）: 通常側勝利 Turn 13 HP 先15 / 後-2
[359/900] 急襲レールウェイ（先・拡張） vs じゃぶじゃぶマネー（後）: 拡張側勝利 Turn 15 HP 先14 / 後-4
[360/900] 急襲レールウェイ（先） vs じゃぶじゃぶマネー（後・拡張）: 通常側勝利 Turn 11 HP 先14 / 後-2
[361/900] じゃぶじゃぶマネー（先・拡張） vs 爆弾魔（後）: 拡張側勝利 Turn 13 HP 先3 / 後0
[362/900] じゃぶじゃぶマネー（先） vs 爆弾魔（後・拡張）: 通常側勝利 Turn 11 HP 先7 / 後-1
[363/900] じゃぶじゃぶマネー（先・拡張） vs 爆弾魔（後）: 通常側勝利 Turn 10 HP 先0 / 後9
[364/900] じゃぶじゃぶマネー（先） vs 爆弾魔（後・拡張）: 拡張側勝利 Turn 10 HP 先-7 / 後4
[365/900] じゃぶじゃぶマネー（先・拡張） vs 爆弾魔（後）: 拡張側勝利 Turn 11 HP 先12 / 後-3
[366/900] じゃぶじゃぶマネー（先） vs 爆弾魔（後・拡張）: 拡張側勝利 Turn 8 HP 先0 / 後10
[367/900] じゃぶじゃぶマネー（先・拡張） vs 爆弾魔（後）: 拡張側勝利 Turn 15 HP 先4 / 後-4
[368/900] じゃぶじゃぶマネー（先） vs 爆弾魔（後・拡張）: 拡張側勝利 Turn 18 HP 先0 / 後13
[369/900] じゃぶじゃぶマネー（先・拡張） vs 爆弾魔（後）: 拡張側勝利 Turn 11 HP 先3 / 後0
[370/900] じゃぶじゃぶマネー（先） vs 爆弾魔（後・拡張）: 拡張側勝利 Turn 12 HP 先0 / 後7
[371/900] じゃぶじゃぶマネー（先・拡張） vs 爆弾魔（後）: 通常側勝利 Turn 12 HP 先-2 / 後11
[372/900] じゃぶじゃぶマネー（先） vs 爆弾魔（後・拡張）: 拡張側勝利 Turn 12 HP 先0 / 後6
[373/900] じゃぶじゃぶマネー（先・拡張） vs 爆弾魔（後）: 通常側勝利 Turn 14 HP 先-1 / 後4
[374/900] じゃぶじゃぶマネー（先） vs 爆弾魔（後・拡張）: 拡張側勝利 Turn 10 HP 先0 / 後2
[375/900] じゃぶじゃぶマネー（先・拡張） vs 爆弾魔（後）: 拡張側勝利 Turn 11 HP 先4 / 後-6
[376/900] じゃぶじゃぶマネー（先） vs 爆弾魔（後・拡張）: 拡張側勝利 Turn 12 HP 先0 / 後5
[377/900] じゃぶじゃぶマネー（先・拡張） vs 爆弾魔（後）: 拡張側勝利 Turn 13 HP 先2 / 後0
[378/900] じゃぶじゃぶマネー（先） vs 爆弾魔（後・拡張）: 通常側勝利 Turn 17 HP 先7 / 後-1
[379/900] じゃぶじゃぶマネー（先・拡張） vs 爆弾魔（後）: 拡張側勝利 Turn 11 HP 先8 / 後-1
[380/900] じゃぶじゃぶマネー（先） vs 爆弾魔（後・拡張）: 拡張側勝利 Turn 10 HP 先-1 / 後11
[381/900] じゃぶじゃぶマネー（先・拡張） vs 爆弾魔（後）: 通常側勝利 Turn 12 HP 先0 / 後7
[382/900] じゃぶじゃぶマネー（先） vs 爆弾魔（後・拡張）: 拡張側勝利 Turn 14 HP 先0 / 後10
[383/900] じゃぶじゃぶマネー（先・拡張） vs 爆弾魔（後）: 通常側勝利 Turn 12 HP 先-1 / 後19
[384/900] じゃぶじゃぶマネー（先） vs 爆弾魔（後・拡張）: 通常側勝利 Turn 11 HP 先3 / 後0
[385/900] じゃぶじゃぶマネー（先・拡張） vs 爆弾魔（後）: 通常側勝利 Turn 10 HP 先0 / 後8
[386/900] じゃぶじゃぶマネー（先） vs 爆弾魔（後・拡張）: 拡張側勝利 Turn 12 HP 先-6 / 後13
[387/900] じゃぶじゃぶマネー（先・拡張） vs 爆弾魔（後）: 拡張側勝利 Turn 9 HP 先4 / 後-1
[388/900] じゃぶじゃぶマネー（先） vs 爆弾魔（後・拡張）: 拡張側勝利 Turn 10 HP 先0 / 後8
[389/900] じゃぶじゃぶマネー（先・拡張） vs 爆弾魔（後）: 拡張側勝利 Turn 11 HP 先8 / 後-2
[390/900] じゃぶじゃぶマネー（先） vs 爆弾魔（後・拡張）: 拡張側勝利 Turn 10 HP 先-2 / 後7
[391/900] 爆弾魔（先・拡張） vs じゃぶじゃぶマネー（後）: 拡張側勝利 Turn 13 HP 先6 / 後-1
[392/900] 爆弾魔（先） vs じゃぶじゃぶマネー（後・拡張）: 通常側勝利 Turn 11 HP 先4 / 後0
[393/900] 爆弾魔（先・拡張） vs じゃぶじゃぶマネー（後）: 通常側勝利 Turn 16 HP 先-1 / 後5
[394/900] 爆弾魔（先） vs じゃぶじゃぶマネー（後・拡張）: 通常側勝利 Turn 11 HP 先6 / 後-3
[395/900] 爆弾魔（先・拡張） vs じゃぶじゃぶマネー（後）: 拡張側勝利 Turn 9 HP 先16 / 後0
[396/900] 爆弾魔（先） vs じゃぶじゃぶマネー（後・拡張）: 通常側勝利 Turn 15 HP 先14 / 後0
[397/900] 爆弾魔（先・拡張） vs じゃぶじゃぶマネー（後）: 通常側勝利 Turn 10 HP 先0 / 後2
[398/900] 爆弾魔（先） vs じゃぶじゃぶマネー（後・拡張）: 通常側勝利 Turn 9 HP 先16 / 後-1
[399/900] 爆弾魔（先・拡張） vs じゃぶじゃぶマネー（後）: 拡張側勝利 Turn 11 HP 先11 / 後-2
[400/900] 爆弾魔（先） vs じゃぶじゃぶマネー（後・拡張）: 拡張側勝利 Turn 14 HP 先-1 / 後6
[401/900] 爆弾魔（先・拡張） vs じゃぶじゃぶマネー（後）: 拡張側勝利 Turn 9 HP 先15 / 後-2
[402/900] 爆弾魔（先） vs じゃぶじゃぶマネー（後・拡張）: 通常側勝利 Turn 7 HP 先14 / 後-1
[403/900] 爆弾魔（先・拡張） vs じゃぶじゃぶマネー（後）: 通常側勝利 Turn 12 HP 先-5 / 後5
[404/900] 爆弾魔（先） vs じゃぶじゃぶマネー（後・拡張）: 通常側勝利 Turn 15 HP 先13 / 後-1
[405/900] 爆弾魔（先・拡張） vs じゃぶじゃぶマネー（後）: 通常側勝利 Turn 12 HP 先-2 / 後9
[406/900] 爆弾魔（先） vs じゃぶじゃぶマネー（後・拡張）: 拡張側勝利 Turn 14 HP 先0 / 後5
[407/900] 爆弾魔（先・拡張） vs じゃぶじゃぶマネー（後）: 通常側勝利 Turn 14 HP 先-3 / 後8
[408/900] 爆弾魔（先） vs じゃぶじゃぶマネー（後・拡張）: 通常側勝利 Turn 17 HP 先14 / 後-1
[409/900] 爆弾魔（先・拡張） vs じゃぶじゃぶマネー（後）: 拡張側勝利 Turn 11 HP 先14 / 後-1
[410/900] 爆弾魔（先） vs じゃぶじゃぶマネー（後・拡張）: 拡張側勝利 Turn 12 HP 先-1 / 後7
[411/900] 爆弾魔（先・拡張） vs じゃぶじゃぶマネー（後）: 拡張側勝利 Turn 9 HP 先16 / 後0
[412/900] 爆弾魔（先） vs じゃぶじゃぶマネー（後・拡張）: 拡張側勝利 Turn 10 HP 先0 / 後2
[413/900] 爆弾魔（先・拡張） vs じゃぶじゃぶマネー（後）: 通常側勝利 Turn 12 HP 先-1 / 後4
[414/900] 爆弾魔（先） vs じゃぶじゃぶマネー（後・拡張）: 通常側勝利 Turn 11 HP 先16 / 後0
[415/900] 爆弾魔（先・拡張） vs じゃぶじゃぶマネー（後）: 拡張側勝利 Turn 13 HP 先4 / 後-1
[416/900] 爆弾魔（先） vs じゃぶじゃぶマネー（後・拡張）: 拡張側勝利 Turn 12 HP 先-1 / 後10
[417/900] 爆弾魔（先・拡張） vs じゃぶじゃぶマネー（後）: 通常側勝利 Turn 10 HP 先-2 / 後13
[418/900] 爆弾魔（先） vs じゃぶじゃぶマネー（後・拡張）: 拡張側勝利 Turn 10 HP 先-1 / 後9
[419/900] 爆弾魔（先・拡張） vs じゃぶじゃぶマネー（後）: 通常側勝利 Turn 12 HP 先0 / 後9
[420/900] 爆弾魔（先） vs じゃぶじゃぶマネー（後・拡張）: 通常側勝利 Turn 11 HP 先7 / 後0
[421/900] じゃぶじゃぶマネー（先・拡張） vs メガトンハンマー（後）: 拡張側勝利 Turn 15 HP 先8 / 後0
[422/900] じゃぶじゃぶマネー（先） vs メガトンハンマー（後・拡張）: 通常側勝利 Turn 13 HP 先13 / 後-1
[423/900] じゃぶじゃぶマネー（先・拡張） vs メガトンハンマー（後）: 拡張側勝利 Turn 13 HP 先6 / 後-4
[424/900] じゃぶじゃぶマネー（先） vs メガトンハンマー（後・拡張）: 通常側勝利 Turn 15 HP 先14 / 後0
[425/900] じゃぶじゃぶマネー（先・拡張） vs メガトンハンマー（後）: 通常側勝利 Turn 8 HP 先-1 / 後8
[426/900] じゃぶじゃぶマネー（先） vs メガトンハンマー（後・拡張）: 通常側勝利 Turn 15 HP 先8 / 後0
[427/900] じゃぶじゃぶマネー（先・拡張） vs メガトンハンマー（後）: 拡張側勝利 Turn 15 HP 先9 / 後0
[428/900] じゃぶじゃぶマネー（先） vs メガトンハンマー（後・拡張）: 通常側勝利 Turn 17 HP 先7 / 後0
[429/900] じゃぶじゃぶマネー（先・拡張） vs メガトンハンマー（後）: 拡張側勝利 Turn 11 HP 先4 / 後-1
[430/900] じゃぶじゃぶマネー（先） vs メガトンハンマー（後・拡張）: 通常側勝利 Turn 11 HP 先4 / 後0
[431/900] じゃぶじゃぶマネー（先・拡張） vs メガトンハンマー（後）: 通常側勝利 Turn 10 HP 先0 / 後6
[432/900] じゃぶじゃぶマネー（先） vs メガトンハンマー（後・拡張）: 拡張側勝利 Turn 10 HP 先-1 / 後7
[433/900] じゃぶじゃぶマネー（先・拡張） vs メガトンハンマー（後）: 通常側勝利 Turn 10 HP 先0 / 後7
[434/900] じゃぶじゃぶマネー（先） vs メガトンハンマー（後・拡張）: 拡張側勝利 Turn 12 HP 先-6 / 後7
[435/900] じゃぶじゃぶマネー（先・拡張） vs メガトンハンマー（後）: 拡張側勝利 Turn 15 HP 先4 / 後-1
[436/900] じゃぶじゃぶマネー（先） vs メガトンハンマー（後・拡張）: 通常側勝利 Turn 17 HP 先5 / 後0
[437/900] じゃぶじゃぶマネー（先・拡張） vs メガトンハンマー（後）: 通常側勝利 Turn 16 HP 先0 / 後8
[438/900] じゃぶじゃぶマネー（先） vs メガトンハンマー（後・拡張）: 拡張側勝利 Turn 10 HP 先0 / 後4
[439/900] じゃぶじゃぶマネー（先・拡張） vs メガトンハンマー（後）: 拡張側勝利 Turn 11 HP 先14 / 後0
[440/900] じゃぶじゃぶマネー（先） vs メガトンハンマー（後・拡張）: 通常側勝利 Turn 11 HP 先16 / 後-1
[441/900] じゃぶじゃぶマネー（先・拡張） vs メガトンハンマー（後）: 通常側勝利 Turn 14 HP 先-1 / 後4
[442/900] じゃぶじゃぶマネー（先） vs メガトンハンマー（後・拡張）: 通常側勝利 Turn 13 HP 先13 / 後-7
[443/900] じゃぶじゃぶマネー（先・拡張） vs メガトンハンマー（後）: 通常側勝利 Turn 14 HP 先0 / 後15
[444/900] じゃぶじゃぶマネー（先） vs メガトンハンマー（後・拡張）: 拡張側勝利 Turn 12 HP 先0 / 後7
[445/900] じゃぶじゃぶマネー（先・拡張） vs メガトンハンマー（後）: 拡張側勝利 Turn 17 HP 先15 / 後0
[446/900] じゃぶじゃぶマネー（先） vs メガトンハンマー（後・拡張）: 拡張側勝利 Turn 12 HP 先0 / 後6
[447/900] じゃぶじゃぶマネー（先・拡張） vs メガトンハンマー（後）: 通常側勝利 Turn 10 HP 先-4 / 後11
[448/900] じゃぶじゃぶマネー（先） vs メガトンハンマー（後・拡張）: 通常側勝利 Turn 13 HP 先9 / 後-1
[449/900] じゃぶじゃぶマネー（先・拡張） vs メガトンハンマー（後）: 拡張側勝利 Turn 13 HP 先7 / 後-6
[450/900] じゃぶじゃぶマネー（先） vs メガトンハンマー（後・拡張）: 通常側勝利 Turn 15 HP 先1 / 後0
[451/900] メガトンハンマー（先・拡張） vs じゃぶじゃぶマネー（後）: 拡張側勝利 Turn 11 HP 先10 / 後-1
[452/900] メガトンハンマー（先） vs じゃぶじゃぶマネー（後・拡張）: 拡張側勝利 Turn 16 HP 先-1 / 後8
[453/900] メガトンハンマー（先・拡張） vs じゃぶじゃぶマネー（後）: 拡張側勝利 Turn 11 HP 先6 / 後0
[454/900] メガトンハンマー（先） vs じゃぶじゃぶマネー（後・拡張）: 拡張側勝利 Turn 14 HP 先-1 / 後12
[455/900] メガトンハンマー（先・拡張） vs じゃぶじゃぶマネー（後）: 通常側勝利 Turn 12 HP 先0 / 後19
[456/900] メガトンハンマー（先） vs じゃぶじゃぶマネー（後・拡張）: 拡張側勝利 Turn 12 HP 先0 / 後19
[457/900] メガトンハンマー（先・拡張） vs じゃぶじゃぶマネー（後）: 通常側勝利 Turn 16 HP 先-5 / 後16
[458/900] メガトンハンマー（先） vs じゃぶじゃぶマネー（後・拡張）: 拡張側勝利 Turn 12 HP 先-2 / 後7
[459/900] メガトンハンマー（先・拡張） vs じゃぶじゃぶマネー（後）: 拡張側勝利 Turn 11 HP 先10 / 後0
[460/900] メガトンハンマー（先） vs じゃぶじゃぶマネー（後・拡張）: 拡張側勝利 Turn 16 HP 先-1 / 後2
[461/900] メガトンハンマー（先・拡張） vs じゃぶじゃぶマネー（後）: 拡張側勝利 Turn 13 HP 先3 / 後-1
[462/900] メガトンハンマー（先） vs じゃぶじゃぶマネー（後・拡張）: 通常側勝利 Turn 13 HP 先9 / 後0
[463/900] メガトンハンマー（先・拡張） vs じゃぶじゃぶマネー（後）: 通常側勝利 Turn 18 HP 先-3 / 後14
[464/900] メガトンハンマー（先） vs じゃぶじゃぶマネー（後・拡張）: 拡張側勝利 Turn 22 HP 先-1 / 後8
[465/900] メガトンハンマー（先・拡張） vs じゃぶじゃぶマネー（後）: 通常側勝利 Turn 18 HP 先0 / 後7
[466/900] メガトンハンマー（先） vs じゃぶじゃぶマネー（後・拡張）: 通常側勝利 Turn 13 HP 先8 / 後-1
[467/900] メガトンハンマー（先・拡張） vs じゃぶじゃぶマネー（後）: 拡張側勝利 Turn 11 HP 先7 / 後-2
[468/900] メガトンハンマー（先） vs じゃぶじゃぶマネー（後・拡張）: 拡張側勝利 Turn 12 HP 先-3 / 後8
[469/900] メガトンハンマー（先・拡張） vs じゃぶじゃぶマネー（後）: 通常側勝利 Turn 20 HP 先-6 / 後9
[470/900] メガトンハンマー（先） vs じゃぶじゃぶマネー（後・拡張）: 拡張側勝利 Turn 10 HP 先0 / 後9
[471/900] メガトンハンマー（先・拡張） vs じゃぶじゃぶマネー（後）: 通常側勝利 Turn 8 HP 先0 / 後7
[472/900] メガトンハンマー（先） vs じゃぶじゃぶマネー（後・拡張）: 通常側勝利 Turn 13 HP 先8 / 後-5
[473/900] メガトンハンマー（先・拡張） vs じゃぶじゃぶマネー（後）: 拡張側勝利 Turn 15 HP 先7 / 後-2
[474/900] メガトンハンマー（先） vs じゃぶじゃぶマネー（後・拡張）: 通常側勝利 Turn 13 HP 先5 / 後0
[475/900] メガトンハンマー（先・拡張） vs じゃぶじゃぶマネー（後）: 拡張側勝利 Turn 11 HP 先7 / 後-1
[476/900] メガトンハンマー（先） vs じゃぶじゃぶマネー（後・拡張）: 拡張側勝利 Turn 10 HP 先0 / 後8
[477/900] メガトンハンマー（先・拡張） vs じゃぶじゃぶマネー（後）: 通常側勝利 Turn 10 HP 先0 / 後3
[478/900] メガトンハンマー（先） vs じゃぶじゃぶマネー（後・拡張）: 拡張側勝利 Turn 12 HP 先0 / 後5
[479/900] メガトンハンマー（先・拡張） vs じゃぶじゃぶマネー（後）: 通常側勝利 Turn 18 HP 先-3 / 後2
[480/900] メガトンハンマー（先） vs じゃぶじゃぶマネー（後・拡張）: 拡張側勝利 Turn 14 HP 先0 / 後15
[481/900] じゃぶじゃぶマネー（先・拡張） vs 真綿（後）: 拡張側勝利 Turn 17 HP 先3 / 後-3
[482/900] じゃぶじゃぶマネー（先） vs 真綿（後・拡張）: 拡張側勝利 Turn 20 HP 先-8 / 後4
[483/900] じゃぶじゃぶマネー（先・拡張） vs 真綿（後）: 拡張側勝利 Turn 15 HP 先12 / 後-2
[484/900] じゃぶじゃぶマネー（先） vs 真綿（後・拡張）: 拡張側勝利 Turn 14 HP 先0 / 後6
[485/900] じゃぶじゃぶマネー（先・拡張） vs 真綿（後）: 通常側勝利 Turn 10 HP 先0 / 後11
[486/900] じゃぶじゃぶマネー（先） vs 真綿（後・拡張）: 拡張側勝利 Turn 14 HP 先0 / 後2
[487/900] じゃぶじゃぶマネー（先・拡張） vs 真綿（後）: 拡張側勝利 Turn 13 HP 先14 / 後0
[488/900] じゃぶじゃぶマネー（先） vs 真綿（後・拡張）: 拡張側勝利 Turn 12 HP 先-2 / 後9
[489/900] じゃぶじゃぶマネー（先・拡張） vs 真綿（後）: 通常側勝利 Turn 14 HP 先-2 / 後8
[490/900] じゃぶじゃぶマネー（先） vs 真綿（後・拡張）: 通常側勝利 Turn 13 HP 先8 / 後-1
[491/900] じゃぶじゃぶマネー（先・拡張） vs 真綿（後）: 通常側勝利 Turn 12 HP 先0 / 後14
[492/900] じゃぶじゃぶマネー（先） vs 真綿（後・拡張）: 通常側勝利 Turn 13 HP 先7 / 後0
[493/900] じゃぶじゃぶマネー（先・拡張） vs 真綿（後）: 拡張側勝利 Turn 13 HP 先11 / 後0
[494/900] じゃぶじゃぶマネー（先） vs 真綿（後・拡張）: 通常側勝利 Turn 13 HP 先17 / 後-7
[495/900] じゃぶじゃぶマネー（先・拡張） vs 真綿（後）: 拡張側勝利 Turn 15 HP 先5 / 後-4
[496/900] じゃぶじゃぶマネー（先） vs 真綿（後・拡張）: 通常側勝利 Turn 11 HP 先7 / 後0
[497/900] じゃぶじゃぶマネー（先・拡張） vs 真綿（後）: 通常側勝利 Turn 20 HP 先-1 / 後6
[498/900] じゃぶじゃぶマネー（先） vs 真綿（後・拡張）: 通常側勝利 Turn 17 HP 先4 / 後-1
[499/900] じゃぶじゃぶマネー（先・拡張） vs 真綿（後）: 拡張側勝利 Turn 11 HP 先6 / 後-1
[500/900] じゃぶじゃぶマネー（先） vs 真綿（後・拡張）: 通常側勝利 Turn 11 HP 先7 / 後0
[501/900] じゃぶじゃぶマネー（先・拡張） vs 真綿（後）: 拡張側勝利 Turn 13 HP 先9 / 後0
[502/900] じゃぶじゃぶマネー（先） vs 真綿（後・拡張）: 通常側勝利 Turn 15 HP 先8 / 後0
[503/900] じゃぶじゃぶマネー（先・拡張） vs 真綿（後）: 通常側勝利 Turn 12 HP 先0 / 後9
[504/900] じゃぶじゃぶマネー（先） vs 真綿（後・拡張）: 通常側勝利 Turn 11 HP 先7 / 後-2
[505/900] じゃぶじゃぶマネー（先・拡張） vs 真綿（後）: 拡張側勝利 Turn 17 HP 先9 / 後-4
[506/900] じゃぶじゃぶマネー（先） vs 真綿（後・拡張）: 通常側勝利 Turn 15 HP 先7 / 後0
[507/900] じゃぶじゃぶマネー（先・拡張） vs 真綿（後）: 通常側勝利 Turn 12 HP 先-1 / 後17
[508/900] じゃぶじゃぶマネー（先） vs 真綿（後・拡張）: 拡張側勝利 Turn 12 HP 先-1 / 後4
[509/900] じゃぶじゃぶマネー（先・拡張） vs 真綿（後）: 拡張側勝利 Turn 15 HP 先10 / 後-1
[510/900] じゃぶじゃぶマネー（先） vs 真綿（後・拡張）: 通常側勝利 Turn 11 HP 先13 / 後-2
[511/900] 真綿（先・拡張） vs じゃぶじゃぶマネー（後）: 拡張側勝利 Turn 11 HP 先14 / 後-1
[512/900] 真綿（先） vs じゃぶじゃぶマネー（後・拡張）: 通常側勝利 Turn 15 HP 先9 / 後-2
[513/900] 真綿（先・拡張） vs じゃぶじゃぶマネー（後）: 通常側勝利 Turn 14 HP 先0 / 後3
[514/900] 真綿（先） vs じゃぶじゃぶマネー（後・拡張）: 拡張側勝利 Turn 14 HP 先-1 / 後4
[515/900] 真綿（先・拡張） vs じゃぶじゃぶマネー（後）: 通常側勝利 Turn 12 HP 先-3 / 後2
[516/900] 真綿（先） vs じゃぶじゃぶマネー（後・拡張）: 通常側勝利 Turn 11 HP 先10 / 後0
[517/900] 真綿（先・拡張） vs じゃぶじゃぶマネー（後）: 拡張側勝利 Turn 29 HP 先2 / 後-6
[518/900] 真綿（先） vs じゃぶじゃぶマネー（後・拡張）: 拡張側勝利 Turn 16 HP 先0 / 後15
[519/900] 真綿（先・拡張） vs じゃぶじゃぶマネー（後）: 通常側勝利 Turn 14 HP 先-2 / 後16
[520/900] 真綿（先） vs じゃぶじゃぶマネー（後・拡張）: 拡張側勝利 Turn 16 HP 先-1 / 後12
[521/900] 真綿（先・拡張） vs じゃぶじゃぶマネー（後）: 拡張側勝利 Turn 11 HP 先10 / 後-1
[522/900] 真綿（先） vs じゃぶじゃぶマネー（後・拡張）: 通常側勝利 Turn 13 HP 先17 / 後-1
[523/900] 真綿（先・拡張） vs じゃぶじゃぶマネー（後）: 通常側勝利 Turn 14 HP 先0 / 後10
[524/900] 真綿（先） vs じゃぶじゃぶマネー（後・拡張）: 拡張側勝利 Turn 16 HP 先0 / 後2
[525/900] 真綿（先・拡張） vs じゃぶじゃぶマネー（後）: 通常側勝利 Turn 18 HP 先0 / 後10
[526/900] 真綿（先） vs じゃぶじゃぶマネー（後・拡張）: 通常側勝利 Turn 11 HP 先9 / 後-1
[527/900] 真綿（先・拡張） vs じゃぶじゃぶマネー（後）: 通常側勝利 Turn 12 HP 先0 / 後9
[528/900] 真綿（先） vs じゃぶじゃぶマネー（後・拡張）: 通常側勝利 Turn 17 HP 先11 / 後-4
[529/900] 真綿（先・拡張） vs じゃぶじゃぶマネー（後）: 通常側勝利 Turn 14 HP 先0 / 後5
[530/900] 真綿（先） vs じゃぶじゃぶマネー（後・拡張）: 通常側勝利 Turn 11 HP 先9 / 後0
[531/900] 真綿（先・拡張） vs じゃぶじゃぶマネー（後）: 拡張側勝利 Turn 15 HP 先3 / 後0
[532/900] 真綿（先） vs じゃぶじゃぶマネー（後・拡張）: 拡張側勝利 Turn 10 HP 先0 / 後12
[533/900] 真綿（先・拡張） vs じゃぶじゃぶマネー（後）: 拡張側勝利 Turn 13 HP 先3 / 後0
[534/900] 真綿（先） vs じゃぶじゃぶマネー（後・拡張）: 通常側勝利 Turn 15 HP 先1 / 後0
[535/900] 真綿（先・拡張） vs じゃぶじゃぶマネー（後）: 通常側勝利 Turn 12 HP 先0 / 後10
[536/900] 真綿（先） vs じゃぶじゃぶマネー（後・拡張）: 通常側勝利 Turn 15 HP 先8 / 後-1
[537/900] 真綿（先・拡張） vs じゃぶじゃぶマネー（後）: 拡張側勝利 Turn 17 HP 先16 / 後0
[538/900] 真綿（先） vs じゃぶじゃぶマネー（後・拡張）: 通常側勝利 Turn 13 HP 先11 / 後-2
[539/900] 真綿（先・拡張） vs じゃぶじゃぶマネー（後）: 通常側勝利 Turn 14 HP 先-1 / 後9
[540/900] 真綿（先） vs じゃぶじゃぶマネー（後・拡張）: 拡張側勝利 Turn 10 HP 先0 / 後10
[541/900] 急襲レールウェイ（先・拡張） vs 爆弾魔（後）: 通常側勝利 Turn 12 HP 先0 / 後4
[542/900] 急襲レールウェイ（先） vs 爆弾魔（後・拡張）: 拡張側勝利 Turn 8 HP 先-2 / 後7
[543/900] 急襲レールウェイ（先・拡張） vs 爆弾魔（後）: 通常側勝利 Turn 8 HP 先0 / 後14
[544/900] 急襲レールウェイ（先） vs 爆弾魔（後・拡張）: 拡張側勝利 Turn 12 HP 先0 / 後12
[545/900] 急襲レールウェイ（先・拡張） vs 爆弾魔（後）: 通常側勝利 Turn 10 HP 先-1 / 後8
[546/900] 急襲レールウェイ（先） vs 爆弾魔（後・拡張）: 拡張側勝利 Turn 12 HP 先-1 / 後8
[547/900] 急襲レールウェイ（先・拡張） vs 爆弾魔（後）: 拡張側勝利 Turn 11 HP 先15 / 後-1
[548/900] 急襲レールウェイ（先） vs 爆弾魔（後・拡張）: 拡張側勝利 Turn 10 HP 先-2 / 後3
[549/900] 急襲レールウェイ（先・拡張） vs 爆弾魔（後）: 通常側勝利 Turn 10 HP 先-2 / 後2
[550/900] 急襲レールウェイ（先） vs 爆弾魔（後・拡張）: 拡張側勝利 Turn 10 HP 先0 / 後12
[551/900] 急襲レールウェイ（先・拡張） vs 爆弾魔（後）: 拡張側勝利 Turn 11 HP 先1 / 後-2
[552/900] 急襲レールウェイ（先） vs 爆弾魔（後・拡張）: 通常側勝利 Turn 11 HP 先6 / 後-1
[553/900] 急襲レールウェイ（先・拡張） vs 爆弾魔（後）: 通常側勝利 Turn 8 HP 先0 / 後8
[554/900] 急襲レールウェイ（先） vs 爆弾魔（後・拡張）: 拡張側勝利 Turn 8 HP 先0 / 後12
[555/900] 急襲レールウェイ（先・拡張） vs 爆弾魔（後）: 通常側勝利 Turn 12 HP 先-1 / 後8
[556/900] 急襲レールウェイ（先） vs 爆弾魔（後・拡張）: 拡張側勝利 Turn 10 HP 先0 / 後6
[557/900] 急襲レールウェイ（先・拡張） vs 爆弾魔（後）: 通常側勝利 Turn 10 HP 先-1 / 後11
[558/900] 急襲レールウェイ（先） vs 爆弾魔（後・拡張）: 通常側勝利 Turn 9 HP 先1 / 後0
[559/900] 急襲レールウェイ（先・拡張） vs 爆弾魔（後）: 拡張側勝利 Turn 11 HP 先1 / 後0
[560/900] 急襲レールウェイ（先） vs 爆弾魔（後・拡張）: 拡張側勝利 Turn 10 HP 先-1 / 後4
[561/900] 急襲レールウェイ（先・拡張） vs 爆弾魔（後）: 拡張側勝利 Turn 11 HP 先10 / 後0
[562/900] 急襲レールウェイ（先） vs 爆弾魔（後・拡張）: 拡張側勝利 Turn 10 HP 先0 / 後16
[563/900] 急襲レールウェイ（先・拡張） vs 爆弾魔（後）: 通常側勝利 Turn 10 HP 先0 / 後6
[564/900] 急襲レールウェイ（先） vs 爆弾魔（後・拡張）: 通常側勝利 Turn 9 HP 先14 / 後-1
[565/900] 急襲レールウェイ（先・拡張） vs 爆弾魔（後）: 通常側勝利 Turn 8 HP 先0 / 後19
[566/900] 急襲レールウェイ（先） vs 爆弾魔（後・拡張）: 拡張側勝利 Turn 12 HP 先-4 / 後13
[567/900] 急襲レールウェイ（先・拡張） vs 爆弾魔（後）: 拡張側勝利 Turn 13 HP 先5 / 後-1
[568/900] 急襲レールウェイ（先） vs 爆弾魔（後・拡張）: 拡張側勝利 Turn 8 HP 先0 / 後12
[569/900] 急襲レールウェイ（先・拡張） vs 爆弾魔（後）: 通常側勝利 Turn 10 HP 先0 / 後4
[570/900] 急襲レールウェイ（先） vs 爆弾魔（後・拡張）: 拡張側勝利 Turn 8 HP 先0 / 後5
[571/900] 爆弾魔（先・拡張） vs 急襲レールウェイ（後）: 拡張側勝利 Turn 11 HP 先9 / 後-1
[572/900] 爆弾魔（先） vs 急襲レールウェイ（後・拡張）: 通常側勝利 Turn 7 HP 先8 / 後0
[573/900] 爆弾魔（先・拡張） vs 急襲レールウェイ（後）: 拡張側勝利 Turn 11 HP 先8 / 後0
[574/900] 爆弾魔（先） vs 急襲レールウェイ（後・拡張）: 通常側勝利 Turn 11 HP 先9 / 後-2
[575/900] 爆弾魔（先・拡張） vs 急襲レールウェイ（後）: 通常側勝利 Turn 10 HP 先0 / 後3
[576/900] 爆弾魔（先） vs 急襲レールウェイ（後・拡張）: 通常側勝利 Turn 9 HP 先10 / 後0
[577/900] 爆弾魔（先・拡張） vs 急襲レールウェイ（後）: 拡張側勝利 Turn 9 HP 先10 / 後-1
[578/900] 爆弾魔（先） vs 急襲レールウェイ（後・拡張）: 通常側勝利 Turn 15 HP 先8 / 後-1
[579/900] 爆弾魔（先・拡張） vs 急襲レールウェイ（後）: 拡張側勝利 Turn 7 HP 先11 / 後0
[580/900] 爆弾魔（先） vs 急襲レールウェイ（後・拡張）: 拡張側勝利 Turn 8 HP 先-2 / 後15
[581/900] 爆弾魔（先・拡張） vs 急襲レールウェイ（後）: 拡張側勝利 Turn 11 HP 先3 / 後-1
[582/900] 爆弾魔（先） vs 急襲レールウェイ（後・拡張）: 通常側勝利 Turn 13 HP 先10 / 後0
[583/900] 爆弾魔（先・拡張） vs 急襲レールウェイ（後）: 拡張側勝利 Turn 9 HP 先10 / 後0
[584/900] 爆弾魔（先） vs 急襲レールウェイ（後・拡張）: 通常側勝利 Turn 9 HP 先1 / 後0
[585/900] 爆弾魔（先・拡張） vs 急襲レールウェイ（後）: 拡張側勝利 Turn 13 HP 先14 / 後0
[586/900] 爆弾魔（先） vs 急襲レールウェイ（後・拡張）: 通常側勝利 Turn 13 HP 先7 / 後-1
[587/900] 爆弾魔（先・拡張） vs 急襲レールウェイ（後）: 通常側勝利 Turn 8 HP 先0 / 後8
[588/900] 爆弾魔（先） vs 急襲レールウェイ（後・拡張）: 拡張側勝利 Turn 10 HP 先-5 / 後10
[589/900] 爆弾魔（先・拡張） vs 急襲レールウェイ（後）: 拡張側勝利 Turn 11 HP 先7 / 後-1
[590/900] 爆弾魔（先） vs 急襲レールウェイ（後・拡張）: 通常側勝利 Turn 9 HP 先17 / 後0
[591/900] 爆弾魔（先・拡張） vs 急襲レールウェイ（後）: 拡張側勝利 Turn 7 HP 先14 / 後-1
[592/900] 爆弾魔（先） vs 急襲レールウェイ（後・拡張）: 拡張側勝利 Turn 10 HP 先-1 / 後8
[593/900] 爆弾魔（先・拡張） vs 急襲レールウェイ（後）: 通常側勝利 Turn 12 HP 先0 / 後10
[594/900] 爆弾魔（先） vs 急襲レールウェイ（後・拡張）: 拡張側勝利 Turn 10 HP 先-2 / 後10
[595/900] 爆弾魔（先・拡張） vs 急襲レールウェイ（後）: 拡張側勝利 Turn 13 HP 先7 / 後0
[596/900] 爆弾魔（先） vs 急襲レールウェイ（後・拡張）: 通常側勝利 Turn 9 HP 先17 / 後0
[597/900] 爆弾魔（先・拡張） vs 急襲レールウェイ（後）: 拡張側勝利 Turn 9 HP 先12 / 後-2
[598/900] 爆弾魔（先） vs 急襲レールウェイ（後・拡張）: 通常側勝利 Turn 9 HP 先7 / 後-2
[599/900] 爆弾魔（先・拡張） vs 急襲レールウェイ（後）: 拡張側勝利 Turn 9 HP 先8 / 後0
[600/900] 爆弾魔（先） vs 急襲レールウェイ（後・拡張）: 拡張側勝利 Turn 10 HP 先0 / 後11
[601/900] 急襲レールウェイ（先・拡張） vs メガトンハンマー（後）: 拡張側勝利 Turn 9 HP 先7 / 後0
[602/900] 急襲レールウェイ（先） vs メガトンハンマー（後・拡張）: 拡張側勝利 Turn 28 HP 先-5 / 後13
[603/900] 急襲レールウェイ（先・拡張） vs メガトンハンマー（後）: 拡張側勝利 Turn 11 HP 先6 / 後-1
[604/900] 急襲レールウェイ（先） vs メガトンハンマー（後・拡張）: 通常側勝利 Turn 11 HP 先9 / 後-1
[605/900] 急襲レールウェイ（先・拡張） vs メガトンハンマー（後）: 通常側勝利 Turn 10 HP 先-6 / 後1
[606/900] 急襲レールウェイ（先） vs メガトンハンマー（後・拡張）: 拡張側勝利 Turn 10 HP 先-7 / 後7
[607/900] 急襲レールウェイ（先・拡張） vs メガトンハンマー（後）: 拡張側勝利 Turn 11 HP 先15 / 後-1
[608/900] 急襲レールウェイ（先） vs メガトンハンマー（後・拡張）: 拡張側勝利 Turn 16 HP 先-1 / 後5
[609/900] 急襲レールウェイ（先・拡張） vs メガトンハンマー（後）: 通常側勝利 Turn 16 HP 先0 / 後4
[610/900] 急襲レールウェイ（先） vs メガトンハンマー（後・拡張）: 拡張側勝利 Turn 10 HP 先-7 / 後8
[611/900] 急襲レールウェイ（先・拡張） vs メガトンハンマー（後）: 拡張側勝利 Turn 15 HP 先10 / 後-7
[612/900] 急襲レールウェイ（先） vs メガトンハンマー（後・拡張）: 通常側勝利 Turn 11 HP 先11 / 後0
[613/900] 急襲レールウェイ（先・拡張） vs メガトンハンマー（後）: 拡張側勝利 Turn 11 HP 先16 / 後0
[614/900] 急襲レールウェイ（先） vs メガトンハンマー（後・拡張）: 拡張側勝利 Turn 14 HP 先-1 / 後6
[615/900] 急襲レールウェイ（先・拡張） vs メガトンハンマー（後）: 拡張側勝利 Turn 9 HP 先5 / 後0
[616/900] 急襲レールウェイ（先） vs メガトンハンマー（後・拡張）: 拡張側勝利 Turn 10 HP 先0 / 後6
[617/900] 急襲レールウェイ（先・拡張） vs メガトンハンマー（後）: 通常側勝利 Turn 12 HP 先0 / 後4
[618/900] 急襲レールウェイ（先） vs メガトンハンマー（後・拡張）: 拡張側勝利 Turn 10 HP 先0 / 後5
[619/900] 急襲レールウェイ（先・拡張） vs メガトンハンマー（後）: 通常側勝利 Turn 14 HP 先0 / 後8
[620/900] 急襲レールウェイ（先） vs メガトンハンマー（後・拡張）: 拡張側勝利 Turn 12 HP 先0 / 後1
[621/900] 急襲レールウェイ（先・拡張） vs メガトンハンマー（後）: 通常側勝利 Turn 14 HP 先-1 / 後12
[622/900] 急襲レールウェイ（先） vs メガトンハンマー（後・拡張）: 通常側勝利 Turn 11 HP 先2 / 後-1
[623/900] 急襲レールウェイ（先・拡張） vs メガトンハンマー（後）: 拡張側勝利 Turn 11 HP 先13 / 後-1
[624/900] 急襲レールウェイ（先） vs メガトンハンマー（後・拡張）: 拡張側勝利 Turn 10 HP 先-1 / 後4
[625/900] 急襲レールウェイ（先・拡張） vs メガトンハンマー（後）: 通常側勝利 Turn 12 HP 先-1 / 後7
[626/900] 急襲レールウェイ（先） vs メガトンハンマー（後・拡張）: 拡張側勝利 Turn 10 HP 先-1 / 後9
[627/900] 急襲レールウェイ（先・拡張） vs メガトンハンマー（後）: 通常側勝利 Turn 12 HP 先-2 / 後9
[628/900] 急襲レールウェイ（先） vs メガトンハンマー（後・拡張）: 通常側勝利 Turn 11 HP 先11 / 後0
[629/900] 急襲レールウェイ（先・拡張） vs メガトンハンマー（後）: 拡張側勝利 Turn 13 HP 先7 / 後0
[630/900] 急襲レールウェイ（先） vs メガトンハンマー（後・拡張）: 拡張側勝利 Turn 10 HP 先-1 / 後7
[631/900] メガトンハンマー（先・拡張） vs 急襲レールウェイ（後）: 拡張側勝利 Turn 9 HP 先14 / 後-1
[632/900] メガトンハンマー（先） vs 急襲レールウェイ（後・拡張）: 拡張側勝利 Turn 10 HP 先0 / 後7
[633/900] メガトンハンマー（先・拡張） vs 急襲レールウェイ（後）: 通常側勝利 Turn 12 HP 先0 / 後13
[634/900] メガトンハンマー（先） vs 急襲レールウェイ（後・拡張）: 拡張側勝利 Turn 10 HP 先0 / 後12
[635/900] メガトンハンマー（先・拡張） vs 急襲レールウェイ（後）: 拡張側勝利 Turn 13 HP 先4 / 後-4
[636/900] メガトンハンマー（先） vs 急襲レールウェイ（後・拡張）: 通常側勝利 Turn 11 HP 先7 / 後0
[637/900] メガトンハンマー（先・拡張） vs 急襲レールウェイ（後）: 通常側勝利 Turn 14 HP 先0 / 後11
[638/900] メガトンハンマー（先） vs 急襲レールウェイ（後・拡張）: 拡張側勝利 Turn 10 HP 先-1 / 後12
[639/900] メガトンハンマー（先・拡張） vs 急襲レールウェイ（後）: 通常側勝利 Turn 14 HP 先-1 / 後12
[640/900] メガトンハンマー（先） vs 急襲レールウェイ（後・拡張）: 拡張側勝利 Turn 8 HP 先0 / 後13
[641/900] メガトンハンマー（先・拡張） vs 急襲レールウェイ（後）: 通常側勝利 Turn 10 HP 先-2 / 後19
[642/900] メガトンハンマー（先） vs 急襲レールウェイ（後・拡張）: 通常側勝利 Turn 15 HP 先2 / 後-2
[643/900] メガトンハンマー（先・拡張） vs 急襲レールウェイ（後）: 拡張側勝利 Turn 11 HP 先19 / 後-3
[644/900] メガトンハンマー（先） vs 急襲レールウェイ（後・拡張）: 拡張側勝利 Turn 14 HP 先-3 / 後5
[645/900] メガトンハンマー（先・拡張） vs 急襲レールウェイ（後）: 拡張側勝利 Turn 11 HP 先2 / 後-1
[646/900] メガトンハンマー（先） vs 急襲レールウェイ（後・拡張）: 拡張側勝利 Turn 10 HP 先0 / 後11
[647/900] メガトンハンマー（先・拡張） vs 急襲レールウェイ（後）: 通常側勝利 Turn 14 HP 先0 / 後3
[648/900] メガトンハンマー（先） vs 急襲レールウェイ（後・拡張）: 通常側勝利 Turn 11 HP 先5 / 後0
[649/900] メガトンハンマー（先・拡張） vs 急襲レールウェイ（後）: 通常側勝利 Turn 12 HP 先0 / 後9
[650/900] メガトンハンマー（先） vs 急襲レールウェイ（後・拡張）: 拡張側勝利 Turn 10 HP 先0 / 後5
[651/900] メガトンハンマー（先・拡張） vs 急襲レールウェイ（後）: 拡張側勝利 Turn 11 HP 先5 / 後-2
[652/900] メガトンハンマー（先） vs 急襲レールウェイ（後・拡張）: 拡張側勝利 Turn 12 HP 先-1 / 後8
[653/900] メガトンハンマー（先・拡張） vs 急襲レールウェイ（後）: 通常側勝利 Turn 8 HP 先0 / 後10
[654/900] メガトンハンマー（先） vs 急襲レールウェイ（後・拡張）: 拡張側勝利 Turn 12 HP 先-1 / 後9
[655/900] メガトンハンマー（先・拡張） vs 急襲レールウェイ（後）: 通常側勝利 Turn 10 HP 先0 / 後10
[656/900] メガトンハンマー（先） vs 急襲レールウェイ（後・拡張）: 通常側勝利 Turn 7 HP 先11 / 後0
[657/900] メガトンハンマー（先・拡張） vs 急襲レールウェイ（後）: 通常側勝利 Turn 10 HP 先-1 / 後8
[658/900] メガトンハンマー（先） vs 急襲レールウェイ（後・拡張）: 通常側勝利 Turn 13 HP 先5 / 後0
[659/900] メガトンハンマー（先・拡張） vs 急襲レールウェイ（後）: 拡張側勝利 Turn 11 HP 先10 / 後-2
[660/900] メガトンハンマー（先） vs 急襲レールウェイ（後・拡張）: 拡張側勝利 Turn 10 HP 先0 / 後4
[661/900] 急襲レールウェイ（先・拡張） vs 真綿（後）: 通常側勝利 Turn 12 HP 先-1 / 後15
[662/900] 急襲レールウェイ（先） vs 真綿（後・拡張）: 拡張側勝利 Turn 12 HP 先-1 / 後7
[663/900] 急襲レールウェイ（先・拡張） vs 真綿（後）: 拡張側勝利 Turn 11 HP 先1 / 後-3
[664/900] 急襲レールウェイ（先） vs 真綿（後・拡張）: 拡張側勝利 Turn 12 HP 先0 / 後18
[665/900] 急襲レールウェイ（先・拡張） vs 真綿（後）: 拡張側勝利 Turn 13 HP 先12 / 後-1
[666/900] 急襲レールウェイ（先） vs 真綿（後・拡張）: 拡張側勝利 Turn 10 HP 先-1 / 後11
[667/900] 急襲レールウェイ（先・拡張） vs 真綿（後）: 拡張側勝利 Turn 11 HP 先3 / 後-1
[668/900] 急襲レールウェイ（先） vs 真綿（後・拡張）: 通常側勝利 Turn 11 HP 先2 / 後-8
[669/900] 急襲レールウェイ（先・拡張） vs 真綿（後）: 通常側勝利 Turn 12 HP 先-2 / 後4
[670/900] 急襲レールウェイ（先） vs 真綿（後・拡張）: 拡張側勝利 Turn 14 HP 先-2 / 後11
[671/900] 急襲レールウェイ（先・拡張） vs 真綿（後）: 通常側勝利 Turn 10 HP 先-8 / 後2
[672/900] 急襲レールウェイ（先） vs 真綿（後・拡張）: 拡張側勝利 Turn 12 HP 先0 / 後13
[673/900] 急襲レールウェイ（先・拡張） vs 真綿（後）: 通常側勝利 Turn 10 HP 先0 / 後11
[674/900] 急襲レールウェイ（先） vs 真綿（後・拡張）: 拡張側勝利 Turn 10 HP 先-1 / 後16
[675/900] 急襲レールウェイ（先・拡張） vs 真綿（後）: 拡張側勝利 Turn 13 HP 先8 / 後-2
[676/900] 急襲レールウェイ（先） vs 真綿（後・拡張）: 通常側勝利 Turn 11 HP 先3 / 後0
[677/900] 急襲レールウェイ（先・拡張） vs 真綿（後）: 通常側勝利 Turn 12 HP 先-6 / 後3
[678/900] 急襲レールウェイ（先） vs 真綿（後・拡張）: 通常側勝利 Turn 11 HP 先4 / 後-1
[679/900] 急襲レールウェイ（先・拡張） vs 真綿（後）: 通常側勝利 Turn 12 HP 先-2 / 後6
[680/900] 急襲レールウェイ（先） vs 真綿（後・拡張）: 通常側勝利 Turn 11 HP 先6 / 後0
[681/900] 急襲レールウェイ（先・拡張） vs 真綿（後）: 通常側勝利 Turn 20 HP 先-5 / 後10
[682/900] 急襲レールウェイ（先） vs 真綿（後・拡張）: 拡張側勝利 Turn 12 HP 先0 / 後11
[683/900] 急襲レールウェイ（先・拡張） vs 真綿（後）: 拡張側勝利 Turn 13 HP 先19 / 後0
[684/900] 急襲レールウェイ（先） vs 真綿（後・拡張）: 拡張側勝利 Turn 16 HP 先-5 / 後7
[685/900] 急襲レールウェイ（先・拡張） vs 真綿（後）: 拡張側勝利 Turn 11 HP 先5 / 後-4
[686/900] 急襲レールウェイ（先） vs 真綿（後・拡張）: 通常側勝利 Turn 11 HP 先9 / 後-2
[687/900] 急襲レールウェイ（先・拡張） vs 真綿（後）: 拡張側勝利 Turn 11 HP 先13 / 後-4
[688/900] 急襲レールウェイ（先） vs 真綿（後・拡張）: 拡張側勝利 Turn 10 HP 先-1 / 後13
[689/900] 急襲レールウェイ（先・拡張） vs 真綿（後）: 拡張側勝利 Turn 9 HP 先16 / 後0
[690/900] 急襲レールウェイ（先） vs 真綿（後・拡張）: 通常側勝利 Turn 9 HP 先13 / 後0
[691/900] 真綿（先・拡張） vs 急襲レールウェイ（後）: 通常側勝利 Turn 12 HP 先-2 / 後11
[692/900] 真綿（先） vs 急襲レールウェイ（後・拡張）: 拡張側勝利 Turn 10 HP 先0 / 後8
[693/900] 真綿（先・拡張） vs 急襲レールウェイ（後）: 拡張側勝利 Turn 15 HP 先11 / 後0
[694/900] 真綿（先） vs 急襲レールウェイ（後・拡張）: 通常側勝利 Turn 9 HP 先12 / 後0
[695/900] 真綿（先・拡張） vs 急襲レールウェイ（後）: 拡張側勝利 Turn 9 HP 先11 / 後-1
[696/900] 真綿（先） vs 急襲レールウェイ（後・拡張）: 拡張側勝利 Turn 10 HP 先-1 / 後13
[697/900] 真綿（先・拡張） vs 急襲レールウェイ（後）: 通常側勝利 Turn 12 HP 先-4 / 後7
[698/900] 真綿（先） vs 急襲レールウェイ（後・拡張）: 拡張側勝利 Turn 10 HP 先0 / 後7
[699/900] 真綿（先・拡張） vs 急襲レールウェイ（後）: 拡張側勝利 Turn 13 HP 先3 / 後-1
[700/900] 真綿（先） vs 急襲レールウェイ（後・拡張）: 拡張側勝利 Turn 12 HP 先0 / 後8
[701/900] 真綿（先・拡張） vs 急襲レールウェイ（後）: 拡張側勝利 Turn 13 HP 先12 / 後-3
[702/900] 真綿（先） vs 急襲レールウェイ（後・拡張）: 拡張側勝利 Turn 10 HP 先0 / 後7
[703/900] 真綿（先・拡張） vs 急襲レールウェイ（後）: 拡張側勝利 Turn 11 HP 先8 / 後0
[704/900] 真綿（先） vs 急襲レールウェイ（後・拡張）: 通常側勝利 Turn 11 HP 先8 / 後-1
[705/900] 真綿（先・拡張） vs 急襲レールウェイ（後）: 拡張側勝利 Turn 11 HP 先6 / 後0
[706/900] 真綿（先） vs 急襲レールウェイ（後・拡張）: 拡張側勝利 Turn 12 HP 先-5 / 後4
[707/900] 真綿（先・拡張） vs 急襲レールウェイ（後）: 拡張側勝利 Turn 9 HP 先8 / 後0
[708/900] 真綿（先） vs 急襲レールウェイ（後・拡張）: 通常側勝利 Turn 9 HP 先4 / 後-2
[709/900] 真綿（先・拡張） vs 急襲レールウェイ（後）: 拡張側勝利 Turn 13 HP 先4 / 後0
[710/900] 真綿（先） vs 急襲レールウェイ（後・拡張）: 通常側勝利 Turn 9 HP 先5 / 後-1
[711/900] 真綿（先・拡張） vs 急襲レールウェイ（後）: 通常側勝利 Turn 10 HP 先0 / 後16
[712/900] 真綿（先） vs 急襲レールウェイ（後・拡張）: 拡張側勝利 Turn 16 HP 先-1 / 後7
[713/900] 真綿（先・拡張） vs 急襲レールウェイ（後）: 通常側勝利 Turn 12 HP 先0 / 後6
[714/900] 真綿（先） vs 急襲レールウェイ（後・拡張）: 拡張側勝利 Turn 12 HP 先-1 / 後6
[715/900] 真綿（先・拡張） vs 急襲レールウェイ（後）: 通常側勝利 Turn 10 HP 先0 / 後9
[716/900] 真綿（先） vs 急襲レールウェイ（後・拡張）: 通常側勝利 Turn 9 HP 先9 / 後0
[717/900] 真綿（先・拡張） vs 急襲レールウェイ（後）: 拡張側勝利 Turn 11 HP 先15 / 後-1
[718/900] 真綿（先） vs 急襲レールウェイ（後・拡張）: 拡張側勝利 Turn 14 HP 先-2 / 後9
[719/900] 真綿（先・拡張） vs 急襲レールウェイ（後）: 拡張側勝利 Turn 13 HP 先5 / 後-1
[720/900] 真綿（先） vs 急襲レールウェイ（後・拡張）: 通常側勝利 Turn 11 HP 先12 / 後-1
[721/900] 爆弾魔（先・拡張） vs メガトンハンマー（後）: 通常側勝利 Turn 10 HP 先-2 / 後8
[722/900] 爆弾魔（先） vs メガトンハンマー（後・拡張）: 通常側勝利 Turn 11 HP 先7 / 後-1
[723/900] 爆弾魔（先・拡張） vs メガトンハンマー（後）: 拡張側勝利 Turn 7 HP 先16 / 後-1
[724/900] 爆弾魔（先） vs メガトンハンマー（後・拡張）: 通常側勝利 Turn 9 HP 先12 / 後0
[725/900] 爆弾魔（先・拡張） vs メガトンハンマー（後）: 通常側勝利 Turn 10 HP 先-2 / 後10
[726/900] 爆弾魔（先） vs メガトンハンマー（後・拡張）: 通常側勝利 Turn 9 HP 先8 / 後0
[727/900] 爆弾魔（先・拡張） vs メガトンハンマー（後）: 拡張側勝利 Turn 9 HP 先13 / 後0
[728/900] 爆弾魔（先） vs メガトンハンマー（後・拡張）: 拡張側勝利 Turn 10 HP 先-1 / 後4
[729/900] 爆弾魔（先・拡張） vs メガトンハンマー（後）: 拡張側勝利 Turn 11 HP 先15 / 後0
[730/900] 爆弾魔（先） vs メガトンハンマー（後・拡張）: 拡張側勝利 Turn 10 HP 先0 / 後11
[731/900] 爆弾魔（先・拡張） vs メガトンハンマー（後）: 通常側勝利 Turn 12 HP 先-3 / 後4
[732/900] 爆弾魔（先） vs メガトンハンマー（後・拡張）: 通常側勝利 Turn 9 HP 先4 / 後0
[733/900] 爆弾魔（先・拡張） vs メガトンハンマー（後）: 通常側勝利 Turn 12 HP 先-5 / 後2
[734/900] 爆弾魔（先） vs メガトンハンマー（後・拡張）: 通常側勝利 Turn 9 HP 先4 / 後-1
[735/900] 爆弾魔（先・拡張） vs メガトンハンマー（後）: 拡張側勝利 Turn 11 HP 先10 / 後0
[736/900] 爆弾魔（先） vs メガトンハンマー（後・拡張）: 通常側勝利 Turn 15 HP 先6 / 後0
[737/900] 爆弾魔（先・拡張） vs メガトンハンマー（後）: 拡張側勝利 Turn 9 HP 先12 / 後-1
[738/900] 爆弾魔（先） vs メガトンハンマー（後・拡張）: 通常側勝利 Turn 11 HP 先13 / 後0
[739/900] 爆弾魔（先・拡張） vs メガトンハンマー（後）: 通常側勝利 Turn 10 HP 先-4 / 後15
[740/900] 爆弾魔（先） vs メガトンハンマー（後・拡張）: 通常側勝利 Turn 7 HP 先12 / 後0
[741/900] 爆弾魔（先・拡張） vs メガトンハンマー（後）: 拡張側勝利 Turn 11 HP 先9 / 後0
[742/900] 爆弾魔（先） vs メガトンハンマー（後・拡張）: 通常側勝利 Turn 11 HP 先5 / 後0
[743/900] 爆弾魔（先・拡張） vs メガトンハンマー（後）: 拡張側勝利 Turn 11 HP 先11 / 後-1
[744/900] 爆弾魔（先） vs メガトンハンマー（後・拡張）: 拡張側勝利 Turn 12 HP 先-2 / 後4
[745/900] 爆弾魔（先・拡張） vs メガトンハンマー（後）: 拡張側勝利 Turn 11 HP 先12 / 後-1
[746/900] 爆弾魔（先） vs メガトンハンマー（後・拡張）: 通常側勝利 Turn 9 HP 先3 / 後-2
[747/900] 爆弾魔（先・拡張） vs メガトンハンマー（後）: 通常側勝利 Turn 12 HP 先-1 / 後5
[748/900] 爆弾魔（先） vs メガトンハンマー（後・拡張）: 通常側勝利 Turn 13 HP 先4 / 後0
[749/900] 爆弾魔（先・拡張） vs メガトンハンマー（後）: 拡張側勝利 Turn 11 HP 先9 / 後-3
[750/900] 爆弾魔（先） vs メガトンハンマー（後・拡張）: 通常側勝利 Turn 9 HP 先14 / 後-2
[751/900] メガトンハンマー（先・拡張） vs 爆弾魔（後）: 通常側勝利 Turn 10 HP 先0 / 後9
[752/900] メガトンハンマー（先） vs 爆弾魔（後・拡張）: 通常側勝利 Turn 9 HP 先10 / 後0
[753/900] メガトンハンマー（先・拡張） vs 爆弾魔（後）: 通常側勝利 Turn 8 HP 先0 / 後8
[754/900] メガトンハンマー（先） vs 爆弾魔（後・拡張）: 拡張側勝利 Turn 10 HP 先0 / 後14
[755/900] メガトンハンマー（先・拡張） vs 爆弾魔（後）: 拡張側勝利 Turn 15 HP 先15 / 後0
[756/900] メガトンハンマー（先） vs 爆弾魔（後・拡張）: 通常側勝利 Turn 9 HP 先7 / 後0
[757/900] メガトンハンマー（先・拡張） vs 爆弾魔（後）: 通常側勝利 Turn 8 HP 先-5 / 後1
[758/900] メガトンハンマー（先） vs 爆弾魔（後・拡張）: 拡張側勝利 Turn 10 HP 先0 / 後6
[759/900] メガトンハンマー（先・拡張） vs 爆弾魔（後）: 拡張側勝利 Turn 15 HP 先9 / 後-2
[760/900] メガトンハンマー（先） vs 爆弾魔（後・拡張）: 拡張側勝利 Turn 18 HP 先-3 / 後10
[761/900] メガトンハンマー（先・拡張） vs 爆弾魔（後）: 拡張側勝利 Turn 9 HP 先5 / 後-3
[762/900] メガトンハンマー（先） vs 爆弾魔（後・拡張）: 通常側勝利 Turn 13 HP 先3 / 後-1
[763/900] メガトンハンマー（先・拡張） vs 爆弾魔（後）: 通常側勝利 Turn 8 HP 先0 / 後9
[764/900] メガトンハンマー（先） vs 爆弾魔（後・拡張）: 拡張側勝利 Turn 10 HP 先-1 / 後14
[765/900] メガトンハンマー（先・拡張） vs 爆弾魔（後）: 通常側勝利 Turn 16 HP 先0 / 後8
[766/900] メガトンハンマー（先） vs 爆弾魔（後・拡張）: 通常側勝利 Turn 9 HP 先6 / 後0
[767/900] メガトンハンマー（先・拡張） vs 爆弾魔（後）: 拡張側勝利 Turn 11 HP 先2 / 後-2
[768/900] メガトンハンマー（先） vs 爆弾魔（後・拡張）: 通常側勝利 Turn 11 HP 先2 / 後-1
[769/900] メガトンハンマー（先・拡張） vs 爆弾魔（後）: 拡張側勝利 Turn 11 HP 先3 / 後-1
[770/900] メガトンハンマー（先） vs 爆弾魔（後・拡張）: 拡張側勝利 Turn 12 HP 先0 / 後3
[771/900] メガトンハンマー（先・拡張） vs 爆弾魔（後）: 通常側勝利 Turn 10 HP 先-2 / 後10
[772/900] メガトンハンマー（先） vs 爆弾魔（後・拡張）: 通常側勝利 Turn 11 HP 先8 / 後0
[773/900] メガトンハンマー（先・拡張） vs 爆弾魔（後）: 拡張側勝利 Turn 11 HP 先8 / 後-1
[774/900] メガトンハンマー（先） vs 爆弾魔（後・拡張）: 拡張側勝利 Turn 12 HP 先0 / 後9
[775/900] メガトンハンマー（先・拡張） vs 爆弾魔（後）: 拡張側勝利 Turn 9 HP 先5 / 後-1
[776/900] メガトンハンマー（先） vs 爆弾魔（後・拡張）: 通常側勝利 Turn 9 HP 先1 / 後0
[777/900] メガトンハンマー（先・拡張） vs 爆弾魔（後）: 通常側勝利 Turn 14 HP 先0 / 後3
[778/900] メガトンハンマー（先） vs 爆弾魔（後・拡張）: 拡張側勝利 Turn 8 HP 先-1 / 後14
[779/900] メガトンハンマー（先・拡張） vs 爆弾魔（後）: 通常側勝利 Turn 10 HP 先-1 / 後4
[780/900] メガトンハンマー（先） vs 爆弾魔（後・拡張）: 通常側勝利 Turn 9 HP 先4 / 後-1
[781/900] 爆弾魔（先・拡張） vs 真綿（後）: 拡張側勝利 Turn 11 HP 先14 / 後-1
[782/900] 爆弾魔（先） vs 真綿（後・拡張）: 通常側勝利 Turn 9 HP 先16 / 後0
[783/900] 爆弾魔（先・拡張） vs 真綿（後）: 通常側勝利 Turn 14 HP 先-1 / 後3
[784/900] 爆弾魔（先） vs 真綿（後・拡張）: 拡張側勝利 Turn 12 HP 先0 / 後4
[785/900] 爆弾魔（先・拡張） vs 真綿（後）: 拡張側勝利 Turn 11 HP 先8 / 後0
[786/900] 爆弾魔（先） vs 真綿（後・拡張）: 通常側勝利 Turn 9 HP 先20 / 後0
[787/900] 爆弾魔（先・拡張） vs 真綿（後）: 通常側勝利 Turn 12 HP 先-1 / 後8
[788/900] 爆弾魔（先） vs 真綿（後・拡張）: 通常側勝利 Turn 11 HP 先13 / 後0
[789/900] 爆弾魔（先・拡張） vs 真綿（後）: 拡張側勝利 Turn 11 HP 先12 / 後0
[790/900] 爆弾魔（先） vs 真綿（後・拡張）: 通常側勝利 Turn 11 HP 先4 / 後0
[791/900] 爆弾魔（先・拡張） vs 真綿（後）: 拡張側勝利 Turn 13 HP 先12 / 後-1
[792/900] 爆弾魔（先） vs 真綿（後・拡張）: 拡張側勝利 Turn 12 HP 先-1 / 後11
[793/900] 爆弾魔（先・拡張） vs 真綿（後）: 通常側勝利 Turn 14 HP 先-2 / 後7
[794/900] 爆弾魔（先） vs 真綿（後・拡張）: 拡張側勝利 Turn 10 HP 先0 / 後2
[795/900] 爆弾魔（先・拡張） vs 真綿（後）: 拡張側勝利 Turn 13 HP 先13 / 後0
[796/900] 爆弾魔（先） vs 真綿（後・拡張）: 通常側勝利 Turn 11 HP 先6 / 後0
[797/900] 爆弾魔（先・拡張） vs 真綿（後）: 拡張側勝利 Turn 9 HP 先11 / 後0
[798/900] 爆弾魔（先） vs 真綿（後・拡張）: 拡張側勝利 Turn 12 HP 先-5 / 後3
[799/900] 爆弾魔（先・拡張） vs 真綿（後）: 通常側勝利 Turn 10 HP 先0 / 後3
[800/900] 爆弾魔（先） vs 真綿（後・拡張）: 拡張側勝利 Turn 14 HP 先-1 / 後2
[801/900] 爆弾魔（先・拡張） vs 真綿（後）: 拡張側勝利 Turn 9 HP 先11 / 後0
[802/900] 爆弾魔（先） vs 真綿（後・拡張）: 拡張側勝利 Turn 14 HP 先-18 / 後2
[803/900] 爆弾魔（先・拡張） vs 真綿（後）: 通常側勝利 Turn 12 HP 先-1 / 後9
[804/900] 爆弾魔（先） vs 真綿（後・拡張）: 拡張側勝利 Turn 16 HP 先-1 / 後12
[805/900] 爆弾魔（先・拡張） vs 真綿（後）: 通常側勝利 Turn 10 HP 先0 / 後12
[806/900] 爆弾魔（先） vs 真綿（後・拡張）: 通常側勝利 Turn 9 HP 先14 / 後0
[807/900] 爆弾魔（先・拡張） vs 真綿（後）: 通常側勝利 Turn 12 HP 先-1 / 後5
[808/900] 爆弾魔（先） vs 真綿（後・拡張）: 通常側勝利 Turn 15 HP 先7 / 後-1
[809/900] 爆弾魔（先・拡張） vs 真綿（後）: 拡張側勝利 Turn 11 HP 先9 / 後-3
[810/900] 爆弾魔（先） vs 真綿（後・拡張）: 通常側勝利 Turn 9 HP 先15 / 後-1
[811/900] 真綿（先・拡張） vs 爆弾魔（後）: 通常側勝利 Turn 8 HP 先0 / 後13
[812/900] 真綿（先） vs 爆弾魔（後・拡張）: 拡張側勝利 Turn 10 HP 先0 / 後10
[813/900] 真綿（先・拡張） vs 爆弾魔（後）: 通常側勝利 Turn 8 HP 先0 / 後10
[814/900] 真綿（先） vs 爆弾魔（後・拡張）: 通常側勝利 Turn 9 HP 先6 / 後0
[815/900] 真綿（先・拡張） vs 爆弾魔（後）: 通常側勝利 Turn 16 HP 先-1 / 後6
[816/900] 真綿（先） vs 爆弾魔（後・拡張）: 拡張側勝利 Turn 10 HP 先0 / 後15
[817/900] 真綿（先・拡張） vs 爆弾魔（後）: 通常側勝利 Turn 14 HP 先0 / 後3
[818/900] 真綿（先） vs 爆弾魔（後・拡張）: 拡張側勝利 Turn 8 HP 先-1 / 後14
[819/900] 真綿（先・拡張） vs 爆弾魔（後）: 通常側勝利 Turn 10 HP 先-1 / 後9
[820/900] 真綿（先） vs 爆弾魔（後・拡張）: 拡張側勝利 Turn 12 HP 先-1 / 後6
[821/900] 真綿（先・拡張） vs 爆弾魔（後）: 拡張側勝利 Turn 9 HP 先13 / 後-1
[822/900] 真綿（先） vs 爆弾魔（後・拡張）: 通常側勝利 Turn 9 HP 先7 / 後0
[823/900] 真綿（先・拡張） vs 爆弾魔（後）: 通常側勝利 Turn 6 HP 先0 / 後11
[824/900] 真綿（先） vs 爆弾魔（後・拡張）: 通常側勝利 Turn 13 HP 先10 / 後-2
[825/900] 真綿（先・拡張） vs 爆弾魔（後）: 通常側勝利 Turn 10 HP 先0 / 後11
[826/900] 真綿（先） vs 爆弾魔（後・拡張）: 拡張側勝利 Turn 12 HP 先0 / 後15
[827/900] 真綿（先・拡張） vs 爆弾魔（後）: 通常側勝利 Turn 10 HP 先0 / 後10
[828/900] 真綿（先） vs 爆弾魔（後・拡張）: 拡張側勝利 Turn 12 HP 先-2 / 後13
[829/900] 真綿（先・拡張） vs 爆弾魔（後）: 通常側勝利 Turn 12 HP 先0 / 後13
[830/900] 真綿（先） vs 爆弾魔（後・拡張）: 通常側勝利 Turn 9 HP 先8 / 後0
[831/900] 真綿（先・拡張） vs 爆弾魔（後）: 拡張側勝利 Turn 13 HP 先13 / 後0
[832/900] 真綿（先） vs 爆弾魔（後・拡張）: 通常側勝利 Turn 11 HP 先6 / 後-1
[833/900] 真綿（先・拡張） vs 爆弾魔（後）: 通常側勝利 Turn 16 HP 先0 / 後9
[834/900] 真綿（先） vs 爆弾魔（後・拡張）: 通常側勝利 Turn 13 HP 先12 / 後-1
[835/900] 真綿（先・拡張） vs 爆弾魔（後）: 通常側勝利 Turn 14 HP 先-6 / 後17
[836/900] 真綿（先） vs 爆弾魔（後・拡張）: 通常側勝利 Turn 9 HP 先10 / 後0
[837/900] 真綿（先・拡張） vs 爆弾魔（後）: 通常側勝利 Turn 8 HP 先-1 / 後7
[838/900] 真綿（先） vs 爆弾魔（後・拡張）: 拡張側勝利 Turn 12 HP 先-5 / 後16
[839/900] 真綿（先・拡張） vs 爆弾魔（後）: 通常側勝利 Turn 10 HP 先0 / 後13
[840/900] 真綿（先） vs 爆弾魔（後・拡張）: 通常側勝利 Turn 9 HP 先9 / 後-2
[841/900] メガトンハンマー（先・拡張） vs 真綿（後）: 拡張側勝利 Turn 9 HP 先4 / 後0
[842/900] メガトンハンマー（先） vs 真綿（後・拡張）: 拡張側勝利 Turn 14 HP 先0 / 後3
[843/900] メガトンハンマー（先・拡張） vs 真綿（後）: 通常側勝利 Turn 14 HP 先-1 / 後10
[844/900] メガトンハンマー（先） vs 真綿（後・拡張）: 通常側勝利 Turn 9 HP 先14 / 後0
[845/900] メガトンハンマー（先・拡張） vs 真綿（後）: 拡張側勝利 Turn 11 HP 先6 / 後-1
[846/900] メガトンハンマー（先） vs 真綿（後・拡張）: 通常側勝利 Turn 11 HP 先15 / 後-1
[847/900] メガトンハンマー（先・拡張） vs 真綿（後）: 通常側勝利 Turn 20 HP 先0 / 後13
[848/900] メガトンハンマー（先） vs 真綿（後・拡張）: 拡張側勝利 Turn 12 HP 先0 / 後2
[849/900] メガトンハンマー（先・拡張） vs 真綿（後）: 拡張側勝利 Turn 13 HP 先8 / 後-1
[850/900] メガトンハンマー（先） vs 真綿（後・拡張）: 通常側勝利 Turn 15 HP 先10 / 後-6
[851/900] メガトンハンマー（先・拡張） vs 真綿（後）: 拡張側勝利 Turn 11 HP 先10 / 後0
[852/900] メガトンハンマー（先） vs 真綿（後・拡張）: 通常側勝利 Turn 9 HP 先4 / 後0
[853/900] メガトンハンマー（先・拡張） vs 真綿（後）: 拡張側勝利 Turn 13 HP 先6 / 後0
[854/900] メガトンハンマー（先） vs 真綿（後・拡張）: 拡張側勝利 Turn 14 HP 先-1 / 後5
[855/900] メガトンハンマー（先・拡張） vs 真綿（後）: 拡張側勝利 Turn 13 HP 先12 / 後-1
[856/900] メガトンハンマー（先） vs 真綿（後・拡張）: 通常側勝利 Turn 11 HP 先7 / 後0
[857/900] メガトンハンマー（先・拡張） vs 真綿（後）: 拡張側勝利 Turn 15 HP 先11 / 後-1
[858/900] メガトンハンマー（先） vs 真綿（後・拡張）: 拡張側勝利 Turn 10 HP 先-1 / 後2
[859/900] メガトンハンマー（先・拡張） vs 真綿（後）: 拡張側勝利 Turn 13 HP 先4 / 後0
[860/900] メガトンハンマー（先） vs 真綿（後・拡張）: 通常側勝利 Turn 11 HP 先2 / 後-3
[861/900] メガトンハンマー（先・拡張） vs 真綿（後）: 通常側勝利 Turn 14 HP 先0 / 後4
[862/900] メガトンハンマー（先） vs 真綿（後・拡張）: 拡張側勝利 Turn 16 HP 先-3 / 後16
[863/900] メガトンハンマー（先・拡張） vs 真綿（後）: 拡張側勝利 Turn 11 HP 先7 / 後0
[864/900] メガトンハンマー（先） vs 真綿（後・拡張）: 拡張側勝利 Turn 10 HP 先-1 / 後10
[865/900] メガトンハンマー（先・拡張） vs 真綿（後）: 通常側勝利 Turn 14 HP 先0 / 後3
[866/900] メガトンハンマー（先） vs 真綿（後・拡張）: 拡張側勝利 Turn 12 HP 先0 / 後8
[867/900] メガトンハンマー（先・拡張） vs 真綿（後）: 通常側勝利 Turn 14 HP 先0 / 後12
[868/900] メガトンハンマー（先） vs 真綿（後・拡張）: 通常側勝利 Turn 11 HP 先4 / 後-2
[869/900] メガトンハンマー（先・拡張） vs 真綿（後）: 拡張側勝利 Turn 15 HP 先5 / 後-1
[870/900] メガトンハンマー（先） vs 真綿（後・拡張）: 拡張側勝利 Turn 8 HP 先0 / 後10
[871/900] 真綿（先・拡張） vs メガトンハンマー（後）: 拡張側勝利 Turn 13 HP 先15 / 後-3
[872/900] 真綿（先） vs メガトンハンマー（後・拡張）: 通常側勝利 Turn 11 HP 先12 / 後0
[873/900] 真綿（先・拡張） vs メガトンハンマー（後）: 通常側勝利 Turn 14 HP 先-3 / 後13
[874/900] 真綿（先） vs メガトンハンマー（後・拡張）: 拡張側勝利 Turn 20 HP 先-6 / 後6
[875/900] 真綿（先・拡張） vs メガトンハンマー（後）: 通常側勝利 Turn 12 HP 先-2 / 後9
[876/900] 真綿（先） vs メガトンハンマー（後・拡張）: 拡張側勝利 Turn 12 HP 先-4 / 後13
[877/900] 真綿（先・拡張） vs メガトンハンマー（後）: 拡張側勝利 Turn 11 HP 先9 / 後-1
[878/900] 真綿（先） vs メガトンハンマー（後・拡張）: 拡張側勝利 Turn 12 HP 先-3 / 後6
[879/900] 真綿（先・拡張） vs メガトンハンマー（後）: 通常側勝利 Turn 12 HP 先0 / 後13
[880/900] 真綿（先） vs メガトンハンマー（後・拡張）: 拡張側勝利 Turn 10 HP 先0 / 後9
[881/900] 真綿（先・拡張） vs メガトンハンマー（後）: 通常側勝利 Turn 12 HP 先0 / 後7
[882/900] 真綿（先） vs メガトンハンマー（後・拡張）: 拡張側勝利 Turn 10 HP 先0 / 後11
[883/900] 真綿（先・拡張） vs メガトンハンマー（後）: 拡張側勝利 Turn 11 HP 先10 / 後0
[884/900] 真綿（先） vs メガトンハンマー（後・拡張）: 拡張側勝利 Turn 12 HP 先-1 / 後6
[885/900] 真綿（先・拡張） vs メガトンハンマー（後）: 拡張側勝利 Turn 19 HP 先3 / 後-6
[886/900] 真綿（先） vs メガトンハンマー（後・拡張）: 通常側勝利 Turn 11 HP 先2 / 後0
[887/900] 真綿（先・拡張） vs メガトンハンマー（後）: 拡張側勝利 Turn 11 HP 先7 / 後-1
[888/900] 真綿（先） vs メガトンハンマー（後・拡張）: 拡張側勝利 Turn 10 HP 先0 / 後14
[889/900] 真綿（先・拡張） vs メガトンハンマー（後）: 拡張側勝利 Turn 11 HP 先14 / 後0
[890/900] 真綿（先） vs メガトンハンマー（後・拡張）: 拡張側勝利 Turn 12 HP 先-11 / 後13
[891/900] 真綿（先・拡張） vs メガトンハンマー（後）: 拡張側勝利 Turn 15 HP 先18 / 後-4
[892/900] 真綿（先） vs メガトンハンマー（後・拡張）: 拡張側勝利 Turn 12 HP 先0 / 後15
[893/900] 真綿（先・拡張） vs メガトンハンマー（後）: 拡張側勝利 Turn 13 HP 先4 / 後-2
[894/900] 真綿（先） vs メガトンハンマー（後・拡張）: 拡張側勝利 Turn 8 HP 先-1 / 後13
[895/900] 真綿（先・拡張） vs メガトンハンマー（後）: 拡張側勝利 Turn 11 HP 先9 / 後-1
[896/900] 真綿（先） vs メガトンハンマー（後・拡張）: 拡張側勝利 Turn 10 HP 先-1 / 後11
[897/900] 真綿（先・拡張） vs メガトンハンマー（後）: 拡張側勝利 Turn 9 HP 先4 / 後0
[898/900] 真綿（先） vs メガトンハンマー（後・拡張）: 拡張側勝利 Turn 18 HP 先-5 / 後6
[899/900] 真綿（先・拡張） vs メガトンハンマー（後）: 通常側勝利 Turn 12 HP 先0 / 後11
[900/900] 真綿（先） vs メガトンハンマー（後・拡張）: 通常側勝利 Turn 9 HP 先5 / 後-1

拡張カード追加側集計
全体: 482勝 418敗 0未決着 / 勝率 53.6%
ブンブンぶん殴り: 81勝 69敗 0未決着 / 勝率 54.0% （先 43/75、後 38/75）
じゃぶじゃぶマネー: 87勝 63敗 0未決着 / 勝率 58.0% （先 46/75、後 41/75）
急襲レールウェイ: 75勝 75敗 0未決着 / 勝率 50.0% （先 38/75、後 37/75）
爆弾魔: 87勝 63敗 0未決着 / 勝率 58.0% （先 43/75、後 44/75）
メガトンハンマー: 82勝 68敗 0未決着 / 勝率 54.7% （先 41/75、後 41/75）
真綿: 70勝 80敗 0未決着 / 勝率 46.7% （先 34/75、後 36/75）

同一条件ペア比較
拡張側が両方勝利 117組 / 通常側が両方勝利 85組 / 勝敗分割 248組 / 未決着を含む 0組
