
> nusa@0.0.0 ai:tournament
> node --import tsx scripts/ai-tournament.ts *** 2

AI拡張カード評価戦
捨て駒（b1f4c373-fc40-49c8-98a8-6811d15e0067）を片方のデッキへ2枚追加
450条件 × 拡張側2通り = 900戦
固定シード: 20260816 / 未決着判定: 200ターン超過
このモードでは直接対戦勝率JSONを更新しません。

[001/900] ブンブンぶん殴り（先・拡張） vs じゃぶじゃぶマネー（後）: 通常側勝利 Turn 16 HP 先-1 / 後9
[002/900] ブンブンぶん殴り（先） vs じゃぶじゃぶマネー（後・拡張）: 拡張側勝利 Turn 10 HP 先0 / 後10
[003/900] ブンブンぶん殴り（先・拡張） vs じゃぶじゃぶマネー（後）: 通常側勝利 Turn 12 HP 先-2 / 後6
[004/900] ブンブンぶん殴り（先） vs じゃぶじゃぶマネー（後・拡張）: 拡張側勝利 Turn 12 HP 先-2 / 後1
[005/900] ブンブンぶん殴り（先・拡張） vs じゃぶじゃぶマネー（後）: 通常側勝利 Turn 14 HP 先-1 / 後12
[006/900] ブンブンぶん殴り（先） vs じゃぶじゃぶマネー（後・拡張）: 拡張側勝利 Turn 10 HP 先0 / 後6
[007/900] ブンブンぶん殴り（先・拡張） vs じゃぶじゃぶマネー（後）: 拡張側勝利 Turn 9 HP 先4 / 後0
[008/900] ブンブンぶん殴り（先） vs じゃぶじゃぶマネー（後・拡張）: 通常側勝利 Turn 9 HP 先9 / 後0
[009/900] ブンブンぶん殴り（先・拡張） vs じゃぶじゃぶマネー（後）: 通常側勝利 Turn 10 HP 先0 / 後5
[010/900] ブンブンぶん殴り（先） vs じゃぶじゃぶマネー（後・拡張）: 拡張側勝利 Turn 10 HP 先0 / 後9
[011/900] ブンブンぶん殴り（先・拡張） vs じゃぶじゃぶマネー（後）: 拡張側勝利 Turn 17 HP 先3 / 後-2
[012/900] ブンブンぶん殴り（先） vs じゃぶじゃぶマネー（後・拡張）: 通常側勝利 Turn 11 HP 先5 / 後0
[013/900] ブンブンぶん殴り（先・拡張） vs じゃぶじゃぶマネー（後）: 拡張側勝利 Turn 11 HP 先10 / 後-2
[014/900] ブンブンぶん殴り（先） vs じゃぶじゃぶマネー（後・拡張）: 通常側勝利 Turn 9 HP 先11 / 後0
[015/900] ブンブンぶん殴り（先・拡張） vs じゃぶじゃぶマネー（後）: 通常側勝利 Turn 12 HP 先0 / 後8
[016/900] ブンブンぶん殴り（先） vs じゃぶじゃぶマネー（後・拡張）: 拡張側勝利 Turn 10 HP 先0 / 後4
[017/900] ブンブンぶん殴り（先・拡張） vs じゃぶじゃぶマネー（後）: 拡張側勝利 Turn 9 HP 先8 / 後0
[018/900] ブンブンぶん殴り（先） vs じゃぶじゃぶマネー（後・拡張）: 通常側勝利 Turn 9 HP 先7 / 後-1
[019/900] ブンブンぶん殴り（先・拡張） vs じゃぶじゃぶマネー（後）: 拡張側勝利 Turn 9 HP 先9 / 後-4
[020/900] ブンブンぶん殴り（先） vs じゃぶじゃぶマネー（後・拡張）: 拡張側勝利 Turn 12 HP 先-6 / 後1
[021/900] ブンブンぶん殴り（先・拡張） vs じゃぶじゃぶマネー（後）: 通常側勝利 Turn 12 HP 先-2 / 後4
[022/900] ブンブンぶん殴り（先） vs じゃぶじゃぶマネー（後・拡張）: 拡張側勝利 Turn 14 HP 先-1 / 後13
[023/900] ブンブンぶん殴り（先・拡張） vs じゃぶじゃぶマネー（後）: 拡張側勝利 Turn 13 HP 先3 / 後-2
[024/900] ブンブンぶん殴り（先） vs じゃぶじゃぶマネー（後・拡張）: 拡張側勝利 Turn 10 HP 先0 / 後7
[025/900] ブンブンぶん殴り（先・拡張） vs じゃぶじゃぶマネー（後）: 拡張側勝利 Turn 9 HP 先9 / 後-1
[026/900] ブンブンぶん殴り（先） vs じゃぶじゃぶマネー（後・拡張）: 拡張側勝利 Turn 12 HP 先-1 / 後5
[027/900] ブンブンぶん殴り（先・拡張） vs じゃぶじゃぶマネー（後）: 通常側勝利 Turn 8 HP 先-1 / 後7
[028/900] ブンブンぶん殴り（先） vs じゃぶじゃぶマネー（後・拡張）: 拡張側勝利 Turn 16 HP 先-1 / 後11
[029/900] ブンブンぶん殴り（先・拡張） vs じゃぶじゃぶマネー（後）: 通常側勝利 Turn 14 HP 先0 / 後1
[030/900] ブンブンぶん殴り（先） vs じゃぶじゃぶマネー（後・拡張）: 拡張側勝利 Turn 10 HP 先-3 / 後3
[031/900] じゃぶじゃぶマネー（先・拡張） vs ブンブンぶん殴り（後）: 拡張側勝利 Turn 9 HP 先11 / 後-1
[032/900] じゃぶじゃぶマネー（先） vs ブンブンぶん殴り（後・拡張）: 通常側勝利 Turn 15 HP 先12 / 後-5
[033/900] じゃぶじゃぶマネー（先・拡張） vs ブンブンぶん殴り（後）: 拡張側勝利 Turn 13 HP 先1 / 後-2
[034/900] じゃぶじゃぶマネー（先） vs ブンブンぶん殴り（後・拡張）: 拡張側勝利 Turn 10 HP 先-2 / 後7
[035/900] じゃぶじゃぶマネー（先・拡張） vs ブンブンぶん殴り（後）: 拡張側勝利 Turn 11 HP 先6 / 後0
[036/900] じゃぶじゃぶマネー（先） vs ブンブンぶん殴り（後・拡張）: 通常側勝利 Turn 13 HP 先4 / 後0
[037/900] じゃぶじゃぶマネー（先・拡張） vs ブンブンぶん殴り（後）: 通常側勝利 Turn 10 HP 先0 / 後10
[038/900] じゃぶじゃぶマネー（先） vs ブンブンぶん殴り（後・拡張）: 拡張側勝利 Turn 16 HP 先-3 / 後14
[039/900] じゃぶじゃぶマネー（先・拡張） vs ブンブンぶん殴り（後）: 拡張側勝利 Turn 9 HP 先12 / 後0
[040/900] じゃぶじゃぶマネー（先） vs ブンブンぶん殴り（後・拡張）: 拡張側勝利 Turn 16 HP 先-7 / 後1
[041/900] じゃぶじゃぶマネー（先・拡張） vs ブンブンぶん殴り（後）: 通常側勝利 Turn 12 HP 先-1 / 後6
[042/900] じゃぶじゃぶマネー（先） vs ブンブンぶん殴り（後・拡張）: 拡張側勝利 Turn 8 HP 先-1 / 後13
[043/900] じゃぶじゃぶマネー（先・拡張） vs ブンブンぶん殴り（後）: 拡張側勝利 Turn 11 HP 先2 / 後-3
[044/900] じゃぶじゃぶマネー（先） vs ブンブンぶん殴り（後・拡張）: 通常側勝利 Turn 11 HP 先11 / 後-3
[045/900] じゃぶじゃぶマネー（先・拡張） vs ブンブンぶん殴り（後）: 拡張側勝利 Turn 13 HP 先2 / 後-1
[046/900] じゃぶじゃぶマネー（先） vs ブンブンぶん殴り（後・拡張）: 通常側勝利 Turn 15 HP 先1 / 後-1
[047/900] じゃぶじゃぶマネー（先・拡張） vs ブンブンぶん殴り（後）: 拡張側勝利 Turn 11 HP 先13 / 後-1
[048/900] じゃぶじゃぶマネー（先） vs ブンブンぶん殴り（後・拡張）: 通常側勝利 Turn 13 HP 先1 / 後0
[049/900] じゃぶじゃぶマネー（先・拡張） vs ブンブンぶん殴り（後）: 拡張側勝利 Turn 9 HP 先4 / 後-1
[050/900] じゃぶじゃぶマネー（先） vs ブンブンぶん殴り（後・拡張）: 拡張側勝利 Turn 8 HP 先-1 / 後15
[051/900] じゃぶじゃぶマネー（先・拡張） vs ブンブンぶん殴り（後）: 拡張側勝利 Turn 13 HP 先15 / 後-1
[052/900] じゃぶじゃぶマネー（先） vs ブンブンぶん殴り（後・拡張）: 拡張側勝利 Turn 12 HP 先0 / 後3
[053/900] じゃぶじゃぶマネー（先・拡張） vs ブンブンぶん殴り（後）: 拡張側勝利 Turn 9 HP 先10 / 後0
[054/900] じゃぶじゃぶマネー（先） vs ブンブンぶん殴り（後・拡張）: 通常側勝利 Turn 15 HP 先7 / 後-7
[055/900] じゃぶじゃぶマネー（先・拡張） vs ブンブンぶん殴り（後）: 拡張側勝利 Turn 13 HP 先18 / 後-1
[056/900] じゃぶじゃぶマネー（先） vs ブンブンぶん殴り（後・拡張）: 拡張側勝利 Turn 12 HP 先0 / 後5
[057/900] じゃぶじゃぶマネー（先・拡張） vs ブンブンぶん殴り（後）: 拡張側勝利 Turn 13 HP 先4 / 後0
[058/900] じゃぶじゃぶマネー（先） vs ブンブンぶん殴り（後・拡張）: 拡張側勝利 Turn 12 HP 先0 / 後4
[059/900] じゃぶじゃぶマネー（先・拡張） vs ブンブンぶん殴り（後）: 拡張側勝利 Turn 11 HP 先6 / 後0
[060/900] じゃぶじゃぶマネー（先） vs ブンブンぶん殴り（後・拡張）: 拡張側勝利 Turn 12 HP 先-2 / 後5
[061/900] ブンブンぶん殴り（先・拡張） vs 急襲レールウェイ（後）: 通常側勝利 Turn 8 HP 先-1 / 後13
[062/900] ブンブンぶん殴り（先） vs 急襲レールウェイ（後・拡張）: 通常側勝利 Turn 9 HP 先15 / 後-3
[063/900] ブンブンぶん殴り（先・拡張） vs 急襲レールウェイ（後）: 拡張側勝利 Turn 11 HP 先11 / 後-4
[064/900] ブンブンぶん殴り（先） vs 急襲レールウェイ（後・拡張）: 拡張側勝利 Turn 10 HP 先0 / 後6
[065/900] ブンブンぶん殴り（先・拡張） vs 急襲レールウェイ（後）: 拡張側勝利 Turn 9 HP 先3 / 後-1
[066/900] ブンブンぶん殴り（先） vs 急襲レールウェイ（後・拡張）: 拡張側勝利 Turn 8 HP 先0 / 後13
[067/900] ブンブンぶん殴り（先・拡張） vs 急襲レールウェイ（後）: 通常側勝利 Turn 12 HP 先0 / 後8
[068/900] ブンブンぶん殴り（先） vs 急襲レールウェイ（後・拡張）: 拡張側勝利 Turn 18 HP 先-2 / 後5
[069/900] ブンブンぶん殴り（先・拡張） vs 急襲レールウェイ（後）: 拡張側勝利 Turn 11 HP 先3 / 後-4
[070/900] ブンブンぶん殴り（先） vs 急襲レールウェイ（後・拡張）: 拡張側勝利 Turn 14 HP 先0 / 後6
[071/900] ブンブンぶん殴り（先・拡張） vs 急襲レールウェイ（後）: 拡張側勝利 Turn 9 HP 先6 / 後-2
[072/900] ブンブンぶん殴り（先） vs 急襲レールウェイ（後・拡張）: 拡張側勝利 Turn 12 HP 先-1 / 後11
[073/900] ブンブンぶん殴り（先・拡張） vs 急襲レールウェイ（後）: 拡張側勝利 Turn 11 HP 先4 / 後0
[074/900] ブンブンぶん殴り（先） vs 急襲レールウェイ（後・拡張）: 通常側勝利 Turn 11 HP 先8 / 後-1
[075/900] ブンブンぶん殴り（先・拡張） vs 急襲レールウェイ（後）: 拡張側勝利 Turn 11 HP 先5 / 後-2
[076/900] ブンブンぶん殴り（先） vs 急襲レールウェイ（後・拡張）: 拡張側勝利 Turn 8 HP 先0 / 後7
[077/900] ブンブンぶん殴り（先・拡張） vs 急襲レールウェイ（後）: 拡張側勝利 Turn 11 HP 先6 / 後0
[078/900] ブンブンぶん殴り（先） vs 急襲レールウェイ（後・拡張）: 拡張側勝利 Turn 12 HP 先-2 / 後9
[079/900] ブンブンぶん殴り（先・拡張） vs 急襲レールウェイ（後）: 拡張側勝利 Turn 9 HP 先9 / 後-2
[080/900] ブンブンぶん殴り（先） vs 急襲レールウェイ（後・拡張）: 通常側勝利 Turn 9 HP 先11 / 後0
[081/900] ブンブンぶん殴り（先・拡張） vs 急襲レールウェイ（後）: 通常側勝利 Turn 8 HP 先0 / 後8
[082/900] ブンブンぶん殴り（先） vs 急襲レールウェイ（後・拡張）: 拡張側勝利 Turn 10 HP 先0 / 後8
[083/900] ブンブンぶん殴り（先・拡張） vs 急襲レールウェイ（後）: 通常側勝利 Turn 12 HP 先-1 / 後9
[084/900] ブンブンぶん殴り（先） vs 急襲レールウェイ（後・拡張）: 通常側勝利 Turn 9 HP 先13 / 後-2
[085/900] ブンブンぶん殴り（先・拡張） vs 急襲レールウェイ（後）: 拡張側勝利 Turn 7 HP 先15 / 後0
[086/900] ブンブンぶん殴り（先） vs 急襲レールウェイ（後・拡張）: 通常側勝利 Turn 9 HP 先1 / 後-1
[087/900] ブンブンぶん殴り（先・拡張） vs 急襲レールウェイ（後）: 拡張側勝利 Turn 9 HP 先7 / 後-2
[088/900] ブンブンぶん殴り（先） vs 急襲レールウェイ（後・拡張）: 拡張側勝利 Turn 20 HP 先0 / 後10
[089/900] ブンブンぶん殴り（先・拡張） vs 急襲レールウェイ（後）: 拡張側勝利 Turn 9 HP 先8 / 後0
[090/900] ブンブンぶん殴り（先） vs 急襲レールウェイ（後・拡張）: 拡張側勝利 Turn 10 HP 先0 / 後6
[091/900] 急襲レールウェイ（先・拡張） vs ブンブンぶん殴り（後）: 通常側勝利 Turn 12 HP 先0 / 後11
[092/900] 急襲レールウェイ（先） vs ブンブンぶん殴り（後・拡張）: 通常側勝利 Turn 9 HP 先6 / 後0
[093/900] 急襲レールウェイ（先・拡張） vs ブンブンぶん殴り（後）: 拡張側勝利 Turn 9 HP 先8 / 後0
[094/900] 急襲レールウェイ（先） vs ブンブンぶん殴り（後・拡張）: 拡張側勝利 Turn 12 HP 先-2 / 後9
[095/900] 急襲レールウェイ（先・拡張） vs ブンブンぶん殴り（後）: 拡張側勝利 Turn 9 HP 先9 / 後-1
[096/900] 急襲レールウェイ（先） vs ブンブンぶん殴り（後・拡張）: 拡張側勝利 Turn 12 HP 先-3 / 後8
[097/900] 急襲レールウェイ（先・拡張） vs ブンブンぶん殴り（後）: 通常側勝利 Turn 12 HP 先-2 / 後13
[098/900] 急襲レールウェイ（先） vs ブンブンぶん殴り（後・拡張）: 拡張側勝利 Turn 10 HP 先-2 / 後8
[099/900] 急襲レールウェイ（先・拡張） vs ブンブンぶん殴り（後）: 拡張側勝利 Turn 15 HP 先2 / 後0
[100/900] 急襲レールウェイ（先） vs ブンブンぶん殴り（後・拡張）: 拡張側勝利 Turn 8 HP 先-1 / 後11
[101/900] 急襲レールウェイ（先・拡張） vs ブンブンぶん殴り（後）: 通常側勝利 Turn 12 HP 先-5 / 後1
[102/900] 急襲レールウェイ（先） vs ブンブンぶん殴り（後・拡張）: 通常側勝利 Turn 9 HP 先10 / 後-1
[103/900] 急襲レールウェイ（先・拡張） vs ブンブンぶん殴り（後）: 拡張側勝利 Turn 9 HP 先7 / 後-1
[104/900] 急襲レールウェイ（先） vs ブンブンぶん殴り（後・拡張）: 拡張側勝利 Turn 8 HP 先0 / 後8
[105/900] 急襲レールウェイ（先・拡張） vs ブンブンぶん殴り（後）: 通常側勝利 Turn 8 HP 先0 / 後9
[106/900] 急襲レールウェイ（先） vs ブンブンぶん殴り（後・拡張）: 拡張側勝利 Turn 10 HP 先-2 / 後11
[107/900] 急襲レールウェイ（先・拡張） vs ブンブンぶん殴り（後）: 拡張側勝利 Turn 9 HP 先4 / 後0
[108/900] 急襲レールウェイ（先） vs ブンブンぶん殴り（後・拡張）: 拡張側勝利 Turn 12 HP 先-1 / 後8
[109/900] 急襲レールウェイ（先・拡張） vs ブンブンぶん殴り（後）: 通常側勝利 Turn 10 HP 先-1 / 後10
[110/900] 急襲レールウェイ（先） vs ブンブンぶん殴り（後・拡張）: 拡張側勝利 Turn 12 HP 先-1 / 後8
[111/900] 急襲レールウェイ（先・拡張） vs ブンブンぶん殴り（後）: 通常側勝利 Turn 10 HP 先-4 / 後1
[112/900] 急襲レールウェイ（先） vs ブンブンぶん殴り（後・拡張）: 拡張側勝利 Turn 12 HP 先-4 / 後9
[113/900] 急襲レールウェイ（先・拡張） vs ブンブンぶん殴り（後）: 通常側勝利 Turn 8 HP 先-1 / 後10
[114/900] 急襲レールウェイ（先） vs ブンブンぶん殴り（後・拡張）: 通常側勝利 Turn 9 HP 先7 / 後0
[115/900] 急襲レールウェイ（先・拡張） vs ブンブンぶん殴り（後）: 拡張側勝利 Turn 9 HP 先6 / 後0
[116/900] 急襲レールウェイ（先） vs ブンブンぶん殴り（後・拡張）: 拡張側勝利 Turn 10 HP 先0 / 後13
[117/900] 急襲レールウェイ（先・拡張） vs ブンブンぶん殴り（後）: 通常側勝利 Turn 14 HP 先0 / 後3
[118/900] 急襲レールウェイ（先） vs ブンブンぶん殴り（後・拡張）: 拡張側勝利 Turn 12 HP 先-1 / 後4
[119/900] 急襲レールウェイ（先・拡張） vs ブンブンぶん殴り（後）: 拡張側勝利 Turn 9 HP 先10 / 後-7
[120/900] 急襲レールウェイ（先） vs ブンブンぶん殴り（後・拡張）: 通常側勝利 Turn 9 HP 先5 / 後0
[121/900] ブンブンぶん殴り（先・拡張） vs 爆弾魔（後）: 拡張側勝利 Turn 9 HP 先5 / 後-1
[122/900] ブンブンぶん殴り（先） vs 爆弾魔（後・拡張）: 通常側勝利 Turn 9 HP 先4 / 後0
[123/900] ブンブンぶん殴り（先・拡張） vs 爆弾魔（後）: 通常側勝利 Turn 10 HP 先-1 / 後4
[124/900] ブンブンぶん殴り（先） vs 爆弾魔（後・拡張）: 拡張側勝利 Turn 8 HP 先-1 / 後7
[125/900] ブンブンぶん殴り（先・拡張） vs 爆弾魔（後）: 拡張側勝利 Turn 9 HP 先12 / 後0
[126/900] ブンブンぶん殴り（先） vs 爆弾魔（後・拡張）: 通常側勝利 Turn 9 HP 先1 / 後-1
[127/900] ブンブンぶん殴り（先・拡張） vs 爆弾魔（後）: 拡張側勝利 Turn 9 HP 先7 / 後-2
[128/900] ブンブンぶん殴り（先） vs 爆弾魔（後・拡張）: 通常側勝利 Turn 9 HP 先11 / 後-5
[129/900] ブンブンぶん殴り（先・拡張） vs 爆弾魔（後）: 拡張側勝利 Turn 9 HP 先12 / 後0
[130/900] ブンブンぶん殴り（先） vs 爆弾魔（後・拡張）: 通常側勝利 Turn 9 HP 先4 / 後-1
[131/900] ブンブンぶん殴り（先・拡張） vs 爆弾魔（後）: 拡張側勝利 Turn 9 HP 先4 / 後-2
[132/900] ブンブンぶん殴り（先） vs 爆弾魔（後・拡張）: 拡張側勝利 Turn 8 HP 先0 / 後6
[133/900] ブンブンぶん殴り（先・拡張） vs 爆弾魔（後）: 通常側勝利 Turn 8 HP 先0 / 後17
[134/900] ブンブンぶん殴り（先） vs 爆弾魔（後・拡張）: 通常側勝利 Turn 9 HP 先9 / 後-2
[135/900] ブンブンぶん殴り（先・拡張） vs 爆弾魔（後）: 拡張側勝利 Turn 11 HP 先8 / 後-1
[136/900] ブンブンぶん殴り（先） vs 爆弾魔（後・拡張）: 通常側勝利 Turn 7 HP 先11 / 後-1
[137/900] ブンブンぶん殴り（先・拡張） vs 爆弾魔（後）: 通常側勝利 Turn 8 HP 先-1 / 後4
[138/900] ブンブンぶん殴り（先） vs 爆弾魔（後・拡張）: 通常側勝利 Turn 9 HP 先5 / 後-1
[139/900] ブンブンぶん殴り（先・拡張） vs 爆弾魔（後）: 通常側勝利 Turn 8 HP 先-1 / 後11
[140/900] ブンブンぶん殴り（先） vs 爆弾魔（後・拡張）: 通常側勝利 Turn 9 HP 先6 / 後0
[141/900] ブンブンぶん殴り（先・拡張） vs 爆弾魔（後）: 通常側勝利 Turn 10 HP 先0 / 後5
[142/900] ブンブンぶん殴り（先） vs 爆弾魔（後・拡張）: 拡張側勝利 Turn 8 HP 先-2 / 後10
[143/900] ブンブンぶん殴り（先・拡張） vs 爆弾魔（後）: 拡張側勝利 Turn 9 HP 先13 / 後-3
[144/900] ブンブンぶん殴り（先） vs 爆弾魔（後・拡張）: 拡張側勝利 Turn 10 HP 先-1 / 後6
[145/900] ブンブンぶん殴り（先・拡張） vs 爆弾魔（後）: 拡張側勝利 Turn 9 HP 先6 / 後0
[146/900] ブンブンぶん殴り（先） vs 爆弾魔（後・拡張）: 通常側勝利 Turn 11 HP 先10 / 後0
[147/900] ブンブンぶん殴り（先・拡張） vs 爆弾魔（後）: 通常側勝利 Turn 8 HP 先0 / 後10
[148/900] ブンブンぶん殴り（先） vs 爆弾魔（後・拡張）: 拡張側勝利 Turn 8 HP 先0 / 後9
[149/900] ブンブンぶん殴り（先・拡張） vs 爆弾魔（後）: 拡張側勝利 Turn 9 HP 先6 / 後0
[150/900] ブンブンぶん殴り（先） vs 爆弾魔（後・拡張）: 通常側勝利 Turn 7 HP 先8 / 後-1
[151/900] 爆弾魔（先・拡張） vs ブンブンぶん殴り（後）: 通常側勝利 Turn 10 HP 先-5 / 後13
[152/900] 爆弾魔（先） vs ブンブンぶん殴り（後・拡張）: 拡張側勝利 Turn 10 HP 先-1 / 後9
[153/900] 爆弾魔（先・拡張） vs ブンブンぶん殴り（後）: 通常側勝利 Turn 8 HP 先-1 / 後8
[154/900] 爆弾魔（先） vs ブンブンぶん殴り（後・拡張）: 通常側勝利 Turn 11 HP 先1 / 後-3
[155/900] 爆弾魔（先・拡張） vs ブンブンぶん殴り（後）: 拡張側勝利 Turn 9 HP 先3 / 後0
[156/900] 爆弾魔（先） vs ブンブンぶん殴り（後・拡張）: 通常側勝利 Turn 9 HP 先1 / 後-1
[157/900] 爆弾魔（先・拡張） vs ブンブンぶん殴り（後）: 拡張側勝利 Turn 11 HP 先4 / 後-1
[158/900] 爆弾魔（先） vs ブンブンぶん殴り（後・拡張）: 通常側勝利 Turn 9 HP 先2 / 後-1
[159/900] 爆弾魔（先・拡張） vs ブンブンぶん殴り（後）: 拡張側勝利 Turn 9 HP 先7 / 後-1
[160/900] 爆弾魔（先） vs ブンブンぶん殴り（後・拡張）: 通常側勝利 Turn 7 HP 先8 / 後-1
[161/900] 爆弾魔（先・拡張） vs ブンブンぶん殴り（後）: 拡張側勝利 Turn 9 HP 先7 / 後-1
[162/900] 爆弾魔（先） vs ブンブンぶん殴り（後・拡張）: 通常側勝利 Turn 9 HP 先3 / 後-2
[163/900] 爆弾魔（先・拡張） vs ブンブンぶん殴り（後）: 拡張側勝利 Turn 9 HP 先9 / 後0
[164/900] 爆弾魔（先） vs ブンブンぶん殴り（後・拡張）: 通常側勝利 Turn 9 HP 先9 / 後0
[165/900] 爆弾魔（先・拡張） vs ブンブンぶん殴り（後）: 通常側勝利 Turn 10 HP 先-2 / 後5
[166/900] 爆弾魔（先） vs ブンブンぶん殴り（後・拡張）: 拡張側勝利 Turn 10 HP 先0 / 後5
[167/900] 爆弾魔（先・拡張） vs ブンブンぶん殴り（後）: 通常側勝利 Turn 8 HP 先-1 / 後5
[168/900] 爆弾魔（先） vs ブンブンぶん殴り（後・拡張）: 拡張側勝利 Turn 8 HP 先0 / 後6
[169/900] 爆弾魔（先・拡張） vs ブンブンぶん殴り（後）: 通常側勝利 Turn 10 HP 先0 / 後12
[170/900] 爆弾魔（先） vs ブンブンぶん殴り（後・拡張）: 拡張側勝利 Turn 10 HP 先-3 / 後1
[171/900] 爆弾魔（先・拡張） vs ブンブンぶん殴り（後）: 拡張側勝利 Turn 7 HP 先14 / 後-1
[172/900] 爆弾魔（先） vs ブンブンぶん殴り（後・拡張）: 拡張側勝利 Turn 10 HP 先0 / 後6
[173/900] 爆弾魔（先・拡張） vs ブンブンぶん殴り（後）: 通常側勝利 Turn 10 HP 先-1 / 後8
[174/900] 爆弾魔（先） vs ブンブンぶん殴り（後・拡張）: 拡張側勝利 Turn 10 HP 先0 / 後7
[175/900] 爆弾魔（先・拡張） vs ブンブンぶん殴り（後）: 通常側勝利 Turn 8 HP 先-1 / 後11
[176/900] 爆弾魔（先） vs ブンブンぶん殴り（後・拡張）: 拡張側勝利 Turn 10 HP 先0 / 後12
[177/900] 爆弾魔（先・拡張） vs ブンブンぶん殴り（後）: 拡張側勝利 Turn 11 HP 先1 / 後-1
[178/900] 爆弾魔（先） vs ブンブンぶん殴り（後・拡張）: 通常側勝利 Turn 9 HP 先8 / 後0
[179/900] 爆弾魔（先・拡張） vs ブンブンぶん殴り（後）: 拡張側勝利 Turn 7 HP 先9 / 後-2
[180/900] 爆弾魔（先） vs ブンブンぶん殴り（後・拡張）: 拡張側勝利 Turn 10 HP 先0 / 後9
[181/900] ブンブンぶん殴り（先・拡張） vs メガトンハンマー（後）: 通常側勝利 Turn 8 HP 先-2 / 後8
[182/900] ブンブンぶん殴り（先） vs メガトンハンマー（後・拡張）: 通常側勝利 Turn 11 HP 先7 / 後0
[183/900] ブンブンぶん殴り（先・拡張） vs メガトンハンマー（後）: 通常側勝利 Turn 10 HP 先-1 / 後1
[184/900] ブンブンぶん殴り（先） vs メガトンハンマー（後・拡張）: 通常側勝利 Turn 9 HP 先14 / 後-1
[185/900] ブンブンぶん殴り（先・拡張） vs メガトンハンマー（後）: 拡張側勝利 Turn 13 HP 先20 / 後-1
[186/900] ブンブンぶん殴り（先） vs メガトンハンマー（後・拡張）: 通常側勝利 Turn 9 HP 先12 / 後0
[187/900] ブンブンぶん殴り（先・拡張） vs メガトンハンマー（後）: 拡張側勝利 Turn 9 HP 先10 / 後0
[188/900] ブンブンぶん殴り（先） vs メガトンハンマー（後・拡張）: 通常側勝利 Turn 11 HP 先6 / 後-1
[189/900] ブンブンぶん殴り（先・拡張） vs メガトンハンマー（後）: 通常側勝利 Turn 12 HP 先-5 / 後3
[190/900] ブンブンぶん殴り（先） vs メガトンハンマー（後・拡張）: 通常側勝利 Turn 11 HP 先10 / 後0
[191/900] ブンブンぶん殴り（先・拡張） vs メガトンハンマー（後）: 通常側勝利 Turn 14 HP 先0 / 後9
[192/900] ブンブンぶん殴り（先） vs メガトンハンマー（後・拡張）: 拡張側勝利 Turn 10 HP 先0 / 後9
[193/900] ブンブンぶん殴り（先・拡張） vs メガトンハンマー（後）: 通常側勝利 Turn 8 HP 先0 / 後2
[194/900] ブンブンぶん殴り（先） vs メガトンハンマー（後・拡張）: 拡張側勝利 Turn 12 HP 先-2 / 後15
[195/900] ブンブンぶん殴り（先・拡張） vs メガトンハンマー（後）: 通常側勝利 Turn 8 HP 先-1 / 後13
[196/900] ブンブンぶん殴り（先） vs メガトンハンマー（後・拡張）: 拡張側勝利 Turn 12 HP 先-1 / 後10
[197/900] ブンブンぶん殴り（先・拡張） vs メガトンハンマー（後）: 拡張側勝利 Turn 9 HP 先6 / 後-3
[198/900] ブンブンぶん殴り（先） vs メガトンハンマー（後・拡張）: 拡張側勝利 Turn 8 HP 先0 / 後9
[199/900] ブンブンぶん殴り（先・拡張） vs メガトンハンマー（後）: 拡張側勝利 Turn 13 HP 先12 / 後-2
[200/900] ブンブンぶん殴り（先） vs メガトンハンマー（後・拡張）: 拡張側勝利 Turn 12 HP 先0 / 後2
[201/900] ブンブンぶん殴り（先・拡張） vs メガトンハンマー（後）: 拡張側勝利 Turn 9 HP 先11 / 後-1
[202/900] ブンブンぶん殴り（先） vs メガトンハンマー（後・拡張）: 拡張側勝利 Turn 10 HP 先0 / 後9
[203/900] ブンブンぶん殴り（先・拡張） vs メガトンハンマー（後）: 通常側勝利 Turn 12 HP 先-4 / 後1
[204/900] ブンブンぶん殴り（先） vs メガトンハンマー（後・拡張）: 通常側勝利 Turn 9 HP 先4 / 後-2
[205/900] ブンブンぶん殴り（先・拡張） vs メガトンハンマー（後）: 拡張側勝利 Turn 9 HP 先10 / 後0
[206/900] ブンブンぶん殴り（先） vs メガトンハンマー（後・拡張）: 拡張側勝利 Turn 10 HP 先0 / 後10
[207/900] ブンブンぶん殴り（先・拡張） vs メガトンハンマー（後）: 通常側勝利 Turn 14 HP 先0 / 後5
[208/900] ブンブンぶん殴り（先） vs メガトンハンマー（後・拡張）: 通常側勝利 Turn 9 HP 先14 / 後-1
[209/900] ブンブンぶん殴り（先・拡張） vs メガトンハンマー（後）: 拡張側勝利 Turn 11 HP 先2 / 後-1
[210/900] ブンブンぶん殴り（先） vs メガトンハンマー（後・拡張）: 拡張側勝利 Turn 10 HP 先-1 / 後12
[211/900] メガトンハンマー（先・拡張） vs ブンブンぶん殴り（後）: 拡張側勝利 Turn 11 HP 先7 / 後0
[212/900] メガトンハンマー（先） vs ブンブンぶん殴り（後・拡張）: 通常側勝利 Turn 9 HP 先6 / 後-6
[213/900] メガトンハンマー（先・拡張） vs ブンブンぶん殴り（後）: 通常側勝利 Turn 10 HP 先0 / 後9
[214/900] メガトンハンマー（先） vs ブンブンぶん殴り（後・拡張）: 通常側勝利 Turn 9 HP 先6 / 後0
[215/900] メガトンハンマー（先・拡張） vs ブンブンぶん殴り（後）: 拡張側勝利 Turn 11 HP 先5 / 後-4
[216/900] メガトンハンマー（先） vs ブンブンぶん殴り（後・拡張）: 拡張側勝利 Turn 8 HP 先0 / 後13
[217/900] メガトンハンマー（先・拡張） vs ブンブンぶん殴り（後）: 通常側勝利 Turn 14 HP 先-4 / 後4
[218/900] メガトンハンマー（先） vs ブンブンぶん殴り（後・拡張）: 拡張側勝利 Turn 10 HP 先-1 / 後8
[219/900] メガトンハンマー（先・拡張） vs ブンブンぶん殴り（後）: 拡張側勝利 Turn 9 HP 先2 / 後-1
[220/900] メガトンハンマー（先） vs ブンブンぶん殴り（後・拡張）: 通常側勝利 Turn 11 HP 先8 / 後-3
[221/900] メガトンハンマー（先・拡張） vs ブンブンぶん殴り（後）: 拡張側勝利 Turn 9 HP 先8 / 後-4
[222/900] メガトンハンマー（先） vs ブンブンぶん殴り（後・拡張）: 通常側勝利 Turn 11 HP 先6 / 後-2
[223/900] メガトンハンマー（先・拡張） vs ブンブンぶん殴り（後）: 拡張側勝利 Turn 11 HP 先10 / 後-1
[224/900] メガトンハンマー（先） vs ブンブンぶん殴り（後・拡張）: 通常側勝利 Turn 9 HP 先3 / 後-1
[225/900] メガトンハンマー（先・拡張） vs ブンブンぶん殴り（後）: 通常側勝利 Turn 10 HP 先0 / 後4
[226/900] メガトンハンマー（先） vs ブンブンぶん殴り（後・拡張）: 通常側勝利 Turn 11 HP 先8 / 後0
[227/900] メガトンハンマー（先・拡張） vs ブンブンぶん殴り（後）: 拡張側勝利 Turn 11 HP 先3 / 後-2
[228/900] メガトンハンマー（先） vs ブンブンぶん殴り（後・拡張）: 通常側勝利 Turn 11 HP 先7 / 後0
[229/900] メガトンハンマー（先・拡張） vs ブンブンぶん殴り（後）: 拡張側勝利 Turn 15 HP 先6 / 後-1
[230/900] メガトンハンマー（先） vs ブンブンぶん殴り（後・拡張）: 拡張側勝利 Turn 14 HP 先-2 / 後12
[231/900] メガトンハンマー（先・拡張） vs ブンブンぶん殴り（後）: 拡張側勝利 Turn 15 HP 先6 / 後0
[232/900] メガトンハンマー（先） vs ブンブンぶん殴り（後・拡張）: 通常側勝利 Turn 9 HP 先6 / 後-1
[233/900] メガトンハンマー（先・拡張） vs ブンブンぶん殴り（後）: 通常側勝利 Turn 10 HP 先-1 / 後1
[234/900] メガトンハンマー（先） vs ブンブンぶん殴り（後・拡張）: 拡張側勝利 Turn 10 HP 先0 / 後4
[235/900] メガトンハンマー（先・拡張） vs ブンブンぶん殴り（後）: 拡張側勝利 Turn 9 HP 先4 / 後-1
[236/900] メガトンハンマー（先） vs ブンブンぶん殴り（後・拡張）: 拡張側勝利 Turn 8 HP 先0 / 後17
[237/900] メガトンハンマー（先・拡張） vs ブンブンぶん殴り（後）: 通常側勝利 Turn 8 HP 先-2 / 後6
[238/900] メガトンハンマー（先） vs ブンブンぶん殴り（後・拡張）: 通常側勝利 Turn 11 HP 先3 / 後0
[239/900] メガトンハンマー（先・拡張） vs ブンブンぶん殴り（後）: 拡張側勝利 Turn 9 HP 先4 / 後0
[240/900] メガトンハンマー（先） vs ブンブンぶん殴り（後・拡張）: 拡張側勝利 Turn 12 HP 先-2 / 後11
[241/900] ブンブンぶん殴り（先・拡張） vs 真綿（後）: 通常側勝利 Turn 12 HP 先0 / 後1
[242/900] ブンブンぶん殴り（先） vs 真綿（後・拡張）: 通常側勝利 Turn 7 HP 先10 / 後-1
[243/900] ブンブンぶん殴り（先・拡張） vs 真綿（後）: 拡張側勝利 Turn 11 HP 先15 / 後-2
[244/900] ブンブンぶん殴り（先） vs 真綿（後・拡張）: 拡張側勝利 Turn 8 HP 先0 / 後7
[245/900] ブンブンぶん殴り（先・拡張） vs 真綿（後）: 通常側勝利 Turn 12 HP 先-3 / 後6
[246/900] ブンブンぶん殴り（先） vs 真綿（後・拡張）: 拡張側勝利 Turn 10 HP 先0 / 後9
[247/900] ブンブンぶん殴り（先・拡張） vs 真綿（後）: 拡張側勝利 Turn 11 HP 先4 / 後-1
[248/900] ブンブンぶん殴り（先） vs 真綿（後・拡張）: 通常側勝利 Turn 11 HP 先6 / 後0
[249/900] ブンブンぶん殴り（先・拡張） vs 真綿（後）: 拡張側勝利 Turn 9 HP 先6 / 後-1
[250/900] ブンブンぶん殴り（先） vs 真綿（後・拡張）: 拡張側勝利 Turn 14 HP 先-5 / 後8
[251/900] ブンブンぶん殴り（先・拡張） vs 真綿（後）: 拡張側勝利 Turn 9 HP 先13 / 後0
[252/900] ブンブンぶん殴り（先） vs 真綿（後・拡張）: 拡張側勝利 Turn 10 HP 先-1 / 後11
[253/900] ブンブンぶん殴り（先・拡張） vs 真綿（後）: 拡張側勝利 Turn 11 HP 先19 / 後0
[254/900] ブンブンぶん殴り（先） vs 真綿（後・拡張）: 拡張側勝利 Turn 10 HP 先0 / 後5
[255/900] ブンブンぶん殴り（先・拡張） vs 真綿（後）: 通常側勝利 Turn 10 HP 先0 / 後9
[256/900] ブンブンぶん殴り（先） vs 真綿（後・拡張）: 通常側勝利 Turn 11 HP 先9 / 後-2
[257/900] ブンブンぶん殴り（先・拡張） vs 真綿（後）: 拡張側勝利 Turn 9 HP 先12 / 後0
[258/900] ブンブンぶん殴り（先） vs 真綿（後・拡張）: 拡張側勝利 Turn 14 HP 先0 / 後9
[259/900] ブンブンぶん殴り（先・拡張） vs 真綿（後）: 拡張側勝利 Turn 13 HP 先12 / 後-1
[260/900] ブンブンぶん殴り（先） vs 真綿（後・拡張）: 通常側勝利 Turn 11 HP 先12 / 後-1
[261/900] ブンブンぶん殴り（先・拡張） vs 真綿（後）: 拡張側勝利 Turn 11 HP 先2 / 後-1
[262/900] ブンブンぶん殴り（先） vs 真綿（後・拡張）: 拡張側勝利 Turn 12 HP 先-9 / 後2
[263/900] ブンブンぶん殴り（先・拡張） vs 真綿（後）: 拡張側勝利 Turn 9 HP 先8 / 後-1
[264/900] ブンブンぶん殴り（先） vs 真綿（後・拡張）: 通常側勝利 Turn 11 HP 先1 / 後0
[265/900] ブンブンぶん殴り（先・拡張） vs 真綿（後）: 通常側勝利 Turn 10 HP 先0 / 後10
[266/900] ブンブンぶん殴り（先） vs 真綿（後・拡張）: 通常側勝利 Turn 11 HP 先11 / 後0
[267/900] ブンブンぶん殴り（先・拡張） vs 真綿（後）: 拡張側勝利 Turn 13 HP 先5 / 後-3
[268/900] ブンブンぶん殴り（先） vs 真綿（後・拡張）: 拡張側勝利 Turn 8 HP 先0 / 後11
[269/900] ブンブンぶん殴り（先・拡張） vs 真綿（後）: 拡張側勝利 Turn 15 HP 先3 / 後0
[270/900] ブンブンぶん殴り（先） vs 真綿（後・拡張）: 拡張側勝利 Turn 10 HP 先-5 / 後1
[271/900] 真綿（先・拡張） vs ブンブンぶん殴り（後）: 拡張側勝利 Turn 9 HP 先5 / 後-5
[272/900] 真綿（先） vs ブンブンぶん殴り（後・拡張）: 通常側勝利 Turn 11 HP 先7 / 後0
[273/900] 真綿（先・拡張） vs ブンブンぶん殴り（後）: 通常側勝利 Turn 10 HP 先-2 / 後7
[274/900] 真綿（先） vs ブンブンぶん殴り（後・拡張）: 拡張側勝利 Turn 8 HP 先-1 / 後19
[275/900] 真綿（先・拡張） vs ブンブンぶん殴り（後）: 拡張側勝利 Turn 13 HP 先4 / 後-3
[276/900] 真綿（先） vs ブンブンぶん殴り（後・拡張）: 拡張側勝利 Turn 14 HP 先0 / 後10
[277/900] 真綿（先・拡張） vs ブンブンぶん殴り（後）: 通常側勝利 Turn 12 HP 先-4 / 後11
[278/900] 真綿（先） vs ブンブンぶん殴り（後・拡張）: 拡張側勝利 Turn 10 HP 先-1 / 後13
[279/900] 真綿（先・拡張） vs ブンブンぶん殴り（後）: 拡張側勝利 Turn 13 HP 先7 / 後0
[280/900] 真綿（先） vs ブンブンぶん殴り（後・拡張）: 拡張側勝利 Turn 12 HP 先0 / 後14
[281/900] 真綿（先・拡張） vs ブンブンぶん殴り（後）: 通常側勝利 Turn 14 HP 先0 / 後5
[282/900] 真綿（先） vs ブンブンぶん殴り（後・拡張）: 通常側勝利 Turn 13 HP 先13 / 後-1
[283/900] 真綿（先・拡張） vs ブンブンぶん殴り（後）: 通常側勝利 Turn 10 HP 先-1 / 後11
[284/900] 真綿（先） vs ブンブンぶん殴り（後・拡張）: 拡張側勝利 Turn 8 HP 先-1 / 後10
[285/900] 真綿（先・拡張） vs ブンブンぶん殴り（後）: 通常側勝利 Turn 10 HP 先0 / 後8
[286/900] 真綿（先） vs ブンブンぶん殴り（後・拡張）: 拡張側勝利 Turn 10 HP 先-6 / 後4
[287/900] 真綿（先・拡張） vs ブンブンぶん殴り（後）: 通常側勝利 Turn 10 HP 先0 / 後13
[288/900] 真綿（先） vs ブンブンぶん殴り（後・拡張）: 拡張側勝利 Turn 18 HP 先-2 / 後3
[289/900] 真綿（先・拡張） vs ブンブンぶん殴り（後）: 拡張側勝利 Turn 11 HP 先1 / 後0
[290/900] 真綿（先） vs ブンブンぶん殴り（後・拡張）: 拡張側勝利 Turn 10 HP 先0 / 後9
[291/900] 真綿（先・拡張） vs ブンブンぶん殴り（後）: 拡張側勝利 Turn 11 HP 先10 / 後-1
[292/900] 真綿（先） vs ブンブンぶん殴り（後・拡張）: 拡張側勝利 Turn 14 HP 先-3 / 後12
[293/900] 真綿（先・拡張） vs ブンブンぶん殴り（後）: 拡張側勝利 Turn 13 HP 先12 / 後-1
[294/900] 真綿（先） vs ブンブンぶん殴り（後・拡張）: 拡張側勝利 Turn 8 HP 先0 / 後2
[295/900] 真綿（先・拡張） vs ブンブンぶん殴り（後）: 通常側勝利 Turn 10 HP 先0 / 後7
[296/900] 真綿（先） vs ブンブンぶん殴り（後・拡張）: 通常側勝利 Turn 9 HP 先7 / 後0
[297/900] 真綿（先・拡張） vs ブンブンぶん殴り（後）: 通常側勝利 Turn 14 HP 先0 / 後10
[298/900] 真綿（先） vs ブンブンぶん殴り（後・拡張）: 拡張側勝利 Turn 14 HP 先-4 / 後9
[299/900] 真綿（先・拡張） vs ブンブンぶん殴り（後）: 拡張側勝利 Turn 11 HP 先2 / 後0
[300/900] 真綿（先） vs ブンブンぶん殴り（後・拡張）: 通常側勝利 Turn 9 HP 先11 / 後-1
[301/900] じゃぶじゃぶマネー（先・拡張） vs 急襲レールウェイ（後）: 通常側勝利 Turn 14 HP 先0 / 後1
[302/900] じゃぶじゃぶマネー（先） vs 急襲レールウェイ（後・拡張）: 通常側勝利 Turn 13 HP 先5 / 後0
[303/900] じゃぶじゃぶマネー（先・拡張） vs 急襲レールウェイ（後）: 拡張側勝利 Turn 13 HP 先5 / 後-6
[304/900] じゃぶじゃぶマネー（先） vs 急襲レールウェイ（後・拡張）: 通常側勝利 Turn 15 HP 先13 / 後-2
[305/900] じゃぶじゃぶマネー（先・拡張） vs 急襲レールウェイ（後）: 拡張側勝利 Turn 9 HP 先1 / 後0
[306/900] じゃぶじゃぶマネー（先） vs 急襲レールウェイ（後・拡張）: 拡張側勝利 Turn 10 HP 先-1 / 後13
[307/900] じゃぶじゃぶマネー（先・拡張） vs 急襲レールウェイ（後）: 通常側勝利 Turn 8 HP 先0 / 後13
[308/900] じゃぶじゃぶマネー（先） vs 急襲レールウェイ（後・拡張）: 通常側勝利 Turn 13 HP 先1 / 後-1
[309/900] じゃぶじゃぶマネー（先・拡張） vs 急襲レールウェイ（後）: 拡張側勝利 Turn 11 HP 先7 / 後-2
[310/900] じゃぶじゃぶマネー（先） vs 急襲レールウェイ（後・拡張）: 通常側勝利 Turn 11 HP 先5 / 後-2
[311/900] じゃぶじゃぶマネー（先・拡張） vs 急襲レールウェイ（後）: 拡張側勝利 Turn 21 HP 先5 / 後-1
[312/900] じゃぶじゃぶマネー（先） vs 急襲レールウェイ（後・拡張）: 拡張側勝利 Turn 10 HP 先0 / 後2
[313/900] じゃぶじゃぶマネー（先・拡張） vs 急襲レールウェイ（後）: 通常側勝利 Turn 10 HP 先-1 / 後11
[314/900] じゃぶじゃぶマネー（先） vs 急襲レールウェイ（後・拡張）: 拡張側勝利 Turn 12 HP 先-1 / 後11
[315/900] じゃぶじゃぶマネー（先・拡張） vs 急襲レールウェイ（後）: 拡張側勝利 Turn 15 HP 先4 / 後-1
[316/900] じゃぶじゃぶマネー（先） vs 急襲レールウェイ（後・拡張）: 拡張側勝利 Turn 12 HP 先0 / 後6
[317/900] じゃぶじゃぶマネー（先・拡張） vs 急襲レールウェイ（後）: 拡張側勝利 Turn 13 HP 先9 / 後0
[318/900] じゃぶじゃぶマネー（先） vs 急襲レールウェイ（後・拡張）: 拡張側勝利 Turn 8 HP 先0 / 後15
[319/900] じゃぶじゃぶマネー（先・拡張） vs 急襲レールウェイ（後）: 拡張側勝利 Turn 9 HP 先14 / 後-1
[320/900] じゃぶじゃぶマネー（先） vs 急襲レールウェイ（後・拡張）: 拡張側勝利 Turn 16 HP 先0 / 後13
[321/900] じゃぶじゃぶマネー（先・拡張） vs 急襲レールウェイ（後）: 拡張側勝利 Turn 11 HP 先7 / 後0
[322/900] じゃぶじゃぶマネー（先） vs 急襲レールウェイ（後・拡張）: 拡張側勝利 Turn 12 HP 先-5 / 後6
[323/900] じゃぶじゃぶマネー（先・拡張） vs 急襲レールウェイ（後）: 通常側勝利 Turn 10 HP 先0 / 後7
[324/900] じゃぶじゃぶマネー（先） vs 急襲レールウェイ（後・拡張）: 通常側勝利 Turn 17 HP 先10 / 後-1
[325/900] じゃぶじゃぶマネー（先・拡張） vs 急襲レールウェイ（後）: 拡張側勝利 Turn 15 HP 先15 / 後-1
[326/900] じゃぶじゃぶマネー（先） vs 急襲レールウェイ（後・拡張）: 拡張側勝利 Turn 10 HP 先-1 / 後17
[327/900] じゃぶじゃぶマネー（先・拡張） vs 急襲レールウェイ（後）: 拡張側勝利 Turn 11 HP 先9 / 後0
[328/900] じゃぶじゃぶマネー（先） vs 急襲レールウェイ（後・拡張）: 拡張側勝利 Turn 10 HP 先-1 / 後15
[329/900] じゃぶじゃぶマネー（先・拡張） vs 急襲レールウェイ（後）: 通常側勝利 Turn 10 HP 先-2 / 後19
[330/900] じゃぶじゃぶマネー（先） vs 急襲レールウェイ（後・拡張）: 通常側勝利 Turn 13 HP 先6 / 後-4
[331/900] 急襲レールウェイ（先・拡張） vs じゃぶじゃぶマネー（後）: 通常側勝利 Turn 8 HP 先-1 / 後6
[332/900] 急襲レールウェイ（先） vs じゃぶじゃぶマネー（後・拡張）: 拡張側勝利 Turn 14 HP 先-1 / 後5
[333/900] 急襲レールウェイ（先・拡張） vs じゃぶじゃぶマネー（後）: 通常側勝利 Turn 14 HP 先-7 / 後11
[334/900] 急襲レールウェイ（先） vs じゃぶじゃぶマネー（後・拡張）: 拡張側勝利 Turn 14 HP 先-1 / 後7
[335/900] 急襲レールウェイ（先・拡張） vs じゃぶじゃぶマネー（後）: 拡張側勝利 Turn 11 HP 先17 / 後-1
[336/900] 急襲レールウェイ（先） vs じゃぶじゃぶマネー（後・拡張）: 拡張側勝利 Turn 12 HP 先-1 / 後9
[337/900] 急襲レールウェイ（先・拡張） vs じゃぶじゃぶマネー（後）: 拡張側勝利 Turn 11 HP 先14 / 後0
[338/900] 急襲レールウェイ（先） vs じゃぶじゃぶマネー（後・拡張）: 拡張側勝利 Turn 14 HP 先0 / 後10
[339/900] 急襲レールウェイ（先・拡張） vs じゃぶじゃぶマネー（後）: 拡張側勝利 Turn 11 HP 先5 / 後-3
[340/900] 急襲レールウェイ（先） vs じゃぶじゃぶマネー（後・拡張）: 拡張側勝利 Turn 16 HP 先0 / 後16
[341/900] 急襲レールウェイ（先・拡張） vs じゃぶじゃぶマネー（後）: 通常側勝利 Turn 12 HP 先0 / 後8
[342/900] 急襲レールウェイ（先） vs じゃぶじゃぶマネー（後・拡張）: 通常側勝利 Turn 13 HP 先8 / 後-1
[343/900] 急襲レールウェイ（先・拡張） vs じゃぶじゃぶマネー（後）: 拡張側勝利 Turn 11 HP 先5 / 後-2
[344/900] 急襲レールウェイ（先） vs じゃぶじゃぶマネー（後・拡張）: 拡張側勝利 Turn 16 HP 先0 / 後6
[345/900] 急襲レールウェイ（先・拡張） vs じゃぶじゃぶマネー（後）: 拡張側勝利 Turn 11 HP 先6 / 後-1
[346/900] 急襲レールウェイ（先） vs じゃぶじゃぶマネー（後・拡張）: 通常側勝利 Turn 13 HP 先4 / 後0
[347/900] 急襲レールウェイ（先・拡張） vs じゃぶじゃぶマネー（後）: 拡張側勝利 Turn 11 HP 先14 / 後-1
[348/900] 急襲レールウェイ（先） vs じゃぶじゃぶマネー（後・拡張）: 拡張側勝利 Turn 18 HP 先0 / 後15
[349/900] 急襲レールウェイ（先・拡張） vs じゃぶじゃぶマネー（後）: 拡張側勝利 Turn 11 HP 先10 / 後0
[350/900] 急襲レールウェイ（先） vs じゃぶじゃぶマネー（後・拡張）: 拡張側勝利 Turn 12 HP 先-3 / 後12
[351/900] 急襲レールウェイ（先・拡張） vs じゃぶじゃぶマネー（後）: 拡張側勝利 Turn 15 HP 先14 / 後-1
[352/900] 急襲レールウェイ（先） vs じゃぶじゃぶマネー（後・拡張）: 通常側勝利 Turn 7 HP 先12 / 後-1
[353/900] 急襲レールウェイ（先・拡張） vs じゃぶじゃぶマネー（後）: 通常側勝利 Turn 10 HP 先-5 / 後17
[354/900] 急襲レールウェイ（先） vs じゃぶじゃぶマネー（後・拡張）: 拡張側勝利 Turn 12 HP 先-1 / 後11
[355/900] 急襲レールウェイ（先・拡張） vs じゃぶじゃぶマネー（後）: 拡張側勝利 Turn 11 HP 先9 / 後-3
[356/900] 急襲レールウェイ（先） vs じゃぶじゃぶマネー（後・拡張）: 拡張側勝利 Turn 12 HP 先-13 / 後2
[357/900] 急襲レールウェイ（先・拡張） vs じゃぶじゃぶマネー（後）: 拡張側勝利 Turn 9 HP 先19 / 後-1
[358/900] 急襲レールウェイ（先） vs じゃぶじゃぶマネー（後・拡張）: 拡張側勝利 Turn 12 HP 先0 / 後12
[359/900] 急襲レールウェイ（先・拡張） vs じゃぶじゃぶマネー（後）: 拡張側勝利 Turn 15 HP 先4 / 後-1
[360/900] 急襲レールウェイ（先） vs じゃぶじゃぶマネー（後・拡張）: 通常側勝利 Turn 11 HP 先10 / 後0
[361/900] じゃぶじゃぶマネー（先・拡張） vs 爆弾魔（後）: 拡張側勝利 Turn 11 HP 先9 / 後-1
[362/900] じゃぶじゃぶマネー（先） vs 爆弾魔（後・拡張）: 拡張側勝利 Turn 10 HP 先-1 / 後14
[363/900] じゃぶじゃぶマネー（先・拡張） vs 爆弾魔（後）: 通常側勝利 Turn 10 HP 先0 / 後9
[364/900] じゃぶじゃぶマネー（先） vs 爆弾魔（後・拡張）: 拡張側勝利 Turn 12 HP 先-1 / 後5
[365/900] じゃぶじゃぶマネー（先・拡張） vs 爆弾魔（後）: 拡張側勝利 Turn 11 HP 先12 / 後0
[366/900] じゃぶじゃぶマネー（先） vs 爆弾魔（後・拡張）: 拡張側勝利 Turn 12 HP 先-5 / 後4
[367/900] じゃぶじゃぶマネー（先・拡張） vs 爆弾魔（後）: 通常側勝利 Turn 12 HP 先-1 / 後15
[368/900] じゃぶじゃぶマネー（先） vs 爆弾魔（後・拡張）: 拡張側勝利 Turn 14 HP 先-1 / 後7
[369/900] じゃぶじゃぶマネー（先・拡張） vs 爆弾魔（後）: 拡張側勝利 Turn 11 HP 先13 / 後0
[370/900] じゃぶじゃぶマネー（先） vs 爆弾魔（後・拡張）: 拡張側勝利 Turn 14 HP 先-1 / 後13
[371/900] じゃぶじゃぶマネー（先・拡張） vs 爆弾魔（後）: 通常側勝利 Turn 12 HP 先-1 / 後6
[372/900] じゃぶじゃぶマネー（先） vs 爆弾魔（後・拡張）: 通常側勝利 Turn 13 HP 先1 / 後-1
[373/900] じゃぶじゃぶマネー（先・拡張） vs 爆弾魔（後）: 拡張側勝利 Turn 13 HP 先7 / 後0
[374/900] じゃぶじゃぶマネー（先） vs 爆弾魔（後・拡張）: 通常側勝利 Turn 13 HP 先5 / 後-1
[375/900] じゃぶじゃぶマネー（先・拡張） vs 爆弾魔（後）: 通常側勝利 Turn 10 HP 先0 / 後11
[376/900] じゃぶじゃぶマネー（先） vs 爆弾魔（後・拡張）: 拡張側勝利 Turn 10 HP 先-1 / 後8
[377/900] じゃぶじゃぶマネー（先・拡張） vs 爆弾魔（後）: 通常側勝利 Turn 12 HP 先-2 / 後7
[378/900] じゃぶじゃぶマネー（先） vs 爆弾魔（後・拡張）: 通常側勝利 Turn 13 HP 先6 / 後0
[379/900] じゃぶじゃぶマネー（先・拡張） vs 爆弾魔（後）: 拡張側勝利 Turn 21 HP 先6 / 後-1
[380/900] じゃぶじゃぶマネー（先） vs 爆弾魔（後・拡張）: 拡張側勝利 Turn 12 HP 先-2 / 後13
[381/900] じゃぶじゃぶマネー（先・拡張） vs 爆弾魔（後）: 通常側勝利 Turn 10 HP 先-9 / 後7
[382/900] じゃぶじゃぶマネー（先） vs 爆弾魔（後・拡張）: 拡張側勝利 Turn 10 HP 先0 / 後8
[383/900] じゃぶじゃぶマネー（先・拡張） vs 爆弾魔（後）: 通常側勝利 Turn 12 HP 先-9 / 後19
[384/900] じゃぶじゃぶマネー（先） vs 爆弾魔（後・拡張）: 拡張側勝利 Turn 12 HP 先0 / 後7
[385/900] じゃぶじゃぶマネー（先・拡張） vs 爆弾魔（後）: 通常側勝利 Turn 14 HP 先0 / 後17
[386/900] じゃぶじゃぶマネー（先） vs 爆弾魔（後・拡張）: 拡張側勝利 Turn 10 HP 先0 / 後14
[387/900] じゃぶじゃぶマネー（先・拡張） vs 爆弾魔（後）: 拡張側勝利 Turn 9 HP 先4 / 後-3
[388/900] じゃぶじゃぶマネー（先） vs 爆弾魔（後・拡張）: 拡張側勝利 Turn 10 HP 先0 / 後7
[389/900] じゃぶじゃぶマネー（先・拡張） vs 爆弾魔（後）: 拡張側勝利 Turn 11 HP 先8 / 後0
[390/900] じゃぶじゃぶマネー（先） vs 爆弾魔（後・拡張）: 通常側勝利 Turn 11 HP 先4 / 後0
[391/900] 爆弾魔（先・拡張） vs じゃぶじゃぶマネー（後）: 拡張側勝利 Turn 11 HP 先11 / 後0
[392/900] 爆弾魔（先） vs じゃぶじゃぶマネー（後・拡張）: 拡張側勝利 Turn 10 HP 先0 / 後4
[393/900] 爆弾魔（先・拡張） vs じゃぶじゃぶマネー（後）: 通常側勝利 Turn 14 HP 先-1 / 後5
[394/900] 爆弾魔（先） vs じゃぶじゃぶマネー（後・拡張）: 通常側勝利 Turn 11 HP 先8 / 後0
[395/900] 爆弾魔（先・拡張） vs じゃぶじゃぶマネー（後）: 拡張側勝利 Turn 11 HP 先8 / 後0
[396/900] 爆弾魔（先） vs じゃぶじゃぶマネー（後・拡張）: 通常側勝利 Turn 13 HP 先8 / 後-1
[397/900] 爆弾魔（先・拡張） vs じゃぶじゃぶマネー（後）: 通常側勝利 Turn 10 HP 先0 / 後8
[398/900] 爆弾魔（先） vs じゃぶじゃぶマネー（後・拡張）: 拡張側勝利 Turn 10 HP 先-1 / 後6
[399/900] 爆弾魔（先・拡張） vs じゃぶじゃぶマネー（後）: 拡張側勝利 Turn 11 HP 先13 / 後-1
[400/900] 爆弾魔（先） vs じゃぶじゃぶマネー（後・拡張）: 通常側勝利 Turn 15 HP 先14 / 後0
[401/900] 爆弾魔（先・拡張） vs じゃぶじゃぶマネー（後）: 拡張側勝利 Turn 9 HP 先4 / 後-5
[402/900] 爆弾魔（先） vs じゃぶじゃぶマネー（後・拡張）: 拡張側勝利 Turn 14 HP 先-1 / 後10
[403/900] 爆弾魔（先・拡張） vs じゃぶじゃぶマネー（後）: 通常側勝利 Turn 12 HP 先-6 / 後7
[404/900] 爆弾魔（先） vs じゃぶじゃぶマネー（後・拡張）: 通常側勝利 Turn 11 HP 先15 / 後-3
[405/900] 爆弾魔（先・拡張） vs じゃぶじゃぶマネー（後）: 通常側勝利 Turn 12 HP 先-1 / 後11
[406/900] 爆弾魔（先） vs じゃぶじゃぶマネー（後・拡張）: 拡張側勝利 Turn 12 HP 先-3 / 後7
[407/900] 爆弾魔（先・拡張） vs じゃぶじゃぶマネー（後）: 通常側勝利 Turn 12 HP 先0 / 後4
[408/900] 爆弾魔（先） vs じゃぶじゃぶマネー（後・拡張）: 通常側勝利 Turn 13 HP 先15 / 後-6
[409/900] 爆弾魔（先・拡張） vs じゃぶじゃぶマネー（後）: 拡張側勝利 Turn 13 HP 先8 / 後-3
[410/900] 爆弾魔（先） vs じゃぶじゃぶマネー（後・拡張）: 通常側勝利 Turn 9 HP 先11 / 後-2
[411/900] 爆弾魔（先・拡張） vs じゃぶじゃぶマネー（後）: 拡張側勝利 Turn 11 HP 先6 / 後-2
[412/900] 爆弾魔（先） vs じゃぶじゃぶマネー（後・拡張）: 拡張側勝利 Turn 10 HP 先0 / 後5
[413/900] 爆弾魔（先・拡張） vs じゃぶじゃぶマネー（後）: 通常側勝利 Turn 10 HP 先-1 / 後15
[414/900] 爆弾魔（先） vs じゃぶじゃぶマネー（後・拡張）: 通常側勝利 Turn 11 HP 先14 / 後-7
[415/900] 爆弾魔（先・拡張） vs じゃぶじゃぶマネー（後）: 通常側勝利 Turn 14 HP 先-1 / 後5
[416/900] 爆弾魔（先） vs じゃぶじゃぶマネー（後・拡張）: 拡張側勝利 Turn 14 HP 先0 / 後1
[417/900] 爆弾魔（先・拡張） vs じゃぶじゃぶマネー（後）: 通常側勝利 Turn 10 HP 先-3 / 後6
[418/900] 爆弾魔（先） vs じゃぶじゃぶマネー（後・拡張）: 拡張側勝利 Turn 8 HP 先-1 / 後4
[419/900] 爆弾魔（先・拡張） vs じゃぶじゃぶマネー（後）: 拡張側勝利 Turn 11 HP 先6 / 後0
[420/900] 爆弾魔（先） vs じゃぶじゃぶマネー（後・拡張）: 通常側勝利 Turn 9 HP 先15 / 後0
[421/900] じゃぶじゃぶマネー（先・拡張） vs メガトンハンマー（後）: 拡張側勝利 Turn 15 HP 先5 / 後0
[422/900] じゃぶじゃぶマネー（先） vs メガトンハンマー（後・拡張）: 拡張側勝利 Turn 12 HP 先-9 / 後7
[423/900] じゃぶじゃぶマネー（先・拡張） vs メガトンハンマー（後）: 拡張側勝利 Turn 15 HP 先7 / 後-7
[424/900] じゃぶじゃぶマネー（先） vs メガトンハンマー（後・拡張）: 拡張側勝利 Turn 12 HP 先-1 / 後5
[425/900] じゃぶじゃぶマネー（先・拡張） vs メガトンハンマー（後）: 通常側勝利 Turn 8 HP 先-1 / 後8
[426/900] じゃぶじゃぶマネー（先） vs メガトンハンマー（後・拡張）: 拡張側勝利 Turn 10 HP 先0 / 後6
[427/900] じゃぶじゃぶマネー（先・拡張） vs メガトンハンマー（後）: 通常側勝利 Turn 14 HP 先0 / 後9
[428/900] じゃぶじゃぶマネー（先） vs メガトンハンマー（後・拡張）: 通常側勝利 Turn 13 HP 先2 / 後-2
[429/900] じゃぶじゃぶマネー（先・拡張） vs メガトンハンマー（後）: 通常側勝利 Turn 12 HP 先0 / 後11
[430/900] じゃぶじゃぶマネー（先） vs メガトンハンマー（後・拡張）: 通常側勝利 Turn 13 HP 先7 / 後0
[431/900] じゃぶじゃぶマネー（先・拡張） vs メガトンハンマー（後）: 通常側勝利 Turn 10 HP 先-2 / 後6
[432/900] じゃぶじゃぶマネー（先） vs メガトンハンマー（後・拡張）: 拡張側勝利 Turn 10 HP 先-1 / 後7
[433/900] じゃぶじゃぶマネー（先・拡張） vs メガトンハンマー（後）: 通常側勝利 Turn 10 HP 先0 / 後7
[434/900] じゃぶじゃぶマネー（先） vs メガトンハンマー（後・拡張）: 拡張側勝利 Turn 14 HP 先-1 / 後12
[435/900] じゃぶじゃぶマネー（先・拡張） vs メガトンハンマー（後）: 通常側勝利 Turn 16 HP 先0 / 後7
[436/900] じゃぶじゃぶマネー（先） vs メガトンハンマー（後・拡張）: 拡張側勝利 Turn 12 HP 先0 / 後7
[437/900] じゃぶじゃぶマネー（先・拡張） vs メガトンハンマー（後）: 通常側勝利 Turn 12 HP 先-1 / 後7
[438/900] じゃぶじゃぶマネー（先） vs メガトンハンマー（後・拡張）: 拡張側勝利 Turn 12 HP 先-1 / 後15
[439/900] じゃぶじゃぶマネー（先・拡張） vs メガトンハンマー（後）: 通常側勝利 Turn 16 HP 先-1 / 後1
[440/900] じゃぶじゃぶマネー（先） vs メガトンハンマー（後・拡張）: 通常側勝利 Turn 15 HP 先11 / 後-1
[441/900] じゃぶじゃぶマネー（先・拡張） vs メガトンハンマー（後）: 通常側勝利 Turn 16 HP 先-1 / 後11
[442/900] じゃぶじゃぶマネー（先） vs メガトンハンマー（後・拡張）: 通常側勝利 Turn 11 HP 先14 / 後0
[443/900] じゃぶじゃぶマネー（先・拡張） vs メガトンハンマー（後）: 通常側勝利 Turn 14 HP 先-1 / 後15
[444/900] じゃぶじゃぶマネー（先） vs メガトンハンマー（後・拡張）: 拡張側勝利 Turn 12 HP 先0 / 後10
[445/900] じゃぶじゃぶマネー（先・拡張） vs メガトンハンマー（後）: 拡張側勝利 Turn 17 HP 先15 / 後0
[446/900] じゃぶじゃぶマネー（先） vs メガトンハンマー（後・拡張）: 通常側勝利 Turn 15 HP 先6 / 後-1
[447/900] じゃぶじゃぶマネー（先・拡張） vs メガトンハンマー（後）: 通常側勝利 Turn 8 HP 先0 / 後15
[448/900] じゃぶじゃぶマネー（先） vs メガトンハンマー（後・拡張）: 拡張側勝利 Turn 12 HP 先0 / 後3
[449/900] じゃぶじゃぶマネー（先・拡張） vs メガトンハンマー（後）: 通常側勝利 Turn 12 HP 先0 / 後7
[450/900] じゃぶじゃぶマネー（先） vs メガトンハンマー（後・拡張）: 拡張側勝利 Turn 16 HP 先0 / 後14
[451/900] メガトンハンマー（先・拡張） vs じゃぶじゃぶマネー（後）: 拡張側勝利 Turn 17 HP 先11 / 後0
[452/900] メガトンハンマー（先） vs じゃぶじゃぶマネー（後・拡張）: 拡張側勝利 Turn 12 HP 先0 / 後10
[453/900] メガトンハンマー（先・拡張） vs じゃぶじゃぶマネー（後）: 通常側勝利 Turn 16 HP 先-3 / 後9
[454/900] メガトンハンマー（先） vs じゃぶじゃぶマネー（後・拡張）: 通常側勝利 Turn 15 HP 先11 / 後0
[455/900] メガトンハンマー（先・拡張） vs じゃぶじゃぶマネー（後）: 拡張側勝利 Turn 15 HP 先9 / 後-3
[456/900] メガトンハンマー（先） vs じゃぶじゃぶマネー（後・拡張）: 拡張側勝利 Turn 12 HP 先0 / 後19
[457/900] メガトンハンマー（先・拡張） vs じゃぶじゃぶマネー（後）: 通常側勝利 Turn 10 HP 先0 / 後8
[458/900] メガトンハンマー（先） vs じゃぶじゃぶマネー（後・拡張）: 通常側勝利 Turn 15 HP 先6 / 後0
[459/900] メガトンハンマー（先・拡張） vs じゃぶじゃぶマネー（後）: 拡張側勝利 Turn 11 HP 先11 / 後-1
[460/900] メガトンハンマー（先） vs じゃぶじゃぶマネー（後・拡張）: 通常側勝利 Turn 15 HP 先15 / 後0
[461/900] メガトンハンマー（先・拡張） vs じゃぶじゃぶマネー（後）: 通常側勝利 Turn 12 HP 先0 / 後9
[462/900] メガトンハンマー（先） vs じゃぶじゃぶマネー（後・拡張）: 通常側勝利 Turn 13 HP 先10 / 後-1
[463/900] メガトンハンマー（先・拡張） vs じゃぶじゃぶマネー（後）: 拡張側勝利 Turn 11 HP 先11 / 後0
[464/900] メガトンハンマー（先） vs じゃぶじゃぶマネー（後・拡張）: 拡張側勝利 Turn 24 HP 先-1 / 後8
[465/900] メガトンハンマー（先・拡張） vs じゃぶじゃぶマネー（後）: 通常側勝利 Turn 14 HP 先-6 / 後11
[466/900] メガトンハンマー（先） vs じゃぶじゃぶマネー（後・拡張）: 拡張側勝利 Turn 14 HP 先-2 / 後16
[467/900] メガトンハンマー（先・拡張） vs じゃぶじゃぶマネー（後）: 拡張側勝利 Turn 11 HP 先11 / 後0
[468/900] メガトンハンマー（先） vs じゃぶじゃぶマネー（後・拡張）: 通常側勝利 Turn 9 HP 先8 / 後0
[469/900] メガトンハンマー（先・拡張） vs じゃぶじゃぶマネー（後）: 通常側勝利 Turn 14 HP 先-3 / 後11
[470/900] メガトンハンマー（先） vs じゃぶじゃぶマネー（後・拡張）: 拡張側勝利 Turn 10 HP 先-6 / 後9
[471/900] メガトンハンマー（先・拡張） vs じゃぶじゃぶマネー（後）: 通常側勝利 Turn 8 HP 先0 / 後7
[472/900] メガトンハンマー（先） vs じゃぶじゃぶマネー（後・拡張）: 拡張側勝利 Turn 12 HP 先0 / 後5
[473/900] メガトンハンマー（先・拡張） vs じゃぶじゃぶマネー（後）: 拡張側勝利 Turn 15 HP 先12 / 後-2
[474/900] メガトンハンマー（先） vs じゃぶじゃぶマネー（後・拡張）: 通常側勝利 Turn 19 HP 先16 / 後-6
[475/900] メガトンハンマー（先・拡張） vs じゃぶじゃぶマネー（後）: 通常側勝利 Turn 10 HP 先0 / 後10
[476/900] メガトンハンマー（先） vs じゃぶじゃぶマネー（後・拡張）: 拡張側勝利 Turn 12 HP 先-1 / 後6
[477/900] メガトンハンマー（先・拡張） vs じゃぶじゃぶマネー（後）: 拡張側勝利 Turn 11 HP 先3 / 後-4
[478/900] メガトンハンマー（先） vs じゃぶじゃぶマネー（後・拡張）: 通常側勝利 Turn 13 HP 先4 / 後-1
[479/900] メガトンハンマー（先・拡張） vs じゃぶじゃぶマネー（後）: 拡張側勝利 Turn 15 HP 先9 / 後-9
[480/900] メガトンハンマー（先） vs じゃぶじゃぶマネー（後・拡張）: 拡張側勝利 Turn 10 HP 先0 / 後7
[481/900] じゃぶじゃぶマネー（先・拡張） vs 真綿（後）: 拡張側勝利 Turn 17 HP 先3 / 後-3
[482/900] じゃぶじゃぶマネー（先） vs 真綿（後・拡張）: 拡張側勝利 Turn 10 HP 先-5 / 後15
[483/900] じゃぶじゃぶマネー（先・拡張） vs 真綿（後）: 拡張側勝利 Turn 13 HP 先13 / 後0
[484/900] じゃぶじゃぶマネー（先） vs 真綿（後・拡張）: 拡張側勝利 Turn 14 HP 先0 / 後6
[485/900] じゃぶじゃぶマネー（先・拡張） vs 真綿（後）: 通常側勝利 Turn 10 HP 先0 / 後15
[486/900] じゃぶじゃぶマネー（先） vs 真綿（後・拡張）: 拡張側勝利 Turn 10 HP 先-1 / 後7
[487/900] じゃぶじゃぶマネー（先・拡張） vs 真綿（後）: 拡張側勝利 Turn 13 HP 先11 / 後0
[488/900] じゃぶじゃぶマネー（先） vs 真綿（後・拡張）: 拡張側勝利 Turn 12 HP 先0 / 後9
[489/900] じゃぶじゃぶマネー（先・拡張） vs 真綿（後）: 拡張側勝利 Turn 17 HP 先8 / 後-1
[490/900] じゃぶじゃぶマネー（先） vs 真綿（後・拡張）: 通常側勝利 Turn 11 HP 先3 / 後-2
[491/900] じゃぶじゃぶマネー（先・拡張） vs 真綿（後）: 拡張側勝利 Turn 15 HP 先15 / 後0
[492/900] じゃぶじゃぶマネー（先） vs 真綿（後・拡張）: 通常側勝利 Turn 13 HP 先7 / 後0
[493/900] じゃぶじゃぶマネー（先・拡張） vs 真綿（後）: 拡張側勝利 Turn 13 HP 先11 / 後0
[494/900] じゃぶじゃぶマネー（先） vs 真綿（後・拡張）: 通常側勝利 Turn 23 HP 先8 / 後0
[495/900] じゃぶじゃぶマネー（先・拡張） vs 真綿（後）: 通常側勝利 Turn 10 HP 先0 / 後11
[496/900] じゃぶじゃぶマネー（先） vs 真綿（後・拡張）: 通常側勝利 Turn 15 HP 先16 / 後-1
[497/900] じゃぶじゃぶマネー（先・拡張） vs 真綿（後）: 通常側勝利 Turn 16 HP 先-2 / 後7
[498/900] じゃぶじゃぶマネー（先） vs 真綿（後・拡張）: 拡張側勝利 Turn 14 HP 先-1 / 後10
[499/900] じゃぶじゃぶマネー（先・拡張） vs 真綿（後）: 拡張側勝利 Turn 15 HP 先10 / 後0
[500/900] じゃぶじゃぶマネー（先） vs 真綿（後・拡張）: 通常側勝利 Turn 13 HP 先12 / 後0
[501/900] じゃぶじゃぶマネー（先・拡張） vs 真綿（後）: 拡張側勝利 Turn 15 HP 先11 / 後-1
[502/900] じゃぶじゃぶマネー（先） vs 真綿（後・拡張）: 拡張側勝利 Turn 12 HP 先-4 / 後1
[503/900] じゃぶじゃぶマネー（先・拡張） vs 真綿（後）: 拡張側勝利 Turn 13 HP 先13 / 後-3
[504/900] じゃぶじゃぶマネー（先） vs 真綿（後・拡張）: 拡張側勝利 Turn 12 HP 先-1 / 後4
[505/900] じゃぶじゃぶマネー（先・拡張） vs 真綿（後）: 通常側勝利 Turn 12 HP 先0 / 後5
[506/900] じゃぶじゃぶマネー（先） vs 真綿（後・拡張）: 拡張側勝利 Turn 14 HP 先-2 / 後3
[507/900] じゃぶじゃぶマネー（先・拡張） vs 真綿（後）: 拡張側勝利 Turn 15 HP 先7 / 後0
[508/900] じゃぶじゃぶマネー（先） vs 真綿（後・拡張）: 拡張側勝利 Turn 16 HP 先0 / 後6
[509/900] じゃぶじゃぶマネー（先・拡張） vs 真綿（後）: 拡張側勝利 Turn 17 HP 先5 / 後0
[510/900] じゃぶじゃぶマネー（先） vs 真綿（後・拡張）: 拡張側勝利 Turn 14 HP 先0 / 後5
[511/900] 真綿（先・拡張） vs じゃぶじゃぶマネー（後）: 拡張側勝利 Turn 13 HP 先18 / 後-1
[512/900] 真綿（先） vs じゃぶじゃぶマネー（後・拡張）: 拡張側勝利 Turn 22 HP 先0 / 後10
[513/900] 真綿（先・拡張） vs じゃぶじゃぶマネー（後）: 通常側勝利 Turn 14 HP 先0 / 後3
[514/900] 真綿（先） vs じゃぶじゃぶマネー（後・拡張）: 拡張側勝利 Turn 14 HP 先-4 / 後10
[515/900] 真綿（先・拡張） vs じゃぶじゃぶマネー（後）: 通常側勝利 Turn 10 HP 先0 / 後10
[516/900] 真綿（先） vs じゃぶじゃぶマネー（後・拡張）: 通常側勝利 Turn 11 HP 先10 / 後0
[517/900] 真綿（先・拡張） vs じゃぶじゃぶマネー（後）: 通常側勝利 Turn 14 HP 先-3 / 後13
[518/900] 真綿（先） vs じゃぶじゃぶマネー（後・拡張）: 拡張側勝利 Turn 16 HP 先0 / 後7
[519/900] 真綿（先・拡張） vs じゃぶじゃぶマネー（後）: 通常側勝利 Turn 12 HP 先-2 / 後9
[520/900] 真綿（先） vs じゃぶじゃぶマネー（後・拡張）: 通常側勝利 Turn 13 HP 先9 / 後0
[521/900] 真綿（先・拡張） vs じゃぶじゃぶマネー（後）: 拡張側勝利 Turn 11 HP 先10 / 後-1
[522/900] 真綿（先） vs じゃぶじゃぶマネー（後・拡張）: 通常側勝利 Turn 13 HP 先11 / 後-2
[523/900] 真綿（先・拡張） vs じゃぶじゃぶマネー（後）: 通常側勝利 Turn 30 HP 先0 / 後14
[524/900] 真綿（先） vs じゃぶじゃぶマネー（後・拡張）: 拡張側勝利 Turn 12 HP 先0 / 後6
[525/900] 真綿（先・拡張） vs じゃぶじゃぶマネー（後）: 通常側勝利 Turn 12 HP 先-10 / 後1
[526/900] 真綿（先） vs じゃぶじゃぶマネー（後・拡張）: 拡張側勝利 Turn 10 HP 先-1 / 後9
[527/900] 真綿（先・拡張） vs じゃぶじゃぶマネー（後）: 拡張側勝利 Turn 15 HP 先12 / 後0
[528/900] 真綿（先） vs じゃぶじゃぶマネー（後・拡張）: 拡張側勝利 Turn 14 HP 先-1 / 後4
[529/900] 真綿（先・拡張） vs じゃぶじゃぶマネー（後）: 通常側勝利 Turn 14 HP 先-1 / 後4
[530/900] 真綿（先） vs じゃぶじゃぶマネー（後・拡張）: 通常側勝利 Turn 17 HP 先8 / 後0
[531/900] 真綿（先・拡張） vs じゃぶじゃぶマネー（後）: 通常側勝利 Turn 14 HP 先-1 / 後14
[532/900] 真綿（先） vs じゃぶじゃぶマネー（後・拡張）: 拡張側勝利 Turn 12 HP 先0 / 後12
[533/900] 真綿（先・拡張） vs じゃぶじゃぶマネー（後）: 拡張側勝利 Turn 11 HP 先4 / 後-1
[534/900] 真綿（先） vs じゃぶじゃぶマネー（後・拡張）: 拡張側勝利 Turn 14 HP 先0 / 後8
[535/900] 真綿（先・拡張） vs じゃぶじゃぶマネー（後）: 通常側勝利 Turn 12 HP 先0 / 後10
[536/900] 真綿（先） vs じゃぶじゃぶマネー（後・拡張）: 通常側勝利 Turn 11 HP 先1 / 後-3
[537/900] 真綿（先・拡張） vs じゃぶじゃぶマネー（後）: 通常側勝利 Turn 14 HP 先0 / 後11
[538/900] 真綿（先） vs じゃぶじゃぶマネー（後・拡張）: 通常側勝利 Turn 15 HP 先15 / 後0
[539/900] 真綿（先・拡張） vs じゃぶじゃぶマネー（後）: 拡張側勝利 Turn 13 HP 先20 / 後0
[540/900] 真綿（先） vs じゃぶじゃぶマネー（後・拡張）: 拡張側勝利 Turn 12 HP 先0 / 後11
[541/900] 急襲レールウェイ（先・拡張） vs 爆弾魔（後）: 拡張側勝利 Turn 11 HP 先5 / 後0
[542/900] 急襲レールウェイ（先） vs 爆弾魔（後・拡張）: 拡張側勝利 Turn 8 HP 先-2 / 後7
[543/900] 急襲レールウェイ（先・拡張） vs 爆弾魔（後）: 通常側勝利 Turn 12 HP 先-1 / 後16
[544/900] 急襲レールウェイ（先） vs 爆弾魔（後・拡張）: 拡張側勝利 Turn 14 HP 先0 / 後18
[545/900] 急襲レールウェイ（先・拡張） vs 爆弾魔（後）: 通常側勝利 Turn 8 HP 先0 / 後6
[546/900] 急襲レールウェイ（先） vs 爆弾魔（後・拡張）: 拡張側勝利 Turn 12 HP 先0 / 後11
[547/900] 急襲レールウェイ（先・拡張） vs 爆弾魔（後）: 拡張側勝利 Turn 9 HP 先11 / 後-1
[548/900] 急襲レールウェイ（先） vs 爆弾魔（後・拡張）: 拡張側勝利 Turn 10 HP 先-2 / 後3
[549/900] 急襲レールウェイ（先・拡張） vs 爆弾魔（後）: 拡張側勝利 Turn 7 HP 先11 / 後0
[550/900] 急襲レールウェイ（先） vs 爆弾魔（後・拡張）: 拡張側勝利 Turn 8 HP 先-1 / 後13
[551/900] 急襲レールウェイ（先・拡張） vs 爆弾魔（後）: 通常側勝利 Turn 14 HP 先-2 / 後10
[552/900] 急襲レールウェイ（先） vs 爆弾魔（後・拡張）: 拡張側勝利 Turn 10 HP 先0 / 後3
[553/900] 急襲レールウェイ（先・拡張） vs 爆弾魔（後）: 通常側勝利 Turn 8 HP 先-1 / 後5
[554/900] 急襲レールウェイ（先） vs 爆弾魔（後・拡張）: 拡張側勝利 Turn 8 HP 先-2 / 後4
[555/900] 急襲レールウェイ（先・拡張） vs 爆弾魔（後）: 拡張側勝利 Turn 9 HP 先4 / 後-1
[556/900] 急襲レールウェイ（先） vs 爆弾魔（後・拡張）: 拡張側勝利 Turn 10 HP 先0 / 後8
[557/900] 急襲レールウェイ（先・拡張） vs 爆弾魔（後）: 拡張側勝利 Turn 9 HP 先3 / 後0
[558/900] 急襲レールウェイ（先） vs 爆弾魔（後・拡張）: 通常側勝利 Turn 7 HP 先5 / 後0
[559/900] 急襲レールウェイ（先・拡張） vs 爆弾魔（後）: 通常側勝利 Turn 8 HP 先0 / 後11
[560/900] 急襲レールウェイ（先） vs 爆弾魔（後・拡張）: 通常側勝利 Turn 9 HP 先1 / 後0
[561/900] 急襲レールウェイ（先・拡張） vs 爆弾魔（後）: 拡張側勝利 Turn 17 HP 先12 / 後-1
[562/900] 急襲レールウェイ（先） vs 爆弾魔（後・拡張）: 拡張側勝利 Turn 10 HP 先-1 / 後16
[563/900] 急襲レールウェイ（先・拡張） vs 爆弾魔（後）: 通常側勝利 Turn 10 HP 先0 / 後6
[564/900] 急襲レールウェイ（先） vs 爆弾魔（後・拡張）: 通常側勝利 Turn 11 HP 先1 / 後-4
[565/900] 急襲レールウェイ（先・拡張） vs 爆弾魔（後）: 通常側勝利 Turn 14 HP 先0 / 後10
[566/900] 急襲レールウェイ（先） vs 爆弾魔（後・拡張）: 拡張側勝利 Turn 10 HP 先-1 / 後4
[567/900] 急襲レールウェイ（先・拡張） vs 爆弾魔（後）: 拡張側勝利 Turn 13 HP 先5 / 後-1
[568/900] 急襲レールウェイ（先） vs 爆弾魔（後・拡張）: 拡張側勝利 Turn 8 HP 先-1 / 後7
[569/900] 急襲レールウェイ（先・拡張） vs 爆弾魔（後）: 通常側勝利 Turn 10 HP 先0 / 後4
[570/900] 急襲レールウェイ（先） vs 爆弾魔（後・拡張）: 通常側勝利 Turn 11 HP 先2 / 後-1
[571/900] 爆弾魔（先・拡張） vs 急襲レールウェイ（後）: 通常側勝利 Turn 8 HP 先0 / 後15
[572/900] 爆弾魔（先） vs 急襲レールウェイ（後・拡張）: 通常側勝利 Turn 7 HP 先8 / 後0
[573/900] 爆弾魔（先・拡張） vs 急襲レールウェイ（後）: 通常側勝利 Turn 10 HP 先-1 / 後6
[574/900] 爆弾魔（先） vs 急襲レールウェイ（後・拡張）: 通常側勝利 Turn 13 HP 先13 / 後-1
[575/900] 爆弾魔（先・拡張） vs 急襲レールウェイ（後）: 通常側勝利 Turn 8 HP 先0 / 後13
[576/900] 爆弾魔（先） vs 急襲レールウェイ（後・拡張）: 拡張側勝利 Turn 8 HP 先0 / 後5
[577/900] 爆弾魔（先・拡張） vs 急襲レールウェイ（後）: 通常側勝利 Turn 8 HP 先0 / 後9
[578/900] 爆弾魔（先） vs 急襲レールウェイ（後・拡張）: 拡張側勝利 Turn 14 HP 先0 / 後3
[579/900] 爆弾魔（先・拡張） vs 急襲レールウェイ（後）: 通常側勝利 Turn 10 HP 先-1 / 後2
[580/900] 爆弾魔（先） vs 急襲レールウェイ（後・拡張）: 通常側勝利 Turn 7 HP 先8 / 後0
[581/900] 爆弾魔（先・拡張） vs 急襲レールウェイ（後）: 拡張側勝利 Turn 7 HP 先13 / 後0
[582/900] 爆弾魔（先） vs 急襲レールウェイ（後・拡張）: 通常側勝利 Turn 11 HP 先15 / 後0
[583/900] 爆弾魔（先・拡張） vs 急襲レールウェイ（後）: 拡張側勝利 Turn 9 HP 先12 / 後0
[584/900] 爆弾魔（先） vs 急襲レールウェイ（後・拡張）: 通常側勝利 Turn 9 HP 先3 / 後0
[585/900] 爆弾魔（先・拡張） vs 急襲レールウェイ（後）: 通常側勝利 Turn 14 HP 先-2 / 後1
[586/900] 爆弾魔（先） vs 急襲レールウェイ（後・拡張）: 拡張側勝利 Turn 8 HP 先0 / 後14
[587/900] 爆弾魔（先・拡張） vs 急襲レールウェイ（後）: 通常側勝利 Turn 10 HP 先-3 / 後7
[588/900] 爆弾魔（先） vs 急襲レールウェイ（後・拡張）: 拡張側勝利 Turn 10 HP 先-1 / 後4
[589/900] 爆弾魔（先・拡張） vs 急襲レールウェイ（後）: 拡張側勝利 Turn 9 HP 先11 / 後0
[590/900] 爆弾魔（先） vs 急襲レールウェイ（後・拡張）: 通常側勝利 Turn 9 HP 先11 / 後-1
[591/900] 爆弾魔（先・拡張） vs 急襲レールウェイ（後）: 拡張側勝利 Turn 9 HP 先4 / 後0
[592/900] 爆弾魔（先） vs 急襲レールウェイ（後・拡張）: 通常側勝利 Turn 11 HP 先4 / 後-2
[593/900] 爆弾魔（先・拡張） vs 急襲レールウェイ（後）: 拡張側勝利 Turn 13 HP 先4 / 後-1
[594/900] 爆弾魔（先） vs 急襲レールウェイ（後・拡張）: 拡張側勝利 Turn 10 HP 先0 / 後14
[595/900] 爆弾魔（先・拡張） vs 急襲レールウェイ（後）: 拡張側勝利 Turn 11 HP 先8 / 後0
[596/900] 爆弾魔（先） vs 急襲レールウェイ（後・拡張）: 通常側勝利 Turn 11 HP 先8 / 後-1
[597/900] 爆弾魔（先・拡張） vs 急襲レールウェイ（後）: 拡張側勝利 Turn 9 HP 先11 / 後-2
[598/900] 爆弾魔（先） vs 急襲レールウェイ（後・拡張）: 通常側勝利 Turn 9 HP 先7 / 後-2
[599/900] 爆弾魔（先・拡張） vs 急襲レールウェイ（後）: 通常側勝利 Turn 8 HP 先-1 / 後7
[600/900] 爆弾魔（先） vs 急襲レールウェイ（後・拡張）: 通常側勝利 Turn 11 HP 先5 / 後0
[601/900] 急襲レールウェイ（先・拡張） vs メガトンハンマー（後）: 拡張側勝利 Turn 15 HP 先8 / 後0
[602/900] 急襲レールウェイ（先） vs メガトンハンマー（後・拡張）: 拡張側勝利 Turn 16 HP 先-1 / 後12
[603/900] 急襲レールウェイ（先・拡張） vs メガトンハンマー（後）: 拡張側勝利 Turn 13 HP 先10 / 後0
[604/900] 急襲レールウェイ（先） vs メガトンハンマー（後・拡張）: 通常側勝利 Turn 13 HP 先16 / 後0
[605/900] 急襲レールウェイ（先・拡張） vs メガトンハンマー（後）: 通常側勝利 Turn 10 HP 先0 / 後5
[606/900] 急襲レールウェイ（先） vs メガトンハンマー（後・拡張）: 拡張側勝利 Turn 8 HP 先0 / 後10
[607/900] 急襲レールウェイ（先・拡張） vs メガトンハンマー（後）: 拡張側勝利 Turn 11 HP 先12 / 後0
[608/900] 急襲レールウェイ（先） vs メガトンハンマー（後・拡張）: 通常側勝利 Turn 11 HP 先15 / 後0
[609/900] 急襲レールウェイ（先・拡張） vs メガトンハンマー（後）: 通常側勝利 Turn 10 HP 先-1 / 後7
[610/900] 急襲レールウェイ（先） vs メガトンハンマー（後・拡張）: 通常側勝利 Turn 11 HP 先5 / 後0
[611/900] 急襲レールウェイ（先・拡張） vs メガトンハンマー（後）: 拡張側勝利 Turn 11 HP 先9 / 後-1
[612/900] 急襲レールウェイ（先） vs メガトンハンマー（後・拡張）: 通常側勝利 Turn 11 HP 先7 / 後-8
[613/900] 急襲レールウェイ（先・拡張） vs メガトンハンマー（後）: 拡張側勝利 Turn 13 HP 先16 / 後-5
[614/900] 急襲レールウェイ（先） vs メガトンハンマー（後・拡張）: 拡張側勝利 Turn 14 HP 先0 / 後6
[615/900] 急襲レールウェイ（先・拡張） vs メガトンハンマー（後）: 拡張側勝利 Turn 9 HP 先5 / 後-2
[616/900] 急襲レールウェイ（先） vs メガトンハンマー（後・拡張）: 拡張側勝利 Turn 8 HP 先-1 / 後4
[617/900] 急襲レールウェイ（先・拡張） vs メガトンハンマー（後）: 拡張側勝利 Turn 15 HP 先8 / 後0
[618/900] 急襲レールウェイ（先） vs メガトンハンマー（後・拡張）: 拡張側勝利 Turn 10 HP 先-2 / 後3
[619/900] 急襲レールウェイ（先・拡張） vs メガトンハンマー（後）: 通常側勝利 Turn 10 HP 先-9 / 後10
[620/900] 急襲レールウェイ（先） vs メガトンハンマー（後・拡張）: 通常側勝利 Turn 9 HP 先9 / 後0
[621/900] 急襲レールウェイ（先・拡張） vs メガトンハンマー（後）: 通常側勝利 Turn 10 HP 先-1 / 後5
[622/900] 急襲レールウェイ（先） vs メガトンハンマー（後・拡張）: 拡張側勝利 Turn 16 HP 先-2 / 後8
[623/900] 急襲レールウェイ（先・拡張） vs メガトンハンマー（後）: 拡張側勝利 Turn 9 HP 先8 / 後0
[624/900] 急襲レールウェイ（先） vs メガトンハンマー（後・拡張）: 通常側勝利 Turn 9 HP 先9 / 後-1
[625/900] 急襲レールウェイ（先・拡張） vs メガトンハンマー（後）: 通常側勝利 Turn 10 HP 先-1 / 後10
[626/900] 急襲レールウェイ（先） vs メガトンハンマー（後・拡張）: 拡張側勝利 Turn 12 HP 先-7 / 後2
[627/900] 急襲レールウェイ（先・拡張） vs メガトンハンマー（後）: 通常側勝利 Turn 12 HP 先0 / 後14
[628/900] 急襲レールウェイ（先） vs メガトンハンマー（後・拡張）: 通常側勝利 Turn 15 HP 先7 / 後0
[629/900] 急襲レールウェイ（先・拡張） vs メガトンハンマー（後）: 通常側勝利 Turn 10 HP 先-3 / 後4
[630/900] 急襲レールウェイ（先） vs メガトンハンマー（後・拡張）: 拡張側勝利 Turn 10 HP 先-7 / 後11
[631/900] メガトンハンマー（先・拡張） vs 急襲レールウェイ（後）: 拡張側勝利 Turn 11 HP 先8 / 後-6
[632/900] メガトンハンマー（先） vs 急襲レールウェイ（後・拡張）: 拡張側勝利 Turn 10 HP 先0 / 後7
[633/900] メガトンハンマー（先・拡張） vs 急襲レールウェイ（後）: 通常側勝利 Turn 12 HP 先0 / 後13
[634/900] メガトンハンマー（先） vs 急襲レールウェイ（後・拡張）: 拡張側勝利 Turn 8 HP 先0 / 後12
[635/900] メガトンハンマー（先・拡張） vs 急襲レールウェイ（後）: 拡張側勝利 Turn 11 HP 先19 / 後-2
[636/900] メガトンハンマー（先） vs 急襲レールウェイ（後・拡張）: 通常側勝利 Turn 13 HP 先4 / 後-1
[637/900] メガトンハンマー（先・拡張） vs 急襲レールウェイ（後）: 通常側勝利 Turn 14 HP 先0 / 後13
[638/900] メガトンハンマー（先） vs 急襲レールウェイ（後・拡張）: 拡張側勝利 Turn 10 HP 先0 / 後7
[639/900] メガトンハンマー（先・拡張） vs 急襲レールウェイ（後）: 通常側勝利 Turn 12 HP 先-2 / 後6
[640/900] メガトンハンマー（先） vs 急襲レールウェイ（後・拡張）: 拡張側勝利 Turn 8 HP 先-1 / 後17
[641/900] メガトンハンマー（先・拡張） vs 急襲レールウェイ（後）: 通常側勝利 Turn 8 HP 先-1 / 後21
[642/900] メガトンハンマー（先） vs 急襲レールウェイ（後・拡張）: 拡張側勝利 Turn 12 HP 先0 / 後3
[643/900] メガトンハンマー（先・拡張） vs 急襲レールウェイ（後）: 拡張側勝利 Turn 13 HP 先9 / 後-1
[644/900] メガトンハンマー（先） vs 急襲レールウェイ（後・拡張）: 拡張側勝利 Turn 14 HP 先0 / 後10
[645/900] メガトンハンマー（先・拡張） vs 急襲レールウェイ（後）: 通常側勝利 Turn 10 HP 先0 / 後10
[646/900] メガトンハンマー（先） vs 急襲レールウェイ（後・拡張）: 拡張側勝利 Turn 8 HP 先0 / 後7
[647/900] メガトンハンマー（先・拡張） vs 急襲レールウェイ（後）: 拡張側勝利 Turn 13 HP 先5 / 後0
[648/900] メガトンハンマー（先） vs 急襲レールウェイ（後・拡張）: 拡張側勝利 Turn 12 HP 先-9 / 後9
[649/900] メガトンハンマー（先・拡張） vs 急襲レールウェイ（後）: 通常側勝利 Turn 10 HP 先-1 / 後10
[650/900] メガトンハンマー（先） vs 急襲レールウェイ（後・拡張）: 拡張側勝利 Turn 10 HP 先0 / 後6
[651/900] メガトンハンマー（先・拡張） vs 急襲レールウェイ（後）: 拡張側勝利 Turn 13 HP 先12 / 後-3
[652/900] メガトンハンマー（先） vs 急襲レールウェイ（後・拡張）: 拡張側勝利 Turn 10 HP 先0 / 後9
[653/900] メガトンハンマー（先・拡張） vs 急襲レールウェイ（後）: 拡張側勝利 Turn 11 HP 先6 / 後-1
[654/900] メガトンハンマー（先） vs 急襲レールウェイ（後・拡張）: 拡張側勝利 Turn 14 HP 先0 / 後17
[655/900] メガトンハンマー（先・拡張） vs 急襲レールウェイ（後）: 通常側勝利 Turn 10 HP 先-2 / 後13
[656/900] メガトンハンマー（先） vs 急襲レールウェイ（後・拡張）: 拡張側勝利 Turn 10 HP 先-9 / 後10
[657/900] メガトンハンマー（先・拡張） vs 急襲レールウェイ（後）: 通常側勝利 Turn 10 HP 先0 / 後11
[658/900] メガトンハンマー（先） vs 急襲レールウェイ（後・拡張）: 通常側勝利 Turn 11 HP 先11 / 後0
[659/900] メガトンハンマー（先・拡張） vs 急襲レールウェイ（後）: 拡張側勝利 Turn 13 HP 先5 / 後-8
[660/900] メガトンハンマー（先） vs 急襲レールウェイ（後・拡張）: 拡張側勝利 Turn 10 HP 先0 / 後7
[661/900] 急襲レールウェイ（先・拡張） vs 真綿（後）: 通常側勝利 Turn 12 HP 先0 / 後9
[662/900] 急襲レールウェイ（先） vs 真綿（後・拡張）: 拡張側勝利 Turn 12 HP 先0 / 後9
[663/900] 急襲レールウェイ（先・拡張） vs 真綿（後）: 拡張側勝利 Turn 11 HP 先4 / 後-1
[664/900] 急襲レールウェイ（先） vs 真綿（後・拡張）: 拡張側勝利 Turn 10 HP 先0 / 後11
[665/900] 急襲レールウェイ（先・拡張） vs 真綿（後）: 拡張側勝利 Turn 9 HP 先13 / 後0
[666/900] 急襲レールウェイ（先） vs 真綿（後・拡張）: 拡張側勝利 Turn 10 HP 先-1 / 後11
[667/900] 急襲レールウェイ（先・拡張） vs 真綿（後）: 拡張側勝利 Turn 11 HP 先10 / 後-5
[668/900] 急襲レールウェイ（先） vs 真綿（後・拡張）: 通常側勝利 Turn 11 HP 先2 / 後-8
[669/900] 急襲レールウェイ（先・拡張） vs 真綿（後）: 通常側勝利 Turn 12 HP 先-2 / 後4
[670/900] 急襲レールウェイ（先） vs 真綿（後・拡張）: 拡張側勝利 Turn 12 HP 先0 / 後4
[671/900] 急襲レールウェイ（先・拡張） vs 真綿（後）: 通常側勝利 Turn 10 HP 先0 / 後10
[672/900] 急襲レールウェイ（先） vs 真綿（後・拡張）: 拡張側勝利 Turn 12 HP 先0 / 後15
[673/900] 急襲レールウェイ（先・拡張） vs 真綿（後）: 通常側勝利 Turn 12 HP 先-3 / 後1
[674/900] 急襲レールウェイ（先） vs 真綿（後・拡張）: 拡張側勝利 Turn 14 HP 先-1 / 後7
[675/900] 急襲レールウェイ（先・拡張） vs 真綿（後）: 拡張側勝利 Turn 13 HP 先8 / 後-2
[676/900] 急襲レールウェイ（先） vs 真綿（後・拡張）: 拡張側勝利 Turn 12 HP 先0 / 後12
[677/900] 急襲レールウェイ（先・拡張） vs 真綿（後）: 通常側勝利 Turn 10 HP 先-1 / 後9
[678/900] 急襲レールウェイ（先） vs 真綿（後・拡張）: 通常側勝利 Turn 9 HP 先12 / 後0
[679/900] 急襲レールウェイ（先・拡張） vs 真綿（後）: 通常側勝利 Turn 10 HP 先0 / 後16
[680/900] 急襲レールウェイ（先） vs 真綿（後・拡張）: 拡張側勝利 Turn 14 HP 先0 / 後13
[681/900] 急襲レールウェイ（先・拡張） vs 真綿（後）: 通常側勝利 Turn 12 HP 先0 / 後14
[682/900] 急襲レールウェイ（先） vs 真綿（後・拡張）: 拡張側勝利 Turn 10 HP 先0 / 後8
[683/900] 急襲レールウェイ（先・拡張） vs 真綿（後）: 拡張側勝利 Turn 13 HP 先19 / 後0
[684/900] 急襲レールウェイ（先） vs 真綿（後・拡張）: 拡張側勝利 Turn 10 HP 先0 / 後7
[685/900] 急襲レールウェイ（先・拡張） vs 真綿（後）: 拡張側勝利 Turn 11 HP 先5 / 後-4
[686/900] 急襲レールウェイ（先） vs 真綿（後・拡張）: 通常側勝利 Turn 11 HP 先9 / 後-2
[687/900] 急襲レールウェイ（先・拡張） vs 真綿（後）: 通常側勝利 Turn 8 HP 先0 / 後11
[688/900] 急襲レールウェイ（先） vs 真綿（後・拡張）: 拡張側勝利 Turn 12 HP 先0 / 後16
[689/900] 急襲レールウェイ（先・拡張） vs 真綿（後）: 通常側勝利 Turn 14 HP 先-1 / 後5
[690/900] 急襲レールウェイ（先） vs 真綿（後・拡張）: 通常側勝利 Turn 9 HP 先13 / 後0
[691/900] 真綿（先・拡張） vs 急襲レールウェイ（後）: 通常側勝利 Turn 10 HP 先-2 / 後9
[692/900] 真綿（先） vs 急襲レールウェイ（後・拡張）: 拡張側勝利 Turn 10 HP 先0 / 後6
[693/900] 真綿（先・拡張） vs 急襲レールウェイ（後）: 拡張側勝利 Turn 13 HP 先8 / 後-1
[694/900] 真綿（先） vs 急襲レールウェイ（後・拡張）: 通常側勝利 Turn 9 HP 先12 / 後0
[695/900] 真綿（先・拡張） vs 急襲レールウェイ（後）: 拡張側勝利 Turn 9 HP 先11 / 後-1
[696/900] 真綿（先） vs 急襲レールウェイ（後・拡張）: 拡張側勝利 Turn 12 HP 先0 / 後22
[697/900] 真綿（先・拡張） vs 急襲レールウェイ（後）: 通常側勝利 Turn 12 HP 先-4 / 後7
[698/900] 真綿（先） vs 急襲レールウェイ（後・拡張）: 拡張側勝利 Turn 12 HP 先-2 / 後15
[699/900] 真綿（先・拡張） vs 急襲レールウェイ（後）: 通常側勝利 Turn 12 HP 先-1 / 後17
[700/900] 真綿（先） vs 急襲レールウェイ（後・拡張）: 拡張側勝利 Turn 12 HP 先0 / 後8
[701/900] 真綿（先・拡張） vs 急襲レールウェイ（後）: 拡張側勝利 Turn 13 HP 先10 / 後-1
[702/900] 真綿（先） vs 急襲レールウェイ（後・拡張）: 拡張側勝利 Turn 8 HP 先0 / 後9
[703/900] 真綿（先・拡張） vs 急襲レールウェイ（後）: 拡張側勝利 Turn 13 HP 先5 / 後-1
[704/900] 真綿（先） vs 急襲レールウェイ（後・拡張）: 通常側勝利 Turn 11 HP 先8 / 後-1
[705/900] 真綿（先・拡張） vs 急襲レールウェイ（後）: 拡張側勝利 Turn 11 HP 先1 / 後-3
[706/900] 真綿（先） vs 急襲レールウェイ（後・拡張）: 拡張側勝利 Turn 12 HP 先-5 / 後4
[707/900] 真綿（先・拡張） vs 急襲レールウェイ（後）: 拡張側勝利 Turn 11 HP 先12 / 後0
[708/900] 真綿（先） vs 急襲レールウェイ（後・拡張）: 拡張側勝利 Turn 8 HP 先-1 / 後7
[709/900] 真綿（先・拡張） vs 急襲レールウェイ（後）: 拡張側勝利 Turn 13 HP 先6 / 後0
[710/900] 真綿（先） vs 急襲レールウェイ（後・拡張）: 通常側勝利 Turn 9 HP 先5 / 後-1
[711/900] 真綿（先・拡張） vs 急襲レールウェイ（後）: 通常側勝利 Turn 12 HP 先-3 / 後16
[712/900] 真綿（先） vs 急襲レールウェイ（後・拡張）: 拡張側勝利 Turn 12 HP 先0 / 後11
[713/900] 真綿（先・拡張） vs 急襲レールウェイ（後）: 拡張側勝利 Turn 17 HP 先16 / 後-2
[714/900] 真綿（先） vs 急襲レールウェイ（後・拡張）: 拡張側勝利 Turn 12 HP 先-1 / 後6
[715/900] 真綿（先・拡張） vs 急襲レールウェイ（後）: 通常側勝利 Turn 10 HP 先0 / 後9
[716/900] 真綿（先） vs 急襲レールウェイ（後・拡張）: 通常側勝利 Turn 9 HP 先9 / 後0
[717/900] 真綿（先・拡張） vs 急襲レールウェイ（後）: 拡張側勝利 Turn 11 HP 先15 / 後-1
[718/900] 真綿（先） vs 急襲レールウェイ（後・拡張）: 通常側勝利 Turn 11 HP 先4 / 後0
[719/900] 真綿（先・拡張） vs 急襲レールウェイ（後）: 拡張側勝利 Turn 13 HP 先5 / 後-1
[720/900] 真綿（先） vs 急襲レールウェイ（後・拡張）: 通常側勝利 Turn 15 HP 先14 / 後-1
[721/900] 爆弾魔（先・拡張） vs メガトンハンマー（後）: 通常側勝利 Turn 10 HP 先-2 / 後7
[722/900] 爆弾魔（先） vs メガトンハンマー（後・拡張）: 通常側勝利 Turn 11 HP 先7 / 後0
[723/900] 爆弾魔（先・拡張） vs メガトンハンマー（後）: 拡張側勝利 Turn 7 HP 先18 / 後-2
[724/900] 爆弾魔（先） vs メガトンハンマー（後・拡張）: 拡張側勝利 Turn 10 HP 先-2 / 後3
[725/900] 爆弾魔（先・拡張） vs メガトンハンマー（後）: 通常側勝利 Turn 8 HP 先-2 / 後9
[726/900] 爆弾魔（先） vs メガトンハンマー（後・拡張）: 通常側勝利 Turn 9 HP 先13 / 後0
[727/900] 爆弾魔（先・拡張） vs メガトンハンマー（後）: 拡張側勝利 Turn 13 HP 先10 / 後-1
[728/900] 爆弾魔（先） vs メガトンハンマー（後・拡張）: 拡張側勝利 Turn 10 HP 先-2 / 後3
[729/900] 爆弾魔（先・拡張） vs メガトンハンマー（後）: 拡張側勝利 Turn 15 HP 先4 / 後-2
[730/900] 爆弾魔（先） vs メガトンハンマー（後・拡張）: 拡張側勝利 Turn 10 HP 先0 / 後9
[731/900] 爆弾魔（先・拡張） vs メガトンハンマー（後）: 通常側勝利 Turn 10 HP 先-1 / 後9
[732/900] 爆弾魔（先） vs メガトンハンマー（後・拡張）: 通常側勝利 Turn 9 HP 先6 / 後0
[733/900] 爆弾魔（先・拡張） vs メガトンハンマー（後）: 通常側勝利 Turn 10 HP 先-8 / 後2
[734/900] 爆弾魔（先） vs メガトンハンマー（後・拡張）: 拡張側勝利 Turn 14 HP 先-1 / 後8
[735/900] 爆弾魔（先・拡張） vs メガトンハンマー（後）: 通常側勝利 Turn 14 HP 先-1 / 後8
[736/900] 爆弾魔（先） vs メガトンハンマー（後・拡張）: 拡張側勝利 Turn 8 HP 先-1 / 後13
[737/900] 爆弾魔（先・拡張） vs メガトンハンマー（後）: 拡張側勝利 Turn 9 HP 先14 / 後-1
[738/900] 爆弾魔（先） vs メガトンハンマー（後・拡張）: 通常側勝利 Turn 11 HP 先13 / 後0
[739/900] 爆弾魔（先・拡張） vs メガトンハンマー（後）: 通常側勝利 Turn 10 HP 先-4 / 後15
[740/900] 爆弾魔（先） vs メガトンハンマー（後・拡張）: 拡張側勝利 Turn 10 HP 先-2 / 後11
[741/900] 爆弾魔（先・拡張） vs メガトンハンマー（後）: 通常側勝利 Turn 10 HP 先0 / 後8
[742/900] 爆弾魔（先） vs メガトンハンマー（後・拡張）: 通常側勝利 Turn 11 HP 先8 / 後-1
[743/900] 爆弾魔（先・拡張） vs メガトンハンマー（後）: 拡張側勝利 Turn 9 HP 先15 / 後0
[744/900] 爆弾魔（先） vs メガトンハンマー（後・拡張）: 通常側勝利 Turn 7 HP 先12 / 後0
[745/900] 爆弾魔（先・拡張） vs メガトンハンマー（後）: 拡張側勝利 Turn 9 HP 先11 / 後-2
[746/900] 爆弾魔（先） vs メガトンハンマー（後・拡張）: 拡張側勝利 Turn 12 HP 先-12 / 後1
[747/900] 爆弾魔（先・拡張） vs メガトンハンマー（後）: 拡張側勝利 Turn 9 HP 先8 / 後-1
[748/900] 爆弾魔（先） vs メガトンハンマー（後・拡張）: 拡張側勝利 Turn 10 HP 先0 / 後5
[749/900] 爆弾魔（先・拡張） vs メガトンハンマー（後）: 拡張側勝利 Turn 11 HP 先9 / 後-3
[750/900] 爆弾魔（先） vs メガトンハンマー（後・拡張）: 通常側勝利 Turn 9 HP 先12 / 後-2
[751/900] メガトンハンマー（先・拡張） vs 爆弾魔（後）: 通常側勝利 Turn 10 HP 先0 / 後8
[752/900] メガトンハンマー（先） vs 爆弾魔（後・拡張）: 通常側勝利 Turn 11 HP 先11 / 後-6
[753/900] メガトンハンマー（先・拡張） vs 爆弾魔（後）: 通常側勝利 Turn 8 HP 先0 / 後8
[754/900] メガトンハンマー（先） vs 爆弾魔（後・拡張）: 拡張側勝利 Turn 10 HP 先-1 / 後15
[755/900] メガトンハンマー（先・拡張） vs 爆弾魔（後）: 通常側勝利 Turn 8 HP 先0 / 後13
[756/900] メガトンハンマー（先） vs 爆弾魔（後・拡張）: 通常側勝利 Turn 9 HP 先2 / 後0
[757/900] メガトンハンマー（先・拡張） vs 爆弾魔（後）: 通常側勝利 Turn 8 HP 先-5 / 後1
[758/900] メガトンハンマー（先） vs 爆弾魔（後・拡張）: 拡張側勝利 Turn 10 HP 先-1 / 後6
[759/900] メガトンハンマー（先・拡張） vs 爆弾魔（後）: 拡張側勝利 Turn 11 HP 先6 / 後-1
[760/900] メガトンハンマー（先） vs 爆弾魔（後・拡張）: 拡張側勝利 Turn 12 HP 先-2 / 後7
[761/900] メガトンハンマー（先・拡張） vs 爆弾魔（後）: 通常側勝利 Turn 10 HP 先0 / 後2
[762/900] メガトンハンマー（先） vs 爆弾魔（後・拡張）: 通常側勝利 Turn 9 HP 先7 / 後-2
[763/900] メガトンハンマー（先・拡張） vs 爆弾魔（後）: 通常側勝利 Turn 12 HP 先0 / 後13
[764/900] メガトンハンマー（先） vs 爆弾魔（後・拡張）: 通常側勝利 Turn 9 HP 先13 / 後0
[765/900] メガトンハンマー（先・拡張） vs 爆弾魔（後）: 拡張側勝利 Turn 15 HP 先10 / 後-1
[766/900] メガトンハンマー（先） vs 爆弾魔（後・拡張）: 通常側勝利 Turn 11 HP 先9 / 後0
[767/900] メガトンハンマー（先・拡張） vs 爆弾魔（後）: 通常側勝利 Turn 8 HP 先0 / 後8
[768/900] メガトンハンマー（先） vs 爆弾魔（後・拡張）: 拡張側勝利 Turn 10 HP 先-2 / 後12
[769/900] メガトンハンマー（先・拡張） vs 爆弾魔（後）: 拡張側勝利 Turn 11 HP 先11 / 後-2
[770/900] メガトンハンマー（先） vs 爆弾魔（後・拡張）: 拡張側勝利 Turn 12 HP 先-1 / 後12
[771/900] メガトンハンマー（先・拡張） vs 爆弾魔（後）: 通常側勝利 Turn 16 HP 先-1 / 後6
[772/900] メガトンハンマー（先） vs 爆弾魔（後・拡張）: 拡張側勝利 Turn 12 HP 先-1 / 後12
[773/900] メガトンハンマー（先・拡張） vs 爆弾魔（後）: 通常側勝利 Turn 10 HP 先0 / 後12
[774/900] メガトンハンマー（先） vs 爆弾魔（後・拡張）: 拡張側勝利 Turn 10 HP 先0 / 後14
[775/900] メガトンハンマー（先・拡張） vs 爆弾魔（後）: 通常側勝利 Turn 10 HP 先0 / 後12
[776/900] メガトンハンマー（先） vs 爆弾魔（後・拡張）: 通常側勝利 Turn 9 HP 先1 / 後0
[777/900] メガトンハンマー（先・拡張） vs 爆弾魔（後）: 拡張側勝利 Turn 11 HP 先9 / 後-1
[778/900] メガトンハンマー（先） vs 爆弾魔（後・拡張）: 拡張側勝利 Turn 10 HP 先0 / 後12
[779/900] メガトンハンマー（先・拡張） vs 爆弾魔（後）: 通常側勝利 Turn 12 HP 先-3 / 後10
[780/900] メガトンハンマー（先） vs 爆弾魔（後・拡張）: 通常側勝利 Turn 9 HP 先4 / 後-1
[781/900] 爆弾魔（先・拡張） vs 真綿（後）: 拡張側勝利 Turn 9 HP 先9 / 後-1
[782/900] 爆弾魔（先） vs 真綿（後・拡張）: 通常側勝利 Turn 9 HP 先12 / 後0
[783/900] 爆弾魔（先・拡張） vs 真綿（後）: 通常側勝利 Turn 12 HP 先0 / 後13
[784/900] 爆弾魔（先） vs 真綿（後・拡張）: 拡張側勝利 Turn 12 HP 先0 / 後10
[785/900] 爆弾魔（先・拡張） vs 真綿（後）: 拡張側勝利 Turn 11 HP 先8 / 後-5
[786/900] 爆弾魔（先） vs 真綿（後・拡張）: 通常側勝利 Turn 9 HP 先16 / 後-8
[787/900] 爆弾魔（先・拡張） vs 真綿（後）: 通常側勝利 Turn 14 HP 先-1 / 後4
[788/900] 爆弾魔（先） vs 真綿（後・拡張）: 拡張側勝利 Turn 12 HP 先0 / 後10
[789/900] 爆弾魔（先・拡張） vs 真綿（後）: 拡張側勝利 Turn 9 HP 先13 / 後-3
[790/900] 爆弾魔（先） vs 真綿（後・拡張）: 通常側勝利 Turn 9 HP 先15 / 後-5
[791/900] 爆弾魔（先・拡張） vs 真綿（後）: 通常側勝利 Turn 12 HP 先0 / 後13
[792/900] 爆弾魔（先） vs 真綿（後・拡張）: 拡張側勝利 Turn 14 HP 先0 / 後10
[793/900] 爆弾魔（先・拡張） vs 真綿（後）: 通常側勝利 Turn 14 HP 先0 / 後12
[794/900] 爆弾魔（先） vs 真綿（後・拡張）: 通常側勝利 Turn 9 HP 先8 / 後-1
[795/900] 爆弾魔（先・拡張） vs 真綿（後）: 拡張側勝利 Turn 11 HP 先2 / 後-3
[796/900] 爆弾魔（先） vs 真綿（後・拡張）: 通常側勝利 Turn 9 HP 先9 / 後-1
[797/900] 爆弾魔（先・拡張） vs 真綿（後）: 通常側勝利 Turn 10 HP 先0 / 後8
[798/900] 爆弾魔（先） vs 真綿（後・拡張）: 拡張側勝利 Turn 12 HP 先-5 / 後3
[799/900] 爆弾魔（先・拡張） vs 真綿（後）: 通常側勝利 Turn 10 HP 先0 / 後15
[800/900] 爆弾魔（先） vs 真綿（後・拡張）: 拡張側勝利 Turn 10 HP 先-4 / 後1
[801/900] 爆弾魔（先・拡張） vs 真綿（後）: 拡張側勝利 Turn 9 HP 先20 / 後0
[802/900] 爆弾魔（先） vs 真綿（後・拡張）: 通常側勝利 Turn 9 HP 先11 / 後0
[803/900] 爆弾魔（先・拡張） vs 真綿（後）: 通常側勝利 Turn 12 HP 先0 / 後13
[804/900] 爆弾魔（先） vs 真綿（後・拡張）: 通常側勝利 Turn 9 HP 先11 / 後-1
[805/900] 爆弾魔（先・拡張） vs 真綿（後）: 通常側勝利 Turn 10 HP 先0 / 後11
[806/900] 爆弾魔（先） vs 真綿（後・拡張）: 拡張側勝利 Turn 14 HP 先-3 / 後1
[807/900] 爆弾魔（先・拡張） vs 真綿（後）: 拡張側勝利 Turn 17 HP 先8 / 後-5
[808/900] 爆弾魔（先） vs 真綿（後・拡張）: 通常側勝利 Turn 13 HP 先3 / 後-2
[809/900] 爆弾魔（先・拡張） vs 真綿（後）: 拡張側勝利 Turn 11 HP 先9 / 後-3
[810/900] 爆弾魔（先） vs 真綿（後・拡張）: 拡張側勝利 Turn 14 HP 先0 / 後8
[811/900] 真綿（先・拡張） vs 爆弾魔（後）: 通常側勝利 Turn 10 HP 先0 / 後11
[812/900] 真綿（先） vs 爆弾魔（後・拡張）: 拡張側勝利 Turn 10 HP 先-2 / 後9
[813/900] 真綿（先・拡張） vs 爆弾魔（後）: 通常側勝利 Turn 8 HP 先0 / 後10
[814/900] 真綿（先） vs 爆弾魔（後・拡張）: 通常側勝利 Turn 9 HP 先6 / 後0
[815/900] 真綿（先・拡張） vs 爆弾魔（後）: 通常側勝利 Turn 8 HP 先0 / 後19
[816/900] 真綿（先） vs 爆弾魔（後・拡張）: 拡張側勝利 Turn 8 HP 先-1 / 後13
[817/900] 真綿（先・拡張） vs 爆弾魔（後）: 拡張側勝利 Turn 13 HP 先6 / 後-3
[818/900] 真綿（先） vs 爆弾魔（後・拡張）: 通常側勝利 Turn 11 HP 先1 / 後-1
[819/900] 真綿（先・拡張） vs 爆弾魔（後）: 通常側勝利 Turn 12 HP 先0 / 後10
[820/900] 真綿（先） vs 爆弾魔（後・拡張）: 拡張側勝利 Turn 10 HP 先0 / 後6
[821/900] 真綿（先・拡張） vs 爆弾魔（後）: 拡張側勝利 Turn 9 HP 先13 / 後-1
[822/900] 真綿（先） vs 爆弾魔（後・拡張）: 拡張側勝利 Turn 10 HP 先0 / 後8
[823/900] 真綿（先・拡張） vs 爆弾魔（後）: 拡張側勝利 Turn 11 HP 先5 / 後0
[824/900] 真綿（先） vs 爆弾魔（後・拡張）: 通常側勝利 Turn 13 HP 先1 / 後-1
[825/900] 真綿（先・拡張） vs 爆弾魔（後）: 拡張側勝利 Turn 13 HP 先5 / 後0
[826/900] 真綿（先） vs 爆弾魔（後・拡張）: 拡張側勝利 Turn 12 HP 先0 / 後9
[827/900] 真綿（先・拡張） vs 爆弾魔（後）: 通常側勝利 Turn 10 HP 先0 / 後10
[828/900] 真綿（先） vs 爆弾魔（後・拡張）: 通常側勝利 Turn 9 HP 先2 / 後0
[829/900] 真綿（先・拡張） vs 爆弾魔（後）: 通常側勝利 Turn 10 HP 先0 / 後3
[830/900] 真綿（先） vs 爆弾魔（後・拡張）: 通常側勝利 Turn 13 HP 先13 / 後-7
[831/900] 真綿（先・拡張） vs 爆弾魔（後）: 拡張側勝利 Turn 13 HP 先9 / 後-1
[832/900] 真綿（先） vs 爆弾魔（後・拡張）: 拡張側勝利 Turn 12 HP 先0 / 後3
[833/900] 真綿（先・拡張） vs 爆弾魔（後）: 拡張側勝利 Turn 11 HP 先12 / 後0
[834/900] 真綿（先） vs 爆弾魔（後・拡張）: 通常側勝利 Turn 13 HP 先12 / 後-1
[835/900] 真綿（先・拡張） vs 爆弾魔（後）: 通常側勝利 Turn 10 HP 先0 / 後9
[836/900] 真綿（先） vs 爆弾魔（後・拡張）: 通常側勝利 Turn 9 HP 先6 / 後-1
[837/900] 真綿（先・拡張） vs 爆弾魔（後）: 通常側勝利 Turn 10 HP 先-1 / 後9
[838/900] 真綿（先） vs 爆弾魔（後・拡張）: 拡張側勝利 Turn 12 HP 先0 / 後5
[839/900] 真綿（先・拡張） vs 爆弾魔（後）: 通常側勝利 Turn 16 HP 先0 / 後7
[840/900] 真綿（先） vs 爆弾魔（後・拡張）: 通常側勝利 Turn 9 HP 先9 / 後-2
[841/900] メガトンハンマー（先・拡張） vs 真綿（後）: 拡張側勝利 Turn 9 HP 先4 / 後0
[842/900] メガトンハンマー（先） vs 真綿（後・拡張）: 拡張側勝利 Turn 12 HP 先0 / 後12
[843/900] メガトンハンマー（先・拡張） vs 真綿（後）: 通常側勝利 Turn 16 HP 先-6 / 後4
[844/900] メガトンハンマー（先） vs 真綿（後・拡張）: 通常側勝利 Turn 9 HP 先14 / 後0
[845/900] メガトンハンマー（先・拡張） vs 真綿（後）: 拡張側勝利 Turn 13 HP 先13 / 後0
[846/900] メガトンハンマー（先） vs 真綿（後・拡張）: 通常側勝利 Turn 13 HP 先6 / 後-2
[847/900] メガトンハンマー（先・拡張） vs 真綿（後）: 通常側勝利 Turn 18 HP 先0 / 後10
[848/900] メガトンハンマー（先） vs 真綿（後・拡張）: 通常側勝利 Turn 13 HP 先9 / 後-2
[849/900] メガトンハンマー（先・拡張） vs 真綿（後）: 拡張側勝利 Turn 13 HP 先8 / 後-1
[850/900] メガトンハンマー（先） vs 真綿（後・拡張）: 通常側勝利 Turn 17 HP 先9 / 後-2
[851/900] メガトンハンマー（先・拡張） vs 真綿（後）: 拡張側勝利 Turn 13 HP 先12 / 後0
[852/900] メガトンハンマー（先） vs 真綿（後・拡張）: 拡張側勝利 Turn 12 HP 先-2 / 後4
[853/900] メガトンハンマー（先・拡張） vs 真綿（後）: 拡張側勝利 Turn 13 HP 先15 / 後0
[854/900] メガトンハンマー（先） vs 真綿（後・拡張）: 通常側勝利 Turn 17 HP 先9 / 後-1
[855/900] メガトンハンマー（先・拡張） vs 真綿（後）: 拡張側勝利 Turn 9 HP 先11 / 後0
[856/900] メガトンハンマー（先） vs 真綿（後・拡張）: 拡張側勝利 Turn 14 HP 先-1 / 後7
[857/900] メガトンハンマー（先・拡張） vs 真綿（後）: 拡張側勝利 Turn 11 HP 先20 / 後0
[858/900] メガトンハンマー（先） vs 真綿（後・拡張）: 通常側勝利 Turn 11 HP 先3 / 後0
[859/900] メガトンハンマー（先・拡張） vs 真綿（後）: 通常側勝利 Turn 14 HP 先-1 / 後11
[860/900] メガトンハンマー（先） vs 真綿（後・拡張）: 通常側勝利 Turn 11 HP 先2 / 後-3
[861/900] メガトンハンマー（先・拡張） vs 真綿（後）: 拡張側勝利 Turn 11 HP 先13 / 後0
[862/900] メガトンハンマー（先） vs 真綿（後・拡張）: 通常側勝利 Turn 13 HP 先5 / 後0
[863/900] メガトンハンマー（先・拡張） vs 真綿（後）: 通常側勝利 Turn 10 HP 先0 / 後6
[864/900] メガトンハンマー（先） vs 真綿（後・拡張）: 通常側勝利 Turn 13 HP 先6 / 後0
[865/900] メガトンハンマー（先・拡張） vs 真綿（後）: 拡張側勝利 Turn 23 HP 先4 / 後-2
[866/900] メガトンハンマー（先） vs 真綿（後・拡張）: 拡張側勝利 Turn 12 HP 先-1 / 後8
[867/900] メガトンハンマー（先・拡張） vs 真綿（後）: 通常側勝利 Turn 12 HP 先0 / 後10
[868/900] メガトンハンマー（先） vs 真綿（後・拡張）: 拡張側勝利 Turn 10 HP 先-1 / 後19
[869/900] メガトンハンマー（先・拡張） vs 真綿（後）: 拡張側勝利 Turn 13 HP 先4 / 後-1
[870/900] メガトンハンマー（先） vs 真綿（後・拡張）: 拡張側勝利 Turn 12 HP 先-2 / 後7
[871/900] 真綿（先・拡張） vs メガトンハンマー（後）: 拡張側勝利 Turn 13 HP 先14 / 後0
[872/900] 真綿（先） vs メガトンハンマー（後・拡張）: 通常側勝利 Turn 13 HP 先5 / 後-5
[873/900] 真綿（先・拡張） vs メガトンハンマー（後）: 通常側勝利 Turn 10 HP 先0 / 後13
[874/900] 真綿（先） vs メガトンハンマー（後・拡張）: 拡張側勝利 Turn 12 HP 先-2 / 後10
[875/900] 真綿（先・拡張） vs メガトンハンマー（後）: 通常側勝利 Turn 14 HP 先-1 / 後13
[876/900] 真綿（先） vs メガトンハンマー（後・拡張）: 拡張側勝利 Turn 12 HP 先-3 / 後4
[877/900] 真綿（先・拡張） vs メガトンハンマー（後）: 拡張側勝利 Turn 11 HP 先9 / 後-3
[878/900] 真綿（先） vs メガトンハンマー（後・拡張）: 拡張側勝利 Turn 12 HP 先-1 / 後13
[879/900] 真綿（先・拡張） vs メガトンハンマー（後）: 通常側勝利 Turn 16 HP 先-1 / 後8
[880/900] 真綿（先） vs メガトンハンマー（後・拡張）: 拡張側勝利 Turn 10 HP 先0 / 後9
[881/900] 真綿（先・拡張） vs メガトンハンマー（後）: 拡張側勝利 Turn 9 HP 先7 / 後-1
[882/900] 真綿（先） vs メガトンハンマー（後・拡張）: 通常側勝利 Turn 13 HP 先11 / 後-1
[883/900] 真綿（先・拡張） vs メガトンハンマー（後）: 通常側勝利 Turn 12 HP 先0 / 後3
[884/900] 真綿（先） vs メガトンハンマー（後・拡張）: 拡張側勝利 Turn 12 HP 先0 / 後3
[885/900] 真綿（先・拡張） vs メガトンハンマー（後）: 拡張側勝利 Turn 13 HP 先3 / 後0
[886/900] 真綿（先） vs メガトンハンマー（後・拡張）: 通常側勝利 Turn 17 HP 先9 / 後0
[887/900] 真綿（先・拡張） vs メガトンハンマー（後）: 通常側勝利 Turn 14 HP 先-13 / 後11
[888/900] 真綿（先） vs メガトンハンマー（後・拡張）: 拡張側勝利 Turn 10 HP 先0 / 後15
[889/900] 真綿（先・拡張） vs メガトンハンマー（後）: 拡張側勝利 Turn 11 HP 先14 / 後0
[890/900] 真綿（先） vs メガトンハンマー（後・拡張）: 拡張側勝利 Turn 12 HP 先-1 / 後12
[891/900] 真綿（先・拡張） vs メガトンハンマー（後）: 拡張側勝利 Turn 17 HP 先11 / 後0
[892/900] 真綿（先） vs メガトンハンマー（後・拡張）: 拡張側勝利 Turn 12 HP 先-1 / 後13
[893/900] 真綿（先・拡張） vs メガトンハンマー（後）: 拡張側勝利 Turn 13 HP 先4 / 後-2
[894/900] 真綿（先） vs メガトンハンマー（後・拡張）: 拡張側勝利 Turn 10 HP 先-1 / 後9
[895/900] 真綿（先・拡張） vs メガトンハンマー（後）: 拡張側勝利 Turn 11 HP 先8 / 後0
[896/900] 真綿（先） vs メガトンハンマー（後・拡張）: 拡張側勝利 Turn 18 HP 先0 / 後12
[897/900] 真綿（先・拡張） vs メガトンハンマー（後）: 通常側勝利 Turn 14 HP 先-4 / 後15
[898/900] 真綿（先） vs メガトンハンマー（後・拡張）: 拡張側勝利 Turn 12 HP 先-1 / 後11
[899/900] 真綿（先・拡張） vs メガトンハンマー（後）: 拡張側勝利 Turn 13 HP 先15 / 後-3
[900/900] 真綿（先） vs メガトンハンマー（後・拡張）: 拡張側勝利 Turn 12 HP 先-3 / 後5

拡張カード追加側集計
全体: 509勝 391敗 0未決着 / 勝率 56.6%
ブンブンぶん殴り: 90勝 60敗 0未決着 / 勝率 60.0% （先 45/75、後 45/75）
じゃぶじゃぶマネー: 90勝 60敗 0未決着 / 勝率 60.0% （先 44/75、後 46/75）
急襲レールウェイ: 85勝 65敗 0未決着 / 勝率 56.7% （先 39/75、後 46/75）
爆弾魔: 79勝 71敗 0未決着 / 勝率 52.7% （先 37/75、後 42/75）
メガトンハンマー: 85勝 65敗 0未決着 / 勝率 56.7% （先 39/75、後 46/75）
真綿: 80勝 70敗 0未決着 / 勝率 53.3% （先 37/75、後 43/75）

同一条件ペア比較
拡張側が両方勝利 140組 / 通常側が両方勝利 81組 / 勝敗分割 229組 / 未決着を含む 0組
