AI拡張カード評価戦
奇術師（b67d6803-0077-4a65-ad0b-68dcc7fcc546）を片方のデッキへ2枚追加
450条件 × 拡張側2通り = 900戦
固定シード: 20260816 / 未決着判定: 200ターン超過
このモードでは直接対戦勝率JSONを更新しません。

[001/900] ブンブンぶん殴り（先・拡張） vs じゃぶじゃぶマネー（後）: 通常側勝利 Turn 12 HP 先0 / 後15
[002/900] ブンブンぶん殴り（先） vs じゃぶじゃぶマネー（後・拡張）: 拡張側勝利 Turn 12 HP 先-2 / 後3
[003/900] ブンブンぶん殴り（先・拡張） vs じゃぶじゃぶマネー（後）: 通常側勝利 Turn 12 HP 先-2 / 後6
[004/900] ブンブンぶん殴り（先） vs じゃぶじゃぶマネー（後・拡張）: 通常側勝利 Turn 11 HP 先12 / 後-2
[005/900] ブンブンぶん殴り（先・拡張） vs じゃぶじゃぶマネー（後）: 通常側勝利 Turn 14 HP 先-2 / 後12
[006/900] ブンブンぶん殴り（先） vs じゃぶじゃぶマネー（後・拡張）: 拡張側勝利 Turn 10 HP 先0 / 後9
[007/900] ブンブンぶん殴り（先・拡張） vs じゃぶじゃぶマネー（後）: 拡張側勝利 Turn 9 HP 先4 / 後0
[008/900] ブンブンぶん殴り（先） vs じゃぶじゃぶマネー（後・拡張）: 通常側勝利 Turn 9 HP 先9 / 後0
[009/900] ブンブンぶん殴り（先・拡張） vs じゃぶじゃぶマネー（後）: 通常側勝利 Turn 10 HP 先0 / 後5
[010/900] ブンブンぶん殴り（先） vs じゃぶじゃぶマネー（後・拡張）: 拡張側勝利 Turn 10 HP 先-1 / 後9
[011/900] ブンブンぶん殴り（先・拡張） vs じゃぶじゃぶマネー（後）: 拡張側勝利 Turn 9 HP 先9 / 後0
[012/900] ブンブンぶん殴り（先） vs じゃぶじゃぶマネー（後・拡張）: 通常側勝利 Turn 11 HP 先5 / 後0
[013/900] ブンブンぶん殴り（先・拡張） vs じゃぶじゃぶマネー（後）: 拡張側勝利 Turn 11 HP 先9 / 後-1
[014/900] ブンブンぶん殴り（先） vs じゃぶじゃぶマネー（後・拡張）: 通常側勝利 Turn 9 HP 先8 / 後-1
[015/900] ブンブンぶん殴り（先・拡張） vs じゃぶじゃぶマネー（後）: 通常側勝利 Turn 12 HP 先0 / 後8
[016/900] ブンブンぶん殴り（先） vs じゃぶじゃぶマネー（後・拡張）: 通常側勝利 Turn 11 HP 先6 / 後-3
[017/900] ブンブンぶん殴り（先・拡張） vs じゃぶじゃぶマネー（後）: 通常側勝利 Turn 10 HP 先-1 / 後5
[018/900] ブンブンぶん殴り（先） vs じゃぶじゃぶマネー（後・拡張）: 拡張側勝利 Turn 12 HP 先0 / 後13
[019/900] ブンブンぶん殴り（先・拡張） vs じゃぶじゃぶマネー（後）: 拡張側勝利 Turn 11 HP 先6 / 後-3
[020/900] ブンブンぶん殴り（先） vs じゃぶじゃぶマネー（後・拡張）: 通常側勝利 Turn 9 HP 先9 / 後0
[021/900] ブンブンぶん殴り（先・拡張） vs じゃぶじゃぶマネー（後）: 通常側勝利 Turn 10 HP 先0 / 後11
[022/900] ブンブンぶん殴り（先） vs じゃぶじゃぶマネー（後・拡張）: 通常側勝利 Turn 17 HP 先9 / 後-1
[023/900] ブンブンぶん殴り（先・拡張） vs じゃぶじゃぶマネー（後）: 通常側勝利 Turn 12 HP 先0 / 後8
[024/900] ブンブンぶん殴り（先） vs じゃぶじゃぶマネー（後・拡張）: 拡張側勝利 Turn 12 HP 先-1 / 後9
[025/900] ブンブンぶん殴り（先・拡張） vs じゃぶじゃぶマネー（後）: 拡張側勝利 Turn 11 HP 先3 / 後0
[026/900] ブンブンぶん殴り（先） vs じゃぶじゃぶマネー（後・拡張）: 拡張側勝利 Turn 14 HP 先-1 / 後14
[027/900] ブンブンぶん殴り（先・拡張） vs じゃぶじゃぶマネー（後）: 通常側勝利 Turn 12 HP 先-1 / 後6
[028/900] ブンブンぶん殴り（先） vs じゃぶじゃぶマネー（後・拡張）: 拡張側勝利 Turn 16 HP 先0 / 後15
[029/900] ブンブンぶん殴り（先・拡張） vs じゃぶじゃぶマネー（後）: 通常側勝利 Turn 14 HP 先-1 / 後1
[030/900] ブンブンぶん殴り（先） vs じゃぶじゃぶマネー（後・拡張）: 拡張側勝利 Turn 10 HP 先-3 / 後3
[031/900] じゃぶじゃぶマネー（先・拡張） vs ブンブンぶん殴り（後）: 拡張側勝利 Turn 13 HP 先5 / 後-1
[032/900] じゃぶじゃぶマネー（先） vs ブンブンぶん殴り（後・拡張）: 通常側勝利 Turn 11 HP 先14 / 後0
[033/900] じゃぶじゃぶマネー（先・拡張） vs ブンブンぶん殴り（後）: 通常側勝利 Turn 10 HP 先-1 / 後11
[034/900] じゃぶじゃぶマネー（先） vs ブンブンぶん殴り（後・拡張）: 拡張側勝利 Turn 8 HP 先0 / 後15
[035/900] じゃぶじゃぶマネー（先・拡張） vs ブンブンぶん殴り（後）: 拡張側勝利 Turn 11 HP 先6 / 後0
[036/900] じゃぶじゃぶマネー（先） vs ブンブンぶん殴り（後・拡張）: 通常側勝利 Turn 13 HP 先4 / 後0
[037/900] じゃぶじゃぶマネー（先・拡張） vs ブンブンぶん殴り（後）: 通常側勝利 Turn 10 HP 先0 / 後10
[038/900] じゃぶじゃぶマネー（先） vs ブンブンぶん殴り（後・拡張）: 通常側勝利 Turn 13 HP 先2 / 後0
[039/900] じゃぶじゃぶマネー（先・拡張） vs ブンブンぶん殴り（後）: 拡張側勝利 Turn 9 HP 先12 / 後-1
[040/900] じゃぶじゃぶマネー（先） vs ブンブンぶん殴り（後・拡張）: 拡張側勝利 Turn 16 HP 先-7 / 後1
[041/900] じゃぶじゃぶマネー（先・拡張） vs ブンブンぶん殴り（後）: 通常側勝利 Turn 12 HP 先-1 / 後5
[042/900] じゃぶじゃぶマネー（先） vs ブンブンぶん殴り（後・拡張）: 通常側勝利 Turn 15 HP 先7 / 後-2
[043/900] じゃぶじゃぶマネー（先・拡張） vs ブンブンぶん殴り（後）: 拡張側勝利 Turn 11 HP 先3 / 後-1
[044/900] じゃぶじゃぶマネー（先） vs ブンブンぶん殴り（後・拡張）: 通常側勝利 Turn 13 HP 先5 / 後-9
[045/900] じゃぶじゃぶマネー（先・拡張） vs ブンブンぶん殴り（後）: 通常側勝利 Turn 12 HP 先-1 / 後7
[046/900] じゃぶじゃぶマネー（先） vs ブンブンぶん殴り（後・拡張）: 通常側勝利 Turn 15 HP 先6 / 後-1
[047/900] じゃぶじゃぶマネー（先・拡張） vs ブンブンぶん殴り（後）: 拡張側勝利 Turn 13 HP 先7 / 後-8
[048/900] じゃぶじゃぶマネー（先） vs ブンブンぶん殴り（後・拡張）: 通常側勝利 Turn 9 HP 先3 / 後-2
[049/900] じゃぶじゃぶマネー（先・拡張） vs ブンブンぶん殴り（後）: 拡張側勝利 Turn 9 HP 先5 / 後-1
[050/900] じゃぶじゃぶマネー（先） vs ブンブンぶん殴り（後・拡張）: 拡張側勝利 Turn 8 HP 先0 / 後15
[051/900] じゃぶじゃぶマネー（先・拡張） vs ブンブンぶん殴り（後）: 拡張側勝利 Turn 13 HP 先14 / 後-7
[052/900] じゃぶじゃぶマネー（先） vs ブンブンぶん殴り（後・拡張）: 通常側勝利 Turn 13 HP 先6 / 後-7
[053/900] じゃぶじゃぶマネー（先・拡張） vs ブンブンぶん殴り（後）: 通常側勝利 Turn 10 HP 先0 / 後8
[054/900] じゃぶじゃぶマネー（先） vs ブンブンぶん殴り（後・拡張）: 通常側勝利 Turn 13 HP 先9 / 後0
[055/900] じゃぶじゃぶマネー（先・拡張） vs ブンブンぶん殴り（後）: 拡張側勝利 Turn 13 HP 先11 / 後0
[056/900] じゃぶじゃぶマネー（先） vs ブンブンぶん殴り（後・拡張）: 通常側勝利 Turn 13 HP 先11 / 後-1
[057/900] じゃぶじゃぶマネー（先・拡張） vs ブンブンぶん殴り（後）: 拡張側勝利 Turn 13 HP 先5 / 後0
[058/900] じゃぶじゃぶマネー（先） vs ブンブンぶん殴り（後・拡張）: 通常側勝利 Turn 11 HP 先2 / 後-2
[059/900] じゃぶじゃぶマネー（先・拡張） vs ブンブンぶん殴り（後）: 拡張側勝利 Turn 11 HP 先6 / 後0
[060/900] じゃぶじゃぶマネー（先） vs ブンブンぶん殴り（後・拡張）: 通常側勝利 Turn 13 HP 先2 / 後0
[061/900] ブンブンぶん殴り（先・拡張） vs 急襲レールウェイ（後）: 通常側勝利 Turn 8 HP 先-1 / 後13
[062/900] ブンブンぶん殴り（先） vs 急襲レールウェイ（後・拡張）: 通常側勝利 Turn 9 HP 先13 / 後-3
[063/900] ブンブンぶん殴り（先・拡張） vs 急襲レールウェイ（後）: 通常側勝利 Turn 12 HP 先-1 / 後7
[064/900] ブンブンぶん殴り（先） vs 急襲レールウェイ（後・拡張）: 拡張側勝利 Turn 10 HP 先0 / 後6
[065/900] ブンブンぶん殴り（先・拡張） vs 急襲レールウェイ（後）: 通常側勝利 Turn 8 HP 先0 / 後10
[066/900] ブンブンぶん殴り（先） vs 急襲レールウェイ（後・拡張）: 拡張側勝利 Turn 8 HP 先-1 / 後16
[067/900] ブンブンぶん殴り（先・拡張） vs 急襲レールウェイ（後）: 拡張側勝利 Turn 11 HP 先8 / 後0
[068/900] ブンブンぶん殴り（先） vs 急襲レールウェイ（後・拡張）: 通常側勝利 Turn 21 HP 先16 / 後-1
[069/900] ブンブンぶん殴り（先・拡張） vs 急襲レールウェイ（後）: 拡張側勝利 Turn 7 HP 先11 / 後0
[070/900] ブンブンぶん殴り（先） vs 急襲レールウェイ（後・拡張）: 通常側勝利 Turn 11 HP 先9 / 後-2
[071/900] ブンブンぶん殴り（先・拡張） vs 急襲レールウェイ（後）: 拡張側勝利 Turn 7 HP 先15 / 後-1
[072/900] ブンブンぶん殴り（先） vs 急襲レールウェイ（後・拡張）: 拡張側勝利 Turn 10 HP 先-1 / 後3
[073/900] ブンブンぶん殴り（先・拡張） vs 急襲レールウェイ（後）: 拡張側勝利 Turn 11 HP 先7 / 後-1
[074/900] ブンブンぶん殴り（先） vs 急襲レールウェイ（後・拡張）: 拡張側勝利 Turn 14 HP 先0 / 後6
[075/900] ブンブンぶん殴り（先・拡張） vs 急襲レールウェイ（後）: 拡張側勝利 Turn 11 HP 先5 / 後-2
[076/900] ブンブンぶん殴り（先） vs 急襲レールウェイ（後・拡張）: 拡張側勝利 Turn 8 HP 先0 / 後7
[077/900] ブンブンぶん殴り（先・拡張） vs 急襲レールウェイ（後）: 通常側勝利 Turn 12 HP 先-2 / 後4
[078/900] ブンブンぶん殴り（先） vs 急襲レールウェイ（後・拡張）: 拡張側勝利 Turn 12 HP 先-2 / 後11
[079/900] ブンブンぶん殴り（先・拡張） vs 急襲レールウェイ（後）: 拡張側勝利 Turn 9 HP 先7 / 後-1
[080/900] ブンブンぶん殴り（先） vs 急襲レールウェイ（後・拡張）: 通常側勝利 Turn 9 HP 先11 / 後0
[081/900] ブンブンぶん殴り（先・拡張） vs 急襲レールウェイ（後）: 拡張側勝利 Turn 9 HP 先7 / 後-1
[082/900] ブンブンぶん殴り（先） vs 急襲レールウェイ（後・拡張）: 拡張側勝利 Turn 8 HP 先0 / 後10
[083/900] ブンブンぶん殴り（先・拡張） vs 急襲レールウェイ（後）: 通常側勝利 Turn 12 HP 先-1 / 後9
[084/900] ブンブンぶん殴り（先） vs 急襲レールウェイ（後・拡張）: 通常側勝利 Turn 9 HP 先13 / 後-1
[085/900] ブンブンぶん殴り（先・拡張） vs 急襲レールウェイ（後）: 拡張側勝利 Turn 7 HP 先14 / 後0
[086/900] ブンブンぶん殴り（先） vs 急襲レールウェイ（後・拡張）: 通常側勝利 Turn 9 HP 先3 / 後-3
[087/900] ブンブンぶん殴り（先・拡張） vs 急襲レールウェイ（後）: 通常側勝利 Turn 12 HP 先-2 / 後1
[088/900] ブンブンぶん殴り（先） vs 急襲レールウェイ（後・拡張）: 通常側勝利 Turn 11 HP 先10 / 後-1
[089/900] ブンブンぶん殴り（先・拡張） vs 急襲レールウェイ（後）: 拡張側勝利 Turn 11 HP 先4 / 後0
[090/900] ブンブンぶん殴り（先） vs 急襲レールウェイ（後・拡張）: 通常側勝利 Turn 11 HP 先3 / 後-10
[091/900] 急襲レールウェイ（先・拡張） vs ブンブンぶん殴り（後）: 通常側勝利 Turn 10 HP 先0 / 後7
[092/900] 急襲レールウェイ（先） vs ブンブンぶん殴り（後・拡張）: 通常側勝利 Turn 9 HP 先6 / 後0
[093/900] 急襲レールウェイ（先・拡張） vs ブンブンぶん殴り（後）: 拡張側勝利 Turn 9 HP 先7 / 後-1
[094/900] 急襲レールウェイ（先） vs ブンブンぶん殴り（後・拡張）: 拡張側勝利 Turn 12 HP 先-3 / 後11
[095/900] 急襲レールウェイ（先・拡張） vs ブンブンぶん殴り（後）: 拡張側勝利 Turn 7 HP 先18 / 後0
[096/900] 急襲レールウェイ（先） vs ブンブンぶん殴り（後・拡張）: 拡張側勝利 Turn 12 HP 先0 / 後8
[097/900] 急襲レールウェイ（先・拡張） vs ブンブンぶん殴り（後）: 通常側勝利 Turn 12 HP 先0 / 後8
[098/900] 急襲レールウェイ（先） vs ブンブンぶん殴り（後・拡張）: 拡張側勝利 Turn 10 HP 先-2 / 後7
[099/900] 急襲レールウェイ（先・拡張） vs ブンブンぶん殴り（後）: 通常側勝利 Turn 14 HP 先0 / 後11
[100/900] 急襲レールウェイ（先） vs ブンブンぶん殴り（後・拡張）: 拡張側勝利 Turn 8 HP 先-1 / 後11
[101/900] 急襲レールウェイ（先・拡張） vs ブンブンぶん殴り（後）: 通常側勝利 Turn 16 HP 先0 / 後8
[102/900] 急襲レールウェイ（先） vs ブンブンぶん殴り（後・拡張）: 拡張側勝利 Turn 8 HP 先0 / 後19
[103/900] 急襲レールウェイ（先・拡張） vs ブンブンぶん殴り（後）: 通常側勝利 Turn 10 HP 先-1 / 後7
[104/900] 急襲レールウェイ（先） vs ブンブンぶん殴り（後・拡張）: 拡張側勝利 Turn 10 HP 先-1 / 後3
[105/900] 急襲レールウェイ（先・拡張） vs ブンブンぶん殴り（後）: 通常側勝利 Turn 8 HP 先0 / 後9
[106/900] 急襲レールウェイ（先） vs ブンブンぶん殴り（後・拡張）: 拡張側勝利 Turn 10 HP 先-2 / 後11
[107/900] 急襲レールウェイ（先・拡張） vs ブンブンぶん殴り（後）: 拡張側勝利 Turn 13 HP 先10 / 後-2
[108/900] 急襲レールウェイ（先） vs ブンブンぶん殴り（後・拡張）: 拡張側勝利 Turn 12 HP 先0 / 後5
[109/900] 急襲レールウェイ（先・拡張） vs ブンブンぶん殴り（後）: 通常側勝利 Turn 10 HP 先-1 / 後10
[110/900] 急襲レールウェイ（先） vs ブンブンぶん殴り（後・拡張）: 拡張側勝利 Turn 10 HP 先-1 / 後3
[111/900] 急襲レールウェイ（先・拡張） vs ブンブンぶん殴り（後）: 拡張側勝利 Turn 9 HP 先10 / 後0
[112/900] 急襲レールウェイ（先） vs ブンブンぶん殴り（後・拡張）: 拡張側勝利 Turn 10 HP 先-2 / 後7
[113/900] 急襲レールウェイ（先・拡張） vs ブンブンぶん殴り（後）: 通常側勝利 Turn 8 HP 先0 / 後10
[114/900] 急襲レールウェイ（先） vs ブンブンぶん殴り（後・拡張）: 拡張側勝利 Turn 8 HP 先-1 / 後4
[115/900] 急襲レールウェイ（先・拡張） vs ブンブンぶん殴り（後）: 拡張側勝利 Turn 9 HP 先6 / 後0
[116/900] 急襲レールウェイ（先） vs ブンブンぶん殴り（後・拡張）: 拡張側勝利 Turn 8 HP 先0 / 後7
[117/900] 急襲レールウェイ（先・拡張） vs ブンブンぶん殴り（後）: 通常側勝利 Turn 10 HP 先-1 / 後13
[118/900] 急襲レールウェイ（先） vs ブンブンぶん殴り（後・拡張）: 拡張側勝利 Turn 14 HP 先0 / 後8
[119/900] 急襲レールウェイ（先・拡張） vs ブンブンぶん殴り（後）: 通常側勝利 Turn 8 HP 先0 / 後7
[120/900] 急襲レールウェイ（先） vs ブンブンぶん殴り（後・拡張）: 通常側勝利 Turn 9 HP 先5 / 後0
[121/900] ブンブンぶん殴り（先・拡張） vs 爆弾魔（後）: 拡張側勝利 Turn 7 HP 先17 / 後0
[122/900] ブンブンぶん殴り（先） vs 爆弾魔（後・拡張）: 通常側勝利 Turn 11 HP 先10 / 後-3
[123/900] ブンブンぶん殴り（先・拡張） vs 爆弾魔（後）: 拡張側勝利 Turn 9 HP 先9 / 後-6
[124/900] ブンブンぶん殴り（先） vs 爆弾魔（後・拡張）: 拡張側勝利 Turn 10 HP 先0 / 後4
[125/900] ブンブンぶん殴り（先・拡張） vs 爆弾魔（後）: 通常側勝利 Turn 8 HP 先0 / 後16
[126/900] ブンブンぶん殴り（先） vs 爆弾魔（後・拡張）: 拡張側勝利 Turn 8 HP 先0 / 後15
[127/900] ブンブンぶん殴り（先・拡張） vs 爆弾魔（後）: 通常側勝利 Turn 8 HP 先-3 / 後4
[128/900] ブンブンぶん殴り（先） vs 爆弾魔（後・拡張）: 通常側勝利 Turn 9 HP 先5 / 後-1
[129/900] ブンブンぶん殴り（先・拡張） vs 爆弾魔（後）: 拡張側勝利 Turn 9 HP 先6 / 後-1
[130/900] ブンブンぶん殴り（先） vs 爆弾魔（後・拡張）: 拡張側勝利 Turn 8 HP 先-8 / 後6
[131/900] ブンブンぶん殴り（先・拡張） vs 爆弾魔（後）: 通常側勝利 Turn 8 HP 先-1 / 後6
[132/900] ブンブンぶん殴り（先） vs 爆弾魔（後・拡張）: 拡張側勝利 Turn 10 HP 先-2 / 後5
[133/900] ブンブンぶん殴り（先・拡張） vs 爆弾魔（後）: 通常側勝利 Turn 8 HP 先0 / 後17
[134/900] ブンブンぶん殴り（先） vs 爆弾魔（後・拡張）: 通常側勝利 Turn 9 HP 先9 / 後-2
[135/900] ブンブンぶん殴り（先・拡張） vs 爆弾魔（後）: 拡張側勝利 Turn 11 HP 先9 / 後-1
[136/900] ブンブンぶん殴り（先） vs 爆弾魔（後・拡張）: 通常側勝利 Turn 11 HP 先1 / 後-1
[137/900] ブンブンぶん殴り（先・拡張） vs 爆弾魔（後）: 拡張側勝利 Turn 7 HP 先3 / 後0
[138/900] ブンブンぶん殴り（先） vs 爆弾魔（後・拡張）: 通常側勝利 Turn 9 HP 先5 / 後0
[139/900] ブンブンぶん殴り（先・拡張） vs 爆弾魔（後）: 拡張側勝利 Turn 7 HP 先8 / 後-1
[140/900] ブンブンぶん殴り（先） vs 爆弾魔（後・拡張）: 通常側勝利 Turn 11 HP 先11 / 後-1
[141/900] ブンブンぶん殴り（先・拡張） vs 爆弾魔（後）: 通常側勝利 Turn 8 HP 先0 / 後15
[142/900] ブンブンぶん殴り（先） vs 爆弾魔（後・拡張）: 拡張側勝利 Turn 10 HP 先0 / 後10
[143/900] ブンブンぶん殴り（先・拡張） vs 爆弾魔（後）: 拡張側勝利 Turn 9 HP 先5 / 後-1
[144/900] ブンブンぶん殴り（先） vs 爆弾魔（後・拡張）: 拡張側勝利 Turn 8 HP 先-1 / 後10
[145/900] ブンブンぶん殴り（先・拡張） vs 爆弾魔（後）: 拡張側勝利 Turn 9 HP 先9 / 後-3
[146/900] ブンブンぶん殴り（先） vs 爆弾魔（後・拡張）: 通常側勝利 Turn 7 HP 先18 / 後0
[147/900] ブンブンぶん殴り（先・拡張） vs 爆弾魔（後）: 拡張側勝利 Turn 9 HP 先2 / 後0
[148/900] ブンブンぶん殴り（先） vs 爆弾魔（後・拡張）: 通常側勝利 Turn 15 HP 先1 / 後-3
[149/900] ブンブンぶん殴り（先・拡張） vs 爆弾魔（後）: 通常側勝利 Turn 10 HP 先-1 / 後7
[150/900] ブンブンぶん殴り（先） vs 爆弾魔（後・拡張）: 通常側勝利 Turn 7 HP 先8 / 後0
[151/900] 爆弾魔（先・拡張） vs ブンブンぶん殴り（後）: 通常側勝利 Turn 10 HP 先-4 / 後13
[152/900] 爆弾魔（先） vs ブンブンぶん殴り（後・拡張）: 通常側勝利 Turn 11 HP 先9 / 後0
[153/900] 爆弾魔（先・拡張） vs ブンブンぶん殴り（後）: 通常側勝利 Turn 8 HP 先-1 / 後11
[154/900] 爆弾魔（先） vs ブンブンぶん殴り（後・拡張）: 通常側勝利 Turn 9 HP 先5 / 後-1
[155/900] 爆弾魔（先・拡張） vs ブンブンぶん殴り（後）: 拡張側勝利 Turn 7 HP 先14 / 後0
[156/900] 爆弾魔（先） vs ブンブンぶん殴り（後・拡張）: 通常側勝利 Turn 7 HP 先12 / 後0
[157/900] 爆弾魔（先・拡張） vs ブンブンぶん殴り（後）: 通常側勝利 Turn 10 HP 先0 / 後3
[158/900] 爆弾魔（先） vs ブンブンぶん殴り（後・拡張）: 通常側勝利 Turn 9 HP 先4 / 後-1
[159/900] 爆弾魔（先・拡張） vs ブンブンぶん殴り（後）: 拡張側勝利 Turn 9 HP 先13 / 後-1
[160/900] 爆弾魔（先） vs ブンブンぶん殴り（後・拡張）: 通常側勝利 Turn 7 HP 先10 / 後-1
[161/900] 爆弾魔（先・拡張） vs ブンブンぶん殴り（後）: 拡張側勝利 Turn 9 HP 先6 / 後0
[162/900] 爆弾魔（先） vs ブンブンぶん殴り（後・拡張）: 通常側勝利 Turn 9 HP 先3 / 後0
[163/900] 爆弾魔（先・拡張） vs ブンブンぶん殴り（後）: 拡張側勝利 Turn 9 HP 先9 / 後0
[164/900] 爆弾魔（先） vs ブンブンぶん殴り（後・拡張）: 通常側勝利 Turn 9 HP 先9 / 後0
[165/900] 爆弾魔（先・拡張） vs ブンブンぶん殴り（後）: 通常側勝利 Turn 8 HP 先0 / 後8
[166/900] 爆弾魔（先） vs ブンブンぶん殴り（後・拡張）: 通常側勝利 Turn 9 HP 先4 / 後0
[167/900] 爆弾魔（先・拡張） vs ブンブンぶん殴り（後）: 通常側勝利 Turn 8 HP 先0 / 後5
[168/900] 爆弾魔（先） vs ブンブンぶん殴り（後・拡張）: 拡張側勝利 Turn 10 HP 先0 / 後9
[169/900] 爆弾魔（先・拡張） vs ブンブンぶん殴り（後）: 通常側勝利 Turn 10 HP 先0 / 後11
[170/900] 爆弾魔（先） vs ブンブンぶん殴り（後・拡張）: 拡張側勝利 Turn 8 HP 先0 / 後6
[171/900] 爆弾魔（先・拡張） vs ブンブンぶん殴り（後）: 拡張側勝利 Turn 11 HP 先5 / 後-2
[172/900] 爆弾魔（先） vs ブンブンぶん殴り（後・拡張）: 拡張側勝利 Turn 10 HP 先0 / 後5
[173/900] 爆弾魔（先・拡張） vs ブンブンぶん殴り（後）: 拡張側勝利 Turn 7 HP 先14 / 後-2
[174/900] 爆弾魔（先） vs ブンブンぶん殴り（後・拡張）: 拡張側勝利 Turn 8 HP 先0 / 後12
[175/900] 爆弾魔（先・拡張） vs ブンブンぶん殴り（後）: 通常側勝利 Turn 8 HP 先0 / 後10
[176/900] 爆弾魔（先） vs ブンブンぶん殴り（後・拡張）: 通常側勝利 Turn 7 HP 先9 / 後0
[177/900] 爆弾魔（先・拡張） vs ブンブンぶん殴り（後）: 通常側勝利 Turn 12 HP 先-3 / 後13
[178/900] 爆弾魔（先） vs ブンブンぶん殴り（後・拡張）: 通常側勝利 Turn 9 HP 先15 / 後0
[179/900] 爆弾魔（先・拡張） vs ブンブンぶん殴り（後）: 拡張側勝利 Turn 7 HP 先10 / 後-2
[180/900] 爆弾魔（先） vs ブンブンぶん殴り（後・拡張）: 拡張側勝利 Turn 14 HP 先0 / 後3
[181/900] ブンブンぶん殴り（先・拡張） vs メガトンハンマー（後）: 通常側勝利 Turn 8 HP 先-2 / 後12
[182/900] ブンブンぶん殴り（先） vs メガトンハンマー（後・拡張）: 拡張側勝利 Turn 12 HP 先-1 / 後6
[183/900] ブンブンぶん殴り（先・拡張） vs メガトンハンマー（後）: 通常側勝利 Turn 10 HP 先0 / 後9
[184/900] ブンブンぶん殴り（先） vs メガトンハンマー（後・拡張）: 通常側勝利 Turn 9 HP 先14 / 後0
[185/900] ブンブンぶん殴り（先・拡張） vs メガトンハンマー（後）: 通常側勝利 Turn 12 HP 先-2 / 後7
[186/900] ブンブンぶん殴り（先） vs メガトンハンマー（後・拡張）: 通常側勝利 Turn 9 HP 先7 / 後-2
[187/900] ブンブンぶん殴り（先・拡張） vs メガトンハンマー（後）: 拡張側勝利 Turn 9 HP 先10 / 後0
[188/900] ブンブンぶん殴り（先） vs メガトンハンマー（後・拡張）: 拡張側勝利 Turn 10 HP 先0 / 後10
[189/900] ブンブンぶん殴り（先・拡張） vs メガトンハンマー（後）: 拡張側勝利 Turn 11 HP 先3 / 後-1
[190/900] ブンブンぶん殴り（先） vs メガトンハンマー（後・拡張）: 拡張側勝利 Turn 8 HP 先0 / 後3
[191/900] ブンブンぶん殴り（先・拡張） vs メガトンハンマー（後）: 通常側勝利 Turn 14 HP 先0 / 後8
[192/900] ブンブンぶん殴り（先） vs メガトンハンマー（後・拡張）: 拡張側勝利 Turn 10 HP 先0 / 後9
[193/900] ブンブンぶん殴り（先・拡張） vs メガトンハンマー（後）: 拡張側勝利 Turn 9 HP 先5 / 後-1
[194/900] ブンブンぶん殴り（先） vs メガトンハンマー（後・拡張）: 通常側勝利 Turn 9 HP 先14 / 後0
[195/900] ブンブンぶん殴り（先・拡張） vs メガトンハンマー（後）: 通常側勝利 Turn 8 HP 先-1 / 後14
[196/900] ブンブンぶん殴り（先） vs メガトンハンマー（後・拡張）: 拡張側勝利 Turn 12 HP 先0 / 後5
[197/900] ブンブンぶん殴り（先・拡張） vs メガトンハンマー（後）: 拡張側勝利 Turn 9 HP 先6 / 後-2
[198/900] ブンブンぶん殴り（先） vs メガトンハンマー（後・拡張）: 拡張側勝利 Turn 8 HP 先-4 / 後16
[199/900] ブンブンぶん殴り（先・拡張） vs メガトンハンマー（後）: 通常側勝利 Turn 14 HP 先0 / 後11
[200/900] ブンブンぶん殴り（先） vs メガトンハンマー（後・拡張）: 通常側勝利 Turn 9 HP 先5 / 後0
[201/900] ブンブンぶん殴り（先・拡張） vs メガトンハンマー（後）: 拡張側勝利 Turn 13 HP 先6 / 後-3
[202/900] ブンブンぶん殴り（先） vs メガトンハンマー（後・拡張）: 拡張側勝利 Turn 10 HP 先0 / 後9
[203/900] ブンブンぶん殴り（先・拡張） vs メガトンハンマー（後）: 通常側勝利 Turn 12 HP 先0 / 後9
[204/900] ブンブンぶん殴り（先） vs メガトンハンマー（後・拡張）: 通常側勝利 Turn 9 HP 先6 / 後0
[205/900] ブンブンぶん殴り（先・拡張） vs メガトンハンマー（後）: 拡張側勝利 Turn 11 HP 先2 / 後-1
[206/900] ブンブンぶん殴り（先） vs メガトンハンマー（後・拡張）: 通常側勝利 Turn 9 HP 先3 / 後0
[207/900] ブンブンぶん殴り（先・拡張） vs メガトンハンマー（後）: 通常側勝利 Turn 14 HP 先0 / 後5
[208/900] ブンブンぶん殴り（先） vs メガトンハンマー（後・拡張）: 通常側勝利 Turn 9 HP 先14 / 後0
[209/900] ブンブンぶん殴り（先・拡張） vs メガトンハンマー（後）: 拡張側勝利 Turn 11 HP 先4 / 後-1
[210/900] ブンブンぶん殴り（先） vs メガトンハンマー（後・拡張）: 拡張側勝利 Turn 10 HP 先-1 / 後13
[211/900] メガトンハンマー（先・拡張） vs ブンブンぶん殴り（後）: 拡張側勝利 Turn 11 HP 先2 / 後-3
[212/900] メガトンハンマー（先） vs ブンブンぶん殴り（後・拡張）: 通常側勝利 Turn 9 HP 先8 / 後-6
[213/900] メガトンハンマー（先・拡張） vs ブンブンぶん殴り（後）: 拡張側勝利 Turn 11 HP 先8 / 後-1
[214/900] メガトンハンマー（先） vs ブンブンぶん殴り（後・拡張）: 通常側勝利 Turn 9 HP 先16 / 後0
[215/900] メガトンハンマー（先・拡張） vs ブンブンぶん殴り（後）: 拡張側勝利 Turn 9 HP 先10 / 後-1
[216/900] メガトンハンマー（先） vs ブンブンぶん殴り（後・拡張）: 拡張側勝利 Turn 12 HP 先0 / 後10
[217/900] メガトンハンマー（先・拡張） vs ブンブンぶん殴り（後）: 通常側勝利 Turn 10 HP 先0 / 後6
[218/900] メガトンハンマー（先） vs ブンブンぶん殴り（後・拡張）: 拡張側勝利 Turn 10 HP 先-1 / 後8
[219/900] メガトンハンマー（先・拡張） vs ブンブンぶん殴り（後）: 通常側勝利 Turn 10 HP 先0 / 後7
[220/900] メガトンハンマー（先） vs ブンブンぶん殴り（後・拡張）: 通常側勝利 Turn 11 HP 先9 / 後-3
[221/900] メガトンハンマー（先・拡張） vs ブンブンぶん殴り（後）: 拡張側勝利 Turn 9 HP 先8 / 後-4
[222/900] メガトンハンマー（先） vs ブンブンぶん殴り（後・拡張）: 通常側勝利 Turn 11 HP 先8 / 後0
[223/900] メガトンハンマー（先・拡張） vs ブンブンぶん殴り（後）: 拡張側勝利 Turn 13 HP 先12 / 後-1
[224/900] メガトンハンマー（先） vs ブンブンぶん殴り（後・拡張）: 通常側勝利 Turn 11 HP 先4 / 後0
[225/900] メガトンハンマー（先・拡張） vs ブンブンぶん殴り（後）: 拡張側勝利 Turn 7 HP 先16 / 後0
[226/900] メガトンハンマー（先） vs ブンブンぶん殴り（後・拡張）: 通常側勝利 Turn 9 HP 先12 / 後-1
[227/900] メガトンハンマー（先・拡張） vs ブンブンぶん殴り（後）: 拡張側勝利 Turn 11 HP 先6 / 後0
[228/900] メガトンハンマー（先） vs ブンブンぶん殴り（後・拡張）: 通常側勝利 Turn 11 HP 先7 / 後0
[229/900] メガトンハンマー（先・拡張） vs ブンブンぶん殴り（後）: 拡張側勝利 Turn 11 HP 先9 / 後-1
[230/900] メガトンハンマー（先） vs ブンブンぶん殴り（後・拡張）: 拡張側勝利 Turn 10 HP 先-1 / 後13
[231/900] メガトンハンマー（先・拡張） vs ブンブンぶん殴り（後）: 拡張側勝利 Turn 11 HP 先9 / 後-4
[232/900] メガトンハンマー（先） vs ブンブンぶん殴り（後・拡張）: 通常側勝利 Turn 9 HP 先6 / 後-1
[233/900] メガトンハンマー（先・拡張） vs ブンブンぶん殴り（後）: 拡張側勝利 Turn 13 HP 先7 / 後0
[234/900] メガトンハンマー（先） vs ブンブンぶん殴り（後・拡張）: 拡張側勝利 Turn 10 HP 先0 / 後4
[235/900] メガトンハンマー（先・拡張） vs ブンブンぶん殴り（後）: 拡張側勝利 Turn 11 HP 先7 / 後0
[236/900] メガトンハンマー（先） vs ブンブンぶん殴り（後・拡張）: 拡張側勝利 Turn 8 HP 先0 / 後17
[237/900] メガトンハンマー（先・拡張） vs ブンブンぶん殴り（後）: 通常側勝利 Turn 8 HP 先0 / 後6
[238/900] メガトンハンマー（先） vs ブンブンぶん殴り（後・拡張）: 通常側勝利 Turn 11 HP 先3 / 後0
[239/900] メガトンハンマー（先・拡張） vs ブンブンぶん殴り（後）: 拡張側勝利 Turn 9 HP 先4 / 後0
[240/900] メガトンハンマー（先） vs ブンブンぶん殴り（後・拡張）: 通常側勝利 Turn 13 HP 先3 / 後-4
[241/900] ブンブンぶん殴り（先・拡張） vs 真綿（後）: 拡張側勝利 Turn 9 HP 先12 / 後0
[242/900] ブンブンぶん殴り（先） vs 真綿（後・拡張）: 通常側勝利 Turn 7 HP 先10 / 後-1
[243/900] ブンブンぶん殴り（先・拡張） vs 真綿（後）: 通常側勝利 Turn 10 HP 先0 / 後1
[244/900] ブンブンぶん殴り（先） vs 真綿（後・拡張）: 拡張側勝利 Turn 10 HP 先0 / 後2
[245/900] ブンブンぶん殴り（先・拡張） vs 真綿（後）: 通常側勝利 Turn 12 HP 先-3 / 後6
[246/900] ブンブンぶん殴り（先） vs 真綿（後・拡張）: 拡張側勝利 Turn 14 HP 先0 / 後3
[247/900] ブンブンぶん殴り（先・拡張） vs 真綿（後）: 拡張側勝利 Turn 11 HP 先4 / 後-1
[248/900] ブンブンぶん殴り（先） vs 真綿（後・拡張）: 通常側勝利 Turn 11 HP 先6 / 後0
[249/900] ブンブンぶん殴り（先・拡張） vs 真綿（後）: 通常側勝利 Turn 8 HP 先0 / 後3
[250/900] ブンブンぶん殴り（先） vs 真綿（後・拡張）: 通常側勝利 Turn 13 HP 先6 / 後0
[251/900] ブンブンぶん殴り（先・拡張） vs 真綿（後）: 拡張側勝利 Turn 9 HP 先11 / 後-1
[252/900] ブンブンぶん殴り（先） vs 真綿（後・拡張）: 拡張側勝利 Turn 10 HP 先-1 / 後8
[253/900] ブンブンぶん殴り（先・拡張） vs 真綿（後）: 拡張側勝利 Turn 7 HP 先14 / 後0
[254/900] ブンブンぶん殴り（先） vs 真綿（後・拡張）: 拡張側勝利 Turn 12 HP 先-4 / 後4
[255/900] ブンブンぶん殴り（先・拡張） vs 真綿（後）: 拡張側勝利 Turn 9 HP 先3 / 後0
[256/900] ブンブンぶん殴り（先） vs 真綿（後・拡張）: 拡張側勝利 Turn 8 HP 先0 / 後10
[257/900] ブンブンぶん殴り（先・拡張） vs 真綿（後）: 拡張側勝利 Turn 15 HP 先5 / 後-5
[258/900] ブンブンぶん殴り（先） vs 真綿（後・拡張）: 拡張側勝利 Turn 14 HP 先0 / 後10
[259/900] ブンブンぶん殴り（先・拡張） vs 真綿（後）: 通常側勝利 Turn 16 HP 先-8 / 後5
[260/900] ブンブンぶん殴り（先） vs 真綿（後・拡張）: 通常側勝利 Turn 11 HP 先12 / 後-1
[261/900] ブンブンぶん殴り（先・拡張） vs 真綿（後）: 拡張側勝利 Turn 11 HP 先2 / 後-10
[262/900] ブンブンぶん殴り（先） vs 真綿（後・拡張）: 通常側勝利 Turn 11 HP 先3 / 後0
[263/900] ブンブンぶん殴り（先・拡張） vs 真綿（後）: 拡張側勝利 Turn 9 HP 先8 / 後-1
[264/900] ブンブンぶん殴り（先） vs 真綿（後・拡張）: 通常側勝利 Turn 15 HP 先5 / 後-1
[265/900] ブンブンぶん殴り（先・拡張） vs 真綿（後）: 拡張側勝利 Turn 11 HP 先5 / 後0
[266/900] ブンブンぶん殴り（先） vs 真綿（後・拡張）: 通常側勝利 Turn 13 HP 先16 / 後-3
[267/900] ブンブンぶん殴り（先・拡張） vs 真綿（後）: 拡張側勝利 Turn 7 HP 先15 / 後0
[268/900] ブンブンぶん殴り（先） vs 真綿（後・拡張）: 拡張側勝利 Turn 10 HP 先0 / 後10
[269/900] ブンブンぶん殴り（先・拡張） vs 真綿（後）: 拡張側勝利 Turn 15 HP 先7 / 後-8
[270/900] ブンブンぶん殴り（先） vs 真綿（後・拡張）: 通常側勝利 Turn 9 HP 先10 / 後0
[271/900] 真綿（先・拡張） vs ブンブンぶん殴り（後）: 拡張側勝利 Turn 9 HP 先5 / 後-5
[272/900] 真綿（先） vs ブンブンぶん殴り（後・拡張）: 通常側勝利 Turn 13 HP 先5 / 後-2
[273/900] 真綿（先・拡張） vs ブンブンぶん殴り（後）: 通常側勝利 Turn 16 HP 先-1 / 後7
[274/900] 真綿（先） vs ブンブンぶん殴り（後・拡張）: 拡張側勝利 Turn 8 HP 先-1 / 後19
[275/900] 真綿（先・拡張） vs ブンブンぶん殴り（後）: 拡張側勝利 Turn 13 HP 先9 / 後0
[276/900] 真綿（先） vs ブンブンぶん殴り（後・拡張）: 通常側勝利 Turn 17 HP 先4 / 後0
[277/900] 真綿（先・拡張） vs ブンブンぶん殴り（後）: 通常側勝利 Turn 12 HP 先-4 / 後11
[278/900] 真綿（先） vs ブンブンぶん殴り（後・拡張）: 拡張側勝利 Turn 10 HP 先-1 / 後13
[279/900] 真綿（先・拡張） vs ブンブンぶん殴り（後）: 通常側勝利 Turn 14 HP 先0 / 後1
[280/900] 真綿（先） vs ブンブンぶん殴り（後・拡張）: 拡張側勝利 Turn 14 HP 先-1 / 後19
[281/900] 真綿（先・拡張） vs ブンブンぶん殴り（後）: 通常側勝利 Turn 10 HP 先0 / 後9
[282/900] 真綿（先） vs ブンブンぶん殴り（後・拡張）: 通常側勝利 Turn 23 HP 先3 / 後-1
[283/900] 真綿（先・拡張） vs ブンブンぶん殴り（後）: 通常側勝利 Turn 10 HP 先0 / 後11
[284/900] 真綿（先） vs ブンブンぶん殴り（後・拡張）: 拡張側勝利 Turn 10 HP 先-2 / 後8
[285/900] 真綿（先・拡張） vs ブンブンぶん殴り（後）: 通常側勝利 Turn 12 HP 先-2 / 後8
[286/900] 真綿（先） vs ブンブンぶん殴り（後・拡張）: 通常側勝利 Turn 11 HP 先3 / 後0
[287/900] 真綿（先・拡張） vs ブンブンぶん殴り（後）: 通常側勝利 Turn 12 HP 先0 / 後13
[288/900] 真綿（先） vs ブンブンぶん殴り（後・拡張）: 通常側勝利 Turn 13 HP 先14 / 後0
[289/900] 真綿（先・拡張） vs ブンブンぶん殴り（後）: 拡張側勝利 Turn 11 HP 先1 / 後0
[290/900] 真綿（先） vs ブンブンぶん殴り（後・拡張）: 拡張側勝利 Turn 10 HP 先0 / 後9
[291/900] 真綿（先・拡張） vs ブンブンぶん殴り（後）: 拡張側勝利 Turn 11 HP 先4 / 後-1
[292/900] 真綿（先） vs ブンブンぶん殴り（後・拡張）: 拡張側勝利 Turn 14 HP 先-5 / 後12
[293/900] 真綿（先・拡張） vs ブンブンぶん殴り（後）: 拡張側勝利 Turn 13 HP 先8 / 後-2
[294/900] 真綿（先） vs ブンブンぶん殴り（後・拡張）: 通常側勝利 Turn 9 HP 先4 / 後-2
[295/900] 真綿（先・拡張） vs ブンブンぶん殴り（後）: 通常側勝利 Turn 10 HP 先0 / 後11
[296/900] 真綿（先） vs ブンブンぶん殴り（後・拡張）: 通常側勝利 Turn 9 HP 先7 / 後0
[297/900] 真綿（先・拡張） vs ブンブンぶん殴り（後）: 通常側勝利 Turn 10 HP 先-3 / 後5
[298/900] 真綿（先） vs ブンブンぶん殴り（後・拡張）: 通常側勝利 Turn 9 HP 先7 / 後-1
[299/900] 真綿（先・拡張） vs ブンブンぶん殴り（後）: 通常側勝利 Turn 10 HP 先-1 / 後3
[300/900] 真綿（先） vs ブンブンぶん殴り（後・拡張）: 通常側勝利 Turn 9 HP 先11 / 後-1
[301/900] じゃぶじゃぶマネー（先・拡張） vs 急襲レールウェイ（後）: 通常側勝利 Turn 14 HP 先0 / 後1
[302/900] じゃぶじゃぶマネー（先） vs 急襲レールウェイ（後・拡張）: 通常側勝利 Turn 13 HP 先5 / 後0
[303/900] じゃぶじゃぶマネー（先・拡張） vs 急襲レールウェイ（後）: 拡張側勝利 Turn 11 HP 先14 / 後0
[304/900] じゃぶじゃぶマネー（先） vs 急襲レールウェイ（後・拡張）: 通常側勝利 Turn 11 HP 先2 / 後0
[305/900] じゃぶじゃぶマネー（先・拡張） vs 急襲レールウェイ（後）: 通常側勝利 Turn 10 HP 先-2 / 後9
[306/900] じゃぶじゃぶマネー（先） vs 急襲レールウェイ（後・拡張）: 拡張側勝利 Turn 12 HP 先0 / 後11
[307/900] じゃぶじゃぶマネー（先・拡張） vs 急襲レールウェイ（後）: 拡張側勝利 Turn 13 HP 先3 / 後-2
[308/900] じゃぶじゃぶマネー（先） vs 急襲レールウェイ（後・拡張）: 拡張側勝利 Turn 10 HP 先0 / 後7
[309/900] じゃぶじゃぶマネー（先・拡張） vs 急襲レールウェイ（後）: 拡張側勝利 Turn 11 HP 先7 / 後-2
[310/900] じゃぶじゃぶマネー（先） vs 急襲レールウェイ（後・拡張）: 通常側勝利 Turn 11 HP 先5 / 後-2
[311/900] じゃぶじゃぶマネー（先・拡張） vs 急襲レールウェイ（後）: 通常側勝利 Turn 16 HP 先-2 / 後6
[312/900] じゃぶじゃぶマネー（先） vs 急襲レールウェイ（後・拡張）: 通常側勝利 Turn 11 HP 先12 / 後0
[313/900] じゃぶじゃぶマネー（先・拡張） vs 急襲レールウェイ（後）: 通常側勝利 Turn 10 HP 先-1 / 後11
[314/900] じゃぶじゃぶマネー（先） vs 急襲レールウェイ（後・拡張）: 通常側勝利 Turn 15 HP 先8 / 後-1
[315/900] じゃぶじゃぶマネー（先・拡張） vs 急襲レールウェイ（後）: 拡張側勝利 Turn 9 HP 先15 / 後0
[316/900] じゃぶじゃぶマネー（先） vs 急襲レールウェイ（後・拡張）: 拡張側勝利 Turn 12 HP 先0 / 後6
[317/900] じゃぶじゃぶマネー（先・拡張） vs 急襲レールウェイ（後）: 拡張側勝利 Turn 11 HP 先14 / 後0
[318/900] じゃぶじゃぶマネー（先） vs 急襲レールウェイ（後・拡張）: 拡張側勝利 Turn 8 HP 先0 / 後15
[319/900] じゃぶじゃぶマネー（先・拡張） vs 急襲レールウェイ（後）: 通常側勝利 Turn 12 HP 先0 / 後11
[320/900] じゃぶじゃぶマネー（先） vs 急襲レールウェイ（後・拡張）: 拡張側勝利 Turn 16 HP 先0 / 後13
[321/900] じゃぶじゃぶマネー（先・拡張） vs 急襲レールウェイ（後）: 通常側勝利 Turn 12 HP 先-1 / 後4
[322/900] じゃぶじゃぶマネー（先） vs 急襲レールウェイ（後・拡張）: 拡張側勝利 Turn 10 HP 先-6 / 後17
[323/900] じゃぶじゃぶマネー（先・拡張） vs 急襲レールウェイ（後）: 拡張側勝利 Turn 11 HP 先9 / 後-2
[324/900] じゃぶじゃぶマネー（先） vs 急襲レールウェイ（後・拡張）: 拡張側勝利 Turn 26 HP 先-1 / 後20
[325/900] じゃぶじゃぶマネー（先・拡張） vs 急襲レールウェイ（後）: 拡張側勝利 Turn 15 HP 先15 / 後-1
[326/900] じゃぶじゃぶマネー（先） vs 急襲レールウェイ（後・拡張）: 拡張側勝利 Turn 10 HP 先-1 / 後14
[327/900] じゃぶじゃぶマネー（先・拡張） vs 急襲レールウェイ（後）: 拡張側勝利 Turn 11 HP 先9 / 後0
[328/900] じゃぶじゃぶマネー（先） vs 急襲レールウェイ（後・拡張）: 拡張側勝利 Turn 10 HP 先-1 / 後15
[329/900] じゃぶじゃぶマネー（先・拡張） vs 急襲レールウェイ（後）: 通常側勝利 Turn 12 HP 先-1 / 後12
[330/900] じゃぶじゃぶマネー（先） vs 急襲レールウェイ（後・拡張）: 通常側勝利 Turn 13 HP 先6 / 後-4
[331/900] 急襲レールウェイ（先・拡張） vs じゃぶじゃぶマネー（後）: 拡張側勝利 Turn 11 HP 先5 / 後0
[332/900] 急襲レールウェイ（先） vs じゃぶじゃぶマネー（後・拡張）: 拡張側勝利 Turn 14 HP 先-1 / 後5
[333/900] 急襲レールウェイ（先・拡張） vs じゃぶじゃぶマネー（後）: 通常側勝利 Turn 14 HP 先-7 / 後11
[334/900] 急襲レールウェイ（先） vs じゃぶじゃぶマネー（後・拡張）: 通常側勝利 Turn 11 HP 先8 / 後0
[335/900] 急襲レールウェイ（先・拡張） vs じゃぶじゃぶマネー（後）: 拡張側勝利 Turn 17 HP 先7 / 後-2
[336/900] 急襲レールウェイ（先） vs じゃぶじゃぶマネー（後・拡張）: 拡張側勝利 Turn 10 HP 先0 / 後12
[337/900] 急襲レールウェイ（先・拡張） vs じゃぶじゃぶマネー（後）: 拡張側勝利 Turn 11 HP 先10 / 後-1
[338/900] 急襲レールウェイ（先） vs じゃぶじゃぶマネー（後・拡張）: 拡張側勝利 Turn 14 HP 先0 / 後10
[339/900] 急襲レールウェイ（先・拡張） vs じゃぶじゃぶマネー（後）: 通常側勝利 Turn 12 HP 先0 / 後8
[340/900] 急襲レールウェイ（先） vs じゃぶじゃぶマネー（後・拡張）: 拡張側勝利 Turn 14 HP 先0 / 後8
[341/900] 急襲レールウェイ（先・拡張） vs じゃぶじゃぶマネー（後）: 拡張側勝利 Turn 11 HP 先11 / 後0
[342/900] 急襲レールウェイ（先） vs じゃぶじゃぶマネー（後・拡張）: 通常側勝利 Turn 13 HP 先13 / 後-5
[343/900] 急襲レールウェイ（先・拡張） vs じゃぶじゃぶマネー（後）: 拡張側勝利 Turn 11 HP 先5 / 後-2
[344/900] 急襲レールウェイ（先） vs じゃぶじゃぶマネー（後・拡張）: 通常側勝利 Turn 11 HP 先14 / 後0
[345/900] 急襲レールウェイ（先・拡張） vs じゃぶじゃぶマネー（後）: 拡張側勝利 Turn 11 HP 先11 / 後0
[346/900] 急襲レールウェイ（先） vs じゃぶじゃぶマネー（後・拡張）: 拡張側勝利 Turn 12 HP 先-3 / 後9
[347/900] 急襲レールウェイ（先・拡張） vs じゃぶじゃぶマネー（後）: 拡張側勝利 Turn 11 HP 先6 / 後-6
[348/900] 急襲レールウェイ（先） vs じゃぶじゃぶマネー（後・拡張）: 拡張側勝利 Turn 12 HP 先0 / 後12
[349/900] 急襲レールウェイ（先・拡張） vs じゃぶじゃぶマネー（後）: 拡張側勝利 Turn 11 HP 先10 / 後0
[350/900] 急襲レールウェイ（先） vs じゃぶじゃぶマネー（後・拡張）: 拡張側勝利 Turn 12 HP 先-2 / 後5
[351/900] 急襲レールウェイ（先・拡張） vs じゃぶじゃぶマネー（後）: 拡張側勝利 Turn 13 HP 先10 / 後-2
[352/900] 急襲レールウェイ（先） vs じゃぶじゃぶマネー（後・拡張）: 通常側勝利 Turn 11 HP 先8 / 後0
[353/900] 急襲レールウェイ（先・拡張） vs じゃぶじゃぶマネー（後）: 通常側勝利 Turn 12 HP 先-1 / 後14
[354/900] 急襲レールウェイ（先） vs じゃぶじゃぶマネー（後・拡張）: 拡張側勝利 Turn 12 HP 先-2 / 後2
[355/900] 急襲レールウェイ（先・拡張） vs じゃぶじゃぶマネー（後）: 拡張側勝利 Turn 9 HP 先15 / 後-2
[356/900] 急襲レールウェイ（先） vs じゃぶじゃぶマネー（後・拡張）: 拡張側勝利 Turn 12 HP 先-13 / 後2
[357/900] 急襲レールウェイ（先・拡張） vs じゃぶじゃぶマネー（後）: 拡張側勝利 Turn 9 HP 先19 / 後-2
[358/900] 急襲レールウェイ（先） vs じゃぶじゃぶマネー（後・拡張）: 拡張側勝利 Turn 12 HP 先0 / 後12
[359/900] 急襲レールウェイ（先・拡張） vs じゃぶじゃぶマネー（後）: 拡張側勝利 Turn 15 HP 先14 / 後-4
[360/900] 急襲レールウェイ（先） vs じゃぶじゃぶマネー（後・拡張）: 通常側勝利 Turn 13 HP 先13 / 後-2
[361/900] じゃぶじゃぶマネー（先・拡張） vs 爆弾魔（後）: 通常側勝利 Turn 10 HP 先0 / 後8
[362/900] じゃぶじゃぶマネー（先） vs 爆弾魔（後・拡張）: 通常側勝利 Turn 11 HP 先7 / 後-1
[363/900] じゃぶじゃぶマネー（先・拡張） vs 爆弾魔（後）: 通常側勝利 Turn 10 HP 先0 / 後9
[364/900] じゃぶじゃぶマネー（先） vs 爆弾魔（後・拡張）: 拡張側勝利 Turn 10 HP 先-7 / 後4
[365/900] じゃぶじゃぶマネー（先・拡張） vs 爆弾魔（後）: 拡張側勝利 Turn 11 HP 先12 / 後-1
[366/900] じゃぶじゃぶマネー（先） vs 爆弾魔（後・拡張）: 拡張側勝利 Turn 12 HP 先-1 / 後11
[367/900] じゃぶじゃぶマネー（先・拡張） vs 爆弾魔（後）: 通常側勝利 Turn 10 HP 先0 / 後17
[368/900] じゃぶじゃぶマネー（先） vs 爆弾魔（後・拡張）: 拡張側勝利 Turn 12 HP 先0 / 後7
[369/900] じゃぶじゃぶマネー（先・拡張） vs 爆弾魔（後）: 拡張側勝利 Turn 11 HP 先5 / 後-1
[370/900] じゃぶじゃぶマネー（先） vs 爆弾魔（後・拡張）: 通常側勝利 Turn 19 HP 先7 / 後-2
[371/900] じゃぶじゃぶマネー（先・拡張） vs 爆弾魔（後）: 通常側勝利 Turn 10 HP 先0 / 後12
[372/900] じゃぶじゃぶマネー（先） vs 爆弾魔（後・拡張）: 通常側勝利 Turn 11 HP 先10 / 後0
[373/900] じゃぶじゃぶマネー（先・拡張） vs 爆弾魔（後）: 通常側勝利 Turn 14 HP 先-1 / 後4
[374/900] じゃぶじゃぶマネー（先） vs 爆弾魔（後・拡張）: 拡張側勝利 Turn 8 HP 先-2 / 後17
[375/900] じゃぶじゃぶマネー（先・拡張） vs 爆弾魔（後）: 通常側勝利 Turn 14 HP 先-3 / 後4
[376/900] じゃぶじゃぶマネー（先） vs 爆弾魔（後・拡張）: 通常側勝利 Turn 13 HP 先9 / 後-1
[377/900] じゃぶじゃぶマネー（先・拡張） vs 爆弾魔（後）: 拡張側勝利 Turn 13 HP 先4 / 後0
[378/900] じゃぶじゃぶマネー（先） vs 爆弾魔（後・拡張）: 通常側勝利 Turn 13 HP 先9 / 後-1
[379/900] じゃぶじゃぶマネー（先・拡張） vs 爆弾魔（後）: 拡張側勝利 Turn 9 HP 先5 / 後0
[380/900] じゃぶじゃぶマネー（先） vs 爆弾魔（後・拡張）: 拡張側勝利 Turn 12 HP 先0 / 後15
[381/900] じゃぶじゃぶマネー（先・拡張） vs 爆弾魔（後）: 通常側勝利 Turn 10 HP 先0 / 後11
[382/900] じゃぶじゃぶマネー（先） vs 爆弾魔（後・拡張）: 拡張側勝利 Turn 10 HP 先0 / 後9
[383/900] じゃぶじゃぶマネー（先・拡張） vs 爆弾魔（後）: 通常側勝利 Turn 12 HP 先0 / 後18
[384/900] じゃぶじゃぶマネー（先） vs 爆弾魔（後・拡張）: 拡張側勝利 Turn 12 HP 先0 / 後7
[385/900] じゃぶじゃぶマネー（先・拡張） vs 爆弾魔（後）: 通常側勝利 Turn 10 HP 先0 / 後12
[386/900] じゃぶじゃぶマネー（先） vs 爆弾魔（後・拡張）: 拡張側勝利 Turn 10 HP 先-1 / 後10
[387/900] じゃぶじゃぶマネー（先・拡張） vs 爆弾魔（後）: 通常側勝利 Turn 10 HP 先-1 / 後3
[388/900] じゃぶじゃぶマネー（先） vs 爆弾魔（後・拡張）: 拡張側勝利 Turn 10 HP 先0 / 後7
[389/900] じゃぶじゃぶマネー（先・拡張） vs 爆弾魔（後）: 拡張側勝利 Turn 11 HP 先1 / 後0
[390/900] じゃぶじゃぶマネー（先） vs 爆弾魔（後・拡張）: 拡張側勝利 Turn 10 HP 先-2 / 後7
[391/900] 爆弾魔（先・拡張） vs じゃぶじゃぶマネー（後）: 通常側勝利 Turn 12 HP 先0 / 後5
[392/900] 爆弾魔（先） vs じゃぶじゃぶマネー（後・拡張）: 拡張側勝利 Turn 14 HP 先0 / 後3
[393/900] 爆弾魔（先・拡張） vs じゃぶじゃぶマネー（後）: 拡張側勝利 Turn 11 HP 先14 / 後0
[394/900] 爆弾魔（先） vs じゃぶじゃぶマネー（後・拡張）: 通常側勝利 Turn 11 HP 先8 / 後0
[395/900] 爆弾魔（先・拡張） vs じゃぶじゃぶマネー（後）: 拡張側勝利 Turn 9 HP 先16 / 後0
[396/900] 爆弾魔（先） vs じゃぶじゃぶマネー（後・拡張）: 通常側勝利 Turn 17 HP 先14 / 後0
[397/900] 爆弾魔（先・拡張） vs じゃぶじゃぶマネー（後）: 通常側勝利 Turn 14 HP 先0 / 後9
[398/900] 爆弾魔（先） vs じゃぶじゃぶマネー（後・拡張）: 通常側勝利 Turn 9 HP 先16 / 後-1
[399/900] 爆弾魔（先・拡張） vs じゃぶじゃぶマネー（後）: 拡張側勝利 Turn 13 HP 先20 / 後-3
[400/900] 爆弾魔（先） vs じゃぶじゃぶマネー（後・拡張）: 拡張側勝利 Turn 18 HP 先-3 / 後10
[401/900] 爆弾魔（先・拡張） vs じゃぶじゃぶマネー（後）: 拡張側勝利 Turn 9 HP 先15 / 後-2
[402/900] 爆弾魔（先） vs じゃぶじゃぶマネー（後・拡張）: 通常側勝利 Turn 7 HP 先15 / 後-1
[403/900] 爆弾魔（先・拡張） vs じゃぶじゃぶマネー（後）: 通常側勝利 Turn 12 HP 先-13 / 後1
[404/900] 爆弾魔（先） vs じゃぶじゃぶマネー（後・拡張）: 通常側勝利 Turn 15 HP 先13 / 後-1
[405/900] 爆弾魔（先・拡張） vs じゃぶじゃぶマネー（後）: 通常側勝利 Turn 12 HP 先-4 / 後13
[406/900] 爆弾魔（先） vs じゃぶじゃぶマネー（後・拡張）: 拡張側勝利 Turn 10 HP 先0 / 後15
[407/900] 爆弾魔（先・拡張） vs じゃぶじゃぶマネー（後）: 拡張側勝利 Turn 13 HP 先12 / 後-5
[408/900] 爆弾魔（先） vs じゃぶじゃぶマネー（後・拡張）: 通常側勝利 Turn 13 HP 先13 / 後-4
[409/900] 爆弾魔（先・拡張） vs じゃぶじゃぶマネー（後）: 拡張側勝利 Turn 11 HP 先14 / 後-1
[410/900] 爆弾魔（先） vs じゃぶじゃぶマネー（後・拡張）: 通常側勝利 Turn 9 HP 先15 / 後-3
[411/900] 爆弾魔（先・拡張） vs じゃぶじゃぶマネー（後）: 拡張側勝利 Turn 7 HP 先17 / 後0
[412/900] 爆弾魔（先） vs じゃぶじゃぶマネー（後・拡張）: 通常側勝利 Turn 15 HP 先6 / 後-3
[413/900] 爆弾魔（先・拡張） vs じゃぶじゃぶマネー（後）: 通常側勝利 Turn 10 HP 先-1 / 後15
[414/900] 爆弾魔（先） vs じゃぶじゃぶマネー（後・拡張）: 通常側勝利 Turn 11 HP 先14 / 後-7
[415/900] 爆弾魔（先・拡張） vs じゃぶじゃぶマネー（後）: 拡張側勝利 Turn 9 HP 先14 / 後0
[416/900] 爆弾魔（先） vs じゃぶじゃぶマネー（後・拡張）: 通常側勝利 Turn 15 HP 先5 / 後-1
[417/900] 爆弾魔（先・拡張） vs じゃぶじゃぶマネー（後）: 通常側勝利 Turn 10 HP 先0 / 後5
[418/900] 爆弾魔（先） vs じゃぶじゃぶマネー（後・拡張）: 拡張側勝利 Turn 10 HP 先0 / 後9
[419/900] 爆弾魔（先・拡張） vs じゃぶじゃぶマネー（後）: 通常側勝利 Turn 12 HP 先-1 / 後14
[420/900] 爆弾魔（先） vs じゃぶじゃぶマネー（後・拡張）: 通常側勝利 Turn 9 HP 先20 / 後-4
[421/900] じゃぶじゃぶマネー（先・拡張） vs メガトンハンマー（後）: 拡張側勝利 Turn 11 HP 先8 / 後-1
[422/900] じゃぶじゃぶマネー（先） vs メガトンハンマー（後・拡張）: 拡張側勝利 Turn 14 HP 先-4 / 後7
[423/900] じゃぶじゃぶマネー（先・拡張） vs メガトンハンマー（後）: 拡張側勝利 Turn 9 HP 先17 / 後0
[424/900] じゃぶじゃぶマネー（先） vs メガトンハンマー（後・拡張）: 通常側勝利 Turn 13 HP 先3 / 後0
[425/900] じゃぶじゃぶマネー（先・拡張） vs メガトンハンマー（後）: 通常側勝利 Turn 8 HP 先-1 / 後8
[426/900] じゃぶじゃぶマネー（先） vs メガトンハンマー（後・拡張）: 拡張側勝利 Turn 12 HP 先0 / 後3
[427/900] じゃぶじゃぶマネー（先・拡張） vs メガトンハンマー（後）: 通常側勝利 Turn 16 HP 先0 / 後10
[428/900] じゃぶじゃぶマネー（先） vs メガトンハンマー（後・拡張）: 通常側勝利 Turn 15 HP 先10 / 後-4
[429/900] じゃぶじゃぶマネー（先・拡張） vs メガトンハンマー（後）: 通常側勝利 Turn 12 HP 先0 / 後11
[430/900] じゃぶじゃぶマネー（先） vs メガトンハンマー（後・拡張）: 通常側勝利 Turn 13 HP 先7 / 後0
[431/900] じゃぶじゃぶマネー（先・拡張） vs メガトンハンマー（後）: 通常側勝利 Turn 10 HP 先-2 / 後6
[432/900] じゃぶじゃぶマネー（先） vs メガトンハンマー（後・拡張）: 拡張側勝利 Turn 10 HP 先-1 / 後7
[433/900] じゃぶじゃぶマネー（先・拡張） vs メガトンハンマー（後）: 通常側勝利 Turn 10 HP 先0 / 後7
[434/900] じゃぶじゃぶマネー（先） vs メガトンハンマー（後・拡張）: 拡張側勝利 Turn 12 HP 先-1 / 後14
[435/900] じゃぶじゃぶマネー（先・拡張） vs メガトンハンマー（後）: 拡張側勝利 Turn 17 HP 先5 / 後-4
[436/900] じゃぶじゃぶマネー（先） vs メガトンハンマー（後・拡張）: 拡張側勝利 Turn 14 HP 先0 / 後15
[437/900] じゃぶじゃぶマネー（先・拡張） vs メガトンハンマー（後）: 通常側勝利 Turn 12 HP 先-1 / 後7
[438/900] じゃぶじゃぶマネー（先） vs メガトンハンマー（後・拡張）: 拡張側勝利 Turn 12 HP 先-2 / 後7
[439/900] じゃぶじゃぶマネー（先・拡張） vs メガトンハンマー（後）: 拡張側勝利 Turn 11 HP 先14 / 後-7
[440/900] じゃぶじゃぶマネー（先） vs メガトンハンマー（後・拡張）: 通常側勝利 Turn 11 HP 先6 / 後-2
[441/900] じゃぶじゃぶマネー（先・拡張） vs メガトンハンマー（後）: 通常側勝利 Turn 16 HP 先-1 / 後11
[442/900] じゃぶじゃぶマネー（先） vs メガトンハンマー（後・拡張）: 通常側勝利 Turn 13 HP 先13 / 後-7
[443/900] じゃぶじゃぶマネー（先・拡張） vs メガトンハンマー（後）: 通常側勝利 Turn 14 HP 先-1 / 後15
[444/900] じゃぶじゃぶマネー（先） vs メガトンハンマー（後・拡張）: 通常側勝利 Turn 13 HP 先5 / 後-11
[445/900] じゃぶじゃぶマネー（先・拡張） vs メガトンハンマー（後）: 拡張側勝利 Turn 17 HP 先15 / 後0
[446/900] じゃぶじゃぶマネー（先） vs メガトンハンマー（後・拡張）: 拡張側勝利 Turn 12 HP 先0 / 後5
[447/900] じゃぶじゃぶマネー（先・拡張） vs メガトンハンマー（後）: 通常側勝利 Turn 8 HP 先0 / 後15
[448/900] じゃぶじゃぶマネー（先） vs メガトンハンマー（後・拡張）: 通常側勝利 Turn 13 HP 先15 / 後-1
[449/900] じゃぶじゃぶマネー（先・拡張） vs メガトンハンマー（後）: 通常側勝利 Turn 12 HP 先0 / 後7
[450/900] じゃぶじゃぶマネー（先） vs メガトンハンマー（後・拡張）: 通常側勝利 Turn 13 HP 先4 / 後-6
[451/900] メガトンハンマー（先・拡張） vs じゃぶじゃぶマネー（後）: 拡張側勝利 Turn 15 HP 先9 / 後0
[452/900] メガトンハンマー（先） vs じゃぶじゃぶマネー（後・拡張）: 通常側勝利 Turn 13 HP 先5 / 後0
[453/900] メガトンハンマー（先・拡張） vs じゃぶじゃぶマネー（後）: 通常側勝利 Turn 16 HP 先-1 / 後3
[454/900] メガトンハンマー（先） vs じゃぶじゃぶマネー（後・拡張）: 拡張側勝利 Turn 14 HP 先0 / 後8
[455/900] メガトンハンマー（先・拡張） vs じゃぶじゃぶマネー（後）: 拡張側勝利 Turn 13 HP 先11 / 後-1
[456/900] メガトンハンマー（先） vs じゃぶじゃぶマネー（後・拡張）: 拡張側勝利 Turn 12 HP 先0 / 後19
[457/900] メガトンハンマー（先・拡張） vs じゃぶじゃぶマネー（後）: 通常側勝利 Turn 14 HP 先0 / 後13
[458/900] メガトンハンマー（先） vs じゃぶじゃぶマネー（後・拡張）: 通常側勝利 Turn 13 HP 先8 / 後-1
[459/900] メガトンハンマー（先・拡張） vs じゃぶじゃぶマネー（後）: 拡張側勝利 Turn 11 HP 先11 / 後-1
[460/900] メガトンハンマー（先） vs じゃぶじゃぶマネー（後・拡張）: 拡張側勝利 Turn 14 HP 先-2 / 後5
[461/900] メガトンハンマー（先・拡張） vs じゃぶじゃぶマネー（後）: 通常側勝利 Turn 14 HP 先0 / 後12
[462/900] メガトンハンマー（先） vs じゃぶじゃぶマネー（後・拡張）: 通常側勝利 Turn 13 HP 先10 / 後-1
[463/900] メガトンハンマー（先・拡張） vs じゃぶじゃぶマネー（後）: 拡張側勝利 Turn 11 HP 先11 / 後0
[464/900] メガトンハンマー（先） vs じゃぶじゃぶマネー（後・拡張）: 拡張側勝利 Turn 22 HP 先-1 / 後8
[465/900] メガトンハンマー（先・拡張） vs じゃぶじゃぶマネー（後）: 通常側勝利 Turn 18 HP 先0 / 後14
[466/900] メガトンハンマー（先） vs じゃぶじゃぶマネー（後・拡張）: 拡張側勝利 Turn 16 HP 先-1 / 後5
[467/900] メガトンハンマー（先・拡張） vs じゃぶじゃぶマネー（後）: 拡張側勝利 Turn 21 HP 先4 / 後0
[468/900] メガトンハンマー（先） vs じゃぶじゃぶマネー（後・拡張）: 通常側勝利 Turn 9 HP 先8 / 後0
[469/900] メガトンハンマー（先・拡張） vs じゃぶじゃぶマネー（後）: 通常側勝利 Turn 18 HP 先-1 / 後10
[470/900] メガトンハンマー（先） vs じゃぶじゃぶマネー（後・拡張）: 拡張側勝利 Turn 10 HP 先0 / 後9
[471/900] メガトンハンマー（先・拡張） vs じゃぶじゃぶマネー（後）: 通常側勝利 Turn 8 HP 先0 / 後7
[472/900] メガトンハンマー（先） vs じゃぶじゃぶマネー（後・拡張）: 拡張側勝利 Turn 12 HP 先0 / 後5
[473/900] メガトンハンマー（先・拡張） vs じゃぶじゃぶマネー（後）: 拡張側勝利 Turn 9 HP 先10 / 後0
[474/900] メガトンハンマー（先） vs じゃぶじゃぶマネー（後・拡張）: 通常側勝利 Turn 19 HP 先16 / 後-6
[475/900] メガトンハンマー（先・拡張） vs じゃぶじゃぶマネー（後）: 拡張側勝利 Turn 11 HP 先3 / 後-2
[476/900] メガトンハンマー（先） vs じゃぶじゃぶマネー（後・拡張）: 拡張側勝利 Turn 10 HP 先0 / 後8
[477/900] メガトンハンマー（先・拡張） vs じゃぶじゃぶマネー（後）: 拡張側勝利 Turn 11 HP 先8 / 後-2
[478/900] メガトンハンマー（先） vs じゃぶじゃぶマネー（後・拡張）: 通常側勝利 Turn 13 HP 先4 / 後-1
[479/900] メガトンハンマー（先・拡張） vs じゃぶじゃぶマネー（後）: 通常側勝利 Turn 12 HP 先0 / 後7
[480/900] メガトンハンマー（先） vs じゃぶじゃぶマネー（後・拡張）: 拡張側勝利 Turn 10 HP 先0 / 後7
[481/900] じゃぶじゃぶマネー（先・拡張） vs 真綿（後）: 拡張側勝利 Turn 17 HP 先3 / 後-3
[482/900] じゃぶじゃぶマネー（先） vs 真綿（後・拡張）: 拡張側勝利 Turn 10 HP 先0 / 後17
[483/900] じゃぶじゃぶマネー（先・拡張） vs 真綿（後）: 拡張側勝利 Turn 13 HP 先15 / 後-1
[484/900] じゃぶじゃぶマネー（先） vs 真綿（後・拡張）: 拡張側勝利 Turn 14 HP 先0 / 後6
[485/900] じゃぶじゃぶマネー（先・拡張） vs 真綿（後）: 通常側勝利 Turn 10 HP 先0 / 後15
[486/900] じゃぶじゃぶマネー（先） vs 真綿（後・拡張）: 拡張側勝利 Turn 10 HP 先-1 / 後7
[487/900] じゃぶじゃぶマネー（先・拡張） vs 真綿（後）: 通常側勝利 Turn 18 HP 先-12 / 後2
[488/900] じゃぶじゃぶマネー（先） vs 真綿（後・拡張）: 拡張側勝利 Turn 12 HP 先0 / 後9
[489/900] じゃぶじゃぶマネー（先・拡張） vs 真綿（後）: 通常側勝利 Turn 12 HP 先-1 / 後16
[490/900] じゃぶじゃぶマネー（先） vs 真綿（後・拡張）: 通常側勝利 Turn 11 HP 先3 / 後-2
[491/900] じゃぶじゃぶマネー（先・拡張） vs 真綿（後）: 通常側勝利 Turn 10 HP 先0 / 後17
[492/900] じゃぶじゃぶマネー（先） vs 真綿（後・拡張）: 通常側勝利 Turn 13 HP 先7 / 後0
[493/900] じゃぶじゃぶマネー（先・拡張） vs 真綿（後）: 拡張側勝利 Turn 9 HP 先10 / 後-1
[494/900] じゃぶじゃぶマネー（先） vs 真綿（後・拡張）: 通常側勝利 Turn 13 HP 先10 / 後0
[495/900] じゃぶじゃぶマネー（先・拡張） vs 真綿（後）: 通常側勝利 Turn 10 HP 先0 / 後11
[496/900] じゃぶじゃぶマネー（先） vs 真綿（後・拡張）: 通常側勝利 Turn 13 HP 先12 / 後-1
[497/900] じゃぶじゃぶマネー（先・拡張） vs 真綿（後）: 通常側勝利 Turn 12 HP 先0 / 後11
[498/900] じゃぶじゃぶマネー（先） vs 真綿（後・拡張）: 拡張側勝利 Turn 10 HP 先-5 / 後8
[499/900] じゃぶじゃぶマネー（先・拡張） vs 真綿（後）: 拡張側勝利 Turn 13 HP 先15 / 後-1
[500/900] じゃぶじゃぶマネー（先） vs 真綿（後・拡張）: 通常側勝利 Turn 13 HP 先12 / 後0
[501/900] じゃぶじゃぶマネー（先・拡張） vs 真綿（後）: 拡張側勝利 Turn 11 HP 先15 / 後0
[502/900] じゃぶじゃぶマネー（先） vs 真綿（後・拡張）: 通常側勝利 Turn 11 HP 先5 / 後-1
[503/900] じゃぶじゃぶマネー（先・拡張） vs 真綿（後）: 拡張側勝利 Turn 13 HP 先16 / 後-1
[504/900] じゃぶじゃぶマネー（先） vs 真綿（後・拡張）: 通常側勝利 Turn 13 HP 先11 / 後0
[505/900] じゃぶじゃぶマネー（先・拡張） vs 真綿（後）: 通常側勝利 Turn 14 HP 先-9 / 後7
[506/900] じゃぶじゃぶマネー（先） vs 真綿（後・拡張）: 通常側勝利 Turn 15 HP 先3 / 後-2
[507/900] じゃぶじゃぶマネー（先・拡張） vs 真綿（後）: 通常側勝利 Turn 12 HP 先0 / 後13
[508/900] じゃぶじゃぶマネー（先） vs 真綿（後・拡張）: 通常側勝利 Turn 17 HP 先15 / 後0
[509/900] じゃぶじゃぶマネー（先・拡張） vs 真綿（後）: 通常側勝利 Turn 14 HP 先-3 / 後5
[510/900] じゃぶじゃぶマネー（先） vs 真綿（後・拡張）: 拡張側勝利 Turn 14 HP 先-1 / 後3
[511/900] 真綿（先・拡張） vs じゃぶじゃぶマネー（後）: 拡張側勝利 Turn 13 HP 先22 / 後-1
[512/900] 真綿（先） vs じゃぶじゃぶマネー（後・拡張）: 拡張側勝利 Turn 22 HP 先0 / 後10
[513/900] 真綿（先・拡張） vs じゃぶじゃぶマネー（後）: 通常側勝利 Turn 14 HP 先0 / 後3
[514/900] 真綿（先） vs じゃぶじゃぶマネー（後・拡張）: 拡張側勝利 Turn 12 HP 先0 / 後10
[515/900] 真綿（先・拡張） vs じゃぶじゃぶマネー（後）: 通常側勝利 Turn 10 HP 先0 / 後10
[516/900] 真綿（先） vs じゃぶじゃぶマネー（後・拡張）: 通常側勝利 Turn 11 HP 先10 / 後0
[517/900] 真綿（先・拡張） vs じゃぶじゃぶマネー（後）: 通常側勝利 Turn 12 HP 先0 / 後13
[518/900] 真綿（先） vs じゃぶじゃぶマネー（後・拡張）: 拡張側勝利 Turn 14 HP 先0 / 後3
[519/900] 真綿（先・拡張） vs じゃぶじゃぶマネー（後）: 通常側勝利 Turn 12 HP 先-2 / 後9
[520/900] 真綿（先） vs じゃぶじゃぶマネー（後・拡張）: 通常側勝利 Turn 13 HP 先8 / 後0
[521/900] 真綿（先・拡張） vs じゃぶじゃぶマネー（後）: 拡張側勝利 Turn 11 HP 先10 / 後-1
[522/900] 真綿（先） vs じゃぶじゃぶマネー（後・拡張）: 通常側勝利 Turn 15 HP 先17 / 後-4
[523/900] 真綿（先・拡張） vs じゃぶじゃぶマネー（後）: 拡張側勝利 Turn 13 HP 先17 / 後0
[524/900] 真綿（先） vs じゃぶじゃぶマネー（後・拡張）: 拡張側勝利 Turn 16 HP 先0 / 後11
[525/900] 真綿（先・拡張） vs じゃぶじゃぶマネー（後）: 通常側勝利 Turn 14 HP 先-1 / 後12
[526/900] 真綿（先） vs じゃぶじゃぶマネー（後・拡張）: 拡張側勝利 Turn 10 HP 先-1 / 後1
[527/900] 真綿（先・拡張） vs じゃぶじゃぶマネー（後）: 拡張側勝利 Turn 11 HP 先6 / 後-1
[528/900] 真綿（先） vs じゃぶじゃぶマネー（後・拡張）: 拡張側勝利 Turn 14 HP 先-1 / 後4
[529/900] 真綿（先・拡張） vs じゃぶじゃぶマネー（後）: 通常側勝利 Turn 14 HP 先0 / 後3
[530/900] 真綿（先） vs じゃぶじゃぶマネー（後・拡張）: 通常側勝利 Turn 13 HP 先6 / 後-1
[531/900] 真綿（先・拡張） vs じゃぶじゃぶマネー（後）: 通常側勝利 Turn 14 HP 先-1 / 後6
[532/900] 真綿（先） vs じゃぶじゃぶマネー（後・拡張）: 拡張側勝利 Turn 10 HP 先-2 / 後15
[533/900] 真綿（先・拡張） vs じゃぶじゃぶマネー（後）: 拡張側勝利 Turn 13 HP 先4 / 後0
[534/900] 真綿（先） vs じゃぶじゃぶマネー（後・拡張）: 拡張側勝利 Turn 14 HP 先0 / 後8
[535/900] 真綿（先・拡張） vs じゃぶじゃぶマネー（後）: 通常側勝利 Turn 12 HP 先0 / 後10
[536/900] 真綿（先） vs じゃぶじゃぶマネー（後・拡張）: 通常側勝利 Turn 11 HP 先7 / 後-1
[537/900] 真綿（先・拡張） vs じゃぶじゃぶマネー（後）: 拡張側勝利 Turn 17 HP 先4 / 後0
[538/900] 真綿（先） vs じゃぶじゃぶマネー（後・拡張）: 通常側勝利 Turn 13 HP 先15 / 後0
[539/900] 真綿（先・拡張） vs じゃぶじゃぶマネー（後）: 拡張側勝利 Turn 11 HP 先17 / 後-2
[540/900] 真綿（先） vs じゃぶじゃぶマネー（後・拡張）: 拡張側勝利 Turn 14 HP 先0 / 後10
[541/900] 急襲レールウェイ（先・拡張） vs 爆弾魔（後）: 通常側勝利 Turn 12 HP 先0 / 後4
[542/900] 急襲レールウェイ（先） vs 爆弾魔（後・拡張）: 拡張側勝利 Turn 8 HP 先-2 / 後7
[543/900] 急襲レールウェイ（先・拡張） vs 爆弾魔（後）: 通常側勝利 Turn 8 HP 先0 / 後14
[544/900] 急襲レールウェイ（先） vs 爆弾魔（後・拡張）: 拡張側勝利 Turn 12 HP 先0 / 後12
[545/900] 急襲レールウェイ（先・拡張） vs 爆弾魔（後）: 通常側勝利 Turn 10 HP 先0 / 後11
[546/900] 急襲レールウェイ（先） vs 爆弾魔（後・拡張）: 拡張側勝利 Turn 12 HP 先-1 / 後8
[547/900] 急襲レールウェイ（先・拡張） vs 爆弾魔（後）: 拡張側勝利 Turn 11 HP 先15 / 後-1
[548/900] 急襲レールウェイ（先） vs 爆弾魔（後・拡張）: 拡張側勝利 Turn 10 HP 先-2 / 後3
[549/900] 急襲レールウェイ（先・拡張） vs 爆弾魔（後）: 通常側勝利 Turn 10 HP 先-4 / 後8
[550/900] 急襲レールウェイ（先） vs 爆弾魔（後・拡張）: 拡張側勝利 Turn 8 HP 先0 / 後16
[551/900] 急襲レールウェイ（先・拡張） vs 爆弾魔（後）: 通常側勝利 Turn 10 HP 先0 / 後10
[552/900] 急襲レールウェイ（先） vs 爆弾魔（後・拡張）: 通常側勝利 Turn 11 HP 先1 / 後-1
[553/900] 急襲レールウェイ（先・拡張） vs 爆弾魔（後）: 通常側勝利 Turn 8 HP 先0 / 後8
[554/900] 急襲レールウェイ（先） vs 爆弾魔（後・拡張）: 拡張側勝利 Turn 8 HP 先0 / 後12
[555/900] 急襲レールウェイ（先・拡張） vs 爆弾魔（後）: 通常側勝利 Turn 12 HP 先-1 / 後8
[556/900] 急襲レールウェイ（先） vs 爆弾魔（後・拡張）: 拡張側勝利 Turn 10 HP 先-8 / 後10
[557/900] 急襲レールウェイ（先・拡張） vs 爆弾魔（後）: 通常側勝利 Turn 10 HP 先-1 / 後11
[558/900] 急襲レールウェイ（先） vs 爆弾魔（後・拡張）: 通常側勝利 Turn 9 HP 先1 / 後0
[559/900] 急襲レールウェイ（先・拡張） vs 爆弾魔（後）: 拡張側勝利 Turn 11 HP 先1 / 後0
[560/900] 急襲レールウェイ（先） vs 爆弾魔（後・拡張）: 拡張側勝利 Turn 10 HP 先-1 / 後4
[561/900] 急襲レールウェイ（先・拡張） vs 爆弾魔（後）: 通常側勝利 Turn 8 HP 先0 / 後8
[562/900] 急襲レールウェイ（先） vs 爆弾魔（後・拡張）: 拡張側勝利 Turn 8 HP 先-1 / 後16
[563/900] 急襲レールウェイ（先・拡張） vs 爆弾魔（後）: 通常側勝利 Turn 10 HP 先0 / 後6
[564/900] 急襲レールウェイ（先） vs 爆弾魔（後・拡張）: 通常側勝利 Turn 9 HP 先13 / 後0
[565/900] 急襲レールウェイ（先・拡張） vs 爆弾魔（後）: 通常側勝利 Turn 10 HP 先0 / 後17
[566/900] 急襲レールウェイ（先） vs 爆弾魔（後・拡張）: 拡張側勝利 Turn 10 HP 先-1 / 後13
[567/900] 急襲レールウェイ（先・拡張） vs 爆弾魔（後）: 拡張側勝利 Turn 13 HP 先5 / 後-1
[568/900] 急襲レールウェイ（先） vs 爆弾魔（後・拡張）: 拡張側勝利 Turn 8 HP 先0 / 後12
[569/900] 急襲レールウェイ（先・拡張） vs 爆弾魔（後）: 通常側勝利 Turn 10 HP 先0 / 後4
[570/900] 急襲レールウェイ（先） vs 爆弾魔（後・拡張）: 通常側勝利 Turn 9 HP 先3 / 後0
[571/900] 爆弾魔（先・拡張） vs 急襲レールウェイ（後）: 拡張側勝利 Turn 11 HP 先9 / 後-1
[572/900] 爆弾魔（先） vs 急襲レールウェイ（後・拡張）: 通常側勝利 Turn 7 HP 先8 / 後0
[573/900] 爆弾魔（先・拡張） vs 急襲レールウェイ（後）: 拡張側勝利 Turn 11 HP 先8 / 後0
[574/900] 爆弾魔（先） vs 急襲レールウェイ（後・拡張）: 通常側勝利 Turn 11 HP 先9 / 後-2
[575/900] 爆弾魔（先・拡張） vs 急襲レールウェイ（後）: 通常側勝利 Turn 10 HP 先0 / 後3
[576/900] 爆弾魔（先） vs 急襲レールウェイ（後・拡張）: 通常側勝利 Turn 9 HP 先10 / 後0
[577/900] 爆弾魔（先・拡張） vs 急襲レールウェイ（後）: 拡張側勝利 Turn 9 HP 先10 / 後-1
[578/900] 爆弾魔（先） vs 急襲レールウェイ（後・拡張）: 通常側勝利 Turn 17 HP 先4 / 後-3
[579/900] 爆弾魔（先・拡張） vs 急襲レールウェイ（後）: 拡張側勝利 Turn 7 HP 先11 / 後0
[580/900] 爆弾魔（先） vs 急襲レールウェイ（後・拡張）: 通常側勝利 Turn 9 HP 先8 / 後-1
[581/900] 爆弾魔（先・拡張） vs 急襲レールウェイ（後）: 拡張側勝利 Turn 11 HP 先4 / 後0
[582/900] 爆弾魔（先） vs 急襲レールウェイ（後・拡張）: 拡張側勝利 Turn 10 HP 先0 / 後8
[583/900] 爆弾魔（先・拡張） vs 急襲レールウェイ（後）: 拡張側勝利 Turn 9 HP 先10 / 後0
[584/900] 爆弾魔（先） vs 急襲レールウェイ（後・拡張）: 通常側勝利 Turn 9 HP 先1 / 後0
[585/900] 爆弾魔（先・拡張） vs 急襲レールウェイ（後）: 拡張側勝利 Turn 17 HP 先14 / 後-1
[586/900] 爆弾魔（先） vs 急襲レールウェイ（後・拡張）: 通常側勝利 Turn 13 HP 先7 / 後-1
[587/900] 爆弾魔（先・拡張） vs 急襲レールウェイ（後）: 通常側勝利 Turn 8 HP 先0 / 後8
[588/900] 爆弾魔（先） vs 急襲レールウェイ（後・拡張）: 拡張側勝利 Turn 10 HP 先-5 / 後10
[589/900] 爆弾魔（先・拡張） vs 急襲レールウェイ（後）: 拡張側勝利 Turn 11 HP 先7 / 後-1
[590/900] 爆弾魔（先） vs 急襲レールウェイ（後・拡張）: 通常側勝利 Turn 9 HP 先17 / 後0
[591/900] 爆弾魔（先・拡張） vs 急襲レールウェイ（後）: 拡張側勝利 Turn 7 HP 先14 / 後0
[592/900] 爆弾魔（先） vs 急襲レールウェイ（後・拡張）: 通常側勝利 Turn 9 HP 先5 / 後-6
[593/900] 爆弾魔（先・拡張） vs 急襲レールウェイ（後）: 通常側勝利 Turn 14 HP 先-3 / 後11
[594/900] 爆弾魔（先） vs 急襲レールウェイ（後・拡張）: 拡張側勝利 Turn 10 HP 先-2 / 後10
[595/900] 爆弾魔（先・拡張） vs 急襲レールウェイ（後）: 通常側勝利 Turn 12 HP 先0 / 後7
[596/900] 爆弾魔（先） vs 急襲レールウェイ（後・拡張）: 通常側勝利 Turn 11 HP 先8 / 後-3
[597/900] 爆弾魔（先・拡張） vs 急襲レールウェイ（後）: 拡張側勝利 Turn 7 HP 先14 / 後-2
[598/900] 爆弾魔（先） vs 急襲レールウェイ（後・拡張）: 通常側勝利 Turn 9 HP 先7 / 後-2
[599/900] 爆弾魔（先・拡張） vs 急襲レールウェイ（後）: 拡張側勝利 Turn 9 HP 先8 / 後0
[600/900] 爆弾魔（先） vs 急襲レールウェイ（後・拡張）: 拡張側勝利 Turn 10 HP 先0 / 後11
[601/900] 急襲レールウェイ（先・拡張） vs メガトンハンマー（後）: 通常側勝利 Turn 14 HP 先-5 / 後13
[602/900] 急襲レールウェイ（先） vs メガトンハンマー（後・拡張）: 拡張側勝利 Turn 28 HP 先-5 / 後13
[603/900] 急襲レールウェイ（先・拡張） vs メガトンハンマー（後）: 拡張側勝利 Turn 9 HP 先19 / 後-3
[604/900] 急襲レールウェイ（先） vs メガトンハンマー（後・拡張）: 通常側勝利 Turn 11 HP 先9 / 後-1
[605/900] 急襲レールウェイ（先・拡張） vs メガトンハンマー（後）: 通常側勝利 Turn 10 HP 先-6 / 後1
[606/900] 急襲レールウェイ（先） vs メガトンハンマー（後・拡張）: 拡張側勝利 Turn 10 HP 先-6 / 後4
[607/900] 急襲レールウェイ（先・拡張） vs メガトンハンマー（後）: 拡張側勝利 Turn 9 HP 先17 / 後-1
[608/900] 急襲レールウェイ（先） vs メガトンハンマー（後・拡張）: 通常側勝利 Turn 11 HP 先15 / 後0
[609/900] 急襲レールウェイ（先・拡張） vs メガトンハンマー（後）: 通常側勝利 Turn 10 HP 先-1 / 後7
[610/900] 急襲レールウェイ（先） vs メガトンハンマー（後・拡張）: 拡張側勝利 Turn 10 HP 先0 / 後13
[611/900] 急襲レールウェイ（先・拡張） vs メガトンハンマー（後）: 通常側勝利 Turn 14 HP 先-4 / 後2
[612/900] 急襲レールウェイ（先） vs メガトンハンマー（後・拡張）: 通常側勝利 Turn 11 HP 先7 / 後-1
[613/900] 急襲レールウェイ（先・拡張） vs メガトンハンマー（後）: 拡張側勝利 Turn 13 HP 先16 / 後-5
[614/900] 急襲レールウェイ（先） vs メガトンハンマー（後・拡張）: 拡張側勝利 Turn 14 HP 先-1 / 後6
[615/900] 急襲レールウェイ（先・拡張） vs メガトンハンマー（後）: 拡張側勝利 Turn 9 HP 先5 / 後0
[616/900] 急襲レールウェイ（先） vs メガトンハンマー（後・拡張）: 拡張側勝利 Turn 10 HP 先0 / 後6
[617/900] 急襲レールウェイ（先・拡張） vs メガトンハンマー（後）: 通常側勝利 Turn 12 HP 先0 / 後13
[618/900] 急襲レールウェイ（先） vs メガトンハンマー（後・拡張）: 拡張側勝利 Turn 10 HP 先-2 / 後3
[619/900] 急襲レールウェイ（先・拡張） vs メガトンハンマー（後）: 通常側勝利 Turn 10 HP 先0 / 後8
[620/900] 急襲レールウェイ（先） vs メガトンハンマー（後・拡張）: 拡張側勝利 Turn 12 HP 先0 / 後1
[621/900] 急襲レールウェイ（先・拡張） vs メガトンハンマー（後）: 通常側勝利 Turn 12 HP 先0 / 後7
[622/900] 急襲レールウェイ（先） vs メガトンハンマー（後・拡張）: 通常側勝利 Turn 11 HP 先4 / 後-1
[623/900] 急襲レールウェイ（先・拡張） vs メガトンハンマー（後）: 通常側勝利 Turn 10 HP 先-1 / 後5
[624/900] 急襲レールウェイ（先） vs メガトンハンマー（後・拡張）: 拡張側勝利 Turn 10 HP 先0 / 後6
[625/900] 急襲レールウェイ（先・拡張） vs メガトンハンマー（後）: 拡張側勝利 Turn 11 HP 先3 / 後0
[626/900] 急襲レールウェイ（先） vs メガトンハンマー（後・拡張）: 拡張側勝利 Turn 10 HP 先-1 / 後9
[627/900] 急襲レールウェイ（先・拡張） vs メガトンハンマー（後）: 拡張側勝利 Turn 17 HP 先9 / 後-1
[628/900] 急襲レールウェイ（先） vs メガトンハンマー（後・拡張）: 通常側勝利 Turn 15 HP 先7 / 後0
[629/900] 急襲レールウェイ（先・拡張） vs メガトンハンマー（後）: 通常側勝利 Turn 12 HP 先-1 / 後15
[630/900] 急襲レールウェイ（先） vs メガトンハンマー（後・拡張）: 拡張側勝利 Turn 10 HP 先-5 / 後11
[631/900] メガトンハンマー（先・拡張） vs 急襲レールウェイ（後）: 拡張側勝利 Turn 9 HP 先14 / 後-1
[632/900] メガトンハンマー（先） vs 急襲レールウェイ（後・拡張）: 拡張側勝利 Turn 10 HP 先0 / 後7
[633/900] メガトンハンマー（先・拡張） vs 急襲レールウェイ（後）: 通常側勝利 Turn 12 HP 先0 / 後13
[634/900] メガトンハンマー（先） vs 急襲レールウェイ（後・拡張）: 拡張側勝利 Turn 8 HP 先-3 / 後8
[635/900] メガトンハンマー（先・拡張） vs 急襲レールウェイ（後）: 拡張側勝利 Turn 13 HP 先4 / 後-1
[636/900] メガトンハンマー（先） vs 急襲レールウェイ（後・拡張）: 通常側勝利 Turn 11 HP 先7 / 後0
[637/900] メガトンハンマー（先・拡張） vs 急襲レールウェイ（後）: 通常側勝利 Turn 16 HP 先0 / 後13
[638/900] メガトンハンマー（先） vs 急襲レールウェイ（後・拡張）: 通常側勝利 Turn 17 HP 先5 / 後0
[639/900] メガトンハンマー（先・拡張） vs 急襲レールウェイ（後）: 拡張側勝利 Turn 9 HP 先9 / 後-4
[640/900] メガトンハンマー（先） vs 急襲レールウェイ（後・拡張）: 拡張側勝利 Turn 8 HP 先0 / 後13
[641/900] メガトンハンマー（先・拡張） vs 急襲レールウェイ（後）: 通常側勝利 Turn 10 HP 先0 / 後21
[642/900] メガトンハンマー（先） vs 急襲レールウェイ（後・拡張）: 通常側勝利 Turn 9 HP 先15 / 後0
[643/900] メガトンハンマー（先・拡張） vs 急襲レールウェイ（後）: 拡張側勝利 Turn 11 HP 先16 / 後0
[644/900] メガトンハンマー（先） vs 急襲レールウェイ（後・拡張）: 通常側勝利 Turn 17 HP 先5 / 後-6
[645/900] メガトンハンマー（先・拡張） vs 急襲レールウェイ（後）: 通常側勝利 Turn 10 HP 先0 / 後9
[646/900] メガトンハンマー（先） vs 急襲レールウェイ（後・拡張）: 拡張側勝利 Turn 10 HP 先0 / 後11
[647/900] メガトンハンマー（先・拡張） vs 急襲レールウェイ（後）: 拡張側勝利 Turn 13 HP 先4 / 後0
[648/900] メガトンハンマー（先） vs 急襲レールウェイ（後・拡張）: 拡張側勝利 Turn 14 HP 先-1 / 後11
[649/900] メガトンハンマー（先・拡張） vs 急襲レールウェイ（後）: 通常側勝利 Turn 12 HP 先0 / 後9
[650/900] メガトンハンマー（先） vs 急襲レールウェイ（後・拡張）: 通常側勝利 Turn 11 HP 先8 / 後0
[651/900] メガトンハンマー（先・拡張） vs 急襲レールウェイ（後）: 拡張側勝利 Turn 11 HP 先12 / 後-1
[652/900] メガトンハンマー（先） vs 急襲レールウェイ（後・拡張）: 拡張側勝利 Turn 14 HP 先-3 / 後11
[653/900] メガトンハンマー（先・拡張） vs 急襲レールウェイ（後）: 拡張側勝利 Turn 19 HP 先9 / 後-2
[654/900] メガトンハンマー（先） vs 急襲レールウェイ（後・拡張）: 通常側勝利 Turn 13 HP 先1 / 後-1
[655/900] メガトンハンマー（先・拡張） vs 急襲レールウェイ（後）: 拡張側勝利 Turn 11 HP 先11 / 後-2
[656/900] メガトンハンマー（先） vs 急襲レールウェイ（後・拡張）: 通常側勝利 Turn 11 HP 先9 / 後0
[657/900] メガトンハンマー（先・拡張） vs 急襲レールウェイ（後）: 通常側勝利 Turn 10 HP 先0 / 後11
[658/900] メガトンハンマー（先） vs 急襲レールウェイ（後・拡張）: 通常側勝利 Turn 13 HP 先8 / 後-1
[659/900] メガトンハンマー（先・拡張） vs 急襲レールウェイ（後）: 拡張側勝利 Turn 11 HP 先13 / 後-2
[660/900] メガトンハンマー（先） vs 急襲レールウェイ（後・拡張）: 拡張側勝利 Turn 12 HP 先-1 / 後8
[661/900] 急襲レールウェイ（先・拡張） vs 真綿（後）: 通常側勝利 Turn 12 HP 先-1 / 後14
[662/900] 急襲レールウェイ（先） vs 真綿（後・拡張）: 拡張側勝利 Turn 12 HP 先-1 / 後9
[663/900] 急襲レールウェイ（先・拡張） vs 真綿（後）: 拡張側勝利 Turn 13 HP 先7 / 後0
[664/900] 急襲レールウェイ（先） vs 真綿（後・拡張）: 拡張側勝利 Turn 12 HP 先0 / 後18
[665/900] 急襲レールウェイ（先・拡張） vs 真綿（後）: 拡張側勝利 Turn 9 HP 先21 / 後-1
[666/900] 急襲レールウェイ（先） vs 真綿（後・拡張）: 拡張側勝利 Turn 10 HP 先-1 / 後11
[667/900] 急襲レールウェイ（先・拡張） vs 真綿（後）: 拡張側勝利 Turn 11 HP 先10 / 後-5
[668/900] 急襲レールウェイ（先） vs 真綿（後・拡張）: 通常側勝利 Turn 11 HP 先2 / 後-8
[669/900] 急襲レールウェイ（先・拡張） vs 真綿（後）: 通常側勝利 Turn 12 HP 先-2 / 後4
[670/900] 急襲レールウェイ（先） vs 真綿（後・拡張）: 拡張側勝利 Turn 14 HP 先-2 / 後11
[671/900] 急襲レールウェイ（先・拡張） vs 真綿（後）: 通常側勝利 Turn 10 HP 先-8 / 後2
[672/900] 急襲レールウェイ（先） vs 真綿（後・拡張）: 拡張側勝利 Turn 12 HP 先0 / 後15
[673/900] 急襲レールウェイ（先・拡張） vs 真綿（後）: 通常側勝利 Turn 14 HP 先-1 / 後12
[674/900] 急襲レールウェイ（先） vs 真綿（後・拡張）: 拡張側勝利 Turn 10 HP 先0 / 後16
[675/900] 急襲レールウェイ（先・拡張） vs 真綿（後）: 拡張側勝利 Turn 13 HP 先8 / 後-2
[676/900] 急襲レールウェイ（先） vs 真綿（後・拡張）: 拡張側勝利 Turn 12 HP 先0 / 後6
[677/900] 急襲レールウェイ（先・拡張） vs 真綿（後）: 通常側勝利 Turn 12 HP 先0 / 後6
[678/900] 急襲レールウェイ（先） vs 真綿（後・拡張）: 通常側勝利 Turn 11 HP 先4 / 後-1
[679/900] 急襲レールウェイ（先・拡張） vs 真綿（後）: 通常側勝利 Turn 12 HP 先-2 / 後6
[680/900] 急襲レールウェイ（先） vs 真綿（後・拡張）: 通常側勝利 Turn 11 HP 先6 / 後-1
[681/900] 急襲レールウェイ（先・拡張） vs 真綿（後）: 拡張側勝利 Turn 19 HP 先11 / 後-2
[682/900] 急襲レールウェイ（先） vs 真綿（後・拡張）: 通常側勝利 Turn 13 HP 先3 / 後-1
[683/900] 急襲レールウェイ（先・拡張） vs 真綿（後）: 拡張側勝利 Turn 13 HP 先19 / 後0
[684/900] 急襲レールウェイ（先） vs 真綿（後・拡張）: 通常側勝利 Turn 17 HP 先8 / 後0
[685/900] 急襲レールウェイ（先・拡張） vs 真綿（後）: 拡張側勝利 Turn 11 HP 先5 / 後-4
[686/900] 急襲レールウェイ（先） vs 真綿（後・拡張）: 通常側勝利 Turn 11 HP 先9 / 後-2
[687/900] 急襲レールウェイ（先・拡張） vs 真綿（後）: 拡張側勝利 Turn 13 HP 先12 / 後-1
[688/900] 急襲レールウェイ（先） vs 真綿（後・拡張）: 拡張側勝利 Turn 10 HP 先-1 / 後13
[689/900] 急襲レールウェイ（先・拡張） vs 真綿（後）: 通常側勝利 Turn 14 HP 先-1 / 後5
[690/900] 急襲レールウェイ（先） vs 真綿（後・拡張）: 通常側勝利 Turn 9 HP 先13 / 後0
[691/900] 真綿（先・拡張） vs 急襲レールウェイ（後）: 通常側勝利 Turn 12 HP 先-2 / 後15
[692/900] 真綿（先） vs 急襲レールウェイ（後・拡張）: 通常側勝利 Turn 13 HP 先8 / 後-1
[693/900] 真綿（先・拡張） vs 急襲レールウェイ（後）: 拡張側勝利 Turn 15 HP 先11 / 後0
[694/900] 真綿（先） vs 急襲レールウェイ（後・拡張）: 通常側勝利 Turn 9 HP 先12 / 後0
[695/900] 真綿（先・拡張） vs 急襲レールウェイ（後）: 拡張側勝利 Turn 9 HP 先11 / 後-1
[696/900] 真綿（先） vs 急襲レールウェイ（後・拡張）: 拡張側勝利 Turn 12 HP 先0 / 後8
[697/900] 真綿（先・拡張） vs 急襲レールウェイ（後）: 通常側勝利 Turn 12 HP 先-4 / 後7
[698/900] 真綿（先） vs 急襲レールウェイ（後・拡張）: 拡張側勝利 Turn 12 HP 先-2 / 後15
[699/900] 真綿（先・拡張） vs 急襲レールウェイ（後）: 拡張側勝利 Turn 13 HP 先3 / 後-1
[700/900] 真綿（先） vs 急襲レールウェイ（後・拡張）: 拡張側勝利 Turn 12 HP 先0 / 後8
[701/900] 真綿（先・拡張） vs 急襲レールウェイ（後）: 拡張側勝利 Turn 11 HP 先10 / 後0
[702/900] 真綿（先） vs 急襲レールウェイ（後・拡張）: 拡張側勝利 Turn 10 HP 先0 / 後7
[703/900] 真綿（先・拡張） vs 急襲レールウェイ（後）: 拡張側勝利 Turn 11 HP 先8 / 後-4
[704/900] 真綿（先） vs 急襲レールウェイ（後・拡張）: 拡張側勝利 Turn 12 HP 先0 / 後4
[705/900] 真綿（先・拡張） vs 急襲レールウェイ（後）: 拡張側勝利 Turn 11 HP 先9 / 後-2
[706/900] 真綿（先） vs 急襲レールウェイ（後・拡張）: 拡張側勝利 Turn 12 HP 先-5 / 後4
[707/900] 真綿（先・拡張） vs 急襲レールウェイ（後）: 通常側勝利 Turn 10 HP 先0 / 後8
[708/900] 真綿（先） vs 急襲レールウェイ（後・拡張）: 通常側勝利 Turn 9 HP 先8 / 後0
[709/900] 真綿（先・拡張） vs 急襲レールウェイ（後）: 拡張側勝利 Turn 13 HP 先6 / 後0
[710/900] 真綿（先） vs 急襲レールウェイ（後・拡張）: 通常側勝利 Turn 9 HP 先5 / 後-1
[711/900] 真綿（先・拡張） vs 急襲レールウェイ（後）: 通常側勝利 Turn 14 HP 先0 / 後7
[712/900] 真綿（先） vs 急襲レールウェイ（後・拡張）: 拡張側勝利 Turn 12 HP 先-2 / 後11
[713/900] 真綿（先・拡張） vs 急襲レールウェイ（後）: 拡張側勝利 Turn 11 HP 先11 / 後-1
[714/900] 真綿（先） vs 急襲レールウェイ（後・拡張）: 拡張側勝利 Turn 12 HP 先-1 / 後6
[715/900] 真綿（先・拡張） vs 急襲レールウェイ（後）: 通常側勝利 Turn 10 HP 先0 / 後9
[716/900] 真綿（先） vs 急襲レールウェイ（後・拡張）: 通常側勝利 Turn 9 HP 先9 / 後0
[717/900] 真綿（先・拡張） vs 急襲レールウェイ（後）: 拡張側勝利 Turn 11 HP 先15 / 後-1
[718/900] 真綿（先） vs 急襲レールウェイ（後・拡張）: 通常側勝利 Turn 11 HP 先12 / 後0
[719/900] 真綿（先・拡張） vs 急襲レールウェイ（後）: 拡張側勝利 Turn 13 HP 先5 / 後-1
[720/900] 真綿（先） vs 急襲レールウェイ（後・拡張）: 通常側勝利 Turn 15 HP 先14 / 後0
[721/900] 爆弾魔（先・拡張） vs メガトンハンマー（後）: 通常側勝利 Turn 10 HP 先-2 / 後8
[722/900] 爆弾魔（先） vs メガトンハンマー（後・拡張）: 通常側勝利 Turn 11 HP 先7 / 後-1
[723/900] 爆弾魔（先・拡張） vs メガトンハンマー（後）: 拡張側勝利 Turn 7 HP 先7 / 後-8
[724/900] 爆弾魔（先） vs メガトンハンマー（後・拡張）: 拡張側勝利 Turn 12 HP 先-1 / 後9
[725/900] 爆弾魔（先・拡張） vs メガトンハンマー（後）: 通常側勝利 Turn 10 HP 先-3 / 後7
[726/900] 爆弾魔（先） vs メガトンハンマー（後・拡張）: 通常側勝利 Turn 9 HP 先8 / 後0
[727/900] 爆弾魔（先・拡張） vs メガトンハンマー（後）: 拡張側勝利 Turn 9 HP 先13 / 後0
[728/900] 爆弾魔（先） vs メガトンハンマー（後・拡張）: 通常側勝利 Turn 11 HP 先4 / 後0
[729/900] 爆弾魔（先・拡張） vs メガトンハンマー（後）: 通常側勝利 Turn 16 HP 先-1 / 後1
[730/900] 爆弾魔（先） vs メガトンハンマー（後・拡張）: 拡張側勝利 Turn 10 HP 先0 / 後9
[731/900] 爆弾魔（先・拡張） vs メガトンハンマー（後）: 拡張側勝利 Turn 9 HP 先3 / 後-1
[732/900] 爆弾魔（先） vs メガトンハンマー（後・拡張）: 通常側勝利 Turn 9 HP 先6 / 後0
[733/900] 爆弾魔（先・拡張） vs メガトンハンマー（後）: 通常側勝利 Turn 12 HP 先0 / 後10
[734/900] 爆弾魔（先） vs メガトンハンマー（後・拡張）: 拡張側勝利 Turn 14 HP 先-1 / 後8
[735/900] 爆弾魔（先・拡張） vs メガトンハンマー（後）: 拡張側勝利 Turn 13 HP 先12 / 後-1
[736/900] 爆弾魔（先） vs メガトンハンマー（後・拡張）: 拡張側勝利 Turn 8 HP 先-1 / 後12
[737/900] 爆弾魔（先・拡張） vs メガトンハンマー（後）: 拡張側勝利 Turn 11 HP 先9 / 後-1
[738/900] 爆弾魔（先） vs メガトンハンマー（後・拡張）: 通常側勝利 Turn 11 HP 先13 / 後0
[739/900] 爆弾魔（先・拡張） vs メガトンハンマー（後）: 通常側勝利 Turn 10 HP 先-4 / 後15
[740/900] 爆弾魔（先） vs メガトンハンマー（後・拡張）: 通常側勝利 Turn 7 HP 先12 / 後0
[741/900] 爆弾魔（先・拡張） vs メガトンハンマー（後）: 拡張側勝利 Turn 13 HP 先10 / 後0
[742/900] 爆弾魔（先） vs メガトンハンマー（後・拡張）: 通常側勝利 Turn 11 HP 先5 / 後-1
[743/900] 爆弾魔（先・拡張） vs メガトンハンマー（後）: 拡張側勝利 Turn 7 HP 先14 / 後0
[744/900] 爆弾魔（先） vs メガトンハンマー（後・拡張）: 通常側勝利 Turn 13 HP 先7 / 後-2
[745/900] 爆弾魔（先・拡張） vs メガトンハンマー（後）: 拡張側勝利 Turn 11 HP 先12 / 後-1
[746/900] 爆弾魔（先） vs メガトンハンマー（後・拡張）: 通常側勝利 Turn 9 HP 先3 / 後-2
[747/900] 爆弾魔（先・拡張） vs メガトンハンマー（後）: 拡張側勝利 Turn 9 HP 先7 / 後-8
[748/900] 爆弾魔（先） vs メガトンハンマー（後・拡張）: 通常側勝利 Turn 11 HP 先8 / 後-2
[749/900] 爆弾魔（先・拡張） vs メガトンハンマー（後）: 拡張側勝利 Turn 11 HP 先9 / 後-3
[750/900] 爆弾魔（先） vs メガトンハンマー（後・拡張）: 通常側勝利 Turn 9 HP 先11 / 後-2
[751/900] メガトンハンマー（先・拡張） vs 爆弾魔（後）: 通常側勝利 Turn 10 HP 先0 / 後9
[752/900] メガトンハンマー（先） vs 爆弾魔（後・拡張）: 通常側勝利 Turn 9 HP 先10 / 後0
[753/900] メガトンハンマー（先・拡張） vs 爆弾魔（後）: 通常側勝利 Turn 8 HP 先0 / 後8
[754/900] メガトンハンマー（先） vs 爆弾魔（後・拡張）: 拡張側勝利 Turn 8 HP 先0 / 後10
[755/900] メガトンハンマー（先・拡張） vs 爆弾魔（後）: 拡張側勝利 Turn 13 HP 先15 / 後-1
[756/900] メガトンハンマー（先） vs 爆弾魔（後・拡張）: 通常側勝利 Turn 11 HP 先7 / 後0
[757/900] メガトンハンマー（先・拡張） vs 爆弾魔（後）: 通常側勝利 Turn 8 HP 先-5 / 後1
[758/900] メガトンハンマー（先） vs 爆弾魔（後・拡張）: 拡張側勝利 Turn 10 HP 先0 / 後6
[759/900] メガトンハンマー（先・拡張） vs 爆弾魔（後）: 拡張側勝利 Turn 11 HP 先6 / 後-1
[760/900] メガトンハンマー（先） vs 爆弾魔（後・拡張）: 拡張側勝利 Turn 14 HP 先-2 / 後6
[761/900] メガトンハンマー（先・拡張） vs 爆弾魔（後）: 拡張側勝利 Turn 9 HP 先4 / 後-4
[762/900] メガトンハンマー（先） vs 爆弾魔（後・拡張）: 拡張側勝利 Turn 10 HP 先-1 / 後10
[763/900] メガトンハンマー（先・拡張） vs 爆弾魔（後）: 通常側勝利 Turn 8 HP 先-2 / 後9
[764/900] メガトンハンマー（先） vs 爆弾魔（後・拡張）: 通常側勝利 Turn 11 HP 先10 / 後-1
[765/900] メガトンハンマー（先・拡張） vs 爆弾魔（後）: 拡張側勝利 Turn 9 HP 先14 / 後0
[766/900] メガトンハンマー（先） vs 爆弾魔（後・拡張）: 通常側勝利 Turn 9 HP 先11 / 後-1
[767/900] メガトンハンマー（先・拡張） vs 爆弾魔（後）: 通常側勝利 Turn 8 HP 先0 / 後8
[768/900] メガトンハンマー（先） vs 爆弾魔（後・拡張）: 拡張側勝利 Turn 14 HP 先-10 / 後2
[769/900] メガトンハンマー（先・拡張） vs 爆弾魔（後）: 拡張側勝利 Turn 11 HP 先3 / 後-1
[770/900] メガトンハンマー（先） vs 爆弾魔（後・拡張）: 拡張側勝利 Turn 10 HP 先-1 / 後12
[771/900] メガトンハンマー（先・拡張） vs 爆弾魔（後）: 拡張側勝利 Turn 11 HP 先11 / 後0
[772/900] メガトンハンマー（先） vs 爆弾魔（後・拡張）: 拡張側勝利 Turn 8 HP 先-1 / 後11
[773/900] メガトンハンマー（先・拡張） vs 爆弾魔（後）: 拡張側勝利 Turn 9 HP 先8 / 後0
[774/900] メガトンハンマー（先） vs 爆弾魔（後・拡張）: 拡張側勝利 Turn 8 HP 先0 / 後14
[775/900] メガトンハンマー（先・拡張） vs 爆弾魔（後）: 拡張側勝利 Turn 9 HP 先5 / 後-1
[776/900] メガトンハンマー（先） vs 爆弾魔（後・拡張）: 通常側勝利 Turn 9 HP 先1 / 後0
[777/900] メガトンハンマー（先・拡張） vs 爆弾魔（後）: 拡張側勝利 Turn 11 HP 先17 / 後0
[778/900] メガトンハンマー（先） vs 爆弾魔（後・拡張）: 拡張側勝利 Turn 10 HP 先-6 / 後4
[779/900] メガトンハンマー（先・拡張） vs 爆弾魔（後）: 通常側勝利 Turn 10 HP 先-2 / 後4
[780/900] メガトンハンマー（先） vs 爆弾魔（後・拡張）: 通常側勝利 Turn 9 HP 先4 / 後-1
[781/900] 爆弾魔（先・拡張） vs 真綿（後）: 拡張側勝利 Turn 9 HP 先7 / 後0
[782/900] 爆弾魔（先） vs 真綿（後・拡張）: 通常側勝利 Turn 9 HP 先12 / 後0
[783/900] 爆弾魔（先・拡張） vs 真綿（後）: 通常側勝利 Turn 14 HP 先-1 / 後3
[784/900] 爆弾魔（先） vs 真綿（後・拡張）: 拡張側勝利 Turn 12 HP 先0 / 後4
[785/900] 爆弾魔（先・拡張） vs 真綿（後）: 拡張側勝利 Turn 13 HP 先1 / 後-1
[786/900] 爆弾魔（先） vs 真綿（後・拡張）: 通常側勝利 Turn 9 HP 先20 / 後0
[787/900] 爆弾魔（先・拡張） vs 真綿（後）: 通常側勝利 Turn 10 HP 先0 / 後9
[788/900] 爆弾魔（先） vs 真綿（後・拡張）: 通常側勝利 Turn 11 HP 先11 / 後-1
[789/900] 爆弾魔（先・拡張） vs 真綿（後）: 拡張側勝利 Turn 9 HP 先8 / 後0
[790/900] 爆弾魔（先） vs 真綿（後・拡張）: 通常側勝利 Turn 11 HP 先18 / 後0
[791/900] 爆弾魔（先・拡張） vs 真綿（後）: 拡張側勝利 Turn 11 HP 先11 / 後-1
[792/900] 爆弾魔（先） vs 真綿（後・拡張）: 拡張側勝利 Turn 12 HP 先-1 / 後11
[793/900] 爆弾魔（先・拡張） vs 真綿（後）: 拡張側勝利 Turn 9 HP 先6 / 後0
[794/900] 爆弾魔（先） vs 真綿（後・拡張）: 拡張側勝利 Turn 10 HP 先0 / 後2
[795/900] 爆弾魔（先・拡張） vs 真綿（後）: 拡張側勝利 Turn 13 HP 先13 / 後0
[796/900] 爆弾魔（先） vs 真綿（後・拡張）: 通常側勝利 Turn 11 HP 先6 / 後0
[797/900] 爆弾魔（先・拡張） vs 真綿（後）: 拡張側勝利 Turn 9 HP 先16 / 後-3
[798/900] 爆弾魔（先） vs 真綿（後・拡張）: 拡張側勝利 Turn 12 HP 先-5 / 後3
[799/900] 爆弾魔（先・拡張） vs 真綿（後）: 通常側勝利 Turn 10 HP 先-1 / 後9
[800/900] 爆弾魔（先） vs 真綿（後・拡張）: 通常側勝利 Turn 13 HP 先8 / 後-2
[801/900] 爆弾魔（先・拡張） vs 真綿（後）: 拡張側勝利 Turn 11 HP 先20 / 後-1
[802/900] 爆弾魔（先） vs 真綿（後・拡張）: 拡張側勝利 Turn 14 HP 先-18 / 後2
[803/900] 爆弾魔（先・拡張） vs 真綿（後）: 通常側勝利 Turn 12 HP 先-1 / 後9
[804/900] 爆弾魔（先） vs 真綿（後・拡張）: 拡張側勝利 Turn 16 HP 先-1 / 後12
[805/900] 爆弾魔（先・拡張） vs 真綿（後）: 通常側勝利 Turn 8 HP 先0 / 後14
[806/900] 爆弾魔（先） vs 真綿（後・拡張）: 通常側勝利 Turn 9 HP 先14 / 後0
[807/900] 爆弾魔（先・拡張） vs 真綿（後）: 拡張側勝利 Turn 7 HP 先20 / 後0
[808/900] 爆弾魔（先） vs 真綿（後・拡張）: 通常側勝利 Turn 15 HP 先7 / 後0
[809/900] 爆弾魔（先・拡張） vs 真綿（後）: 拡張側勝利 Turn 11 HP 先9 / 後-3
[810/900] 爆弾魔（先） vs 真綿（後・拡張）: 通常側勝利 Turn 13 HP 先10 / 後0
[811/900] 真綿（先・拡張） vs 爆弾魔（後）: 通常側勝利 Turn 8 HP 先0 / 後13
[812/900] 真綿（先） vs 爆弾魔（後・拡張）: 通常側勝利 Turn 13 HP 先8 / 後0
[813/900] 真綿（先・拡張） vs 爆弾魔（後）: 通常側勝利 Turn 8 HP 先0 / 後13
[814/900] 真綿（先） vs 爆弾魔（後・拡張）: 通常側勝利 Turn 9 HP 先6 / 後0
[815/900] 真綿（先・拡張） vs 爆弾魔（後）: 通常側勝利 Turn 8 HP 先0 / 後19
[816/900] 真綿（先） vs 爆弾魔（後・拡張）: 拡張側勝利 Turn 8 HP 先0 / 後13
[817/900] 真綿（先・拡張） vs 爆弾魔（後）: 通常側勝利 Turn 12 HP 先0 / 後10
[818/900] 真綿（先） vs 爆弾魔（後・拡張）: 拡張側勝利 Turn 10 HP 先-6 / 後14
[819/900] 真綿（先・拡張） vs 爆弾魔（後）: 通常側勝利 Turn 12 HP 先-1 / 後9
[820/900] 真綿（先） vs 爆弾魔（後・拡張）: 拡張側勝利 Turn 12 HP 先-1 / 後4
[821/900] 真綿（先・拡張） vs 爆弾魔（後）: 拡張側勝利 Turn 9 HP 先13 / 後-1
[822/900] 真綿（先） vs 爆弾魔（後・拡張）: 拡張側勝利 Turn 10 HP 先0 / 後8
[823/900] 真綿（先・拡張） vs 爆弾魔（後）: 通常側勝利 Turn 6 HP 先0 / 後11
[824/900] 真綿（先） vs 爆弾魔（後・拡張）: 拡張側勝利 Turn 10 HP 先-1 / 後14
[825/900] 真綿（先・拡張） vs 爆弾魔（後）: 通常側勝利 Turn 10 HP 先0 / 後11
[826/900] 真綿（先） vs 爆弾魔（後・拡張）: 拡張側勝利 Turn 12 HP 先0 / 後15
[827/900] 真綿（先・拡張） vs 爆弾魔（後）: 通常側勝利 Turn 10 HP 先0 / 後10
[828/900] 真綿（先） vs 爆弾魔（後・拡張）: 拡張側勝利 Turn 10 HP 先-1 / 後12
[829/900] 真綿（先・拡張） vs 爆弾魔（後）: 通常側勝利 Turn 12 HP 先-1 / 後16
[830/900] 真綿（先） vs 爆弾魔（後・拡張）: 通常側勝利 Turn 11 HP 先12 / 後0
[831/900] 真綿（先・拡張） vs 爆弾魔（後）: 拡張側勝利 Turn 13 HP 先13 / 後0
[832/900] 真綿（先） vs 爆弾魔（後・拡張）: 拡張側勝利 Turn 14 HP 先-2 / 後8
[833/900] 真綿（先・拡張） vs 爆弾魔（後）: 通常側勝利 Turn 14 HP 先0 / 後9
[834/900] 真綿（先） vs 爆弾魔（後・拡張）: 通常側勝利 Turn 13 HP 先12 / 後-1
[835/900] 真綿（先・拡張） vs 爆弾魔（後）: 通常側勝利 Turn 14 HP 先0 / 後12
[836/900] 真綿（先） vs 爆弾魔（後・拡張）: 通常側勝利 Turn 9 HP 先14 / 後0
[837/900] 真綿（先・拡張） vs 爆弾魔（後）: 通常側勝利 Turn 10 HP 先0 / 後8
[838/900] 真綿（先） vs 爆弾魔（後・拡張）: 拡張側勝利 Turn 10 HP 先-6 / 後17
[839/900] 真綿（先・拡張） vs 爆弾魔（後）: 通常側勝利 Turn 14 HP 先-12 / 後4
[840/900] 真綿（先） vs 爆弾魔（後・拡張）: 通常側勝利 Turn 9 HP 先9 / 後-2
[841/900] メガトンハンマー（先・拡張） vs 真綿（後）: 拡張側勝利 Turn 9 HP 先4 / 後0
[842/900] メガトンハンマー（先） vs 真綿（後・拡張）: 拡張側勝利 Turn 12 HP 先0 / 後15
[843/900] メガトンハンマー（先・拡張） vs 真綿（後）: 通常側勝利 Turn 16 HP 先-6 / 後4
[844/900] メガトンハンマー（先） vs 真綿（後・拡張）: 通常側勝利 Turn 9 HP 先14 / 後0
[845/900] メガトンハンマー（先・拡張） vs 真綿（後）: 拡張側勝利 Turn 9 HP 先8 / 後-2
[846/900] メガトンハンマー（先） vs 真綿（後・拡張）: 通常側勝利 Turn 11 HP 先14 / 後-1
[847/900] メガトンハンマー（先・拡張） vs 真綿（後）: 通常側勝利 Turn 14 HP 先-1 / 後15
[848/900] メガトンハンマー（先） vs 真綿（後・拡張）: 通常側勝利 Turn 13 HP 先7 / 後0
[849/900] メガトンハンマー（先・拡張） vs 真綿（後）: 拡張側勝利 Turn 13 HP 先8 / 後-1
[850/900] メガトンハンマー（先） vs 真綿（後・拡張）: 通常側勝利 Turn 17 HP 先4 / 後-10
[851/900] メガトンハンマー（先・拡張） vs 真綿（後）: 拡張側勝利 Turn 11 HP 先16 / 後-1
[852/900] メガトンハンマー（先） vs 真綿（後・拡張）: 通常側勝利 Turn 11 HP 先11 / 後-1
[853/900] メガトンハンマー（先・拡張） vs 真綿（後）: 拡張側勝利 Turn 9 HP 先11 / 後-3
[854/900] メガトンハンマー（先） vs 真綿（後・拡張）: 拡張側勝利 Turn 10 HP 先-1 / 後13
[855/900] メガトンハンマー（先・拡張） vs 真綿（後）: 拡張側勝利 Turn 7 HP 先14 / 後-1
[856/900] メガトンハンマー（先） vs 真綿（後・拡張）: 拡張側勝利 Turn 16 HP 先-2 / 後13
[857/900] メガトンハンマー（先・拡張） vs 真綿（後）: 拡張側勝利 Turn 11 HP 先14 / 後0
[858/900] メガトンハンマー（先） vs 真綿（後・拡張）: 通常側勝利 Turn 11 HP 先3 / 後0
[859/900] メガトンハンマー（先・拡張） vs 真綿（後）: 拡張側勝利 Turn 13 HP 先7 / 後0
[860/900] メガトンハンマー（先） vs 真綿（後・拡張）: 通常側勝利 Turn 11 HP 先2 / 後-3
[861/900] メガトンハンマー（先・拡張） vs 真綿（後）: 拡張側勝利 Turn 13 HP 先13 / 後0
[862/900] メガトンハンマー（先） vs 真綿（後・拡張）: 通常側勝利 Turn 13 HP 先5 / 後0
[863/900] メガトンハンマー（先・拡張） vs 真綿（後）: 拡張側勝利 Turn 11 HP 先7 / 後0
[864/900] メガトンハンマー（先） vs 真綿（後・拡張）: 拡張側勝利 Turn 10 HP 先-1 / 後10
[865/900] メガトンハンマー（先・拡張） vs 真綿（後）: 拡張側勝利 Turn 13 HP 先8 / 後0
[866/900] メガトンハンマー（先） vs 真綿（後・拡張）: 拡張側勝利 Turn 12 HP 先0 / 後8
[867/900] メガトンハンマー（先・拡張） vs 真綿（後）: 通常側勝利 Turn 12 HP 先0 / 後10
[868/900] メガトンハンマー（先） vs 真綿（後・拡張）: 拡張側勝利 Turn 10 HP 先-6 / 後13
[869/900] メガトンハンマー（先・拡張） vs 真綿（後）: 拡張側勝利 Turn 15 HP 先3 / 後-5
[870/900] メガトンハンマー（先） vs 真綿（後・拡張）: 拡張側勝利 Turn 8 HP 先0 / 後13
[871/900] 真綿（先・拡張） vs メガトンハンマー（後）: 拡張側勝利 Turn 15 HP 先8 / 後0
[872/900] 真綿（先） vs メガトンハンマー（後・拡張）: 通常側勝利 Turn 13 HP 先7 / 後-1
[873/900] 真綿（先・拡張） vs メガトンハンマー（後）: 通常側勝利 Turn 10 HP 先0 / 後8
[874/900] 真綿（先） vs メガトンハンマー（後・拡張）: 拡張側勝利 Turn 12 HP 先-2 / 後10
[875/900] 真綿（先・拡張） vs メガトンハンマー（後）: 拡張側勝利 Turn 7 HP 先15 / 後-1
[876/900] 真綿（先） vs メガトンハンマー（後・拡張）: 拡張側勝利 Turn 8 HP 先-2 / 後19
[877/900] 真綿（先・拡張） vs メガトンハンマー（後）: 拡張側勝利 Turn 15 HP 先8 / 後-1
[878/900] 真綿（先） vs メガトンハンマー（後・拡張）: 拡張側勝利 Turn 8 HP 先0 / 後16
[879/900] 真綿（先・拡張） vs メガトンハンマー（後）: 通常側勝利 Turn 14 HP 先-1 / 後5
[880/900] 真綿（先） vs メガトンハンマー（後・拡張）: 拡張側勝利 Turn 10 HP 先0 / 後9
[881/900] 真綿（先・拡張） vs メガトンハンマー（後）: 拡張側勝利 Turn 11 HP 先5 / 後0
[882/900] 真綿（先） vs メガトンハンマー（後・拡張）: 拡張側勝利 Turn 16 HP 先-1 / 後9
[883/900] 真綿（先・拡張） vs メガトンハンマー（後）: 通常側勝利 Turn 16 HP 先0 / 後9
[884/900] 真綿（先） vs メガトンハンマー（後・拡張）: 通常側勝利 Turn 11 HP 先12 / 後0
[885/900] 真綿（先・拡張） vs メガトンハンマー（後）: 通常側勝利 Turn 12 HP 先0 / 後7
[886/900] 真綿（先） vs メガトンハンマー（後・拡張）: 拡張側勝利 Turn 10 HP 先0 / 後15
[887/900] 真綿（先・拡張） vs メガトンハンマー（後）: 通常側勝利 Turn 14 HP 先-16 / 後3
[888/900] 真綿（先） vs メガトンハンマー（後・拡張）: 拡張側勝利 Turn 10 HP 先0 / 後14
[889/900] 真綿（先・拡張） vs メガトンハンマー（後）: 拡張側勝利 Turn 11 HP 先14 / 後0
[890/900] 真綿（先） vs メガトンハンマー（後・拡張）: 拡張側勝利 Turn 10 HP 先0 / 後10
[891/900] 真綿（先・拡張） vs メガトンハンマー（後）: 拡張側勝利 Turn 19 HP 先11 / 後-1
[892/900] 真綿（先） vs メガトンハンマー（後・拡張）: 通常側勝利 Turn 13 HP 先4 / 後0
[893/900] 真綿（先・拡張） vs メガトンハンマー（後）: 拡張側勝利 Turn 13 HP 先4 / 後-2
[894/900] 真綿（先） vs メガトンハンマー（後・拡張）: 拡張側勝利 Turn 10 HP 先0 / 後7
[895/900] 真綿（先・拡張） vs メガトンハンマー（後）: 拡張側勝利 Turn 9 HP 先9 / 後-1
[896/900] 真綿（先） vs メガトンハンマー（後・拡張）: 拡張側勝利 Turn 10 HP 先0 / 後9
[897/900] 真綿（先・拡張） vs メガトンハンマー（後）: 通常側勝利 Turn 14 HP 先-4 / 後15
[898/900] 真綿（先） vs メガトンハンマー（後・拡張）: 拡張側勝利 Turn 12 HP 先-1 / 後11
[899/900] 真綿（先・拡張） vs メガトンハンマー（後）: 拡張側勝利 Turn 13 HP 先15 / 後-3
[900/900] 真綿（先） vs メガトンハンマー（後・拡張）: 通常側勝利 Turn 9 HP 先5 / 後-1

拡張カード追加側集計
全体: 464勝 436敗 0未決着 / 勝率 51.6%
ブンブンぶん殴り: 73勝 77敗 0未決着 / 勝率 48.7% （先 41/75、後 32/75）
じゃぶじゃぶマネー: 74勝 76敗 0未決着 / 勝率 49.3% （先 34/75、後 40/75）
急襲レールウェイ: 69勝 81敗 0未決着 / 勝率 46.0% （先 34/75、後 35/75）
爆弾魔: 91勝 59敗 0未決着 / 勝率 60.7% （先 46/75、後 45/75）
メガトンハンマー: 90勝 60敗 0未決着 / 勝率 60.0% （先 50/75、後 40/75）
真綿: 67勝 83敗 0未決着 / 勝率 44.7% （先 33/75、後 34/75）

同一条件ペア比較
拡張側が両方勝利 115組 / 通常側が両方勝利 101組 / 勝敗分割 234組 / 未決着を含む 0組
