
> nusa@0.0.0 ai:tournament
> node --import tsx scripts/ai-tournament.ts

AIテーマデッキ総当たり戦
15組 × 先後2通り × 30戦 = 900戦
固定シード: 20260816 / 未決着判定: 200ターン超過

[001/900] ブンブンぶん殴り（先） vs じゃぶじゃぶマネー（後）: じゃぶじゃぶマネー 勝利 Turn 14 HP 先-2 / 後9
[002/900] ブンブンぶん殴り（先） vs じゃぶじゃぶマネー（後）: ブンブンぶん殴り 勝利 Turn 9 HP 先12 / 後0
[003/900] ブンブンぶん殴り（先） vs じゃぶじゃぶマネー（後）: ブンブンぶん殴り 勝利 Turn 15 HP 先10 / 後0
[004/900] ブンブンぶん殴り（先） vs じゃぶじゃぶマネー（後）: じゃぶじゃぶマネー 勝利 Turn 12 HP 先-3 / 後3
[005/900] ブンブンぶん殴り（先） vs じゃぶじゃぶマネー（後）: じゃぶじゃぶマネー 勝利 Turn 10 HP 先-1 / 後9
[006/900] ブンブンぶん殴り（先） vs じゃぶじゃぶマネー（後）: じゃぶじゃぶマネー 勝利 Turn 14 HP 先-5 / 後18
[007/900] ブンブンぶん殴り（先） vs じゃぶじゃぶマネー（後）: ブンブンぶん殴り 勝利 Turn 9 HP 先11 / 後0
[008/900] ブンブンぶん殴り（先） vs じゃぶじゃぶマネー（後）: ブンブンぶん殴り 勝利 Turn 9 HP 先16 / 後-1
[009/900] ブンブンぶん殴り（先） vs じゃぶじゃぶマネー（後）: じゃぶじゃぶマネー 勝利 Turn 12 HP 先0 / 後7
[010/900] ブンブンぶん殴り（先） vs じゃぶじゃぶマネー（後）: ブンブンぶん殴り 勝利 Turn 9 HP 先13 / 後-1
[011/900] ブンブンぶん殴り（先） vs じゃぶじゃぶマネー（後）: じゃぶじゃぶマネー 勝利 Turn 12 HP 先-4 / 後1
[012/900] ブンブンぶん殴り（先） vs じゃぶじゃぶマネー（後）: ブンブンぶん殴り 勝利 Turn 9 HP 先5 / 後0
[013/900] ブンブンぶん殴り（先） vs じゃぶじゃぶマネー（後）: じゃぶじゃぶマネー 勝利 Turn 10 HP 先-1 / 後11
[014/900] ブンブンぶん殴り（先） vs じゃぶじゃぶマネー（後）: じゃぶじゃぶマネー 勝利 Turn 12 HP 先0 / 後8
[015/900] ブンブンぶん殴り（先） vs じゃぶじゃぶマネー（後）: ブンブンぶん殴り 勝利 Turn 9 HP 先4 / 後-2
[016/900] ブンブンぶん殴り（先） vs じゃぶじゃぶマネー（後）: じゃぶじゃぶマネー 勝利 Turn 12 HP 先0 / 後12
[017/900] ブンブンぶん殴り（先） vs じゃぶじゃぶマネー（後）: じゃぶじゃぶマネー 勝利 Turn 14 HP 先0 / 後4
[018/900] ブンブンぶん殴り（先） vs じゃぶじゃぶマネー（後）: ブンブンぶん殴り 勝利 Turn 11 HP 先8 / 後0
[019/900] ブンブンぶん殴り（先） vs じゃぶじゃぶマネー（後）: じゃぶじゃぶマネー 勝利 Turn 12 HP 先-1 / 後12
[020/900] ブンブンぶん殴り（先） vs じゃぶじゃぶマネー（後）: じゃぶじゃぶマネー 勝利 Turn 10 HP 先-1 / 後3
[021/900] ブンブンぶん殴り（先） vs じゃぶじゃぶマネー（後）: じゃぶじゃぶマネー 勝利 Turn 12 HP 先0 / 後4
[022/900] ブンブンぶん殴り（先） vs じゃぶじゃぶマネー（後）: じゃぶじゃぶマネー 勝利 Turn 14 HP 先0 / 後9
[023/900] ブンブンぶん殴り（先） vs じゃぶじゃぶマネー（後）: じゃぶじゃぶマネー 勝利 Turn 10 HP 先0 / 後4
[024/900] ブンブンぶん殴り（先） vs じゃぶじゃぶマネー（後）: じゃぶじゃぶマネー 勝利 Turn 10 HP 先0 / 後7
[025/900] ブンブンぶん殴り（先） vs じゃぶじゃぶマネー（後）: ブンブンぶん殴り 勝利 Turn 15 HP 先14 / 後-1
[026/900] ブンブンぶん殴り（先） vs じゃぶじゃぶマネー（後）: じゃぶじゃぶマネー 勝利 Turn 10 HP 先0 / 後5
[027/900] ブンブンぶん殴り（先） vs じゃぶじゃぶマネー（後）: じゃぶじゃぶマネー 勝利 Turn 10 HP 先-8 / 後1
[028/900] ブンブンぶん殴り（先） vs じゃぶじゃぶマネー（後）: ブンブンぶん殴り 勝利 Turn 15 HP 先7 / 後0
[029/900] ブンブンぶん殴り（先） vs じゃぶじゃぶマネー（後）: じゃぶじゃぶマネー 勝利 Turn 12 HP 先0 / 後4
[030/900] ブンブンぶん殴り（先） vs じゃぶじゃぶマネー（後）: ブンブンぶん殴り 勝利 Turn 11 HP 先4 / 後0
[031/900] じゃぶじゃぶマネー（先） vs ブンブンぶん殴り（後）: じゃぶじゃぶマネー 勝利 Turn 11 HP 先16 / 後0
[032/900] じゃぶじゃぶマネー（先） vs ブンブンぶん殴り（後）: ブンブンぶん殴り 勝利 Turn 8 HP 先-1 / 後12
[033/900] じゃぶじゃぶマネー（先） vs ブンブンぶん殴り（後）: ブンブンぶん殴り 勝利 Turn 8 HP 先0 / 後11
[034/900] じゃぶじゃぶマネー（先） vs ブンブンぶん殴り（後）: じゃぶじゃぶマネー 勝利 Turn 21 HP 先11 / 後-2
[035/900] じゃぶじゃぶマネー（先） vs ブンブンぶん殴り（後）: じゃぶじゃぶマネー 勝利 Turn 17 HP 先7 / 後0
[036/900] じゃぶじゃぶマネー（先） vs ブンブンぶん殴り（後）: ブンブンぶん殴り 勝利 Turn 14 HP 先-1 / 後12
[037/900] じゃぶじゃぶマネー（先） vs ブンブンぶん殴り（後）: ブンブンぶん殴り 勝利 Turn 10 HP 先-1 / 後8
[038/900] じゃぶじゃぶマネー（先） vs ブンブンぶん殴り（後）: ブンブンぶん殴り 勝利 Turn 10 HP 先-1 / 後6
[039/900] じゃぶじゃぶマネー（先） vs ブンブンぶん殴り（後）: じゃぶじゃぶマネー 勝利 Turn 19 HP 先15 / 後-3
[040/900] じゃぶじゃぶマネー（先） vs ブンブンぶん殴り（後）: ブンブンぶん殴り 勝利 Turn 10 HP 先-7 / 後3
[041/900] じゃぶじゃぶマネー（先） vs ブンブンぶん殴り（後）: じゃぶじゃぶマネー 勝利 Turn 13 HP 先7 / 後0
[042/900] じゃぶじゃぶマネー（先） vs ブンブンぶん殴り（後）: ブンブンぶん殴り 勝利 Turn 14 HP 先-2 / 後5
[043/900] じゃぶじゃぶマネー（先） vs ブンブンぶん殴り（後）: じゃぶじゃぶマネー 勝利 Turn 13 HP 先16 / 後-1
[044/900] じゃぶじゃぶマネー（先） vs ブンブンぶん殴り（後）: ブンブンぶん殴り 勝利 Turn 12 HP 先0 / 後13
[045/900] じゃぶじゃぶマネー（先） vs ブンブンぶん殴り（後）: ブンブンぶん殴り 勝利 Turn 10 HP 先0 / 後3
[046/900] じゃぶじゃぶマネー（先） vs ブンブンぶん殴り（後）: じゃぶじゃぶマネー 勝利 Turn 15 HP 先4 / 後-2
[047/900] じゃぶじゃぶマネー（先） vs ブンブンぶん殴り（後）: ブンブンぶん殴り 勝利 Turn 10 HP 先0 / 後5
[048/900] じゃぶじゃぶマネー（先） vs ブンブンぶん殴り（後）: じゃぶじゃぶマネー 勝利 Turn 19 HP 先6 / 後-1
[049/900] じゃぶじゃぶマネー（先） vs ブンブンぶん殴り（後）: じゃぶじゃぶマネー 勝利 Turn 9 HP 先5 / 後-3
[050/900] じゃぶじゃぶマネー（先） vs ブンブンぶん殴り（後）: ブンブンぶん殴り 勝利 Turn 10 HP 先0 / 後7
[051/900] じゃぶじゃぶマネー（先） vs ブンブンぶん殴り（後）: じゃぶじゃぶマネー 勝利 Turn 9 HP 先6 / 後0
[052/900] じゃぶじゃぶマネー（先） vs ブンブンぶん殴り（後）: じゃぶじゃぶマネー 勝利 Turn 23 HP 先8 / 後-5
[053/900] じゃぶじゃぶマネー（先） vs ブンブンぶん殴り（後）: じゃぶじゃぶマネー 勝利 Turn 9 HP 先9 / 後-4
[054/900] じゃぶじゃぶマネー（先） vs ブンブンぶん殴り（後）: じゃぶじゃぶマネー 勝利 Turn 15 HP 先11 / 後-1
[055/900] じゃぶじゃぶマネー（先） vs ブンブンぶん殴り（後）: ブンブンぶん殴り 勝利 Turn 12 HP 先-6 / 後4
[056/900] じゃぶじゃぶマネー（先） vs ブンブンぶん殴り（後）: じゃぶじゃぶマネー 勝利 Turn 11 HP 先6 / 後-1
[057/900] じゃぶじゃぶマネー（先） vs ブンブンぶん殴り（後）: じゃぶじゃぶマネー 勝利 Turn 13 HP 先19 / 後-5
[058/900] じゃぶじゃぶマネー（先） vs ブンブンぶん殴り（後）: じゃぶじゃぶマネー 勝利 Turn 11 HP 先8 / 後-1
[059/900] じゃぶじゃぶマネー（先） vs ブンブンぶん殴り（後）: じゃぶじゃぶマネー 勝利 Turn 15 HP 先9 / 後-3
[060/900] じゃぶじゃぶマネー（先） vs ブンブンぶん殴り（後）: ブンブンぶん殴り 勝利 Turn 10 HP 先0 / 後7
[061/900] ブンブンぶん殴り（先） vs 急襲レールウェイ（後）: 急襲レールウェイ 勝利 Turn 14 HP 先0 / 後2
[062/900] ブンブンぶん殴り（先） vs 急襲レールウェイ（後）: 急襲レールウェイ 勝利 Turn 10 HP 先-2 / 後6
[063/900] ブンブンぶん殴り（先） vs 急襲レールウェイ（後）: 急襲レールウェイ 勝利 Turn 8 HP 先0 / 後16
[064/900] ブンブンぶん殴り（先） vs 急襲レールウェイ（後）: 急襲レールウェイ 勝利 Turn 8 HP 先0 / 後14
[065/900] ブンブンぶん殴り（先） vs 急襲レールウェイ（後）: ブンブンぶん殴り 勝利 Turn 9 HP 先4 / 後-6
[066/900] ブンブンぶん殴り（先） vs 急襲レールウェイ（後）: 急襲レールウェイ 勝利 Turn 10 HP 先-1 / 後6
[067/900] ブンブンぶん殴り（先） vs 急襲レールウェイ（後）: ブンブンぶん殴り 勝利 Turn 11 HP 先1 / 後0
[068/900] ブンブンぶん殴り（先） vs 急襲レールウェイ（後）: ブンブンぶん殴り 勝利 Turn 11 HP 先11 / 後-1
[069/900] ブンブンぶん殴り（先） vs 急襲レールウェイ（後）: ブンブンぶん殴り 勝利 Turn 9 HP 先10 / 後-2
[070/900] ブンブンぶん殴り（先） vs 急襲レールウェイ（後）: ブンブンぶん殴り 勝利 Turn 11 HP 先4 / 後0
[071/900] ブンブンぶん殴り（先） vs 急襲レールウェイ（後）: 急襲レールウェイ 勝利 Turn 8 HP 先-1 / 後11
[072/900] ブンブンぶん殴り（先） vs 急襲レールウェイ（後）: ブンブンぶん殴り 勝利 Turn 9 HP 先5 / 後0
[073/900] ブンブンぶん殴り（先） vs 急襲レールウェイ（後）: ブンブンぶん殴り 勝利 Turn 9 HP 先11 / 後-1
[074/900] ブンブンぶん殴り（先） vs 急襲レールウェイ（後）: ブンブンぶん殴り 勝利 Turn 9 HP 先12 / 後0
[075/900] ブンブンぶん殴り（先） vs 急襲レールウェイ（後）: ブンブンぶん殴り 勝利 Turn 9 HP 先12 / 後0
[076/900] ブンブンぶん殴り（先） vs 急襲レールウェイ（後）: ブンブンぶん殴り 勝利 Turn 9 HP 先5 / 後-1
[077/900] ブンブンぶん殴り（先） vs 急襲レールウェイ（後）: ブンブンぶん殴り 勝利 Turn 9 HP 先2 / 後-2
[078/900] ブンブンぶん殴り（先） vs 急襲レールウェイ（後）: ブンブンぶん殴り 勝利 Turn 9 HP 先8 / 後0
[079/900] ブンブンぶん殴り（先） vs 急襲レールウェイ（後）: 急襲レールウェイ 勝利 Turn 8 HP 先0 / 後6
[080/900] ブンブンぶん殴り（先） vs 急襲レールウェイ（後）: 急襲レールウェイ 勝利 Turn 8 HP 先-1 / 後10
[081/900] ブンブンぶん殴り（先） vs 急襲レールウェイ（後）: ブンブンぶん殴り 勝利 Turn 7 HP 先13 / 後0
[082/900] ブンブンぶん殴り（先） vs 急襲レールウェイ（後）: 急襲レールウェイ 勝利 Turn 10 HP 先0 / 後4
[083/900] ブンブンぶん殴り（先） vs 急襲レールウェイ（後）: ブンブンぶん殴り 勝利 Turn 9 HP 先9 / 後-3
[084/900] ブンブンぶん殴り（先） vs 急襲レールウェイ（後）: 急襲レールウェイ 勝利 Turn 16 HP 先0 / 後10
[085/900] ブンブンぶん殴り（先） vs 急襲レールウェイ（後）: 急襲レールウェイ 勝利 Turn 10 HP 先0 / 後15
[086/900] ブンブンぶん殴り（先） vs 急襲レールウェイ（後）: ブンブンぶん殴り 勝利 Turn 15 HP 先3 / 後-2
[087/900] ブンブンぶん殴り（先） vs 急襲レールウェイ（後）: 急襲レールウェイ 勝利 Turn 10 HP 先0 / 後8
[088/900] ブンブンぶん殴り（先） vs 急襲レールウェイ（後）: 急襲レールウェイ 勝利 Turn 10 HP 先0 / 後10
[089/900] ブンブンぶん殴り（先） vs 急襲レールウェイ（後）: ブンブンぶん殴り 勝利 Turn 9 HP 先9 / 後-2
[090/900] ブンブンぶん殴り（先） vs 急襲レールウェイ（後）: 急襲レールウェイ 勝利 Turn 10 HP 先0 / 後3
[091/900] 急襲レールウェイ（先） vs ブンブンぶん殴り（後）: ブンブンぶん殴り 勝利 Turn 12 HP 先-1 / 後2
[092/900] 急襲レールウェイ（先） vs ブンブンぶん殴り（後）: ブンブンぶん殴り 勝利 Turn 10 HP 先-2 / 後5
[093/900] 急襲レールウェイ（先） vs ブンブンぶん殴り（後）: 急襲レールウェイ 勝利 Turn 9 HP 先8 / 後0
[094/900] 急襲レールウェイ（先） vs ブンブンぶん殴り（後）: ブンブンぶん殴り 勝利 Turn 10 HP 先0 / 後10
[095/900] 急襲レールウェイ（先） vs ブンブンぶん殴り（後）: ブンブンぶん殴り 勝利 Turn 10 HP 先-12 / 後1
[096/900] 急襲レールウェイ（先） vs ブンブンぶん殴り（後）: ブンブンぶん殴り 勝利 Turn 10 HP 先-3 / 後5
[097/900] 急襲レールウェイ（先） vs ブンブンぶん殴り（後）: ブンブンぶん殴り 勝利 Turn 8 HP 先0 / 後12
[098/900] 急襲レールウェイ（先） vs ブンブンぶん殴り（後）: ブンブンぶん殴り 勝利 Turn 8 HP 先0 / 後7
[099/900] 急襲レールウェイ（先） vs ブンブンぶん殴り（後）: ブンブンぶん殴り 勝利 Turn 12 HP 先0 / 後7
[100/900] 急襲レールウェイ（先） vs ブンブンぶん殴り（後）: 急襲レールウェイ 勝利 Turn 9 HP 先1 / 後0
[101/900] 急襲レールウェイ（先） vs ブンブンぶん殴り（後）: ブンブンぶん殴り 勝利 Turn 14 HP 先-1 / 後6
[102/900] 急襲レールウェイ（先） vs ブンブンぶん殴り（後）: 急襲レールウェイ 勝利 Turn 9 HP 先8 / 後-2
[103/900] 急襲レールウェイ（先） vs ブンブンぶん殴り（後）: ブンブンぶん殴り 勝利 Turn 12 HP 先0 / 後4
[104/900] 急襲レールウェイ（先） vs ブンブンぶん殴り（後）: ブンブンぶん殴り 勝利 Turn 10 HP 先-2 / 後3
[105/900] 急襲レールウェイ（先） vs ブンブンぶん殴り（後）: 急襲レールウェイ 勝利 Turn 9 HP 先9 / 後-3
[106/900] 急襲レールウェイ（先） vs ブンブンぶん殴り（後）: ブンブンぶん殴り 勝利 Turn 8 HP 先-1 / 後7
[107/900] 急襲レールウェイ（先） vs ブンブンぶん殴り（後）: 急襲レールウェイ 勝利 Turn 7 HP 先12 / 後-1
[108/900] 急襲レールウェイ（先） vs ブンブンぶん殴り（後）: ブンブンぶん殴り 勝利 Turn 8 HP 先-2 / 後4
[109/900] 急襲レールウェイ（先） vs ブンブンぶん殴り（後）: ブンブンぶん殴り 勝利 Turn 10 HP 先0 / 後5
[110/900] 急襲レールウェイ（先） vs ブンブンぶん殴り（後）: ブンブンぶん殴り 勝利 Turn 12 HP 先-1 / 後9
[111/900] 急襲レールウェイ（先） vs ブンブンぶん殴り（後）: 急襲レールウェイ 勝利 Turn 9 HP 先17 / 後0
[112/900] 急襲レールウェイ（先） vs ブンブンぶん殴り（後）: ブンブンぶん殴り 勝利 Turn 8 HP 先0 / 後1
[113/900] 急襲レールウェイ（先） vs ブンブンぶん殴り（後）: 急襲レールウェイ 勝利 Turn 9 HP 先8 / 後0
[114/900] 急襲レールウェイ（先） vs ブンブンぶん殴り（後）: 急襲レールウェイ 勝利 Turn 13 HP 先8 / 後-3
[115/900] 急襲レールウェイ（先） vs ブンブンぶん殴り（後）: ブンブンぶん殴り 勝利 Turn 8 HP 先0 / 後4
[116/900] 急襲レールウェイ（先） vs ブンブンぶん殴り（後）: ブンブンぶん殴り 勝利 Turn 12 HP 先-3 / 後7
[117/900] 急襲レールウェイ（先） vs ブンブンぶん殴り（後）: 急襲レールウェイ 勝利 Turn 11 HP 先6 / 後-1
[118/900] 急襲レールウェイ（先） vs ブンブンぶん殴り（後）: 急襲レールウェイ 勝利 Turn 9 HP 先9 / 後0
[119/900] 急襲レールウェイ（先） vs ブンブンぶん殴り（後）: ブンブンぶん殴り 勝利 Turn 8 HP 先0 / 後12
[120/900] 急襲レールウェイ（先） vs ブンブンぶん殴り（後）: ブンブンぶん殴り 勝利 Turn 8 HP 先0 / 後9
[121/900] ブンブンぶん殴り（先） vs 爆弾魔（後）: ブンブンぶん殴り 勝利 Turn 9 HP 先11 / 後0
[122/900] ブンブンぶん殴り（先） vs 爆弾魔（後）: 爆弾魔 勝利 Turn 10 HP 先0 / 後7
[123/900] ブンブンぶん殴り（先） vs 爆弾魔（後）: 爆弾魔 勝利 Turn 12 HP 先-1 / 後7
[124/900] ブンブンぶん殴り（先） vs 爆弾魔（後）: ブンブンぶん殴り 勝利 Turn 9 HP 先7 / 後-1
[125/900] ブンブンぶん殴り（先） vs 爆弾魔（後）: ブンブンぶん殴り 勝利 Turn 9 HP 先10 / 後-3
[126/900] ブンブンぶん殴り（先） vs 爆弾魔（後）: ブンブンぶん殴り 勝利 Turn 11 HP 先7 / 後-2
[127/900] ブンブンぶん殴り（先） vs 爆弾魔（後）: ブンブンぶん殴り 勝利 Turn 13 HP 先9 / 後-3
[128/900] ブンブンぶん殴り（先） vs 爆弾魔（後）: ブンブンぶん殴り 勝利 Turn 7 HP 先12 / 後-1
[129/900] ブンブンぶん殴り（先） vs 爆弾魔（後）: 爆弾魔 勝利 Turn 8 HP 先0 / 後4
[130/900] ブンブンぶん殴り（先） vs 爆弾魔（後）: 爆弾魔 勝利 Turn 10 HP 先0 / 後5
[131/900] ブンブンぶん殴り（先） vs 爆弾魔（後）: 爆弾魔 勝利 Turn 10 HP 先0 / 後14
[132/900] ブンブンぶん殴り（先） vs 爆弾魔（後）: ブンブンぶん殴り 勝利 Turn 9 HP 先9 / 後-2
[133/900] ブンブンぶん殴り（先） vs 爆弾魔（後）: ブンブンぶん殴り 勝利 Turn 9 HP 先4 / 後0
[134/900] ブンブンぶん殴り（先） vs 爆弾魔（後）: 爆弾魔 勝利 Turn 10 HP 先-1 / 後14
[135/900] ブンブンぶん殴り（先） vs 爆弾魔（後）: 爆弾魔 勝利 Turn 8 HP 先0 / 後9
[136/900] ブンブンぶん殴り（先） vs 爆弾魔（後）: ブンブンぶん殴り 勝利 Turn 9 HP 先3 / 後-2
[137/900] ブンブンぶん殴り（先） vs 爆弾魔（後）: 爆弾魔 勝利 Turn 10 HP 先-1 / 後9
[138/900] ブンブンぶん殴り（先） vs 爆弾魔（後）: 爆弾魔 勝利 Turn 10 HP 先0 / 後4
[139/900] ブンブンぶん殴り（先） vs 爆弾魔（後）: 爆弾魔 勝利 Turn 10 HP 先-1 / 後6
[140/900] ブンブンぶん殴り（先） vs 爆弾魔（後）: 爆弾魔 勝利 Turn 8 HP 先0 / 後8
[141/900] ブンブンぶん殴り（先） vs 爆弾魔（後）: ブンブンぶん殴り 勝利 Turn 13 HP 先10 / 後-3
[142/900] ブンブンぶん殴り（先） vs 爆弾魔（後）: 爆弾魔 勝利 Turn 14 HP 先0 / 後1
[143/900] ブンブンぶん殴り（先） vs 爆弾魔（後）: ブンブンぶん殴り 勝利 Turn 11 HP 先5 / 後-1
[144/900] ブンブンぶん殴り（先） vs 爆弾魔（後）: ブンブンぶん殴り 勝利 Turn 9 HP 先5 / 後0
[145/900] ブンブンぶん殴り（先） vs 爆弾魔（後）: ブンブンぶん殴り 勝利 Turn 11 HP 先10 / 後0
[146/900] ブンブンぶん殴り（先） vs 爆弾魔（後）: ブンブンぶん殴り 勝利 Turn 9 HP 先11 / 後0
[147/900] ブンブンぶん殴り（先） vs 爆弾魔（後）: 爆弾魔 勝利 Turn 10 HP 先-4 / 後1
[148/900] ブンブンぶん殴り（先） vs 爆弾魔（後）: 爆弾魔 勝利 Turn 10 HP 先0 / 後4
[149/900] ブンブンぶん殴り（先） vs 爆弾魔（後）: 爆弾魔 勝利 Turn 10 HP 先-1 / 後1
[150/900] ブンブンぶん殴り（先） vs 爆弾魔（後）: ブンブンぶん殴り 勝利 Turn 9 HP 先6 / 後-1
[151/900] 爆弾魔（先） vs ブンブンぶん殴り（後）: 爆弾魔 勝利 Turn 9 HP 先5 / 後0
[152/900] 爆弾魔（先） vs ブンブンぶん殴り（後）: 爆弾魔 勝利 Turn 13 HP 先5 / 後-2
[153/900] 爆弾魔（先） vs ブンブンぶん殴り（後）: 爆弾魔 勝利 Turn 9 HP 先11 / 後-1
[154/900] 爆弾魔（先） vs ブンブンぶん殴り（後）: ブンブンぶん殴り 勝利 Turn 10 HP 先0 / 後4
[155/900] 爆弾魔（先） vs ブンブンぶん殴り（後）: 爆弾魔 勝利 Turn 7 HP 先13 / 後0
[156/900] 爆弾魔（先） vs ブンブンぶん殴り（後）: ブンブンぶん殴り 勝利 Turn 12 HP 先-3 / 後4
[157/900] 爆弾魔（先） vs ブンブンぶん殴り（後）: 爆弾魔 勝利 Turn 9 HP 先6 / 後-2
[158/900] 爆弾魔（先） vs ブンブンぶん殴り（後）: ブンブンぶん殴り 勝利 Turn 12 HP 先-5 / 後8
[159/900] 爆弾魔（先） vs ブンブンぶん殴り（後）: 爆弾魔 勝利 Turn 9 HP 先2 / 後0
[160/900] 爆弾魔（先） vs ブンブンぶん殴り（後）: 爆弾魔 勝利 Turn 9 HP 先6 / 後0
[161/900] 爆弾魔（先） vs ブンブンぶん殴り（後）: 爆弾魔 勝利 Turn 9 HP 先4 / 後0
[162/900] 爆弾魔（先） vs ブンブンぶん殴り（後）: ブンブンぶん殴り 勝利 Turn 10 HP 先-1 / 後13
[163/900] 爆弾魔（先） vs ブンブンぶん殴り（後）: ブンブンぶん殴り 勝利 Turn 8 HP 先-5 / 後10
[164/900] 爆弾魔（先） vs ブンブンぶん殴り（後）: 爆弾魔 勝利 Turn 11 HP 先12 / 後-2
[165/900] 爆弾魔（先） vs ブンブンぶん殴り（後）: 爆弾魔 勝利 Turn 9 HP 先9 / 後0
[166/900] 爆弾魔（先） vs ブンブンぶん殴り（後）: ブンブンぶん殴り 勝利 Turn 8 HP 先-1 / 後6
[167/900] 爆弾魔（先） vs ブンブンぶん殴り（後）: 爆弾魔 勝利 Turn 9 HP 先8 / 後0
[168/900] 爆弾魔（先） vs ブンブンぶん殴り（後）: ブンブンぶん殴り 勝利 Turn 8 HP 先-1 / 後11
[169/900] 爆弾魔（先） vs ブンブンぶん殴り（後）: 爆弾魔 勝利 Turn 9 HP 先4 / 後0
[170/900] 爆弾魔（先） vs ブンブンぶん殴り（後）: 爆弾魔 勝利 Turn 11 HP 先6 / 後-2
[171/900] 爆弾魔（先） vs ブンブンぶん殴り（後）: ブンブンぶん殴り 勝利 Turn 10 HP 先-1 / 後5
[172/900] 爆弾魔（先） vs ブンブンぶん殴り（後）: 爆弾魔 勝利 Turn 9 HP 先5 / 後-1
[173/900] 爆弾魔（先） vs ブンブンぶん殴り（後）: ブンブンぶん殴り 勝利 Turn 10 HP 先-1 / 後4
[174/900] 爆弾魔（先） vs ブンブンぶん殴り（後）: 爆弾魔 勝利 Turn 7 HP 先9 / 後0
[175/900] 爆弾魔（先） vs ブンブンぶん殴り（後）: 爆弾魔 勝利 Turn 11 HP 先2 / 後-1
[176/900] 爆弾魔（先） vs ブンブンぶん殴り（後）: ブンブンぶん殴り 勝利 Turn 8 HP 先-2 / 後10
[177/900] 爆弾魔（先） vs ブンブンぶん殴り（後）: 爆弾魔 勝利 Turn 11 HP 先4 / 後-1
[178/900] 爆弾魔（先） vs ブンブンぶん殴り（後）: 爆弾魔 勝利 Turn 7 HP 先10 / 後-1
[179/900] 爆弾魔（先） vs ブンブンぶん殴り（後）: 爆弾魔 勝利 Turn 9 HP 先6 / 後-2
[180/900] 爆弾魔（先） vs ブンブンぶん殴り（後）: 爆弾魔 勝利 Turn 9 HP 先4 / 後-1
[181/900] ブンブンぶん殴り（先） vs メガトンハンマー（後）: メガトンハンマー 勝利 Turn 8 HP 先-2 / 後8
[182/900] ブンブンぶん殴り（先） vs メガトンハンマー（後）: ブンブンぶん殴り 勝利 Turn 9 HP 先6 / 後0
[183/900] ブンブンぶん殴り（先） vs メガトンハンマー（後）: メガトンハンマー 勝利 Turn 14 HP 先-1 / 後3
[184/900] ブンブンぶん殴り（先） vs メガトンハンマー（後）: メガトンハンマー 勝利 Turn 10 HP 先-1 / 後2
[185/900] ブンブンぶん殴り（先） vs メガトンハンマー（後）: メガトンハンマー 勝利 Turn 10 HP 先0 / 後6
[186/900] ブンブンぶん殴り（先） vs メガトンハンマー（後）: メガトンハンマー 勝利 Turn 12 HP 先-1 / 後4
[187/900] ブンブンぶん殴り（先） vs メガトンハンマー（後）: ブンブンぶん殴り 勝利 Turn 9 HP 先4 / 後-4
[188/900] ブンブンぶん殴り（先） vs メガトンハンマー（後）: ブンブンぶん殴り 勝利 Turn 9 HP 先3 / 後-1
[189/900] ブンブンぶん殴り（先） vs メガトンハンマー（後）: メガトンハンマー 勝利 Turn 10 HP 先-3 / 後8
[190/900] ブンブンぶん殴り（先） vs メガトンハンマー（後）: ブンブンぶん殴り 勝利 Turn 11 HP 先7 / 後-2
[191/900] ブンブンぶん殴り（先） vs メガトンハンマー（後）: ブンブンぶん殴り 勝利 Turn 11 HP 先1 / 後-3
[192/900] ブンブンぶん殴り（先） vs メガトンハンマー（後）: ブンブンぶん殴り 勝利 Turn 11 HP 先4 / 後0
[193/900] ブンブンぶん殴り（先） vs メガトンハンマー（後）: メガトンハンマー 勝利 Turn 8 HP 先0 / 後4
[194/900] ブンブンぶん殴り（先） vs メガトンハンマー（後）: ブンブンぶん殴り 勝利 Turn 9 HP 先8 / 後0
[195/900] ブンブンぶん殴り（先） vs メガトンハンマー（後）: ブンブンぶん殴り 勝利 Turn 11 HP 先4 / 後0
[196/900] ブンブンぶん殴り（先） vs メガトンハンマー（後）: ブンブンぶん殴り 勝利 Turn 9 HP 先12 / 後-1
[197/900] ブンブンぶん殴り（先） vs メガトンハンマー（後）: メガトンハンマー 勝利 Turn 10 HP 先-3 / 後5
[198/900] ブンブンぶん殴り（先） vs メガトンハンマー（後）: メガトンハンマー 勝利 Turn 14 HP 先0 / 後8
[199/900] ブンブンぶん殴り（先） vs メガトンハンマー（後）: ブンブンぶん殴り 勝利 Turn 11 HP 先7 / 後-1
[200/900] ブンブンぶん殴り（先） vs メガトンハンマー（後）: メガトンハンマー 勝利 Turn 10 HP 先-2 / 後10
[201/900] ブンブンぶん殴り（先） vs メガトンハンマー（後）: メガトンハンマー 勝利 Turn 10 HP 先0 / 後7
[202/900] ブンブンぶん殴り（先） vs メガトンハンマー（後）: ブンブンぶん殴り 勝利 Turn 11 HP 先8 / 後0
[203/900] ブンブンぶん殴り（先） vs メガトンハンマー（後）: ブンブンぶん殴り 勝利 Turn 9 HP 先3 / 後0
[204/900] ブンブンぶん殴り（先） vs メガトンハンマー（後）: ブンブンぶん殴り 勝利 Turn 13 HP 先6 / 後0
[205/900] ブンブンぶん殴り（先） vs メガトンハンマー（後）: メガトンハンマー 勝利 Turn 10 HP 先0 / 後13
[206/900] ブンブンぶん殴り（先） vs メガトンハンマー（後）: メガトンハンマー 勝利 Turn 8 HP 先0 / 後3
[207/900] ブンブンぶん殴り（先） vs メガトンハンマー（後）: メガトンハンマー 勝利 Turn 14 HP 先-1 / 後8
[208/900] ブンブンぶん殴り（先） vs メガトンハンマー（後）: ブンブンぶん殴り 勝利 Turn 9 HP 先1 / 後-5
[209/900] ブンブンぶん殴り（先） vs メガトンハンマー（後）: ブンブンぶん殴り 勝利 Turn 9 HP 先6 / 後-1
[210/900] ブンブンぶん殴り（先） vs メガトンハンマー（後）: ブンブンぶん殴り 勝利 Turn 9 HP 先4 / 後0
[211/900] メガトンハンマー（先） vs ブンブンぶん殴り（後）: メガトンハンマー 勝利 Turn 9 HP 先6 / 後-6
[212/900] メガトンハンマー（先） vs ブンブンぶん殴り（後）: メガトンハンマー 勝利 Turn 7 HP 先11 / 後0
[213/900] メガトンハンマー（先） vs ブンブンぶん殴り（後）: ブンブンぶん殴り 勝利 Turn 14 HP 先0 / 後10
[214/900] メガトンハンマー（先） vs ブンブンぶん殴り（後）: メガトンハンマー 勝利 Turn 9 HP 先9 / 後-5
[215/900] メガトンハンマー（先） vs ブンブンぶん殴り（後）: ブンブンぶん殴り 勝利 Turn 10 HP 先0 / 後6
[216/900] メガトンハンマー（先） vs ブンブンぶん殴り（後）: ブンブンぶん殴り 勝利 Turn 10 HP 先-2 / 後3
[217/900] メガトンハンマー（先） vs ブンブンぶん殴り（後）: メガトンハンマー 勝利 Turn 13 HP 先7 / 後-1
[218/900] メガトンハンマー（先） vs ブンブンぶん殴り（後）: メガトンハンマー 勝利 Turn 9 HP 先5 / 後-6
[219/900] メガトンハンマー（先） vs ブンブンぶん殴り（後）: メガトンハンマー 勝利 Turn 11 HP 先10 / 後-2
[220/900] メガトンハンマー（先） vs ブンブンぶん殴り（後）: メガトンハンマー 勝利 Turn 9 HP 先1 / 後0
[221/900] メガトンハンマー（先） vs ブンブンぶん殴り（後）: ブンブンぶん殴り 勝利 Turn 10 HP 先0 / 後5
[222/900] メガトンハンマー（先） vs ブンブンぶん殴り（後）: ブンブンぶん殴り 勝利 Turn 12 HP 先-1 / 後3
[223/900] メガトンハンマー（先） vs ブンブンぶん殴り（後）: ブンブンぶん殴り 勝利 Turn 8 HP 先-2 / 後3
[224/900] メガトンハンマー（先） vs ブンブンぶん殴り（後）: ブンブンぶん殴り 勝利 Turn 10 HP 先0 / 後1
[225/900] メガトンハンマー（先） vs ブンブンぶん殴り（後）: ブンブンぶん殴り 勝利 Turn 16 HP 先-6 / 後6
[226/900] メガトンハンマー（先） vs ブンブンぶん殴り（後）: メガトンハンマー 勝利 Turn 9 HP 先2 / 後-1
[227/900] メガトンハンマー（先） vs ブンブンぶん殴り（後）: ブンブンぶん殴り 勝利 Turn 10 HP 先0 / 後13
[228/900] メガトンハンマー（先） vs ブンブンぶん殴り（後）: メガトンハンマー 勝利 Turn 15 HP 先7 / 後0
[229/900] メガトンハンマー（先） vs ブンブンぶん殴り（後）: メガトンハンマー 勝利 Turn 9 HP 先2 / 後-1
[230/900] メガトンハンマー（先） vs ブンブンぶん殴り（後）: ブンブンぶん殴り 勝利 Turn 8 HP 先-1 / 後7
[231/900] メガトンハンマー（先） vs ブンブンぶん殴り（後）: メガトンハンマー 勝利 Turn 11 HP 先6 / 後-1
[232/900] メガトンハンマー（先） vs ブンブンぶん殴り（後）: ブンブンぶん殴り 勝利 Turn 8 HP 先0 / 後10
[233/900] メガトンハンマー（先） vs ブンブンぶん殴り（後）: メガトンハンマー 勝利 Turn 9 HP 先3 / 後-4
[234/900] メガトンハンマー（先） vs ブンブンぶん殴り（後）: ブンブンぶん殴り 勝利 Turn 10 HP 先0 / 後11
[235/900] メガトンハンマー（先） vs ブンブンぶん殴り（後）: ブンブンぶん殴り 勝利 Turn 10 HP 先0 / 後6
[236/900] メガトンハンマー（先） vs ブンブンぶん殴り（後）: ブンブンぶん殴り 勝利 Turn 8 HP 先-2 / 後7
[237/900] メガトンハンマー（先） vs ブンブンぶん殴り（後）: メガトンハンマー 勝利 Turn 15 HP 先9 / 後0
[238/900] メガトンハンマー（先） vs ブンブンぶん殴り（後）: メガトンハンマー 勝利 Turn 13 HP 先3 / 後0
[239/900] メガトンハンマー（先） vs ブンブンぶん殴り（後）: ブンブンぶん殴り 勝利 Turn 8 HP 先0 / 後7
[240/900] メガトンハンマー（先） vs ブンブンぶん殴り（後）: メガトンハンマー 勝利 Turn 9 HP 先7 / 後-1
[241/900] ブンブンぶん殴り（先） vs 真綿（後）: 真綿 勝利 Turn 12 HP 先0 / 後5
[242/900] ブンブンぶん殴り（先） vs 真綿（後）: 真綿 勝利 Turn 18 HP 先0 / 後3
[243/900] ブンブンぶん殴り（先） vs 真綿（後）: ブンブンぶん殴り 勝利 Turn 11 HP 先8 / 後0
[244/900] ブンブンぶん殴り（先） vs 真綿（後）: ブンブンぶん殴り 勝利 Turn 9 HP 先4 / 後0
[245/900] ブンブンぶん殴り（先） vs 真綿（後）: 真綿 勝利 Turn 12 HP 先0 / 後11
[246/900] ブンブンぶん殴り（先） vs 真綿（後）: ブンブンぶん殴り 勝利 Turn 15 HP 先4 / 後-5
[247/900] ブンブンぶん殴り（先） vs 真綿（後）: ブンブンぶん殴り 勝利 Turn 13 HP 先15 / 後-5
[248/900] ブンブンぶん殴り（先） vs 真綿（後）: 真綿 勝利 Turn 12 HP 先0 / 後6
[249/900] ブンブンぶん殴り（先） vs 真綿（後）: ブンブンぶん殴り 勝利 Turn 11 HP 先8 / 後-2
[250/900] ブンブンぶん殴り（先） vs 真綿（後）: 真綿 勝利 Turn 12 HP 先0 / 後11
[251/900] ブンブンぶん殴り（先） vs 真綿（後）: ブンブンぶん殴り 勝利 Turn 11 HP 先5 / 後-3
[252/900] ブンブンぶん殴り（先） vs 真綿（後）: 真綿 勝利 Turn 8 HP 先0 / 後2
[253/900] ブンブンぶん殴り（先） vs 真綿（後）: 真綿 勝利 Turn 12 HP 先-1 / 後2
[254/900] ブンブンぶん殴り（先） vs 真綿（後）: 真綿 勝利 Turn 12 HP 先0 / 後4
[255/900] ブンブンぶん殴り（先） vs 真綿（後）: 真綿 勝利 Turn 14 HP 先-1 / 後11
[256/900] ブンブンぶん殴り（先） vs 真綿（後）: ブンブンぶん殴り 勝利 Turn 13 HP 先8 / 後0
[257/900] ブンブンぶん殴り（先） vs 真綿（後）: 真綿 勝利 Turn 12 HP 先-3 / 後12
[258/900] ブンブンぶん殴り（先） vs 真綿（後）: 真綿 勝利 Turn 10 HP 先0 / 後11
[259/900] ブンブンぶん殴り（先） vs 真綿（後）: 真綿 勝利 Turn 10 HP 先-1 / 後11
[260/900] ブンブンぶん殴り（先） vs 真綿（後）: ブンブンぶん殴り 勝利 Turn 11 HP 先14 / 後-2
[261/900] ブンブンぶん殴り（先） vs 真綿（後）: 真綿 勝利 Turn 10 HP 先-2 / 後8
[262/900] ブンブンぶん殴り（先） vs 真綿（後）: ブンブンぶん殴り 勝利 Turn 11 HP 先5 / 後-1
[263/900] ブンブンぶん殴り（先） vs 真綿（後）: 真綿 勝利 Turn 10 HP 先0 / 後6
[264/900] ブンブンぶん殴り（先） vs 真綿（後）: 真綿 勝利 Turn 12 HP 先0 / 後3
[265/900] ブンブンぶん殴り（先） vs 真綿（後）: ブンブンぶん殴り 勝利 Turn 9 HP 先5 / 後0
[266/900] ブンブンぶん殴り（先） vs 真綿（後）: 真綿 勝利 Turn 12 HP 先-6 / 後14
[267/900] ブンブンぶん殴り（先） vs 真綿（後）: ブンブンぶん殴り 勝利 Turn 9 HP 先5 / 後0
[268/900] ブンブンぶん殴り（先） vs 真綿（後）: 真綿 勝利 Turn 14 HP 先0 / 後2
[269/900] ブンブンぶん殴り（先） vs 真綿（後）: 真綿 勝利 Turn 12 HP 先-2 / 後4
[270/900] ブンブンぶん殴り（先） vs 真綿（後）: 真綿 勝利 Turn 14 HP 先0 / 後1
[271/900] 真綿（先） vs ブンブンぶん殴り（後）: 真綿 勝利 Turn 21 HP 先2 / 後-3
[272/900] 真綿（先） vs ブンブンぶん殴り（後）: ブンブンぶん殴り 勝利 Turn 10 HP 先-2 / 後14
[273/900] 真綿（先） vs ブンブンぶん殴り（後）: 真綿 勝利 Turn 13 HP 先4 / 後-1
[274/900] 真綿（先） vs ブンブンぶん殴り（後）: 真綿 勝利 Turn 11 HP 先11 / 後-1
[275/900] 真綿（先） vs ブンブンぶん殴り（後）: 真綿 勝利 Turn 13 HP 先5 / 後-2
[276/900] 真綿（先） vs ブンブンぶん殴り（後）: 真綿 勝利 Turn 15 HP 先9 / 後0
[277/900] 真綿（先） vs ブンブンぶん殴り（後）: 真綿 勝利 Turn 13 HP 先3 / 後-2
[278/900] 真綿（先） vs ブンブンぶん殴り（後）: ブンブンぶん殴り 勝利 Turn 16 HP 先-5 / 後2
[279/900] 真綿（先） vs ブンブンぶん殴り（後）: ブンブンぶん殴り 勝利 Turn 10 HP 先-3 / 後5
[280/900] 真綿（先） vs ブンブンぶん殴り（後）: 真綿 勝利 Turn 13 HP 先3 / 後-1
[281/900] 真綿（先） vs ブンブンぶん殴り（後）: ブンブンぶん殴り 勝利 Turn 12 HP 先-7 / 後1
[282/900] 真綿（先） vs ブンブンぶん殴り（後）: 真綿 勝利 Turn 9 HP 先2 / 後-2
[283/900] 真綿（先） vs ブンブンぶん殴り（後）: ブンブンぶん殴り 勝利 Turn 10 HP 先0 / 後6
[284/900] 真綿（先） vs ブンブンぶん殴り（後）: 真綿 勝利 Turn 13 HP 先6 / 後0
[285/900] 真綿（先） vs ブンブンぶん殴り（後）: ブンブンぶん殴り 勝利 Turn 12 HP 先-6 / 後5
[286/900] 真綿（先） vs ブンブンぶん殴り（後）: 真綿 勝利 Turn 9 HP 先14 / 後-1
[287/900] 真綿（先） vs ブンブンぶん殴り（後）: 真綿 勝利 Turn 13 HP 先7 / 後0
[288/900] 真綿（先） vs ブンブンぶん殴り（後）: 真綿 勝利 Turn 13 HP 先3 / 後-4
[289/900] 真綿（先） vs ブンブンぶん殴り（後）: ブンブンぶん殴り 勝利 Turn 12 HP 先-2 / 後2
[290/900] 真綿（先） vs ブンブンぶん殴り（後）: ブンブンぶん殴り 勝利 Turn 10 HP 先-6 / 後15
[291/900] 真綿（先） vs ブンブンぶん殴り（後）: 真綿 勝利 Turn 11 HP 先3 / 後-1
[292/900] 真綿（先） vs ブンブンぶん殴り（後）: ブンブンぶん殴り 勝利 Turn 8 HP 先-1 / 後10
[293/900] 真綿（先） vs ブンブンぶん殴り（後）: ブンブンぶん殴り 勝利 Turn 12 HP 先-1 / 後3
[294/900] 真綿（先） vs ブンブンぶん殴り（後）: ブンブンぶん殴り 勝利 Turn 12 HP 先-1 / 後1
[295/900] 真綿（先） vs ブンブンぶん殴り（後）: ブンブンぶん殴り 勝利 Turn 14 HP 先-3 / 後9
[296/900] 真綿（先） vs ブンブンぶん殴り（後）: ブンブンぶん殴り 勝利 Turn 10 HP 先0 / 後15
[297/900] 真綿（先） vs ブンブンぶん殴り（後）: 真綿 勝利 Turn 11 HP 先4 / 後-1
[298/900] 真綿（先） vs ブンブンぶん殴り（後）: ブンブンぶん殴り 勝利 Turn 8 HP 先0 / 後11
[299/900] 真綿（先） vs ブンブンぶん殴り（後）: ブンブンぶん殴り 勝利 Turn 10 HP 先-1 / 後4
[300/900] 真綿（先） vs ブンブンぶん殴り（後）: ブンブンぶん殴り 勝利 Turn 14 HP 先-4 / 後7
[301/900] じゃぶじゃぶマネー（先） vs 急襲レールウェイ（後）: じゃぶじゃぶマネー 勝利 Turn 13 HP 先11 / 後-6
[302/900] じゃぶじゃぶマネー（先） vs 急襲レールウェイ（後）: じゃぶじゃぶマネー 勝利 Turn 11 HP 先14 / 後0
[303/900] じゃぶじゃぶマネー（先） vs 急襲レールウェイ（後）: 急襲レールウェイ 勝利 Turn 10 HP 先0 / 後13
[304/900] じゃぶじゃぶマネー（先） vs 急襲レールウェイ（後）: 急襲レールウェイ 勝利 Turn 10 HP 先-1 / 後9
[305/900] じゃぶじゃぶマネー（先） vs 急襲レールウェイ（後）: 急襲レールウェイ 勝利 Turn 10 HP 先0 / 後7
[306/900] じゃぶじゃぶマネー（先） vs 急襲レールウェイ（後）: 急襲レールウェイ 勝利 Turn 12 HP 先0 / 後3
[307/900] じゃぶじゃぶマネー（先） vs 急襲レールウェイ（後）: じゃぶじゃぶマネー 勝利 Turn 13 HP 先11 / 後0
[308/900] じゃぶじゃぶマネー（先） vs 急襲レールウェイ（後）: じゃぶじゃぶマネー 勝利 Turn 11 HP 先11 / 後0
[309/900] じゃぶじゃぶマネー（先） vs 急襲レールウェイ（後）: 急襲レールウェイ 勝利 Turn 10 HP 先0 / 後17
[310/900] じゃぶじゃぶマネー（先） vs 急襲レールウェイ（後）: じゃぶじゃぶマネー 勝利 Turn 15 HP 先5 / 後0
[311/900] じゃぶじゃぶマネー（先） vs 急襲レールウェイ（後）: 急襲レールウェイ 勝利 Turn 8 HP 先0 / 後15
[312/900] じゃぶじゃぶマネー（先） vs 急襲レールウェイ（後）: 急襲レールウェイ 勝利 Turn 16 HP 先-8 / 後9
[313/900] じゃぶじゃぶマネー（先） vs 急襲レールウェイ（後）: じゃぶじゃぶマネー 勝利 Turn 15 HP 先9 / 後-2
[314/900] じゃぶじゃぶマネー（先） vs 急襲レールウェイ（後）: 急襲レールウェイ 勝利 Turn 16 HP 先0 / 後13
[315/900] じゃぶじゃぶマネー（先） vs 急襲レールウェイ（後）: 急襲レールウェイ 勝利 Turn 8 HP 先0 / 後12
[316/900] じゃぶじゃぶマネー（先） vs 急襲レールウェイ（後）: 急襲レールウェイ 勝利 Turn 12 HP 先-4 / 後10
[317/900] じゃぶじゃぶマネー（先） vs 急襲レールウェイ（後）: じゃぶじゃぶマネー 勝利 Turn 19 HP 先6 / 後-1
[318/900] じゃぶじゃぶマネー（先） vs 急襲レールウェイ（後）: 急襲レールウェイ 勝利 Turn 12 HP 先0 / 後19
[319/900] じゃぶじゃぶマネー（先） vs 急襲レールウェイ（後）: 急襲レールウェイ 勝利 Turn 10 HP 先-1 / 後21
[320/900] じゃぶじゃぶマネー（先） vs 急襲レールウェイ（後）: じゃぶじゃぶマネー 勝利 Turn 11 HP 先14 / 後0
[321/900] じゃぶじゃぶマネー（先） vs 急襲レールウェイ（後）: じゃぶじゃぶマネー 勝利 Turn 9 HP 先6 / 後-2
[322/900] じゃぶじゃぶマネー（先） vs 急襲レールウェイ（後）: 急襲レールウェイ 勝利 Turn 20 HP 先-2 / 後8
[323/900] じゃぶじゃぶマネー（先） vs 急襲レールウェイ（後）: じゃぶじゃぶマネー 勝利 Turn 15 HP 先6 / 後0
[324/900] じゃぶじゃぶマネー（先） vs 急襲レールウェイ（後）: 急襲レールウェイ 勝利 Turn 14 HP 先0 / 後9
[325/900] じゃぶじゃぶマネー（先） vs 急襲レールウェイ（後）: 急襲レールウェイ 勝利 Turn 12 HP 先0 / 後2
[326/900] じゃぶじゃぶマネー（先） vs 急襲レールウェイ（後）: 急襲レールウェイ 勝利 Turn 14 HP 先-2 / 後4
[327/900] じゃぶじゃぶマネー（先） vs 急襲レールウェイ（後）: 急襲レールウェイ 勝利 Turn 12 HP 先-1 / 後19
[328/900] じゃぶじゃぶマネー（先） vs 急襲レールウェイ（後）: 急襲レールウェイ 勝利 Turn 8 HP 先-1 / 後11
[329/900] じゃぶじゃぶマネー（先） vs 急襲レールウェイ（後）: 急襲レールウェイ 勝利 Turn 10 HP 先-1 / 後20
[330/900] じゃぶじゃぶマネー（先） vs 急襲レールウェイ（後）: 急襲レールウェイ 勝利 Turn 16 HP 先-1 / 後13
[331/900] 急襲レールウェイ（先） vs じゃぶじゃぶマネー（後）: じゃぶじゃぶマネー 勝利 Turn 14 HP 先-1 / 後13
[332/900] 急襲レールウェイ（先） vs じゃぶじゃぶマネー（後）: じゃぶじゃぶマネー 勝利 Turn 8 HP 先-1 / 後12
[333/900] 急襲レールウェイ（先） vs じゃぶじゃぶマネー（後）: 急襲レールウェイ 勝利 Turn 11 HP 先8 / 後-2
[334/900] 急襲レールウェイ（先） vs じゃぶじゃぶマネー（後）: 急襲レールウェイ 勝利 Turn 11 HP 先6 / 後-1
[335/900] 急襲レールウェイ（先） vs じゃぶじゃぶマネー（後）: 急襲レールウェイ 勝利 Turn 11 HP 先7 / 後-2
[336/900] 急襲レールウェイ（先） vs じゃぶじゃぶマネー（後）: 急襲レールウェイ 勝利 Turn 15 HP 先11 / 後0
[337/900] 急襲レールウェイ（先） vs じゃぶじゃぶマネー（後）: 急襲レールウェイ 勝利 Turn 13 HP 先6 / 後-2
[338/900] 急襲レールウェイ（先） vs じゃぶじゃぶマネー（後）: 急襲レールウェイ 勝利 Turn 15 HP 先9 / 後0
[339/900] 急襲レールウェイ（先） vs じゃぶじゃぶマネー（後）: 急襲レールウェイ 勝利 Turn 13 HP 先17 / 後0
[340/900] 急襲レールウェイ（先） vs じゃぶじゃぶマネー（後）: じゃぶじゃぶマネー 勝利 Turn 16 HP 先-6 / 後15
[341/900] 急襲レールウェイ（先） vs じゃぶじゃぶマネー（後）: 急襲レールウェイ 勝利 Turn 9 HP 先14 / 後-1
[342/900] 急襲レールウェイ（先） vs じゃぶじゃぶマネー（後）: じゃぶじゃぶマネー 勝利 Turn 12 HP 先0 / 後3
[343/900] 急襲レールウェイ（先） vs じゃぶじゃぶマネー（後）: 急襲レールウェイ 勝利 Turn 11 HP 先2 / 後-3
[344/900] 急襲レールウェイ（先） vs じゃぶじゃぶマネー（後）: じゃぶじゃぶマネー 勝利 Turn 12 HP 先-1 / 後3
[345/900] 急襲レールウェイ（先） vs じゃぶじゃぶマネー（後）: 急襲レールウェイ 勝利 Turn 11 HP 先18 / 後0
[346/900] 急襲レールウェイ（先） vs じゃぶじゃぶマネー（後）: 急襲レールウェイ 勝利 Turn 11 HP 先9 / 後0
[347/900] 急襲レールウェイ（先） vs じゃぶじゃぶマネー（後）: 急襲レールウェイ 勝利 Turn 9 HP 先9 / 後0
[348/900] 急襲レールウェイ（先） vs じゃぶじゃぶマネー（後）: じゃぶじゃぶマネー 勝利 Turn 14 HP 先-1 / 後5
[349/900] 急襲レールウェイ（先） vs じゃぶじゃぶマネー（後）: 急襲レールウェイ 勝利 Turn 11 HP 先11 / 後0
[350/900] 急襲レールウェイ（先） vs じゃぶじゃぶマネー（後）: じゃぶじゃぶマネー 勝利 Turn 12 HP 先0 / 後10
[351/900] 急襲レールウェイ（先） vs じゃぶじゃぶマネー（後）: じゃぶじゃぶマネー 勝利 Turn 16 HP 先-3 / 後4
[352/900] 急襲レールウェイ（先） vs じゃぶじゃぶマネー（後）: じゃぶじゃぶマネー 勝利 Turn 12 HP 先0 / 後17
[353/900] 急襲レールウェイ（先） vs じゃぶじゃぶマネー（後）: じゃぶじゃぶマネー 勝利 Turn 14 HP 先0 / 後10
[354/900] 急襲レールウェイ（先） vs じゃぶじゃぶマネー（後）: 急襲レールウェイ 勝利 Turn 13 HP 先4 / 後0
[355/900] 急襲レールウェイ（先） vs じゃぶじゃぶマネー（後）: 急襲レールウェイ 勝利 Turn 9 HP 先16 / 後0
[356/900] 急襲レールウェイ（先） vs じゃぶじゃぶマネー（後）: 急襲レールウェイ 勝利 Turn 13 HP 先8 / 後-2
[357/900] 急襲レールウェイ（先） vs じゃぶじゃぶマネー（後）: 急襲レールウェイ 勝利 Turn 11 HP 先16 / 後0
[358/900] 急襲レールウェイ（先） vs じゃぶじゃぶマネー（後）: 急襲レールウェイ 勝利 Turn 11 HP 先17 / 後-6
[359/900] 急襲レールウェイ（先） vs じゃぶじゃぶマネー（後）: 急襲レールウェイ 勝利 Turn 13 HP 先13 / 後0
[360/900] 急襲レールウェイ（先） vs じゃぶじゃぶマネー（後）: じゃぶじゃぶマネー 勝利 Turn 14 HP 先0 / 後4
[361/900] じゃぶじゃぶマネー（先） vs 爆弾魔（後）: 爆弾魔 勝利 Turn 10 HP 先0 / 後9
[362/900] じゃぶじゃぶマネー（先） vs 爆弾魔（後）: 爆弾魔 勝利 Turn 10 HP 先0 / 後5
[363/900] じゃぶじゃぶマネー（先） vs 爆弾魔（後）: じゃぶじゃぶマネー 勝利 Turn 15 HP 先5 / 後0
[364/900] じゃぶじゃぶマネー（先） vs 爆弾魔（後）: じゃぶじゃぶマネー 勝利 Turn 11 HP 先11 / 後-1
[365/900] じゃぶじゃぶマネー（先） vs 爆弾魔（後）: じゃぶじゃぶマネー 勝利 Turn 15 HP 先7 / 後-1
[366/900] じゃぶじゃぶマネー（先） vs 爆弾魔（後）: 爆弾魔 勝利 Turn 10 HP 先0 / 後12
[367/900] じゃぶじゃぶマネー（先） vs 爆弾魔（後）: じゃぶじゃぶマネー 勝利 Turn 13 HP 先9 / 後0
[368/900] じゃぶじゃぶマネー（先） vs 爆弾魔（後）: じゃぶじゃぶマネー 勝利 Turn 13 HP 先10 / 後0
[369/900] じゃぶじゃぶマネー（先） vs 爆弾魔（後）: じゃぶじゃぶマネー 勝利 Turn 11 HP 先10 / 後-1
[370/900] じゃぶじゃぶマネー（先） vs 爆弾魔（後）: 爆弾魔 勝利 Turn 10 HP 先0 / 後13
[371/900] じゃぶじゃぶマネー（先） vs 爆弾魔（後）: 爆弾魔 勝利 Turn 8 HP 先-1 / 後10
[372/900] じゃぶじゃぶマネー（先） vs 爆弾魔（後）: 爆弾魔 勝利 Turn 10 HP 先-1 / 後13
[373/900] じゃぶじゃぶマネー（先） vs 爆弾魔（後）: じゃぶじゃぶマネー 勝利 Turn 15 HP 先1 / 後-2
[374/900] じゃぶじゃぶマネー（先） vs 爆弾魔（後）: 爆弾魔 勝利 Turn 8 HP 先0 / 後15
[375/900] じゃぶじゃぶマネー（先） vs 爆弾魔（後）: 爆弾魔 勝利 Turn 12 HP 先0 / 後8
[376/900] じゃぶじゃぶマネー（先） vs 爆弾魔（後）: じゃぶじゃぶマネー 勝利 Turn 11 HP 先1 / 後-1
[377/900] じゃぶじゃぶマネー（先） vs 爆弾魔（後）: 爆弾魔 勝利 Turn 10 HP 先0 / 後11
[378/900] じゃぶじゃぶマネー（先） vs 爆弾魔（後）: 爆弾魔 勝利 Turn 10 HP 先0 / 後9
[379/900] じゃぶじゃぶマネー（先） vs 爆弾魔（後）: じゃぶじゃぶマネー 勝利 Turn 15 HP 先4 / 後0
[380/900] じゃぶじゃぶマネー（先） vs 爆弾魔（後）: 爆弾魔 勝利 Turn 10 HP 先0 / 後17
[381/900] じゃぶじゃぶマネー（先） vs 爆弾魔（後）: じゃぶじゃぶマネー 勝利 Turn 15 HP 先1 / 後-8
[382/900] じゃぶじゃぶマネー（先） vs 爆弾魔（後）: 爆弾魔 勝利 Turn 14 HP 先-1 / 後3
[383/900] じゃぶじゃぶマネー（先） vs 爆弾魔（後）: じゃぶじゃぶマネー 勝利 Turn 11 HP 先11 / 後0
[384/900] じゃぶじゃぶマネー（先） vs 爆弾魔（後）: 爆弾魔 勝利 Turn 14 HP 先-1 / 後11
[385/900] じゃぶじゃぶマネー（先） vs 爆弾魔（後）: 爆弾魔 勝利 Turn 10 HP 先0 / 後7
[386/900] じゃぶじゃぶマネー（先） vs 爆弾魔（後）: じゃぶじゃぶマネー 勝利 Turn 11 HP 先7 / 後-1
[387/900] じゃぶじゃぶマネー（先） vs 爆弾魔（後）: じゃぶじゃぶマネー 勝利 Turn 11 HP 先8 / 後0
[388/900] じゃぶじゃぶマネー（先） vs 爆弾魔（後）: じゃぶじゃぶマネー 勝利 Turn 11 HP 先4 / 後0
[389/900] じゃぶじゃぶマネー（先） vs 爆弾魔（後）: 爆弾魔 勝利 Turn 10 HP 先-2 / 後2
[390/900] じゃぶじゃぶマネー（先） vs 爆弾魔（後）: 爆弾魔 勝利 Turn 8 HP 先0 / 後17
[391/900] 爆弾魔（先） vs じゃぶじゃぶマネー（後）: じゃぶじゃぶマネー 勝利 Turn 14 HP 先-3 / 後5
[392/900] 爆弾魔（先） vs じゃぶじゃぶマネー（後）: 爆弾魔 勝利 Turn 9 HP 先11 / 後-1
[393/900] 爆弾魔（先） vs じゃぶじゃぶマネー（後）: 爆弾魔 勝利 Turn 13 HP 先8 / 後0
[394/900] 爆弾魔（先） vs じゃぶじゃぶマネー（後）: じゃぶじゃぶマネー 勝利 Turn 10 HP 先-6 / 後3
[395/900] 爆弾魔（先） vs じゃぶじゃぶマネー（後）: じゃぶじゃぶマネー 勝利 Turn 16 HP 先-1 / 後6
[396/900] 爆弾魔（先） vs じゃぶじゃぶマネー（後）: 爆弾魔 勝利 Turn 9 HP 先6 / 後-2
[397/900] 爆弾魔（先） vs じゃぶじゃぶマネー（後）: 爆弾魔 勝利 Turn 11 HP 先8 / 後-2
[398/900] 爆弾魔（先） vs じゃぶじゃぶマネー（後）: じゃぶじゃぶマネー 勝利 Turn 10 HP 先-2 / 後10
[399/900] 爆弾魔（先） vs じゃぶじゃぶマネー（後）: じゃぶじゃぶマネー 勝利 Turn 12 HP 先-1 / 後1
[400/900] 爆弾魔（先） vs じゃぶじゃぶマネー（後）: 爆弾魔 勝利 Turn 11 HP 先8 / 後-1
[401/900] 爆弾魔（先） vs じゃぶじゃぶマネー（後）: 爆弾魔 勝利 Turn 9 HP 先9 / 後0
[402/900] 爆弾魔（先） vs じゃぶじゃぶマネー（後）: じゃぶじゃぶマネー 勝利 Turn 12 HP 先-4 / 後9
[403/900] 爆弾魔（先） vs じゃぶじゃぶマネー（後）: じゃぶじゃぶマネー 勝利 Turn 18 HP 先-9 / 後13
[404/900] 爆弾魔（先） vs じゃぶじゃぶマネー（後）: 爆弾魔 勝利 Turn 9 HP 先14 / 後-5
[405/900] 爆弾魔（先） vs じゃぶじゃぶマネー（後）: 爆弾魔 勝利 Turn 9 HP 先10 / 後0
[406/900] 爆弾魔（先） vs じゃぶじゃぶマネー（後）: じゃぶじゃぶマネー 勝利 Turn 14 HP 先-1 / 後1
[407/900] 爆弾魔（先） vs じゃぶじゃぶマネー（後）: 爆弾魔 勝利 Turn 9 HP 先16 / 後0
[408/900] 爆弾魔（先） vs じゃぶじゃぶマネー（後）: 爆弾魔 勝利 Turn 9 HP 先10 / 後-1
[409/900] 爆弾魔（先） vs じゃぶじゃぶマネー（後）: 爆弾魔 勝利 Turn 9 HP 先8 / 後-1
[410/900] 爆弾魔（先） vs じゃぶじゃぶマネー（後）: 爆弾魔 勝利 Turn 11 HP 先13 / 後-1
[411/900] 爆弾魔（先） vs じゃぶじゃぶマネー（後）: じゃぶじゃぶマネー 勝利 Turn 14 HP 先0 / 後18
[412/900] 爆弾魔（先） vs じゃぶじゃぶマネー（後）: じゃぶじゃぶマネー 勝利 Turn 12 HP 先0 / 後6
[413/900] 爆弾魔（先） vs じゃぶじゃぶマネー（後）: 爆弾魔 勝利 Turn 9 HP 先2 / 後0
[414/900] 爆弾魔（先） vs じゃぶじゃぶマネー（後）: じゃぶじゃぶマネー 勝利 Turn 12 HP 先-3 / 後8
[415/900] 爆弾魔（先） vs じゃぶじゃぶマネー（後）: じゃぶじゃぶマネー 勝利 Turn 10 HP 先-2 / 後1
[416/900] 爆弾魔（先） vs じゃぶじゃぶマネー（後）: じゃぶじゃぶマネー 勝利 Turn 10 HP 先-1 / 後3
[417/900] 爆弾魔（先） vs じゃぶじゃぶマネー（後）: じゃぶじゃぶマネー 勝利 Turn 12 HP 先-1 / 後10
[418/900] 爆弾魔（先） vs じゃぶじゃぶマネー（後）: 爆弾魔 勝利 Turn 11 HP 先6 / 後-6
[419/900] 爆弾魔（先） vs じゃぶじゃぶマネー（後）: じゃぶじゃぶマネー 勝利 Turn 10 HP 先0 / 後6
[420/900] 爆弾魔（先） vs じゃぶじゃぶマネー（後）: 爆弾魔 勝利 Turn 9 HP 先18 / 後0
[421/900] じゃぶじゃぶマネー（先） vs メガトンハンマー（後）: じゃぶじゃぶマネー 勝利 Turn 11 HP 先11 / 後0
[422/900] じゃぶじゃぶマネー（先） vs メガトンハンマー（後）: じゃぶじゃぶマネー 勝利 Turn 15 HP 先4 / 後0
[423/900] じゃぶじゃぶマネー（先） vs メガトンハンマー（後）: じゃぶじゃぶマネー 勝利 Turn 17 HP 先5 / 後-5
[424/900] じゃぶじゃぶマネー（先） vs メガトンハンマー（後）: じゃぶじゃぶマネー 勝利 Turn 15 HP 先10 / 後0
[425/900] じゃぶじゃぶマネー（先） vs メガトンハンマー（後）: メガトンハンマー 勝利 Turn 14 HP 先0 / 後13
[426/900] じゃぶじゃぶマネー（先） vs メガトンハンマー（後）: じゃぶじゃぶマネー 勝利 Turn 13 HP 先6 / 後-1
[427/900] じゃぶじゃぶマネー（先） vs メガトンハンマー（後）: じゃぶじゃぶマネー 勝利 Turn 25 HP 先9 / 後-1
[428/900] じゃぶじゃぶマネー（先） vs メガトンハンマー（後）: メガトンハンマー 勝利 Turn 12 HP 先-8 / 後5
[429/900] じゃぶじゃぶマネー（先） vs メガトンハンマー（後）: メガトンハンマー 勝利 Turn 10 HP 先0 / 後5
[430/900] じゃぶじゃぶマネー（先） vs メガトンハンマー（後）: じゃぶじゃぶマネー 勝利 Turn 11 HP 先6 / 後-1
[431/900] じゃぶじゃぶマネー（先） vs メガトンハンマー（後）: メガトンハンマー 勝利 Turn 12 HP 先-1 / 後9
[432/900] じゃぶじゃぶマネー（先） vs メガトンハンマー（後）: メガトンハンマー 勝利 Turn 12 HP 先-1 / 後8
[433/900] じゃぶじゃぶマネー（先） vs メガトンハンマー（後）: じゃぶじゃぶマネー 勝利 Turn 13 HP 先8 / 後-1
[434/900] じゃぶじゃぶマネー（先） vs メガトンハンマー（後）: メガトンハンマー 勝利 Turn 8 HP 先0 / 後11
[435/900] じゃぶじゃぶマネー（先） vs メガトンハンマー（後）: メガトンハンマー 勝利 Turn 14 HP 先-4 / 後2
[436/900] じゃぶじゃぶマネー（先） vs メガトンハンマー（後）: メガトンハンマー 勝利 Turn 16 HP 先-7 / 後12
[437/900] じゃぶじゃぶマネー（先） vs メガトンハンマー（後）: じゃぶじゃぶマネー 勝利 Turn 11 HP 先7 / 後0
[438/900] じゃぶじゃぶマネー（先） vs メガトンハンマー（後）: メガトンハンマー 勝利 Turn 12 HP 先-3 / 後11
[439/900] じゃぶじゃぶマネー（先） vs メガトンハンマー（後）: じゃぶじゃぶマネー 勝利 Turn 13 HP 先5 / 後-1
[440/900] じゃぶじゃぶマネー（先） vs メガトンハンマー（後）: じゃぶじゃぶマネー 勝利 Turn 15 HP 先7 / 後-1
[441/900] じゃぶじゃぶマネー（先） vs メガトンハンマー（後）: メガトンハンマー 勝利 Turn 8 HP 先-1 / 後7
[442/900] じゃぶじゃぶマネー（先） vs メガトンハンマー（後）: メガトンハンマー 勝利 Turn 14 HP 先-1 / 後13
[443/900] じゃぶじゃぶマネー（先） vs メガトンハンマー（後）: じゃぶじゃぶマネー 勝利 Turn 9 HP 先4 / 後-1
[444/900] じゃぶじゃぶマネー（先） vs メガトンハンマー（後）: じゃぶじゃぶマネー 勝利 Turn 11 HP 先10 / 後0
[445/900] じゃぶじゃぶマネー（先） vs メガトンハンマー（後）: メガトンハンマー 勝利 Turn 10 HP 先0 / 後5
[446/900] じゃぶじゃぶマネー（先） vs メガトンハンマー（後）: メガトンハンマー 勝利 Turn 10 HP 先0 / 後11
[447/900] じゃぶじゃぶマネー（先） vs メガトンハンマー（後）: メガトンハンマー 勝利 Turn 10 HP 先0 / 後10
[448/900] じゃぶじゃぶマネー（先） vs メガトンハンマー（後）: じゃぶじゃぶマネー 勝利 Turn 13 HP 先7 / 後-3
[449/900] じゃぶじゃぶマネー（先） vs メガトンハンマー（後）: メガトンハンマー 勝利 Turn 8 HP 先0 / 後7
[450/900] じゃぶじゃぶマネー（先） vs メガトンハンマー（後）: じゃぶじゃぶマネー 勝利 Turn 15 HP 先19 / 後-2
[451/900] メガトンハンマー（先） vs じゃぶじゃぶマネー（後）: メガトンハンマー 勝利 Turn 17 HP 先10 / 後-1
[452/900] メガトンハンマー（先） vs じゃぶじゃぶマネー（後）: じゃぶじゃぶマネー 勝利 Turn 14 HP 先-5 / 後4
[453/900] メガトンハンマー（先） vs じゃぶじゃぶマネー（後）: じゃぶじゃぶマネー 勝利 Turn 12 HP 先0 / 後8
[454/900] メガトンハンマー（先） vs じゃぶじゃぶマネー（後）: じゃぶじゃぶマネー 勝利 Turn 12 HP 先-8 / 後10
[455/900] メガトンハンマー（先） vs じゃぶじゃぶマネー（後）: メガトンハンマー 勝利 Turn 11 HP 先4 / 後-1
[456/900] メガトンハンマー（先） vs じゃぶじゃぶマネー（後）: メガトンハンマー 勝利 Turn 9 HP 先11 / 後0
[457/900] メガトンハンマー（先） vs じゃぶじゃぶマネー（後）: メガトンハンマー 勝利 Turn 15 HP 先13 / 後-1
[458/900] メガトンハンマー（先） vs じゃぶじゃぶマネー（後）: じゃぶじゃぶマネー 勝利 Turn 18 HP 先-15 / 後10
[459/900] メガトンハンマー（先） vs じゃぶじゃぶマネー（後）: メガトンハンマー 勝利 Turn 9 HP 先16 / 後0
[460/900] メガトンハンマー（先） vs じゃぶじゃぶマネー（後）: じゃぶじゃぶマネー 勝利 Turn 18 HP 先-1 / 後10
[461/900] メガトンハンマー（先） vs じゃぶじゃぶマネー（後）: じゃぶじゃぶマネー 勝利 Turn 14 HP 先0 / 後3
[462/900] メガトンハンマー（先） vs じゃぶじゃぶマネー（後）: メガトンハンマー 勝利 Turn 15 HP 先11 / 後-2
[463/900] メガトンハンマー（先） vs じゃぶじゃぶマネー（後）: メガトンハンマー 勝利 Turn 15 HP 先7 / 後-1
[464/900] メガトンハンマー（先） vs じゃぶじゃぶマネー（後）: メガトンハンマー 勝利 Turn 11 HP 先4 / 後0
[465/900] メガトンハンマー（先） vs じゃぶじゃぶマネー（後）: メガトンハンマー 勝利 Turn 11 HP 先7 / 後0
[466/900] メガトンハンマー（先） vs じゃぶじゃぶマネー（後）: メガトンハンマー 勝利 Turn 13 HP 先6 / 後-1
[467/900] メガトンハンマー（先） vs じゃぶじゃぶマネー（後）: じゃぶじゃぶマネー 勝利 Turn 8 HP 先0 / 後4
[468/900] メガトンハンマー（先） vs じゃぶじゃぶマネー（後）: メガトンハンマー 勝利 Turn 11 HP 先14 / 後-1
[469/900] メガトンハンマー（先） vs じゃぶじゃぶマネー（後）: じゃぶじゃぶマネー 勝利 Turn 14 HP 先-1 / 後13
[470/900] メガトンハンマー（先） vs じゃぶじゃぶマネー（後）: じゃぶじゃぶマネー 勝利 Turn 10 HP 先-1 / 後11
[471/900] メガトンハンマー（先） vs じゃぶじゃぶマネー（後）: メガトンハンマー 勝利 Turn 9 HP 先11 / 後0
[472/900] メガトンハンマー（先） vs じゃぶじゃぶマネー（後）: メガトンハンマー 勝利 Turn 9 HP 先8 / 後-1
[473/900] メガトンハンマー（先） vs じゃぶじゃぶマネー（後）: メガトンハンマー 勝利 Turn 9 HP 先9 / 後-1
[474/900] メガトンハンマー（先） vs じゃぶじゃぶマネー（後）: じゃぶじゃぶマネー 勝利 Turn 8 HP 先0 / 後12
[475/900] メガトンハンマー（先） vs じゃぶじゃぶマネー（後）: メガトンハンマー 勝利 Turn 11 HP 先9 / 後0
[476/900] メガトンハンマー（先） vs じゃぶじゃぶマネー（後）: メガトンハンマー 勝利 Turn 13 HP 先6 / 後0
[477/900] メガトンハンマー（先） vs じゃぶじゃぶマネー（後）: メガトンハンマー 勝利 Turn 9 HP 先12 / 後0
[478/900] メガトンハンマー（先） vs じゃぶじゃぶマネー（後）: メガトンハンマー 勝利 Turn 11 HP 先10 / 後-1
[479/900] メガトンハンマー（先） vs じゃぶじゃぶマネー（後）: じゃぶじゃぶマネー 勝利 Turn 12 HP 先-3 / 後3
[480/900] メガトンハンマー（先） vs じゃぶじゃぶマネー（後）: じゃぶじゃぶマネー 勝利 Turn 14 HP 先0 / 後13
[481/900] じゃぶじゃぶマネー（先） vs 真綿（後）: 真綿 勝利 Turn 18 HP 先0 / 後11
[482/900] じゃぶじゃぶマネー（先） vs 真綿（後）: じゃぶじゃぶマネー 勝利 Turn 15 HP 先5 / 後-3
[483/900] じゃぶじゃぶマネー（先） vs 真綿（後）: 真綿 勝利 Turn 10 HP 先0 / 後15
[484/900] じゃぶじゃぶマネー（先） vs 真綿（後）: じゃぶじゃぶマネー 勝利 Turn 13 HP 先14 / 後-2
[485/900] じゃぶじゃぶマネー（先） vs 真綿（後）: じゃぶじゃぶマネー 勝利 Turn 13 HP 先7 / 後-1
[486/900] じゃぶじゃぶマネー（先） vs 真綿（後）: 真綿 勝利 Turn 14 HP 先-1 / 後3
[487/900] じゃぶじゃぶマネー（先） vs 真綿（後）: 真綿 勝利 Turn 12 HP 先0 / 後11
[488/900] じゃぶじゃぶマネー（先） vs 真綿（後）: 真綿 勝利 Turn 12 HP 先0 / 後8
[489/900] じゃぶじゃぶマネー（先） vs 真綿（後）: 真綿 勝利 Turn 14 HP 先0 / 後11
[490/900] じゃぶじゃぶマネー（先） vs 真綿（後）: じゃぶじゃぶマネー 勝利 Turn 13 HP 先11 / 後-3
[491/900] じゃぶじゃぶマネー（先） vs 真綿（後）: じゃぶじゃぶマネー 勝利 Turn 13 HP 先15 / 後-1
[492/900] じゃぶじゃぶマネー（先） vs 真綿（後）: じゃぶじゃぶマネー 勝利 Turn 13 HP 先12 / 後-1
[493/900] じゃぶじゃぶマネー（先） vs 真綿（後）: 真綿 勝利 Turn 14 HP 先-1 / 後14
[494/900] じゃぶじゃぶマネー（先） vs 真綿（後）: 真綿 勝利 Turn 10 HP 先0 / 後18
[495/900] じゃぶじゃぶマネー（先） vs 真綿（後）: じゃぶじゃぶマネー 勝利 Turn 15 HP 先12 / 後0
[496/900] じゃぶじゃぶマネー（先） vs 真綿（後）: 真綿 勝利 Turn 14 HP 先-1 / 後13
[497/900] じゃぶじゃぶマネー（先） vs 真綿（後）: 真綿 勝利 Turn 24 HP 先0 / 後10
[498/900] じゃぶじゃぶマネー（先） vs 真綿（後）: 真綿 勝利 Turn 14 HP 先0 / 後9
[499/900] じゃぶじゃぶマネー（先） vs 真綿（後）: 真綿 勝利 Turn 10 HP 先-1 / 後10
[500/900] じゃぶじゃぶマネー（先） vs 真綿（後）: 真綿 勝利 Turn 14 HP 先0 / 後8
[501/900] じゃぶじゃぶマネー（先） vs 真綿（後）: じゃぶじゃぶマネー 勝利 Turn 17 HP 先10 / 後0
[502/900] じゃぶじゃぶマネー（先） vs 真綿（後）: じゃぶじゃぶマネー 勝利 Turn 13 HP 先4 / 後-2
[503/900] じゃぶじゃぶマネー（先） vs 真綿（後）: 真綿 勝利 Turn 8 HP 先0 / 後13
[504/900] じゃぶじゃぶマネー（先） vs 真綿（後）: 真綿 勝利 Turn 14 HP 先-3 / 後5
[505/900] じゃぶじゃぶマネー（先） vs 真綿（後）: じゃぶじゃぶマネー 勝利 Turn 13 HP 先7 / 後0
[506/900] じゃぶじゃぶマネー（先） vs 真綿（後）: 真綿 勝利 Turn 14 HP 先0 / 後3
[507/900] じゃぶじゃぶマネー（先） vs 真綿（後）: 真綿 勝利 Turn 10 HP 先-1 / 後4
[508/900] じゃぶじゃぶマネー（先） vs 真綿（後）: じゃぶじゃぶマネー 勝利 Turn 11 HP 先15 / 後-5
[509/900] じゃぶじゃぶマネー（先） vs 真綿（後）: 真綿 勝利 Turn 12 HP 先-2 / 後13
[510/900] じゃぶじゃぶマネー（先） vs 真綿（後）: じゃぶじゃぶマネー 勝利 Turn 11 HP 先13 / 後0
[511/900] 真綿（先） vs じゃぶじゃぶマネー（後）: じゃぶじゃぶマネー 勝利 Turn 14 HP 先0 / 後14
[512/900] 真綿（先） vs じゃぶじゃぶマネー（後）: じゃぶじゃぶマネー 勝利 Turn 16 HP 先-1 / 後9
[513/900] 真綿（先） vs じゃぶじゃぶマネー（後）: 真綿 勝利 Turn 11 HP 先13 / 後0
[514/900] 真綿（先） vs じゃぶじゃぶマネー（後）: じゃぶじゃぶマネー 勝利 Turn 10 HP 先0 / 後11
[515/900] 真綿（先） vs じゃぶじゃぶマネー（後）: じゃぶじゃぶマネー 勝利 Turn 14 HP 先0 / 後18
[516/900] 真綿（先） vs じゃぶじゃぶマネー（後）: じゃぶじゃぶマネー 勝利 Turn 16 HP 先0 / 後6
[517/900] 真綿（先） vs じゃぶじゃぶマネー（後）: じゃぶじゃぶマネー 勝利 Turn 22 HP 先0 / 後1
[518/900] 真綿（先） vs じゃぶじゃぶマネー（後）: 真綿 勝利 Turn 13 HP 先13 / 後0
[519/900] 真綿（先） vs じゃぶじゃぶマネー（後）: 真綿 勝利 Turn 13 HP 先8 / 後-10
[520/900] 真綿（先） vs じゃぶじゃぶマネー（後）: じゃぶじゃぶマネー 勝利 Turn 10 HP 先-3 / 後13
[521/900] 真綿（先） vs じゃぶじゃぶマネー（後）: じゃぶじゃぶマネー 勝利 Turn 12 HP 先-1 / 後12
[522/900] 真綿（先） vs じゃぶじゃぶマネー（後）: じゃぶじゃぶマネー 勝利 Turn 14 HP 先-1 / 後10
[523/900] 真綿（先） vs じゃぶじゃぶマネー（後）: 真綿 勝利 Turn 13 HP 先7 / 後0
[524/900] 真綿（先） vs じゃぶじゃぶマネー（後）: 真綿 勝利 Turn 15 HP 先5 / 後-2
[525/900] 真綿（先） vs じゃぶじゃぶマネー（後）: 真綿 勝利 Turn 11 HP 先10 / 後0
[526/900] 真綿（先） vs じゃぶじゃぶマネー（後）: じゃぶじゃぶマネー 勝利 Turn 10 HP 先-9 / 後3
[527/900] 真綿（先） vs じゃぶじゃぶマネー（後）: じゃぶじゃぶマネー 勝利 Turn 12 HP 先-1 / 後7
[528/900] 真綿（先） vs じゃぶじゃぶマネー（後）: 真綿 勝利 Turn 13 HP 先10 / 後-1
[529/900] 真綿（先） vs じゃぶじゃぶマネー（後）: 真綿 勝利 Turn 15 HP 先6 / 後0
[530/900] 真綿（先） vs じゃぶじゃぶマネー（後）: 真綿 勝利 Turn 9 HP 先9 / 後0
[531/900] 真綿（先） vs じゃぶじゃぶマネー（後）: 真綿 勝利 Turn 13 HP 先5 / 後0
[532/900] 真綿（先） vs じゃぶじゃぶマネー（後）: じゃぶじゃぶマネー 勝利 Turn 10 HP 先-4 / 後3
[533/900] 真綿（先） vs じゃぶじゃぶマネー（後）: 真綿 勝利 Turn 9 HP 先17 / 後0
[534/900] 真綿（先） vs じゃぶじゃぶマネー（後）: じゃぶじゃぶマネー 勝利 Turn 12 HP 先-1 / 後3
[535/900] 真綿（先） vs じゃぶじゃぶマネー（後）: 真綿 勝利 Turn 11 HP 先4 / 後-2
[536/900] 真綿（先） vs じゃぶじゃぶマネー（後）: じゃぶじゃぶマネー 勝利 Turn 14 HP 先-4 / 後6
[537/900] 真綿（先） vs じゃぶじゃぶマネー（後）: じゃぶじゃぶマネー 勝利 Turn 10 HP 先0 / 後16
[538/900] 真綿（先） vs じゃぶじゃぶマネー（後）: じゃぶじゃぶマネー 勝利 Turn 12 HP 先-1 / 後13
[539/900] 真綿（先） vs じゃぶじゃぶマネー（後）: 真綿 勝利 Turn 13 HP 先16 / 後0
[540/900] 真綿（先） vs じゃぶじゃぶマネー（後）: じゃぶじゃぶマネー 勝利 Turn 16 HP 先-1 / 後14
[541/900] 急襲レールウェイ（先） vs 爆弾魔（後）: 急襲レールウェイ 勝利 Turn 11 HP 先11 / 後-1
[542/900] 急襲レールウェイ（先） vs 爆弾魔（後）: 爆弾魔 勝利 Turn 10 HP 先0 / 後13
[543/900] 急襲レールウェイ（先） vs 爆弾魔（後）: 爆弾魔 勝利 Turn 10 HP 先0 / 後3
[544/900] 急襲レールウェイ（先） vs 爆弾魔（後）: 爆弾魔 勝利 Turn 10 HP 先0 / 後11
[545/900] 急襲レールウェイ（先） vs 爆弾魔（後）: 急襲レールウェイ 勝利 Turn 15 HP 先1 / 後0
[546/900] 急襲レールウェイ（先） vs 爆弾魔（後）: 急襲レールウェイ 勝利 Turn 9 HP 先9 / 後-2
[547/900] 急襲レールウェイ（先） vs 爆弾魔（後）: 急襲レールウェイ 勝利 Turn 11 HP 先13 / 後0
[548/900] 急襲レールウェイ（先） vs 爆弾魔（後）: 急襲レールウェイ 勝利 Turn 9 HP 先9 / 後-4
[549/900] 急襲レールウェイ（先） vs 爆弾魔（後）: 急襲レールウェイ 勝利 Turn 9 HP 先5 / 後-3
[550/900] 急襲レールウェイ（先） vs 爆弾魔（後）: 爆弾魔 勝利 Turn 8 HP 先0 / 後11
[551/900] 急襲レールウェイ（先） vs 爆弾魔（後）: 爆弾魔 勝利 Turn 12 HP 先0 / 後2
[552/900] 急襲レールウェイ（先） vs 爆弾魔（後）: 急襲レールウェイ 勝利 Turn 9 HP 先13 / 後-1
[553/900] 急襲レールウェイ（先） vs 爆弾魔（後）: 爆弾魔 勝利 Turn 10 HP 先-1 / 後7
[554/900] 急襲レールウェイ（先） vs 爆弾魔（後）: 急襲レールウェイ 勝利 Turn 9 HP 先7 / 後-1
[555/900] 急襲レールウェイ（先） vs 爆弾魔（後）: 急襲レールウェイ 勝利 Turn 9 HP 先11 / 後-1
[556/900] 急襲レールウェイ（先） vs 爆弾魔（後）: 爆弾魔 勝利 Turn 8 HP 先-3 / 後11
[557/900] 急襲レールウェイ（先） vs 爆弾魔（後）: 爆弾魔 勝利 Turn 12 HP 先0 / 後2
[558/900] 急襲レールウェイ（先） vs 爆弾魔（後）: 爆弾魔 勝利 Turn 8 HP 先0 / 後7
[559/900] 急襲レールウェイ（先） vs 爆弾魔（後）: 急襲レールウェイ 勝利 Turn 9 HP 先3 / 後0
[560/900] 急襲レールウェイ（先） vs 爆弾魔（後）: 急襲レールウェイ 勝利 Turn 9 HP 先5 / 後0
[561/900] 急襲レールウェイ（先） vs 爆弾魔（後）: 爆弾魔 勝利 Turn 12 HP 先-1 / 後3
[562/900] 急襲レールウェイ（先） vs 爆弾魔（後）: 急襲レールウェイ 勝利 Turn 11 HP 先1 / 後-8
[563/900] 急襲レールウェイ（先） vs 爆弾魔（後）: 爆弾魔 勝利 Turn 10 HP 先-1 / 後5
[564/900] 急襲レールウェイ（先） vs 爆弾魔（後）: 急襲レールウェイ 勝利 Turn 11 HP 先5 / 後0
[565/900] 急襲レールウェイ（先） vs 爆弾魔（後）: 爆弾魔 勝利 Turn 10 HP 先-1 / 後2
[566/900] 急襲レールウェイ（先） vs 爆弾魔（後）: 爆弾魔 勝利 Turn 10 HP 先-2 / 後13
[567/900] 急襲レールウェイ（先） vs 爆弾魔（後）: 爆弾魔 勝利 Turn 12 HP 先0 / 後10
[568/900] 急襲レールウェイ（先） vs 爆弾魔（後）: 爆弾魔 勝利 Turn 10 HP 先0 / 後14
[569/900] 急襲レールウェイ（先） vs 爆弾魔（後）: 爆弾魔 勝利 Turn 10 HP 先0 / 後19
[570/900] 急襲レールウェイ（先） vs 爆弾魔（後）: 爆弾魔 勝利 Turn 10 HP 先-6 / 後4
[571/900] 爆弾魔（先） vs 急襲レールウェイ（後）: 爆弾魔 勝利 Turn 11 HP 先6 / 後-1
[572/900] 爆弾魔（先） vs 急襲レールウェイ（後）: 爆弾魔 勝利 Turn 9 HP 先10 / 後-1
[573/900] 爆弾魔（先） vs 急襲レールウェイ（後）: 爆弾魔 勝利 Turn 9 HP 先4 / 後-3
[574/900] 爆弾魔（先） vs 急襲レールウェイ（後）: 急襲レールウェイ 勝利 Turn 12 HP 先-1 / 後4
[575/900] 爆弾魔（先） vs 急襲レールウェイ（後）: 急襲レールウェイ 勝利 Turn 8 HP 先0 / 後4
[576/900] 爆弾魔（先） vs 急襲レールウェイ（後）: 急襲レールウェイ 勝利 Turn 10 HP 先0 / 後6
[577/900] 爆弾魔（先） vs 急襲レールウェイ（後）: 急襲レールウェイ 勝利 Turn 10 HP 先0 / 後7
[578/900] 爆弾魔（先） vs 急襲レールウェイ（後）: 急襲レールウェイ 勝利 Turn 10 HP 先-8 / 後6
[579/900] 爆弾魔（先） vs 急襲レールウェイ（後）: 急襲レールウェイ 勝利 Turn 8 HP 先-1 / 後11
[580/900] 爆弾魔（先） vs 急襲レールウェイ（後）: 爆弾魔 勝利 Turn 9 HP 先11 / 後-1
[581/900] 爆弾魔（先） vs 急襲レールウェイ（後）: 急襲レールウェイ 勝利 Turn 12 HP 先0 / 後4
[582/900] 爆弾魔（先） vs 急襲レールウェイ（後）: 急襲レールウェイ 勝利 Turn 12 HP 先-8 / 後13
[583/900] 爆弾魔（先） vs 急襲レールウェイ（後）: 爆弾魔 勝利 Turn 9 HP 先11 / 後0
[584/900] 爆弾魔（先） vs 急襲レールウェイ（後）: 爆弾魔 勝利 Turn 9 HP 先2 / 後0
[585/900] 爆弾魔（先） vs 急襲レールウェイ（後）: 急襲レールウェイ 勝利 Turn 10 HP 先0 / 後7
[586/900] 爆弾魔（先） vs 急襲レールウェイ（後）: 爆弾魔 勝利 Turn 9 HP 先15 / 後0
[587/900] 爆弾魔（先） vs 急襲レールウェイ（後）: 爆弾魔 勝利 Turn 9 HP 先3 / 後-1
[588/900] 爆弾魔（先） vs 急襲レールウェイ（後）: 爆弾魔 勝利 Turn 9 HP 先10 / 後0
[589/900] 爆弾魔（先） vs 急襲レールウェイ（後）: 急襲レールウェイ 勝利 Turn 10 HP 先0 / 後9
[590/900] 爆弾魔（先） vs 急襲レールウェイ（後）: 急襲レールウェイ 勝利 Turn 10 HP 先0 / 後6
[591/900] 爆弾魔（先） vs 急襲レールウェイ（後）: 爆弾魔 勝利 Turn 9 HP 先11 / 後0
[592/900] 爆弾魔（先） vs 急襲レールウェイ（後）: 急襲レールウェイ 勝利 Turn 10 HP 先0 / 後7
[593/900] 爆弾魔（先） vs 急襲レールウェイ（後）: 爆弾魔 勝利 Turn 11 HP 先5 / 後-2
[594/900] 爆弾魔（先） vs 急襲レールウェイ（後）: 急襲レールウェイ 勝利 Turn 10 HP 先-1 / 後4
[595/900] 爆弾魔（先） vs 急襲レールウェイ（後）: 爆弾魔 勝利 Turn 13 HP 先1 / 後0
[596/900] 爆弾魔（先） vs 急襲レールウェイ（後）: 爆弾魔 勝利 Turn 11 HP 先5 / 後-1
[597/900] 爆弾魔（先） vs 急襲レールウェイ（後）: 急襲レールウェイ 勝利 Turn 10 HP 先-1 / 後5
[598/900] 爆弾魔（先） vs 急襲レールウェイ（後）: 爆弾魔 勝利 Turn 11 HP 先12 / 後-1
[599/900] 爆弾魔（先） vs 急襲レールウェイ（後）: 爆弾魔 勝利 Turn 11 HP 先7 / 後-4
[600/900] 爆弾魔（先） vs 急襲レールウェイ（後）: 爆弾魔 勝利 Turn 9 HP 先7 / 後0
[601/900] 急襲レールウェイ（先） vs メガトンハンマー（後）: メガトンハンマー 勝利 Turn 10 HP 先-2 / 後7
[602/900] 急襲レールウェイ（先） vs メガトンハンマー（後）: メガトンハンマー 勝利 Turn 10 HP 先0 / 後6
[603/900] 急襲レールウェイ（先） vs メガトンハンマー（後）: メガトンハンマー 勝利 Turn 10 HP 先-8 / 後4
[604/900] 急襲レールウェイ（先） vs メガトンハンマー（後）: 急襲レールウェイ 勝利 Turn 13 HP 先11 / 後-1
[605/900] 急襲レールウェイ（先） vs メガトンハンマー（後）: メガトンハンマー 勝利 Turn 12 HP 先-2 / 後9
[606/900] 急襲レールウェイ（先） vs メガトンハンマー（後）: 急襲レールウェイ 勝利 Turn 11 HP 先12 / 後-1
[607/900] 急襲レールウェイ（先） vs メガトンハンマー（後）: メガトンハンマー 勝利 Turn 14 HP 先-1 / 後5
[608/900] 急襲レールウェイ（先） vs メガトンハンマー（後）: 急襲レールウェイ 勝利 Turn 9 HP 先2 / 後-2
[609/900] 急襲レールウェイ（先） vs メガトンハンマー（後）: 急襲レールウェイ 勝利 Turn 17 HP 先13 / 後-1
[610/900] 急襲レールウェイ（先） vs メガトンハンマー（後）: メガトンハンマー 勝利 Turn 10 HP 先-2 / 後1
[611/900] 急襲レールウェイ（先） vs メガトンハンマー（後）: メガトンハンマー 勝利 Turn 10 HP 先0 / 後5
[612/900] 急襲レールウェイ（先） vs メガトンハンマー（後）: 急襲レールウェイ 勝利 Turn 9 HP 先8 / 後-1
[613/900] 急襲レールウェイ（先） vs メガトンハンマー（後）: メガトンハンマー 勝利 Turn 14 HP 先-1 / 後7
[614/900] 急襲レールウェイ（先） vs メガトンハンマー（後）: 急襲レールウェイ 勝利 Turn 11 HP 先7 / 後-1
[615/900] 急襲レールウェイ（先） vs メガトンハンマー（後）: メガトンハンマー 勝利 Turn 16 HP 先0 / 後7
[616/900] 急襲レールウェイ（先） vs メガトンハンマー（後）: メガトンハンマー 勝利 Turn 16 HP 先0 / 後10
[617/900] 急襲レールウェイ（先） vs メガトンハンマー（後）: メガトンハンマー 勝利 Turn 12 HP 先-1 / 後13
[618/900] 急襲レールウェイ（先） vs メガトンハンマー（後）: メガトンハンマー 勝利 Turn 10 HP 先0 / 後10
[619/900] 急襲レールウェイ（先） vs メガトンハンマー（後）: 急襲レールウェイ 勝利 Turn 11 HP 先17 / 後-2
[620/900] 急襲レールウェイ（先） vs メガトンハンマー（後）: メガトンハンマー 勝利 Turn 10 HP 先0 / 後7
[621/900] 急襲レールウェイ（先） vs メガトンハンマー（後）: メガトンハンマー 勝利 Turn 10 HP 先0 / 後6
[622/900] 急襲レールウェイ（先） vs メガトンハンマー（後）: 急襲レールウェイ 勝利 Turn 9 HP 先12 / 後-1
[623/900] 急襲レールウェイ（先） vs メガトンハンマー（後）: 急襲レールウェイ 勝利 Turn 9 HP 先5 / 後-2
[624/900] 急襲レールウェイ（先） vs メガトンハンマー（後）: メガトンハンマー 勝利 Turn 18 HP 先0 / 後8
[625/900] 急襲レールウェイ（先） vs メガトンハンマー（後）: 急襲レールウェイ 勝利 Turn 13 HP 先7 / 後0
[626/900] 急襲レールウェイ（先） vs メガトンハンマー（後）: 急襲レールウェイ 勝利 Turn 11 HP 先8 / 後-4
[627/900] 急襲レールウェイ（先） vs メガトンハンマー（後）: 急襲レールウェイ 勝利 Turn 13 HP 先13 / 後0
[628/900] 急襲レールウェイ（先） vs メガトンハンマー（後）: 急襲レールウェイ 勝利 Turn 13 HP 先8 / 後0
[629/900] 急襲レールウェイ（先） vs メガトンハンマー（後）: メガトンハンマー 勝利 Turn 10 HP 先0 / 後15
[630/900] 急襲レールウェイ（先） vs メガトンハンマー（後）: メガトンハンマー 勝利 Turn 14 HP 先-2 / 後10
[631/900] メガトンハンマー（先） vs 急襲レールウェイ（後）: メガトンハンマー 勝利 Turn 15 HP 先14 / 後-1
[632/900] メガトンハンマー（先） vs 急襲レールウェイ（後）: 急襲レールウェイ 勝利 Turn 10 HP 先0 / 後12
[633/900] メガトンハンマー（先） vs 急襲レールウェイ（後）: メガトンハンマー 勝利 Turn 11 HP 先11 / 後0
[634/900] メガトンハンマー（先） vs 急襲レールウェイ（後）: 急襲レールウェイ 勝利 Turn 12 HP 先-1 / 後15
[635/900] メガトンハンマー（先） vs 急襲レールウェイ（後）: 急襲レールウェイ 勝利 Turn 8 HP 先0 / 後13
[636/900] メガトンハンマー（先） vs 急襲レールウェイ（後）: 急襲レールウェイ 勝利 Turn 8 HP 先0 / 後14
[637/900] メガトンハンマー（先） vs 急襲レールウェイ（後）: メガトンハンマー 勝利 Turn 13 HP 先3 / 後-1
[638/900] メガトンハンマー（先） vs 急襲レールウェイ（後）: 急襲レールウェイ 勝利 Turn 10 HP 先0 / 後15
[639/900] メガトンハンマー（先） vs 急襲レールウェイ（後）: メガトンハンマー 勝利 Turn 13 HP 先10 / 後-1
[640/900] メガトンハンマー（先） vs 急襲レールウェイ（後）: 急襲レールウェイ 勝利 Turn 10 HP 先-1 / 後9
[641/900] メガトンハンマー（先） vs 急襲レールウェイ（後）: 急襲レールウェイ 勝利 Turn 10 HP 先-1 / 後3
[642/900] メガトンハンマー（先） vs 急襲レールウェイ（後）: 急襲レールウェイ 勝利 Turn 10 HP 先-2 / 後11
[643/900] メガトンハンマー（先） vs 急襲レールウェイ（後）: 急襲レールウェイ 勝利 Turn 8 HP 先0 / 後12
[644/900] メガトンハンマー（先） vs 急襲レールウェイ（後）: メガトンハンマー 勝利 Turn 15 HP 先11 / 後0
[645/900] メガトンハンマー（先） vs 急襲レールウェイ（後）: 急襲レールウェイ 勝利 Turn 14 HP 先0 / 後7
[646/900] メガトンハンマー（先） vs 急襲レールウェイ（後）: 急襲レールウェイ 勝利 Turn 8 HP 先-1 / 後11
[647/900] メガトンハンマー（先） vs 急襲レールウェイ（後）: メガトンハンマー 勝利 Turn 9 HP 先11 / 後-1
[648/900] メガトンハンマー（先） vs 急襲レールウェイ（後）: 急襲レールウェイ 勝利 Turn 18 HP 先0 / 後7
[649/900] メガトンハンマー（先） vs 急襲レールウェイ（後）: 急襲レールウェイ 勝利 Turn 12 HP 先-2 / 後14
[650/900] メガトンハンマー（先） vs 急襲レールウェイ（後）: メガトンハンマー 勝利 Turn 9 HP 先10 / 後0
[651/900] メガトンハンマー（先） vs 急襲レールウェイ（後）: 急襲レールウェイ 勝利 Turn 10 HP 先0 / 後4
[652/900] メガトンハンマー（先） vs 急襲レールウェイ（後）: 急襲レールウェイ 勝利 Turn 8 HP 先-1 / 後11
[653/900] メガトンハンマー（先） vs 急襲レールウェイ（後）: 急襲レールウェイ 勝利 Turn 14 HP 先0 / 後8
[654/900] メガトンハンマー（先） vs 急襲レールウェイ（後）: メガトンハンマー 勝利 Turn 17 HP 先6 / 後-1
[655/900] メガトンハンマー（先） vs 急襲レールウェイ（後）: 急襲レールウェイ 勝利 Turn 12 HP 先0 / 後7
[656/900] メガトンハンマー（先） vs 急襲レールウェイ（後）: 急襲レールウェイ 勝利 Turn 8 HP 先0 / 後15
[657/900] メガトンハンマー（先） vs 急襲レールウェイ（後）: 急襲レールウェイ 勝利 Turn 14 HP 先-1 / 後3
[658/900] メガトンハンマー（先） vs 急襲レールウェイ（後）: 急襲レールウェイ 勝利 Turn 14 HP 先0 / 後23
[659/900] メガトンハンマー（先） vs 急襲レールウェイ（後）: メガトンハンマー 勝利 Turn 11 HP 先5 / 後0
[660/900] メガトンハンマー（先） vs 急襲レールウェイ（後）: メガトンハンマー 勝利 Turn 9 HP 先14 / 後0
[661/900] 急襲レールウェイ（先） vs 真綿（後）: 真綿 勝利 Turn 14 HP 先-1 / 後9
[662/900] 急襲レールウェイ（先） vs 真綿（後）: 急襲レールウェイ 勝利 Turn 13 HP 先4 / 後0
[663/900] 急襲レールウェイ（先） vs 真綿（後）: 真綿 勝利 Turn 12 HP 先-4 / 後7
[664/900] 急襲レールウェイ（先） vs 真綿（後）: 真綿 勝利 Turn 12 HP 先0 / 後7
[665/900] 急襲レールウェイ（先） vs 真綿（後）: 真綿 勝利 Turn 12 HP 先-1 / 後7
[666/900] 急襲レールウェイ（先） vs 真綿（後）: 真綿 勝利 Turn 10 HP 先-2 / 後11
[667/900] 急襲レールウェイ（先） vs 真綿（後）: 真綿 勝利 Turn 10 HP 先0 / 後9
[668/900] 急襲レールウェイ（先） vs 真綿（後）: 急襲レールウェイ 勝利 Turn 13 HP 先9 / 後-3
[669/900] 急襲レールウェイ（先） vs 真綿（後）: 急襲レールウェイ 勝利 Turn 9 HP 先3 / 後-2
[670/900] 急襲レールウェイ（先） vs 真綿（後）: 急襲レールウェイ 勝利 Turn 11 HP 先4 / 後-7
[671/900] 急襲レールウェイ（先） vs 真綿（後）: 真綿 勝利 Turn 12 HP 先-1 / 後11
[672/900] 急襲レールウェイ（先） vs 真綿（後）: 急襲レールウェイ 勝利 Turn 11 HP 先12 / 後0
[673/900] 急襲レールウェイ（先） vs 真綿（後）: 急襲レールウェイ 勝利 Turn 11 HP 先11 / 後-2
[674/900] 急襲レールウェイ（先） vs 真綿（後）: 急襲レールウェイ 勝利 Turn 11 HP 先5 / 後0
[675/900] 急襲レールウェイ（先） vs 真綿（後）: 真綿 勝利 Turn 12 HP 先-1 / 後14
[676/900] 急襲レールウェイ（先） vs 真綿（後）: 真綿 勝利 Turn 14 HP 先0 / 後4
[677/900] 急襲レールウェイ（先） vs 真綿（後）: 真綿 勝利 Turn 12 HP 先-2 / 後10
[678/900] 急襲レールウェイ（先） vs 真綿（後）: 真綿 勝利 Turn 10 HP 先0 / 後6
[679/900] 急襲レールウェイ（先） vs 真綿（後）: 急襲レールウェイ 勝利 Turn 9 HP 先17 / 後0
[680/900] 急襲レールウェイ（先） vs 真綿（後）: 真綿 勝利 Turn 16 HP 先-1 / 後5
[681/900] 急襲レールウェイ（先） vs 真綿（後）: 急襲レールウェイ 勝利 Turn 9 HP 先10 / 後-1
[682/900] 急襲レールウェイ（先） vs 真綿（後）: 真綿 勝利 Turn 10 HP 先0 / 後19
[683/900] 急襲レールウェイ（先） vs 真綿（後）: 真綿 勝利 Turn 16 HP 先-2 / 後7
[684/900] 急襲レールウェイ（先） vs 真綿（後）: 真綿 勝利 Turn 14 HP 先0 / 後15
[685/900] 急襲レールウェイ（先） vs 真綿（後）: 急襲レールウェイ 勝利 Turn 13 HP 先9 / 後-2
[686/900] 急襲レールウェイ（先） vs 真綿（後）: 急襲レールウェイ 勝利 Turn 23 HP 先10 / 後0
[687/900] 急襲レールウェイ（先） vs 真綿（後）: 急襲レールウェイ 勝利 Turn 9 HP 先7 / 後-1
[688/900] 急襲レールウェイ（先） vs 真綿（後）: 急襲レールウェイ 勝利 Turn 11 HP 先14 / 後0
[689/900] 急襲レールウェイ（先） vs 真綿（後）: 真綿 勝利 Turn 10 HP 先0 / 後15
[690/900] 急襲レールウェイ（先） vs 真綿（後）: 急襲レールウェイ 勝利 Turn 13 HP 先8 / 後-1
[691/900] 真綿（先） vs 急襲レールウェイ（後）: 真綿 勝利 Turn 15 HP 先11 / 後0
[692/900] 真綿（先） vs 急襲レールウェイ（後）: 真綿 勝利 Turn 9 HP 先12 / 後0
[693/900] 真綿（先） vs 急襲レールウェイ（後）: 急襲レールウェイ 勝利 Turn 10 HP 先0 / 後5
[694/900] 真綿（先） vs 急襲レールウェイ（後）: 急襲レールウェイ 勝利 Turn 10 HP 先0 / 後8
[695/900] 真綿（先） vs 急襲レールウェイ（後）: 急襲レールウェイ 勝利 Turn 14 HP 先0 / 後14
[696/900] 真綿（先） vs 急襲レールウェイ（後）: 急襲レールウェイ 勝利 Turn 10 HP 先0 / 後8
[697/900] 真綿（先） vs 急襲レールウェイ（後）: 真綿 勝利 Turn 13 HP 先9 / 後-3
[698/900] 真綿（先） vs 急襲レールウェイ（後）: 急襲レールウェイ 勝利 Turn 12 HP 先-1 / 後8
[699/900] 真綿（先） vs 急襲レールウェイ（後）: 真綿 勝利 Turn 9 HP 先8 / 後0
[700/900] 真綿（先） vs 急襲レールウェイ（後）: 真綿 勝利 Turn 9 HP 先12 / 後-1
[701/900] 真綿（先） vs 急襲レールウェイ（後）: 急襲レールウェイ 勝利 Turn 10 HP 先-1 / 後10
[702/900] 真綿（先） vs 急襲レールウェイ（後）: 急襲レールウェイ 勝利 Turn 14 HP 先0 / 後4
[703/900] 真綿（先） vs 急襲レールウェイ（後）: 急襲レールウェイ 勝利 Turn 10 HP 先-1 / 後13
[704/900] 真綿（先） vs 急襲レールウェイ（後）: 真綿 勝利 Turn 13 HP 先13 / 後0
[705/900] 真綿（先） vs 急襲レールウェイ（後）: 真綿 勝利 Turn 13 HP 先15 / 後0
[706/900] 真綿（先） vs 急襲レールウェイ（後）: 急襲レールウェイ 勝利 Turn 14 HP 先-1 / 後4
[707/900] 真綿（先） vs 急襲レールウェイ（後）: 真綿 勝利 Turn 15 HP 先14 / 後0
[708/900] 真綿（先） vs 急襲レールウェイ（後）: 真綿 勝利 Turn 11 HP 先3 / 後0
[709/900] 真綿（先） vs 急襲レールウェイ（後）: 急襲レールウェイ 勝利 Turn 8 HP 先-1 / 後15
[710/900] 真綿（先） vs 急襲レールウェイ（後）: 急襲レールウェイ 勝利 Turn 8 HP 先0 / 後14
[711/900] 真綿（先） vs 急襲レールウェイ（後）: 真綿 勝利 Turn 9 HP 先8 / 後-1
[712/900] 真綿（先） vs 急襲レールウェイ（後）: 真綿 勝利 Turn 9 HP 先11 / 後0
[713/900] 真綿（先） vs 急襲レールウェイ（後）: 急襲レールウェイ 勝利 Turn 8 HP 先-1 / 後15
[714/900] 真綿（先） vs 急襲レールウェイ（後）: 急襲レールウェイ 勝利 Turn 14 HP 先0 / 後8
[715/900] 真綿（先） vs 急襲レールウェイ（後）: 急襲レールウェイ 勝利 Turn 12 HP 先-1 / 後10
[716/900] 真綿（先） vs 急襲レールウェイ（後）: 真綿 勝利 Turn 13 HP 先6 / 後0
[717/900] 真綿（先） vs 急襲レールウェイ（後）: 急襲レールウェイ 勝利 Turn 12 HP 先-2 / 後4
[718/900] 真綿（先） vs 急襲レールウェイ（後）: 急襲レールウェイ 勝利 Turn 12 HP 先0 / 後8
[719/900] 真綿（先） vs 急襲レールウェイ（後）: 真綿 勝利 Turn 9 HP 先10 / 後0
[720/900] 真綿（先） vs 急襲レールウェイ（後）: 急襲レールウェイ 勝利 Turn 8 HP 先-1 / 後13
[721/900] 爆弾魔（先） vs メガトンハンマー（後）: メガトンハンマー 勝利 Turn 10 HP 先-1 / 後10
[722/900] 爆弾魔（先） vs メガトンハンマー（後）: 爆弾魔 勝利 Turn 7 HP 先16 / 後-1
[723/900] 爆弾魔（先） vs メガトンハンマー（後）: 爆弾魔 勝利 Turn 9 HP 先4 / 後0
[724/900] 爆弾魔（先） vs メガトンハンマー（後）: 爆弾魔 勝利 Turn 7 HP 先14 / 後0
[725/900] 爆弾魔（先） vs メガトンハンマー（後）: メガトンハンマー 勝利 Turn 12 HP 先-1 / 後4
[726/900] 爆弾魔（先） vs メガトンハンマー（後）: 爆弾魔 勝利 Turn 9 HP 先4 / 後0
[727/900] 爆弾魔（先） vs メガトンハンマー（後）: メガトンハンマー 勝利 Turn 10 HP 先-1 / 後7
[728/900] 爆弾魔（先） vs メガトンハンマー（後）: メガトンハンマー 勝利 Turn 10 HP 先0 / 後14
[729/900] 爆弾魔（先） vs メガトンハンマー（後）: 爆弾魔 勝利 Turn 9 HP 先7 / 後0
[730/900] 爆弾魔（先） vs メガトンハンマー（後）: メガトンハンマー 勝利 Turn 10 HP 先0 / 後5
[731/900] 爆弾魔（先） vs メガトンハンマー（後）: メガトンハンマー 勝利 Turn 12 HP 先0 / 後1
[732/900] 爆弾魔（先） vs メガトンハンマー（後）: 爆弾魔 勝利 Turn 7 HP 先14 / 後0
[733/900] 爆弾魔（先） vs メガトンハンマー（後）: 爆弾魔 勝利 Turn 13 HP 先4 / 後-5
[734/900] 爆弾魔（先） vs メガトンハンマー（後）: メガトンハンマー 勝利 Turn 12 HP 先-1 / 後2
[735/900] 爆弾魔（先） vs メガトンハンマー（後）: 爆弾魔 勝利 Turn 7 HP 先8 / 後-1
[736/900] 爆弾魔（先） vs メガトンハンマー（後）: メガトンハンマー 勝利 Turn 8 HP 先0 / 後5
[737/900] 爆弾魔（先） vs メガトンハンマー（後）: 爆弾魔 勝利 Turn 11 HP 先4 / 後-2
[738/900] 爆弾魔（先） vs メガトンハンマー（後）: 爆弾魔 勝利 Turn 11 HP 先4 / 後-1
[739/900] 爆弾魔（先） vs メガトンハンマー（後）: 爆弾魔 勝利 Turn 15 HP 先2 / 後-5
[740/900] 爆弾魔（先） vs メガトンハンマー（後）: 爆弾魔 勝利 Turn 9 HP 先10 / 後0
[741/900] 爆弾魔（先） vs メガトンハンマー（後）: メガトンハンマー 勝利 Turn 10 HP 先-1 / 後8
[742/900] 爆弾魔（先） vs メガトンハンマー（後）: 爆弾魔 勝利 Turn 9 HP 先12 / 後0
[743/900] 爆弾魔（先） vs メガトンハンマー（後）: メガトンハンマー 勝利 Turn 10 HP 先0 / 後7
[744/900] 爆弾魔（先） vs メガトンハンマー（後）: 爆弾魔 勝利 Turn 11 HP 先4 / 後0
[745/900] 爆弾魔（先） vs メガトンハンマー（後）: メガトンハンマー 勝利 Turn 14 HP 先-2 / 後8
[746/900] 爆弾魔（先） vs メガトンハンマー（後）: 爆弾魔 勝利 Turn 11 HP 先6 / 後0
[747/900] 爆弾魔（先） vs メガトンハンマー（後）: 爆弾魔 勝利 Turn 13 HP 先1 / 後-4
[748/900] 爆弾魔（先） vs メガトンハンマー（後）: 爆弾魔 勝利 Turn 13 HP 先11 / 後-1
[749/900] 爆弾魔（先） vs メガトンハンマー（後）: 爆弾魔 勝利 Turn 7 HP 先14 / 後-1
[750/900] 爆弾魔（先） vs メガトンハンマー（後）: 爆弾魔 勝利 Turn 13 HP 先15 / 後0
[751/900] メガトンハンマー（先） vs 爆弾魔（後）: メガトンハンマー 勝利 Turn 9 HP 先4 / 後0
[752/900] メガトンハンマー（先） vs 爆弾魔（後）: 爆弾魔 勝利 Turn 12 HP 先-1 / 後13
[753/900] メガトンハンマー（先） vs 爆弾魔（後）: 爆弾魔 勝利 Turn 8 HP 先-1 / 後7
[754/900] メガトンハンマー（先） vs 爆弾魔（後）: 爆弾魔 勝利 Turn 8 HP 先0 / 後6
[755/900] メガトンハンマー（先） vs 爆弾魔（後）: メガトンハンマー 勝利 Turn 11 HP 先9 / 後-2
[756/900] メガトンハンマー（先） vs 爆弾魔（後）: メガトンハンマー 勝利 Turn 11 HP 先6 / 後-1
[757/900] メガトンハンマー（先） vs 爆弾魔（後）: 爆弾魔 勝利 Turn 8 HP 先0 / 後7
[758/900] メガトンハンマー（先） vs 爆弾魔（後）: メガトンハンマー 勝利 Turn 13 HP 先12 / 後0
[759/900] メガトンハンマー（先） vs 爆弾魔（後）: 爆弾魔 勝利 Turn 18 HP 先-1 / 後1
[760/900] メガトンハンマー（先） vs 爆弾魔（後）: メガトンハンマー 勝利 Turn 13 HP 先3 / 後-1
[761/900] メガトンハンマー（先） vs 爆弾魔（後）: 爆弾魔 勝利 Turn 10 HP 先0 / 後7
[762/900] メガトンハンマー（先） vs 爆弾魔（後）: 爆弾魔 勝利 Turn 10 HP 先0 / 後13
[763/900] メガトンハンマー（先） vs 爆弾魔（後）: メガトンハンマー 勝利 Turn 11 HP 先3 / 後-5
[764/900] メガトンハンマー（先） vs 爆弾魔（後）: メガトンハンマー 勝利 Turn 11 HP 先10 / 後-1
[765/900] メガトンハンマー（先） vs 爆弾魔（後）: 爆弾魔 勝利 Turn 10 HP 先-2 / 後5
[766/900] メガトンハンマー（先） vs 爆弾魔（後）: メガトンハンマー 勝利 Turn 11 HP 先9 / 後-1
[767/900] メガトンハンマー（先） vs 爆弾魔（後）: 爆弾魔 勝利 Turn 12 HP 先0 / 後11
[768/900] メガトンハンマー（先） vs 爆弾魔（後）: メガトンハンマー 勝利 Turn 11 HP 先9 / 後-1
[769/900] メガトンハンマー（先） vs 爆弾魔（後）: 爆弾魔 勝利 Turn 12 HP 先0 / 後2
[770/900] メガトンハンマー（先） vs 爆弾魔（後）: 爆弾魔 勝利 Turn 10 HP 先0 / 後10
[771/900] メガトンハンマー（先） vs 爆弾魔（後）: メガトンハンマー 勝利 Turn 7 HP 先11 / 後0
[772/900] メガトンハンマー（先） vs 爆弾魔（後）: 爆弾魔 勝利 Turn 10 HP 先-2 / 後8
[773/900] メガトンハンマー（先） vs 爆弾魔（後）: 爆弾魔 勝利 Turn 8 HP 先0 / 後10
[774/900] メガトンハンマー（先） vs 爆弾魔（後）: 爆弾魔 勝利 Turn 8 HP 先0 / 後16
[775/900] メガトンハンマー（先） vs 爆弾魔（後）: メガトンハンマー 勝利 Turn 9 HP 先6 / 後0
[776/900] メガトンハンマー（先） vs 爆弾魔（後）: 爆弾魔 勝利 Turn 16 HP 先-1 / 後7
[777/900] メガトンハンマー（先） vs 爆弾魔（後）: メガトンハンマー 勝利 Turn 13 HP 先9 / 後-3
[778/900] メガトンハンマー（先） vs 爆弾魔（後）: 爆弾魔 勝利 Turn 10 HP 先-1 / 後8
[779/900] メガトンハンマー（先） vs 爆弾魔（後）: 爆弾魔 勝利 Turn 10 HP 先-8 / 後5
[780/900] メガトンハンマー（先） vs 爆弾魔（後）: 爆弾魔 勝利 Turn 8 HP 先0 / 後11
[781/900] 爆弾魔（先） vs 真綿（後）: 爆弾魔 勝利 Turn 9 HP 先9 / 後-2
[782/900] 爆弾魔（先） vs 真綿（後）: 真綿 勝利 Turn 12 HP 先0 / 後12
[783/900] 爆弾魔（先） vs 真綿（後）: 真綿 勝利 Turn 12 HP 先-1 / 後5
[784/900] 爆弾魔（先） vs 真綿（後）: 真綿 勝利 Turn 12 HP 先0 / 後8
[785/900] 爆弾魔（先） vs 真綿（後）: 爆弾魔 勝利 Turn 9 HP 先6 / 後-3
[786/900] 爆弾魔（先） vs 真綿（後）: 真綿 勝利 Turn 12 HP 先-1 / 後8
[787/900] 爆弾魔（先） vs 真綿（後）: 爆弾魔 勝利 Turn 9 HP 先12 / 後0
[788/900] 爆弾魔（先） vs 真綿（後）: 爆弾魔 勝利 Turn 11 HP 先2 / 後-2
[789/900] 爆弾魔（先） vs 真綿（後）: 爆弾魔 勝利 Turn 11 HP 先7 / 後0
[790/900] 爆弾魔（先） vs 真綿（後）: 真綿 勝利 Turn 12 HP 先-1 / 後9
[791/900] 爆弾魔（先） vs 真綿（後）: 爆弾魔 勝利 Turn 9 HP 先9 / 後-1
[792/900] 爆弾魔（先） vs 真綿（後）: 爆弾魔 勝利 Turn 9 HP 先6 / 後0
[793/900] 爆弾魔（先） vs 真綿（後）: 爆弾魔 勝利 Turn 11 HP 先10 / 後0
[794/900] 爆弾魔（先） vs 真綿（後）: 真綿 勝利 Turn 18 HP 先-2 / 後8
[795/900] 爆弾魔（先） vs 真綿（後）: 真綿 勝利 Turn 12 HP 先-4 / 後3
[796/900] 爆弾魔（先） vs 真綿（後）: 爆弾魔 勝利 Turn 9 HP 先9 / 後0
[797/900] 爆弾魔（先） vs 真綿（後）: 爆弾魔 勝利 Turn 13 HP 先15 / 後-1
[798/900] 爆弾魔（先） vs 真綿（後）: 爆弾魔 勝利 Turn 13 HP 先8 / 後0
[799/900] 爆弾魔（先） vs 真綿（後）: 真綿 勝利 Turn 8 HP 先0 / 後14
[800/900] 爆弾魔（先） vs 真綿（後）: 爆弾魔 勝利 Turn 9 HP 先13 / 後0
[801/900] 爆弾魔（先） vs 真綿（後）: 真綿 勝利 Turn 10 HP 先0 / 後7
[802/900] 爆弾魔（先） vs 真綿（後）: 爆弾魔 勝利 Turn 11 HP 先14 / 後-1
[803/900] 爆弾魔（先） vs 真綿（後）: 爆弾魔 勝利 Turn 13 HP 先5 / 後-1
[804/900] 爆弾魔（先） vs 真綿（後）: 爆弾魔 勝利 Turn 11 HP 先14 / 後-1
[805/900] 爆弾魔（先） vs 真綿（後）: 真綿 勝利 Turn 14 HP 先-2 / 後1
[806/900] 爆弾魔（先） vs 真綿（後）: 爆弾魔 勝利 Turn 11 HP 先6 / 後0
[807/900] 爆弾魔（先） vs 真綿（後）: 爆弾魔 勝利 Turn 9 HP 先8 / 後0
[808/900] 爆弾魔（先） vs 真綿（後）: 真綿 勝利 Turn 10 HP 先-4 / 後17
[809/900] 爆弾魔（先） vs 真綿（後）: 真綿 勝利 Turn 16 HP 先-2 / 後7
[810/900] 爆弾魔（先） vs 真綿（後）: 爆弾魔 勝利 Turn 11 HP 先6 / 後0
[811/900] 真綿（先） vs 爆弾魔（後）: 爆弾魔 勝利 Turn 10 HP 先0 / 後12
[812/900] 真綿（先） vs 爆弾魔（後）: 真綿 勝利 Turn 9 HP 先2 / 後0
[813/900] 真綿（先） vs 爆弾魔（後）: 真綿 勝利 Turn 15 HP 先3 / 後-1
[814/900] 真綿（先） vs 爆弾魔（後）: 真綿 勝利 Turn 17 HP 先13 / 後-1
[815/900] 真綿（先） vs 爆弾魔（後）: 爆弾魔 勝利 Turn 10 HP 先0 / 後11
[816/900] 真綿（先） vs 爆弾魔（後）: 真綿 勝利 Turn 11 HP 先8 / 後-1
[817/900] 真綿（先） vs 爆弾魔（後）: 真綿 勝利 Turn 13 HP 先5 / 後-1
[818/900] 真綿（先） vs 爆弾魔（後）: 爆弾魔 勝利 Turn 12 HP 先-1 / 後13
[819/900] 真綿（先） vs 爆弾魔（後）: 爆弾魔 勝利 Turn 12 HP 先-1 / 後11
[820/900] 真綿（先） vs 爆弾魔（後）: 真綿 勝利 Turn 13 HP 先11 / 後0
[821/900] 真綿（先） vs 爆弾魔（後）: 真綿 勝利 Turn 9 HP 先9 / 後0
[822/900] 真綿（先） vs 爆弾魔（後）: 爆弾魔 勝利 Turn 14 HP 先-1 / 後8
[823/900] 真綿（先） vs 爆弾魔（後）: 爆弾魔 勝利 Turn 10 HP 先0 / 後8
[824/900] 真綿（先） vs 爆弾魔（後）: 爆弾魔 勝利 Turn 16 HP 先-2 / 後4
[825/900] 真綿（先） vs 爆弾魔（後）: 爆弾魔 勝利 Turn 8 HP 先-1 / 後10
[826/900] 真綿（先） vs 爆弾魔（後）: 爆弾魔 勝利 Turn 12 HP 先0 / 後9
[827/900] 真綿（先） vs 爆弾魔（後）: 爆弾魔 勝利 Turn 8 HP 先0 / 後13
[828/900] 真綿（先） vs 爆弾魔（後）: 真綿 勝利 Turn 9 HP 先1 / 後-1
[829/900] 真綿（先） vs 爆弾魔（後）: 真綿 勝利 Turn 11 HP 先9 / 後0
[830/900] 真綿（先） vs 爆弾魔（後）: 爆弾魔 勝利 Turn 10 HP 先0 / 後4
[831/900] 真綿（先） vs 爆弾魔（後）: 真綿 勝利 Turn 9 HP 先4 / 後0
[832/900] 真綿（先） vs 爆弾魔（後）: 爆弾魔 勝利 Turn 10 HP 先0 / 後15
[833/900] 真綿（先） vs 爆弾魔（後）: 真綿 勝利 Turn 13 HP 先10 / 後-1
[834/900] 真綿（先） vs 爆弾魔（後）: 爆弾魔 勝利 Turn 12 HP 先0 / 後14
[835/900] 真綿（先） vs 爆弾魔（後）: 真綿 勝利 Turn 11 HP 先7 / 後-1
[836/900] 真綿（先） vs 爆弾魔（後）: 真綿 勝利 Turn 13 HP 先5 / 後0
[837/900] 真綿（先） vs 爆弾魔（後）: 爆弾魔 勝利 Turn 10 HP 先-1 / 後3
[838/900] 真綿（先） vs 爆弾魔（後）: 爆弾魔 勝利 Turn 12 HP 先0 / 後3
[839/900] 真綿（先） vs 爆弾魔（後）: 爆弾魔 勝利 Turn 18 HP 先0 / 後9
[840/900] 真綿（先） vs 爆弾魔（後）: 真綿 勝利 Turn 11 HP 先4 / 後-1
[841/900] メガトンハンマー（先） vs 真綿（後）: 真綿 勝利 Turn 12 HP 先0 / 後15
[842/900] メガトンハンマー（先） vs 真綿（後）: メガトンハンマー 勝利 Turn 7 HP 先13 / 後-1
[843/900] メガトンハンマー（先） vs 真綿（後）: 真綿 勝利 Turn 14 HP 先-3 / 後9
[844/900] メガトンハンマー（先） vs 真綿（後）: メガトンハンマー 勝利 Turn 11 HP 先8 / 後0
[845/900] メガトンハンマー（先） vs 真綿（後）: メガトンハンマー 勝利 Turn 11 HP 先5 / 後0
[846/900] メガトンハンマー（先） vs 真綿（後）: メガトンハンマー 勝利 Turn 11 HP 先12 / 後-2
[847/900] メガトンハンマー（先） vs 真綿（後）: 真綿 勝利 Turn 14 HP 先-1 / 後13
[848/900] メガトンハンマー（先） vs 真綿（後）: 真綿 勝利 Turn 18 HP 先-6 / 後3
[849/900] メガトンハンマー（先） vs 真綿（後）: メガトンハンマー 勝利 Turn 11 HP 先8 / 後-4
[850/900] メガトンハンマー（先） vs 真綿（後）: 真綿 勝利 Turn 10 HP 先0 / 後4
[851/900] メガトンハンマー（先） vs 真綿（後）: 真綿 勝利 Turn 16 HP 先-1 / 後13
[852/900] メガトンハンマー（先） vs 真綿（後）: 真綿 勝利 Turn 12 HP 先-1 / 後14
[853/900] メガトンハンマー（先） vs 真綿（後）: 真綿 勝利 Turn 12 HP 先0 / 後12
[854/900] メガトンハンマー（先） vs 真綿（後）: メガトンハンマー 勝利 Turn 13 HP 先7 / 後-1
[855/900] メガトンハンマー（先） vs 真綿（後）: メガトンハンマー 勝利 Turn 11 HP 先9 / 後-1
[856/900] メガトンハンマー（先） vs 真綿（後）: メガトンハンマー 勝利 Turn 13 HP 先10 / 後0
[857/900] メガトンハンマー（先） vs 真綿（後）: 真綿 勝利 Turn 8 HP 先0 / 後4
[858/900] メガトンハンマー（先） vs 真綿（後）: 真綿 勝利 Turn 12 HP 先0 / 後6
[859/900] メガトンハンマー（先） vs 真綿（後）: 真綿 勝利 Turn 12 HP 先0 / 後9
[860/900] メガトンハンマー（先） vs 真綿（後）: メガトンハンマー 勝利 Turn 17 HP 先6 / 後0
[861/900] メガトンハンマー（先） vs 真綿（後）: 真綿 勝利 Turn 8 HP 先-1 / 後8
[862/900] メガトンハンマー（先） vs 真綿（後）: メガトンハンマー 勝利 Turn 13 HP 先8 / 後0
[863/900] メガトンハンマー（先） vs 真綿（後）: メガトンハンマー 勝利 Turn 9 HP 先9 / 後0
[864/900] メガトンハンマー（先） vs 真綿（後）: メガトンハンマー 勝利 Turn 13 HP 先8 / 後-1
[865/900] メガトンハンマー（先） vs 真綿（後）: メガトンハンマー 勝利 Turn 9 HP 先7 / 後0
[866/900] メガトンハンマー（先） vs 真綿（後）: 真綿 勝利 Turn 10 HP 先0 / 後9
[867/900] メガトンハンマー（先） vs 真綿（後）: 真綿 勝利 Turn 8 HP 先-1 / 後9
[868/900] メガトンハンマー（先） vs 真綿（後）: 真綿 勝利 Turn 10 HP 先-1 / 後11
[869/900] メガトンハンマー（先） vs 真綿（後）: メガトンハンマー 勝利 Turn 13 HP 先3 / 後-4
[870/900] メガトンハンマー（先） vs 真綿（後）: 真綿 勝利 Turn 12 HP 先-6 / 後4
[871/900] 真綿（先） vs メガトンハンマー（後）: 真綿 勝利 Turn 13 HP 先8 / 後-1
[872/900] 真綿（先） vs メガトンハンマー（後）: メガトンハンマー 勝利 Turn 10 HP 先-1 / 後11
[873/900] 真綿（先） vs メガトンハンマー（後）: メガトンハンマー 勝利 Turn 10 HP 先-3 / 後7
[874/900] 真綿（先） vs メガトンハンマー（後）: メガトンハンマー 勝利 Turn 14 HP 先-1 / 後9
[875/900] 真綿（先） vs メガトンハンマー（後）: 真綿 勝利 Turn 11 HP 先7 / 後0
[876/900] 真綿（先） vs メガトンハンマー（後）: 真綿 勝利 Turn 13 HP 先2 / 後0
[877/900] 真綿（先） vs メガトンハンマー（後）: メガトンハンマー 勝利 Turn 20 HP 先-1 / 後4
[878/900] 真綿（先） vs メガトンハンマー（後）: 真綿 勝利 Turn 13 HP 先5 / 後-2
[879/900] 真綿（先） vs メガトンハンマー（後）: 真綿 勝利 Turn 13 HP 先4 / 後-2
[880/900] 真綿（先） vs メガトンハンマー（後）: メガトンハンマー 勝利 Turn 12 HP 先-1 / 後11
[881/900] 真綿（先） vs メガトンハンマー（後）: 真綿 勝利 Turn 15 HP 先13 / 後0
[882/900] 真綿（先） vs メガトンハンマー（後）: メガトンハンマー 勝利 Turn 10 HP 先-4 / 後3
[883/900] 真綿（先） vs メガトンハンマー（後）: 真綿 勝利 Turn 13 HP 先18 / 後0
[884/900] 真綿（先） vs メガトンハンマー（後）: メガトンハンマー 勝利 Turn 16 HP 先0 / 後5
[885/900] 真綿（先） vs メガトンハンマー（後）: メガトンハンマー 勝利 Turn 12 HP 先0 / 後15
[886/900] 真綿（先） vs メガトンハンマー（後）: 真綿 勝利 Turn 9 HP 先9 / 後0
[887/900] 真綿（先） vs メガトンハンマー（後）: メガトンハンマー 勝利 Turn 12 HP 先-1 / 後5
[888/900] 真綿（先） vs メガトンハンマー（後）: 真綿 勝利 Turn 15 HP 先13 / 後0
[889/900] 真綿（先） vs メガトンハンマー（後）: メガトンハンマー 勝利 Turn 16 HP 先0 / 後11
[890/900] 真綿（先） vs メガトンハンマー（後）: 真綿 勝利 Turn 17 HP 先5 / 後-1
[891/900] 真綿（先） vs メガトンハンマー（後）: 真綿 勝利 Turn 11 HP 先10 / 後-3
[892/900] 真綿（先） vs メガトンハンマー（後）: メガトンハンマー 勝利 Turn 12 HP 先-5 / 後16
[893/900] 真綿（先） vs メガトンハンマー（後）: メガトンハンマー 勝利 Turn 14 HP 先0 / 後5
[894/900] 真綿（先） vs メガトンハンマー（後）: メガトンハンマー 勝利 Turn 8 HP 先0 / 後13
[895/900] 真綿（先） vs メガトンハンマー（後）: 真綿 勝利 Turn 9 HP 先5 / 後0
[896/900] 真綿（先） vs メガトンハンマー（後）: メガトンハンマー 勝利 Turn 8 HP 先0 / 後5
[897/900] 真綿（先） vs メガトンハンマー（後）: 真綿 勝利 Turn 17 HP 先6 / 後0
[898/900] 真綿（先） vs メガトンハンマー（後）: メガトンハンマー 勝利 Turn 14 HP 先0 / 後13
[899/900] 真綿（先） vs メガトンハンマー（後）: メガトンハンマー 勝利 Turn 12 HP 先0 / 後8
[900/900] 真綿（先） vs メガトンハンマー（後）: メガトンハンマー 勝利 Turn 12 HP 先0 / 後9

デッキ別集計
ブンブンぶん殴り: 143勝 157敗 0未決着 / 勝率 47.7%
じゃぶじゃぶマネー: 142勝 158敗 0未決着 / 勝率 47.3%
急襲レールウェイ: 154勝 146敗 0未決着 / 勝率 51.3%
爆弾魔: 170勝 130敗 0未決着 / 勝率 56.7%
メガトンハンマー: 143勝 157敗 0未決着 / 勝率 47.7%
真綿: 148勝 152敗 0未決着 / 勝率 49.3%

先後集計: 先手 430勝 / 後手 470勝 / 未決着 0戦
直接対戦勝率JSON: /Users/gabill/src/card/src/game/ai/deck-matchup-win-rates.json
